 auddemo

 Timestamp is 597acef1 (Fri Jul 28 13:43:13 2017)

 Preferred load address is 00400000

 Start         Length     Name                   Class
 0001:00000000 0001e387H .text$mn                CODE
 0002:00000000 000001e4H .idata$5                DATA
 0002:000001e4 00000004H .00cfg                  DATA
 0002:000001e8 00000004H .CRT$XCA                DATA
 0002:000001ec 00000004H .CRT$XCAA               DATA
 0002:000001f0 00000004H .CRT$XCZ                DATA
 0002:000001f4 00000004H .CRT$XIA                DATA
 0002:000001f8 00000004H .CRT$XIAA               DATA
 0002:000001fc 00000004H .CRT$XIAC               DATA
 0002:00000200 0000000cH .CRT$XIC                DATA
 0002:0000020c 00000004H .CRT$XIZ                DATA
 0002:00000210 00000004H .CRT$XPA                DATA
 0002:00000214 00000008H .CRT$XPX                DATA
 0002:0000021c 00000004H .CRT$XPXA               DATA
 0002:00000220 00000004H .CRT$XPZ                DATA
 0002:00000224 00000004H .CRT$XTA                DATA
 0002:00000228 00000008H .CRT$XTZ                DATA
 0002:00000230 0000f5c0H .rdata                  DATA
 0002:0000f7ec 00000000H .rdata$r                DATA
 0002:0000f7f0 0000000cH .rdata$sxdata           DATA
 0002:0000f7fc 000002a4H .rdata$zzzdbg           DATA
 0002:0000faa0 00000004H .rtc$IAA                DATA
 0002:0000faa4 00000004H .rtc$IZZ                DATA
 0002:0000faa8 00000004H .rtc$TAA                DATA
 0002:0000faac 00000004H .rtc$TZZ                DATA
 0002:0000fab0 0000044cH .xdata$x                DATA
 0002:0000fefc 00000000H .edata                  DATA
 0002:0000fefc 00000050H .idata$2                DATA
 0002:0000ff4c 00000014H .idata$3                DATA
 0002:0000ff60 000001e4H .idata$4                DATA
 0002:00010144 0000085aH .idata$6                DATA
 0003:00000000 000016d0H .data                   DATA
 0003:000016d0 00000000H .data$r                 DATA
 0003:000016d0 0000133cH .bss                    DATA
 0004:00000000 0000008cH .gfids$x                DATA
 0004:0000008c 00000020H .gfids$y                DATA

  Address         Publics by Value              Rva+Base       Lib:Object

 0000:00000000       __except_list              00000000     <absolute>
 0000:00000000       ___guard_longjmp_count     00000000     <absolute>
 0000:00000000       ___guard_fids_count        00000000     <absolute>
 0000:00000000       ___guard_longjmp_table     00000000     <absolute>
 0000:00000000       ___guard_iat_table         00000000     <absolute>
 0000:00000000       ___guard_iat_count         00000000     <absolute>
 0000:00000000       ___guard_fids_table        00000000     <absolute>
 0000:00000000       ___dynamic_value_reloc_table 00000000     <absolute>
 0000:00000003       ___safe_se_handler_count   00000003     <absolute>
 0000:00000100       ___guard_flags             00000100     <absolute>
 0000:00000000       ___ImageBase               00400000     <linker-defined>
 0001:00000ec0       _main                      00401ec0 f   auddemo.obj
 0001:00001390       ___local_stdio_printf_options 00402390 f i auddemo.obj
 0001:000013a0       ___local_stdio_scanf_options 004023a0 f i auddemo.obj
 0001:000013b0       _printf                    004023b0 f i auddemo.obj
 0001:000013e0       _sprintf                   004023e0 f i auddemo.obj
 0001:00001410       _sscanf                    00402410 f i auddemo.obj
 0001:00001800       _pjmedia_aud_dev_cap_name  00402800 f   pjmedia-audiodev-i386-win32-vc8-release-static:audiodev.obj
 0001:00001860       _pjmedia_aud_dev_count     00402860 f   pjmedia-audiodev-i386-win32-vc8-release-static:audiodev.obj
 0001:00001870       _pjmedia_aud_dev_default_param 00402870 f   pjmedia-audiodev-i386-win32-vc8-release-static:audiodev.obj
 0001:000018f0       _pjmedia_aud_dev_get_info  004028f0 f   pjmedia-audiodev-i386-win32-vc8-release-static:audiodev.obj
 0001:00001950       _pjmedia_aud_dev_refresh   00402950 f   pjmedia-audiodev-i386-win32-vc8-release-static:audiodev.obj
 0001:00001b70       _pjmedia_aud_stream_create 00402b70 f   pjmedia-audiodev-i386-win32-vc8-release-static:audiodev.obj
 0001:00001d20       _pjmedia_aud_stream_destroy 00402d20 f   pjmedia-audiodev-i386-win32-vc8-release-static:audiodev.obj
 0001:00001d40       _pjmedia_aud_stream_start  00402d40 f   pjmedia-audiodev-i386-win32-vc8-release-static:audiodev.obj
 0001:00001d60       _pjmedia_aud_stream_stop   00402d60 f   pjmedia-audiodev-i386-win32-vc8-release-static:audiodev.obj
 0001:00001d80       _pjmedia_aud_subsys_get_pool_factory 00402d80 f   pjmedia-audiodev-i386-win32-vc8-release-static:audiodev.obj
 0001:00001d90       _pjmedia_aud_subsys_init   00402d90 f   pjmedia-audiodev-i386-win32-vc8-release-static:audiodev.obj
 0001:00001f30       _pjmedia_aud_test          00402f30 f   pjmedia-audiodev-i386-win32-vc8-release-static:audiotest.obj
 0001:00002450       __snprintf                 00403450 f i pjmedia-audiodev-i386-win32-vc8-release-static:errno.obj
 0001:00002490       _pjmedia_audiodev_strerror 00403490 f   pjmedia-audiodev-i386-win32-vc8-release-static:errno.obj
 0001:00003860       _pjmedia_wmme_factory      00404860 f   pjmedia-audiodev-i386-win32-vc8-release-static:wmme_dev.obj
 0001:00003cf0       _pjmedia_port_destroy      00404cf0 f   pjmedia-i386-win32-vc8-release-static:port.obj
 0001:00003d20       _pjmedia_port_get_frame    00404d20 f   pjmedia-i386-win32-vc8-release-static:port.obj
 0001:00003d60       _pjmedia_port_info_init    00404d60 f   pjmedia-i386-win32-vc8-release-static:port.obj
 0001:00003df0       _pjmedia_port_put_frame    00404df0 f   pjmedia-i386-win32-vc8-release-static:port.obj
 0001:00004220       _pjmedia_wav_player_port_create 00405220 f   pjmedia-i386-win32-vc8-release-static:wav_player.obj
 0001:00004970       _pjmedia_wav_writer_port_create 00405970 f   pjmedia-i386-win32-vc8-release-static:wav_writer.obj
 0001:00004c70       _pjmedia_format_get_audio_format_detail 00405c70 f   pjmedia-i386-win32-vc8-release-static:format.obj
 0001:00004d30       _pj_atexit                 00405d30 f   pjlib-i386-win32-vc8-release-static:os_core_win32.obj
 0001:00004d60       _pj_enter_critical_section 00405d60 f   pjlib-i386-win32-vc8-release-static:os_core_win32.obj
 0001:00004d70       _pj_init                   00405d70 f   pjlib-i386-win32-vc8-release-static:os_core_win32.obj
 0001:00004eb0       _pj_leave_critical_section 00405eb0 f   pjlib-i386-win32-vc8-release-static:os_core_win32.obj
 0001:00004f00       _pj_mutex_create           00405f00 f   pjlib-i386-win32-vc8-release-static:os_core_win32.obj
 0001:00004f50       _pj_mutex_create_simple    00405f50 f   pjlib-i386-win32-vc8-release-static:os_core_win32.obj
 0001:00004fa0       _pj_mutex_destroy          00405fa0 f   pjlib-i386-win32-vc8-release-static:os_core_win32.obj
 0001:00005000       _pj_mutex_lock             00406000 f   pjlib-i386-win32-vc8-release-static:os_core_win32.obj
 0001:00005070       _pj_mutex_trylock          00406070 f   pjlib-i386-win32-vc8-release-static:os_core_win32.obj
 0001:000050f0       _pj_mutex_unlock           004060f0 f   pjlib-i386-win32-vc8-release-static:os_core_win32.obj
 0001:00005150       _pj_sem_destroy            00406150 f   pjlib-i386-win32-vc8-release-static:os_core_win32.obj
 0001:000051e0       _pj_sem_post               004061e0 f   pjlib-i386-win32-vc8-release-static:os_core_win32.obj
 0001:00005270       _pj_sem_trywait            00406270 f   pjlib-i386-win32-vc8-release-static:os_core_win32.obj
 0001:000052d0       _pj_sem_wait               004062d0 f   pjlib-i386-win32-vc8-release-static:os_core_win32.obj
 0001:000053e0       _pj_shutdown               004063e0 f   pjlib-i386-win32-vc8-release-static:os_core_win32.obj
 0001:00005520       _pj_term_set_color         00406520 f   pjlib-i386-win32-vc8-release-static:os_core_win32.obj
 0001:000055f0       _pj_thread_check_stack     004065f0 f   pjlib-i386-win32-vc8-release-static:os_core_win32.obj
 0001:00005630       _pj_thread_create          00406630 f   pjlib-i386-win32-vc8-release-static:os_core_win32.obj
 0001:00005770       _pj_thread_destroy         00406770 f   pjlib-i386-win32-vc8-release-static:os_core_win32.obj
 0001:00005800       _pj_thread_get_name        00406800 f   pjlib-i386-win32-vc8-release-static:os_core_win32.obj
 0001:00005850       _pj_thread_init            00406850 f   pjlib-i386-win32-vc8-release-static:os_core_win32.obj
 0001:000058b0       _pj_thread_join            004068b0 f   pjlib-i386-win32-vc8-release-static:os_core_win32.obj
 0001:00005970       _pj_thread_local_alloc     00406970 f   pjlib-i386-win32-vc8-release-static:os_core_win32.obj
 0001:000059c0       _pj_thread_local_free      004069c0 f   pjlib-i386-win32-vc8-release-static:os_core_win32.obj
 0001:00005a10       _pj_thread_local_get       00406a10 f   pjlib-i386-win32-vc8-release-static:os_core_win32.obj
 0001:00005a20       _pj_thread_local_set       00406a20 f   pjlib-i386-win32-vc8-release-static:os_core_win32.obj
 0001:00005a60       _pj_thread_register        00406a60 f   pjlib-i386-win32-vc8-release-static:os_core_win32.obj
 0001:00005b20       _pj_thread_sleep           00406b20 f   pjlib-i386-win32-vc8-release-static:os_core_win32.obj
 0001:00005b70       _pj_thread_this            00406b70 f   pjlib-i386-win32-vc8-release-static:os_core_win32.obj
 0001:00005c00       _pj_pool_alloc             00406c00 f   pjlib-i386-win32-vc8-release-static:pool.obj
 0001:00005c50       _pj_pool_allocate_find     00406c50 f   pjlib-i386-win32-vc8-release-static:pool.obj
 0001:00005d30       _pj_pool_calloc            00406d30 f   pjlib-i386-win32-vc8-release-static:pool.obj
 0001:00005d90       _pj_pool_create            00406d90 f   pjlib-i386-win32-vc8-release-static:pool.obj
 0001:00005e20       _pj_pool_create_int        00406e20 f   pjlib-i386-win32-vc8-release-static:pool.obj
 0001:00005ed0       _pj_pool_destroy_int       00406ed0 f   pjlib-i386-win32-vc8-release-static:pool.obj
 0001:00005f10       _pj_pool_get_capacity      00406f10 f   pjlib-i386-win32-vc8-release-static:pool.obj
 0001:00005f20       _pj_pool_get_used_size     00406f20 f   pjlib-i386-win32-vc8-release-static:pool.obj
 0001:00005f50       _pj_pool_getobjname        00406f50 f   pjlib-i386-win32-vc8-release-static:pool.obj
 0001:00005f60       _pj_pool_init_int          00406f60 f   pjlib-i386-win32-vc8-release-static:pool.obj
 0001:00005fd0       _pj_pool_release           00406fd0 f   pjlib-i386-win32-vc8-release-static:pool.obj
 0001:00005ff0       _pj_pool_reset             00406ff0 f   pjlib-i386-win32-vc8-release-static:pool.obj
 0001:00006400       _pj_caching_pool_destroy   00407400 f   pjlib-i386-win32-vc8-release-static:pool_caching.obj
 0001:000064e0       _pj_caching_pool_init      004074e0 f   pjlib-i386-win32-vc8-release-static:pool_caching.obj
 0001:000065c0       _pj_errno_clear_handlers   004075c0 f   pjlib-i386-win32-vc8-release-static:errno.obj
 0001:000065e0       _pj_perror_4               004075e0 f   pjlib-i386-win32-vc8-release-static:errno.obj
 0001:000066a0       _pj_register_strerror      004076a0 f   pjlib-i386-win32-vc8-release-static:errno.obj
 0001:00006780       _pj_strerror               00407780 f   pjlib-i386-win32-vc8-release-static:errno.obj
 0001:00006910       _pj_log                    00407910 f   pjlib-i386-win32-vc8-release-static:log.obj
 0001:00006e10       _pj_log_1                  00407e10 f   pjlib-i386-win32-vc8-release-static:log.obj
 0001:00006e30       _pj_log_3                  00407e30 f   pjlib-i386-win32-vc8-release-static:log.obj
 0001:00006e50       _pj_log_4                  00407e50 f   pjlib-i386-win32-vc8-release-static:log.obj
 0001:00006e70       _pj_log_5                  00407e70 f   pjlib-i386-win32-vc8-release-static:log.obj
 0001:00006e90       _pj_log_get_color          00407e90 f   pjlib-i386-win32-vc8-release-static:log.obj
 0001:00006f00       _pj_log_get_decor          00407f00 f   pjlib-i386-win32-vc8-release-static:log.obj
 0001:00006f10       _pj_log_get_level          00407f10 f   pjlib-i386-win32-vc8-release-static:log.obj
 0001:00006f20       _pj_log_init               00407f20 f   pjlib-i386-win32-vc8-release-static:log.obj
 0001:00006f90       _pj_log_set_decor          00407f90 f   pjlib-i386-win32-vc8-release-static:log.obj
 0001:00006fa0       _pj_log_set_level          00407fa0 f   pjlib-i386-win32-vc8-release-static:log.obj
 0001:00007070       _pj_get_timestamp          00408070 f   pjlib-i386-win32-vc8-release-static:os_timestamp_win32.obj
 0001:000070d0       _pj_get_timestamp_freq     004080d0 f   pjlib-i386-win32-vc8-release-static:os_timestamp_win32.obj
 0001:00007130       _pj_elapsed_usec           00408130 f   pjlib-i386-win32-vc8-release-static:os_timestamp_common.obj
 0001:000071b0       _pj_str                    004081b0 f   pjlib-i386-win32-vc8-release-static:string.obj
 0001:000071d0       _pj_strdup2                004081d0 f   pjlib-i386-win32-vc8-release-static:string.obj
 0001:00007230       _pj_strncpy_with_null      00408230 f   pjlib-i386-win32-vc8-release-static:string.obj
 0001:00007270       _pj_utoa                   00408270 f   pjlib-i386-win32-vc8-release-static:string.obj
 0001:00007290       _pj_utoa_pad               00408290 f   pjlib-i386-win32-vc8-release-static:string.obj
 0001:00007330       _pj_get_os_error           00408330 f   pjlib-i386-win32-vc8-release-static:os_error_win32.obj
 0001:00007350       _platform_strerror         00408350 f   pjlib-i386-win32-vc8-release-static:os_error_win32.obj
 0001:00007430       _pj_file_exists            00408430 f   pjlib-i386-win32-vc8-release-static:file_access_win32.obj
 0001:00007470       _pj_file_size              00408470 f   pjlib-i386-win32-vc8-release-static:file_access_win32.obj
 0001:00007500       _pj_file_close             00408500 f   pjlib-i386-win32-vc8-release-static:file_io_win32.obj
 0001:00007540       _pj_file_getpos            00408540 f   pjlib-i386-win32-vc8-release-static:file_io_win32.obj
 0001:000075a0       _pj_file_open              004085a0 f   pjlib-i386-win32-vc8-release-static:file_io_win32.obj
 0001:000076c0       _pj_file_read              004086c0 f   pjlib-i386-win32-vc8-release-static:file_io_win32.obj
 0001:00007720       _pj_file_setpos            00408720 f   pjlib-i386-win32-vc8-release-static:file_io_win32.obj
 0001:00007790       _pj_file_write             00408790 f   pjlib-i386-win32-vc8-release-static:file_io_win32.obj
 0001:00007870       _pj_generate_unique_string 00408870 f   pjlib-i386-win32-vc8-release-static:guid_win32.obj
 0001:000078c0       _pj_exception_id_alloc     004088c0 f   pjlib-i386-win32-vc8-release-static:except.obj
 0001:00007910       _pj_exception_id_free      00408910 f   pjlib-i386-win32-vc8-release-static:except.obj
 0001:00007950       _pj_throw_exception_       00408950 f   pjlib-i386-win32-vc8-release-static:except.obj
 0001:000079f0       _pj_list_erase             004089f0 f   pjlib-i386-win32-vc8-release-static:list.obj
 0001:00007a10       _pj_list_insert_after      00408a10 f   pjlib-i386-win32-vc8-release-static:list.obj
 0001:00007a30       _pj_list_insert_before     00408a30 f   pjlib-i386-win32-vc8-release-static:list.obj
 0001:00007ac0       _pj_lock_acquire           00408ac0 f   pjlib-i386-win32-vc8-release-static:lock.obj
 0001:00007ae0       _pj_lock_create_null_mutex 00408ae0 f   pjlib-i386-win32-vc8-release-static:lock.obj
 0001:00007b00       _pj_lock_create_simple_mutex 00408b00 f   pjlib-i386-win32-vc8-release-static:lock.obj
 0001:00007b20       _pj_lock_destroy           00408b20 f   pjlib-i386-win32-vc8-release-static:lock.obj
 0001:00007b40       _pj_lock_release           00408b40 f   pjlib-i386-win32-vc8-release-static:lock.obj
 0001:00007b60       _pj_pool_create_on_buf     00408b60 f   pjlib-i386-win32-vc8-release-static:pool_buf.obj
 0001:00007c70       _pj_log_write              00408c70 f   pjlib-i386-win32-vc8-release-static:log_writer_stdout.obj
 0001:00007cd0       _pj_gettimeofday           00408cd0 f   pjlib-i386-win32-vc8-release-static:os_time_win32.obj
 0001:00007d80       _pj_time_decode            00408d80 f   pjlib-i386-win32-vc8-release-static:os_time_win32.obj
 0001:00007e30       _pj_ntohl                  00408e30 f   pjlib-i386-win32-vc8-release-static:sock_bsd.obj
 0001:00007e40       _pj_ntohs                  00408e40 f   pjlib-i386-win32-vc8-release-static:sock_bsd.obj
 0001:00007e4e       @__security_check_cookie@4 00408e4e f   LIBCMT:_secchk_.obj
 0001:00007e60       __allmul                   00408e60 f   LIBCMT:llmul.obj
 0001:00007ea0       __aulldiv                  00408ea0 f   LIBCMT:ulldiv.obj
 0001:00008135       _mainCRTStartup            00409135 f   LIBCMT:exe_main.obj
 0001:00008140       __ftoui3                   00409140 f   LIBCMT:_ftol3_.obj
 0001:0000814f       __ftoul3                   0040914f f   LIBCMT:_ftol3_.obj
 0001:0000815e       __ftol3                    0040915e f   LIBCMT:_ftol3_.obj
 0001:0000816b       __ftol3_NaN                0040916b f   LIBCMT:_ftol3_.obj
 0001:00008183       __ftol3_work               00409183 f   LIBCMT:_ftol3_.obj
 0001:00008209       __ftol3_common             00409209 f   LIBCMT:_ftol3_.obj
 0001:000082cb       __ftol3_arg_error          004092cb f   LIBCMT:_ftol3_.obj
 0001:000082dd       __ftol3_except             004092dd f   LIBCMT:_ftol3_.obj
 0001:00008321       __dtoui3                   00409321 f   LIBCMT:_ftol3_.obj
 0001:00008330       __dtoul3                   00409330 f   LIBCMT:_ftol3_.obj
 0001:0000833f       __dtol3                    0040933f f   LIBCMT:_ftol3_.obj
 0001:0000834c       __dtol3_NaN                0040934c f   LIBCMT:_ftol3_.obj
 0001:00008369       __dtol3_work               00409369 f   LIBCMT:_ftol3_.obj
 0001:00008450       __ultod3                   00409450 f   LIBCMT:_ftol3_.obj
 0001:00008490       __ltod3                    00409490 f   LIBCMT:_ftol3_.obj
 0001:000084c0       __alldiv                   004094c0 f   LIBCMT:lldiv.obj
 0001:0000856a       ___raise_securityfailure   0040956a f   LIBCMT:gs_report.obj
 0001:00008592       ___report_gsfailure        00409592 f   LIBCMT:gs_report.obj
 0001:0000868d       ___report_rangecheckfailure 0040968d f   LIBCMT:gs_report.obj
 0001:00008699       ___report_securityfailure  00409699 f   LIBCMT:gs_report.obj
 0001:00008770       __allshl                   00409770 f   LIBCMT:llshl.obj
 0001:000087d3       ___scrt_acquire_startup_lock 004097d3 f   LIBCMT:utility.obj
 0001:00008808       ___scrt_initialize_crt     00409808 f   LIBCMT:utility.obj
 0001:00008841       ___scrt_initialize_onexit_tables 00409841 f   LIBCMT:utility.obj
 0001:000088d8       ___scrt_is_nonwritable_in_current_image 004098d8 f   LIBCMT:utility.obj
 0001:00008962       ___scrt_release_startup_lock 00409962 f   LIBCMT:utility.obj
 0001:0000897f       ___scrt_uninitialize_crt   0040997f f   LIBCMT:utility.obj
 0001:000089a7       __onexit                   004099a7 f   LIBCMT:utility.obj
 0001:000089e2       _atexit                    004099e2 f   LIBCMT:utility.obj
 0001:000089f7       ___security_init_cookie    004099f7 f   LIBCMT:gs_support.obj
 0001:00008a93       __get_startup_argv_mode    00409a93 f   LIBCMT:argv_mode.obj
 0001:00008a97       __get_startup_file_mode    00409a97 f   LIBCMT:file_mode.obj
 0001:00008aa0       __get_startup_new_mode     00409aa0 f   LIBCMT:new_mode.obj
 0001:00008aa0       __get_startup_commit_mode  00409aa0 f   LIBCMT:commit_mode.obj
 0001:00008aa0       ___scrt_initialize_winrt   00409aa0 f   LIBCMT:utility_desktop.obj
 0001:00008aa0       __get_startup_thread_locale_mode 00409aa0 f   LIBCMT:thread_locale.obj
 0001:00008aa0       __matherr                  00409aa0 f   LIBCMT:matherr.obj
 0001:00008aa3       ?__scrt_initialize_type_info@@YAXXZ 00409aa3 f   LIBCMT:tncleanup.obj
 0001:00008aaf       __initialize_default_precision 00409aaf f   LIBCMT:default_precision.obj
 0001:00008ad0       __initialize_denormal_control 00409ad0 f   LIBCMT:denormal_control.obj
 0001:00008ad0       __initialize_invalid_parameter_handler 00409ad0 f   LIBCMT:invalid_parameter_handler.obj
 0001:00008ad0       _pjmedia_wave_hdr_file_to_host 00409ad0 f   pjmedia-i386-win32-vc8-release-static:wave.obj
 0001:00008ad0       ___except_validate_jump_buffer 00409ad0 f   libvcruntime:jbcxrval.obj
 0001:00008ad0       @_guard_check_icall_nop@4  00409ad0 f   LIBCMT:guard_support.obj
 0001:00008ad0       _pjmedia_wave_hdr_host_to_file 00409ad0 f   pjmedia-i386-win32-vc8-release-static:wave.obj
 0001:00008ad0       ___except_validate_context_record 00409ad0 f   libvcruntime:jbcxrval.obj
 0001:00008ad1       ___scrt_initialize_default_local_stdio_options 00409ad1 f   LIBCMT:default_local_stdio_options.obj
 0001:00008aee       ___scrt_is_user_matherr_present 00409aee f   LIBCMT:matherr_detection.obj
 0001:00008afa       ___scrt_get_dyn_tls_init_callback 00409afa f   LIBCMT:dyn_tls_init.obj
 0001:00008b00       ___scrt_get_dyn_tls_dtor_callback 00409b00 f   LIBCMT:dyn_tls_dtor.obj
 0001:00008b06       ___scrt_fastfail           00409b06 f   LIBCMT:utility_desktop.obj
 0001:00008c21       ___scrt_set_unhandled_exception_filter 00409c21 f   LIBCMT:utility_desktop.obj
 0001:00008c2d       ___scrt_unhandled_exception_filter@4 00409c2d f   LIBCMT:utility_desktop.obj
 0001:00008c6e       __crt_debugger_hook        00409c6e f   LIBCMT:utility_desktop.obj
 0001:00008c76       __RTC_Initialize           00409c76 f   LIBCMT:_initsect_.obj
 0001:00008ca1       __RTC_Terminate            00409ca1 f   LIBCMT:_initsect_.obj
 0001:00008ccc       @_guard_check_icall@4      00409ccc f i LIBCMT:checkcfg.obj
 0001:00008ce0       __SEH_prolog4              00409ce0 f   LIBCMT:_sehprolg4_.obj
 0001:00008d26       __SEH_epilog4              00409d26 f   LIBCMT:_sehprolg4_.obj
 0001:00008d3b       ___isa_available_init      00409d3b f   LIBCMT:_cpu_disp_.obj
 0001:00008ed5       ___scrt_is_ucrt_dll_in_use 00409ed5 f   LIBCMT:ucrt_detection.obj
 0001:00008ee2       _IsProcessorFeaturePresent@4 00409ee2 f   kernel32:KERNEL32.dll
 0001:00008ef0       _memcpy                    00409ef0 f   libvcruntime:memcpy.obj
 0001:00009470       _memset                    0040a470 f   libvcruntime:memset.obj
 0001:000095d0       _strchr                    0040a5d0 f   libvcruntime:strchr.obj
 0001:0000963e       ___from_strstr_to_strchr   0040a63e     libvcruntime:strchr.obj
 0001:00009700       _memchr                    0040a700 f   libvcruntime:memchr.obj
 0001:000097ad       _longjmp                   0040a7ad f   libvcruntime:longjmpc.obj
 0001:00009800       __except_handler4          0040a800 f   libvcruntime:_chandler4_.obj
 0001:00009966       ___vcrt_initialize         0040a966 f   libvcruntime:initialization.obj
 0001:0000998f       ___vcrt_uninitialize       0040a98f f   libvcruntime:initialization.obj
 0001:000099b0       ___longjmp_internal        0040a9b0 f   libvcruntime:_longjmp_.obj
 0001:00009a70       __local_unwind4            0040aa70 f   libvcruntime:_exsup4_.obj
 0001:00009b46       __seh_longjmp_unwind4@4    0040ab46 f   libvcruntime:_exsup4_.obj
 0001:00009b6e       @_EH4_CallFilterFunc@8     0040ab6e f   libvcruntime:_exsup4_.obj
 0001:00009b85       @_EH4_TransferToHandler@8  0040ab85 f   libvcruntime:_exsup4_.obj
 0001:00009b9e       @_EH4_GlobalUnwind2@8      0040ab9e f   libvcruntime:_exsup4_.obj
 0001:00009bb7       @_EH4_LocalUnwind@16       0040abb7 f   libvcruntime:_exsup4_.obj
 0001:00009bce       ___vcrt_freefls@4          0040abce f   libvcruntime:per_thread_data.obj
 0001:00009bea       ___vcrt_initialize_ptd     0040abea f   libvcruntime:per_thread_data.obj
 0001:00009c1d       ___vcrt_uninitialize_ptd   0040ac1d f   libvcruntime:per_thread_data.obj
 0001:00009c38       ___vcrt_initialize_locks   0040ac38 f   libvcruntime:locks.obj
 0001:00009c74       ___vcrt_uninitialize_locks 0040ac74 f   libvcruntime:locks.obj
 0001:00009ca3       ??$__crt_fast_encode_pointer@PAP6AXXZ@@YAPAP6AXXZQAP6AXXZ@Z 0040aca3 f i LIBCMT:utility.obj
 0001:00009ca3       ??$__crt_fast_encode_pointer@PAX@@YAPAXQAX@Z 0040aca3 f i libvcruntime:winapi_downlevel.obj
 0001:00009de1       ___vcrt_FlsAlloc           0040ade1 f   libvcruntime:winapi_downlevel.obj
 0001:00009e1b       ___vcrt_FlsFree            0040ae1b f   libvcruntime:winapi_downlevel.obj
 0001:00009e55       ___vcrt_FlsSetValue        0040ae55 f   libvcruntime:winapi_downlevel.obj
 0001:00009e92       ___vcrt_InitializeCriticalSectionEx 0040ae92 f   libvcruntime:winapi_downlevel.obj
 0001:00009ed8       ___vcrt_initialize_winapi_thunks 0040aed8 f   libvcruntime:winapi_downlevel.obj
 0001:00009f12       ___vcrt_uninitialize_winapi_thunks 0040af12 f   libvcruntime:winapi_downlevel.obj
 0001:00009f44       ___vcrt_initialize_pure_virtual_call_handler 0040af44 f   libvcruntime:purevirt_data.obj
 0001:00009f70       __global_unwind2           0040af70 f   libvcruntime:_exsup_.obj
 0001:00009fd5       __local_unwind2            0040afd5 f   libvcruntime:_exsup_.obj
 0001:0000a059       __abnormal_termination     0040b059 f   libvcruntime:_exsup_.obj
 0001:0000a07c       __NLG_Notify1              0040b07c f   libvcruntime:_exsup_.obj
 0001:0000a085       __NLG_Notify               0040b085 f   libvcruntime:_exsup_.obj
 0001:0000a09c       __NLG_Dispatch             0040b09c     libvcruntime:_exsup_.obj
 0001:0000a09c       __NLG_Dispatch2            0040b09c     libvcruntime:_exsup_.obj
 0001:0000a0a4       __NLG_Call                 0040b0a4 f   libvcruntime:_exsup_.obj
 0001:0000a0a6       __NLG_Return2              0040b0a6     libvcruntime:_exsup_.obj
 0001:0000a0a7       __rt_probe_read4@4         0040b0a7 f   libvcruntime:_sehsupp_.obj
 0001:0000a0eb       ___acrt_initialize_stdio   0040b0eb f   libucrt:_file.obj
 0001:0000a1b3       ___acrt_iob_func           0040b1b3 f   libucrt:_file.obj
 0001:0000a1c3       ___acrt_uninitialize_stdio 0040b1c3 f   libucrt:_file.obj
 0001:0000a20f       __lock_file                0040b20f f   libucrt:_file.obj
 0001:0000a223       __unlock_file              0040b223 f   libucrt:_file.obj
 0001:0000a237       ___acrt_stdio_flush_nolock 0040b237 f   libucrt:fflush.obj
 0001:0000a29d       __fflush_nolock            0040b29d f   libucrt:fflush.obj
 0001:0000a2e4       __flushall                 0040b2e4 f   libucrt:fflush.obj
 0001:0000a3c5       _fflush                    0040b3c5 f   libucrt:fflush.obj
 0001:0000a4e3       ?validate_stream_is_ansi_if_required@?$__acrt_stdio_char_traits@D@@SA_NQAU_iobuf@@@Z 0040b4e3 f i libucrt:fgets.obj
 0001:0000a565       _fgets                     0040b565 f   libucrt:fgets.obj
 0001:0000a570       ??$?RV<lambda_1fb4243d5e107ad4daf16ff362ca4a34>@@AAV<lambda_55f9cbce55698c0319f95c01c080475b>@@V<lambda_d740392b9cecdfa14abfd902a66ab607>@@@?$__crt_seh_guarded_call@H@@QAEH$$QAV<lambda_1fb4243d5e107ad4daf16ff362ca4a34>@@AAV<lambda_55f9cbce55698c0319f95c01c080475b>@@$$QAV<lambda_d740392b9cecdfa14abfd902a66ab607>@@@Z 0040b570 f i libucrt:puts.obj
 0001:0000a5c1       ??$__acrt_lock_stream_and_call@V<lambda_55f9cbce55698c0319f95c01c080475b>@@@@YAHQAU_iobuf@@$$QAV<lambda_55f9cbce55698c0319f95c01c080475b>@@@Z 0040b5c1 f i libucrt:puts.obj
 0001:0000a64b       _puts                      0040b64b f   libucrt:puts.obj
 0001:0000a72a       ??$?RV<lambda_db08b09ef7aa9d4f8620ce68402612bc>@@AAV<lambda_4f2c1eaeead2a5fc776db5b62ea0fb9b>@@V<lambda_3ae262bc35d4ba6a3825c4f6bcaaf95c>@@@?$__crt_seh_guarded_call@H@@QAEH$$QAV<lambda_db08b09ef7aa9d4f8620ce68402612bc>@@AAV<lambda_4f2c1eaeead2a5fc776db5b62ea0fb9b>@@$$QAV<lambda_3ae262bc35d4ba6a3825c4f6bcaaf95c>@@@Z 0040b72a f i libucrt:output.obj
 0001:0000a77b       ??$__acrt_lock_stream_and_call@V<lambda_4f2c1eaeead2a5fc776db5b62ea0fb9b>@@@@YAHQAU_iobuf@@$$QAV<lambda_4f2c1eaeead2a5fc776db5b62ea0fb9b>@@@Z 0040b77b f i libucrt:output.obj
 0001:0000a91f       ??$count@D@formatting_buffer@__crt_stdio_output@@QBEIXZ 0040b91f f i libucrt:output.obj
 0001:0000a937       ??$ensure_buffer_is_big_enough@D@formatting_buffer@__crt_stdio_output@@QAE_NI@Z 0040b937 f i libucrt:output.obj
 0001:0000a9bd       ??$is_wide_character_specifier@D@__crt_stdio_output@@YA_N_KDW4length_modifier@0@@Z 0040b9bd f i libucrt:output.obj
 0001:0000a9fd       ??$scratch_data@D@formatting_buffer@__crt_stdio_output@@QAEPADXZ 0040b9fd f i libucrt:output.obj
 0001:0000aa1b       ??$type_case_integer_parse_into_buffer@I@?$output_processor@DV?$string_output_adapter@D@__crt_stdio_output@@V?$standard_base@DV?$string_output_adapter@D@__crt_stdio_output@@@2@@__crt_stdio_output@@AAEXII_N@Z 0040ba1b f i libucrt:output.obj
 0001:0000aa1b       ??$type_case_integer_parse_into_buffer@I@?$output_processor@DV?$stream_output_adapter@D@__crt_stdio_output@@V?$standard_base@DV?$stream_output_adapter@D@__crt_stdio_output@@@2@@__crt_stdio_output@@AAEXII_N@Z 0040ba1b f i libucrt:output.obj
 0001:0000aa90       ??$type_case_integer_parse_into_buffer@_K@?$output_processor@DV?$stream_output_adapter@D@__crt_stdio_output@@V?$standard_base@DV?$stream_output_adapter@D@__crt_stdio_output@@@2@@__crt_stdio_output@@AAEX_KI_N@Z 0040ba90 f i libucrt:output.obj
 0001:0000aa90       ??$type_case_integer_parse_into_buffer@_K@?$output_processor@DV?$string_output_adapter@D@__crt_stdio_output@@V?$standard_base@DV?$string_output_adapter@D@__crt_stdio_output@@@2@@__crt_stdio_output@@AAEX_KI_N@Z 0040ba90 f i libucrt:output.obj
 0001:0000ab18       ??$write_multiple_characters@V?$stream_output_adapter@D@__crt_stdio_output@@D@__crt_stdio_output@@YAXABV?$stream_output_adapter@D@0@DHQAH@Z 0040bb18 f i libucrt:output.obj
 0001:0000ab44       ??$write_multiple_characters@V?$string_output_adapter@D@__crt_stdio_output@@D@__crt_stdio_output@@YAXABV?$string_output_adapter@D@0@DHQAH@Z 0040bb44 f i libucrt:output.obj
 0001:0000ab70       ??0?$common_data@D@__crt_stdio_output@@IAE@XZ 0040bb70 f i libucrt:output.obj
 0001:0000abb7       ??0?$output_adapter_data@DV?$stream_output_adapter@D@__crt_stdio_output@@@__crt_stdio_output@@IAE@ABV?$stream_output_adapter@D@1@_KQBDQAU__crt_locale_pointers@@QAD@Z 0040bbb7 f i libucrt:output.obj
 0001:0000abb7       ??0?$output_adapter_data@DV?$string_output_adapter@D@__crt_stdio_output@@@__crt_stdio_output@@IAE@ABV?$string_output_adapter@D@1@_KQBDQAU__crt_locale_pointers@@QAD@Z 0040bbb7 f i libucrt:output.obj
 0001:0000abf3       ??0?$output_processor@DV?$string_output_adapter@D@__crt_stdio_output@@V?$standard_base@DV?$string_output_adapter@D@__crt_stdio_output@@@2@@__crt_stdio_output@@QAE@ABV?$string_output_adapter@D@1@_KQBDQAU__crt_locale_pointers@@QAD@Z 0040bbf3 f i libucrt:output.obj
 0001:0000abf3       ??0?$output_processor@DV?$stream_output_adapter@D@__crt_stdio_output@@V?$standard_base@DV?$stream_output_adapter@D@__crt_stdio_output@@@2@@__crt_stdio_output@@QAE@ABV?$stream_output_adapter@D@1@_KQBDQAU__crt_locale_pointers@@QAD@Z 0040bbf3 f i libucrt:output.obj
 0001:0000ac28       ??0_LocaleUpdate@@QAE@QAU__crt_locale_pointers@@@Z 0040bc28 f i libucrt:output.obj
 0001:0000acab       ??1formatting_buffer@__crt_stdio_output@@QAE@XZ 0040bcab f i libucrt:output.obj
 0001:0000acc5       ??4?$__crt_unique_heap_ptr@DU__crt_internal_free_policy@@@@QAEAAV0@$$QAV0@@Z 0040bcc5 f i libucrt:output.obj
 0001:0000ada6       ?crop_zeroes@__crt_stdio_output@@YAXPADQAU__crt_locale_pointers@@@Z 0040bda6 f i libucrt:output.obj
 0001:0000adfd       ?find_next_state@?$output_processor@DV?$stream_output_adapter@D@__crt_stdio_output@@V?$standard_base@DV?$stream_output_adapter@D@__crt_stdio_output@@@2@@__crt_stdio_output@@ABE?AW4state@2@DW432@@Z 0040bdfd f i libucrt:output.obj
 0001:0000adfd       ?find_next_state@?$output_processor@DV?$string_output_adapter@D@__crt_stdio_output@@V?$standard_base@DV?$string_output_adapter@D@__crt_stdio_output@@@2@@__crt_stdio_output@@ABE?AW4state@2@DW432@@Z 0040bdfd f i libucrt:output.obj
 0001:0000ae2f       ?force_decimal_point@__crt_stdio_output@@YAXPADQAU__crt_locale_pointers@@@Z 0040be2f f i libucrt:output.obj
 0001:0000ae8b       ?parse_int_from_format_string@?$output_processor@DV?$string_output_adapter@D@__crt_stdio_output@@V?$standard_base@DV?$string_output_adapter@D@__crt_stdio_output@@@2@@__crt_stdio_output@@AAE_NQAH@Z 0040be8b f i libucrt:output.obj
 0001:0000ae8b       ?parse_int_from_format_string@?$output_processor@DV?$stream_output_adapter@D@__crt_stdio_output@@V?$standard_base@DV?$stream_output_adapter@D@__crt_stdio_output@@@2@@__crt_stdio_output@@AAE_NQAH@Z 0040be8b f i libucrt:output.obj
 0001:0000aee8       ?process@?$output_processor@DV?$stream_output_adapter@D@__crt_stdio_output@@V?$standard_base@DV?$stream_output_adapter@D@__crt_stdio_output@@@2@@__crt_stdio_output@@QAEHXZ 0040bee8 f i libucrt:output.obj
 0001:0000b004       ?process@?$output_processor@DV?$string_output_adapter@D@__crt_stdio_output@@V?$standard_base@DV?$string_output_adapter@D@__crt_stdio_output@@@2@@__crt_stdio_output@@QAEHXZ 0040c004 f i libucrt:output.obj
 0001:0000b120       ?state_case_flag@?$output_processor@DV?$stream_output_adapter@D@__crt_stdio_output@@V?$standard_base@DV?$stream_output_adapter@D@__crt_stdio_output@@@2@@__crt_stdio_output@@AAE_NXZ 0040c120 f i libucrt:output.obj
 0001:0000b120       ?state_case_flag@?$output_processor@DV?$string_output_adapter@D@__crt_stdio_output@@V?$standard_base@DV?$string_output_adapter@D@__crt_stdio_output@@@2@@__crt_stdio_output@@AAE_NXZ 0040c120 f i libucrt:output.obj
 0001:0000b15d       ?state_case_normal@?$output_processor@DV?$stream_output_adapter@D@__crt_stdio_output@@V?$standard_base@DV?$stream_output_adapter@D@__crt_stdio_output@@@2@@__crt_stdio_output@@AAE_NXZ 0040c15d f i libucrt:output.obj
 0001:0000b17c       ?state_case_normal@?$output_processor@DV?$string_output_adapter@D@__crt_stdio_output@@V?$standard_base@DV?$string_output_adapter@D@__crt_stdio_output@@@2@@__crt_stdio_output@@AAE_NXZ 0040c17c f i libucrt:output.obj
 0001:0000b19b       ?state_case_normal_common@?$output_processor@DV?$stream_output_adapter@D@__crt_stdio_output@@V?$standard_base@DV?$stream_output_adapter@D@__crt_stdio_output@@@2@@__crt_stdio_output@@AAE_NXZ 0040c19b f i libucrt:output.obj
 0001:0000b1c5       ?state_case_normal_common@?$output_processor@DV?$string_output_adapter@D@__crt_stdio_output@@V?$standard_base@DV?$string_output_adapter@D@__crt_stdio_output@@@2@@__crt_stdio_output@@AAE_NXZ 0040c1c5 f i libucrt:output.obj
 0001:0000b1ef       ?state_case_normal_tchar@?$output_processor@DV?$stream_output_adapter@D@__crt_stdio_output@@V?$standard_base@DV?$stream_output_adapter@D@__crt_stdio_output@@@2@@__crt_stdio_output@@AAE_ND@Z 0040c1ef f i libucrt:output.obj
 0001:0000b250       ?state_case_normal_tchar@?$output_processor@DV?$string_output_adapter@D@__crt_stdio_output@@V?$standard_base@DV?$string_output_adapter@D@__crt_stdio_output@@@2@@__crt_stdio_output@@AAE_ND@Z 0040c250 f i libucrt:output.obj
 0001:0000b2b1       ?state_case_precision@?$output_processor@DV?$stream_output_adapter@D@__crt_stdio_output@@V?$standard_base@DV?$stream_output_adapter@D@__crt_stdio_output@@@2@@__crt_stdio_output@@AAE_NXZ 0040c2b1 f i libucrt:output.obj
 0001:0000b2b1       ?state_case_precision@?$output_processor@DV?$string_output_adapter@D@__crt_stdio_output@@V?$standard_base@DV?$string_output_adapter@D@__crt_stdio_output@@@2@@__crt_stdio_output@@AAE_NXZ 0040c2b1 f i libucrt:output.obj
 0001:0000b2d9       ?state_case_size@?$output_processor@DV?$stream_output_adapter@D@__crt_stdio_output@@V?$standard_base@DV?$stream_output_adapter@D@__crt_stdio_output@@@2@@__crt_stdio_output@@AAE_NXZ 0040c2d9 f i libucrt:output.obj
 0001:0000b442       ?state_case_size@?$output_processor@DV?$string_output_adapter@D@__crt_stdio_output@@V?$standard_base@DV?$string_output_adapter@D@__crt_stdio_output@@@2@@__crt_stdio_output@@AAE_NXZ 0040c442 f i libucrt:output.obj
 0001:0000b5ab       ?state_case_type@?$output_processor@DV?$stream_output_adapter@D@__crt_stdio_output@@V?$standard_base@DV?$stream_output_adapter@D@__crt_stdio_output@@@2@@__crt_stdio_output@@AAE_NXZ 0040c5ab f i libucrt:output.obj
 0001:0000b7da       ?state_case_type@?$output_processor@DV?$string_output_adapter@D@__crt_stdio_output@@V?$standard_base@DV?$string_output_adapter@D@__crt_stdio_output@@@2@@__crt_stdio_output@@AAE_NXZ 0040c7da f i libucrt:output.obj
 0001:0000ba09       ?state_case_width@?$output_processor@DV?$stream_output_adapter@D@__crt_stdio_output@@V?$standard_base@DV?$stream_output_adapter@D@__crt_stdio_output@@@2@@__crt_stdio_output@@AAE_NXZ 0040ca09 f i libucrt:output.obj
 0001:0000ba09       ?state_case_width@?$output_processor@DV?$string_output_adapter@D@__crt_stdio_output@@V?$standard_base@DV?$string_output_adapter@D@__crt_stdio_output@@@2@@__crt_stdio_output@@AAE_NXZ 0040ca09 f i libucrt:output.obj
 0001:0000ba34       ?to_integer_size@__crt_stdio_output@@YAIW4length_modifier@1@@Z 0040ca34 f i libucrt:output.obj
 0001:0000ba90       ?type_case_Z@?$output_processor@DV?$stream_output_adapter@D@__crt_stdio_output@@V?$standard_base@DV?$stream_output_adapter@D@__crt_stdio_output@@@2@@__crt_stdio_output@@AAE_NXZ 0040ca90 f i libucrt:output.obj
 0001:0000ba90       ?type_case_Z@?$output_processor@DV?$string_output_adapter@D@__crt_stdio_output@@V?$standard_base@DV?$string_output_adapter@D@__crt_stdio_output@@@2@@__crt_stdio_output@@AAE_NXZ 0040ca90 f i libucrt:output.obj
 0001:0000baf3       ?type_case_a@?$output_processor@DV?$string_output_adapter@D@__crt_stdio_output@@V?$standard_base@DV?$string_output_adapter@D@__crt_stdio_output@@@2@@__crt_stdio_output@@AAE_NXZ 0040caf3 f i libucrt:output.obj
 0001:0000baf3       ?type_case_a@?$output_processor@DV?$stream_output_adapter@D@__crt_stdio_output@@V?$standard_base@DV?$stream_output_adapter@D@__crt_stdio_output@@@2@@__crt_stdio_output@@AAE_NXZ 0040caf3 f i libucrt:output.obj
 0001:0000bc4d       ?type_case_c_tchar@?$output_processor@DV?$string_output_adapter@D@__crt_stdio_output@@V?$standard_base@DV?$string_output_adapter@D@__crt_stdio_output@@@2@@__crt_stdio_output@@AAE_ND@Z 0040cc4d f i libucrt:output.obj
 0001:0000bc4d       ?type_case_c_tchar@?$output_processor@DV?$stream_output_adapter@D@__crt_stdio_output@@V?$standard_base@DV?$stream_output_adapter@D@__crt_stdio_output@@@2@@__crt_stdio_output@@AAE_ND@Z 0040cc4d f i libucrt:output.obj
 0001:0000bcdd       ?type_case_integer@?$output_processor@DV?$stream_output_adapter@D@__crt_stdio_output@@V?$standard_base@DV?$stream_output_adapter@D@__crt_stdio_output@@@2@@__crt_stdio_output@@AAE_NI_N@Z 0040ccdd f i libucrt:output.obj
 0001:0000bcdd       ?type_case_integer@?$output_processor@DV?$string_output_adapter@D@__crt_stdio_output@@V?$standard_base@DV?$string_output_adapter@D@__crt_stdio_output@@@2@@__crt_stdio_output@@AAE_NI_N@Z 0040ccdd f i libucrt:output.obj
 0001:0000be27       ?type_case_n@?$output_processor@DV?$stream_output_adapter@D@__crt_stdio_output@@V?$standard_base@DV?$stream_output_adapter@D@__crt_stdio_output@@@2@@__crt_stdio_output@@AAE_NXZ 0040ce27 f i libucrt:output.obj
 0001:0000be27       ?type_case_n@?$output_processor@DV?$string_output_adapter@D@__crt_stdio_output@@V?$standard_base@DV?$string_output_adapter@D@__crt_stdio_output@@@2@@__crt_stdio_output@@AAE_NXZ 0040ce27 f i libucrt:output.obj
 0001:0000be9b       ?type_case_o@?$output_processor@DV?$stream_output_adapter@D@__crt_stdio_output@@V?$standard_base@DV?$stream_output_adapter@D@__crt_stdio_output@@@2@@__crt_stdio_output@@AAE_NXZ 0040ce9b f i libucrt:output.obj
 0001:0000be9b       ?type_case_o@?$output_processor@DV?$string_output_adapter@D@__crt_stdio_output@@V?$standard_base@DV?$string_output_adapter@D@__crt_stdio_output@@@2@@__crt_stdio_output@@AAE_NXZ 0040ce9b f i libucrt:output.obj
 0001:0000beba       ?type_case_p@?$output_processor@DV?$stream_output_adapter@D@__crt_stdio_output@@V?$standard_base@DV?$stream_output_adapter@D@__crt_stdio_output@@@2@@__crt_stdio_output@@AAE_NXZ 0040ceba f i libucrt:output.obj
 0001:0000beba       ?type_case_p@?$output_processor@DV?$string_output_adapter@D@__crt_stdio_output@@V?$standard_base@DV?$string_output_adapter@D@__crt_stdio_output@@@2@@__crt_stdio_output@@AAE_NXZ 0040ceba f i libucrt:output.obj
 0001:0000bed2       ?type_case_s@?$output_processor@DV?$stream_output_adapter@D@__crt_stdio_output@@V?$standard_base@DV?$stream_output_adapter@D@__crt_stdio_output@@@2@@__crt_stdio_output@@AAE_NXZ 0040ced2 f i libucrt:output.obj
 0001:0000bed2       ?type_case_s@?$output_processor@DV?$string_output_adapter@D@__crt_stdio_output@@V?$standard_base@DV?$string_output_adapter@D@__crt_stdio_output@@@2@@__crt_stdio_output@@AAE_NXZ 0040ced2 f i libucrt:output.obj
 0001:0000bf45       ?validate@?$stream_output_adapter@D@__crt_stdio_output@@QBE_NXZ 0040cf45 f i libucrt:output.obj
 0001:0000bf66       ?validate@?$c_string_character_source@D@__crt_strtox@@QBE_NXZ 0040cf66 f i libucrt:atox.obj
 0001:0000bf66       ?validate@?$string_output_adapter@D@__crt_stdio_output@@QBE_NXZ 0040cf66 f i libucrt:output.obj
 0001:0000bf81       ?write_character@?$stream_output_adapter@D@__crt_stdio_output@@QBEXDQAH@Z 0040cf81 f i libucrt:output.obj
 0001:0000bfbe       ?write_character@?$string_output_adapter@D@__crt_stdio_output@@QBE_NDQAH@Z 0040cfbe f i libucrt:output.obj
 0001:0000c000       ?write_stored_string_tchar@?$output_processor@DV?$stream_output_adapter@D@__crt_stdio_output@@V?$standard_base@DV?$stream_output_adapter@D@__crt_stdio_output@@@2@@__crt_stdio_output@@AAE_ND@Z 0040d000 f i libucrt:output.obj
 0001:0000c0a7       ?write_stored_string_tchar@?$output_processor@DV?$string_output_adapter@D@__crt_stdio_output@@V?$standard_base@DV?$string_output_adapter@D@__crt_stdio_output@@@2@@__crt_stdio_output@@AAE_ND@Z 0040d0a7 f i libucrt:output.obj
 0001:0000c14e       ?write_string@?$stream_output_adapter@D@__crt_stdio_output@@QBEXQBDHQAH1@Z 0040d14e f i libucrt:output.obj
 0001:0000c1d8       ?write_string@?$string_output_adapter@D@__crt_stdio_output@@QBEXQBDHQAH1@Z 0040d1d8 f i libucrt:output.obj
 0001:0000c26b       ___stdio_common_vfprintf   0040d26b f   libucrt:output.obj
 0001:0000c2e2       ___stdio_common_vsprintf   0040d2e2 f   libucrt:output.obj
 0001:0000c306       ??$assemble_floating_point_ind@N@__crt_strtox@@YAXAAN@Z 0040d306 f i libucrt:input.obj
 0001:0000c335       ??$assemble_floating_point_infinity@N@__crt_strtox@@YAX_NAAN@Z 0040d335 f i libucrt:input.obj
 0001:0000c374       ??$assemble_floating_point_qnan@N@__crt_strtox@@YAX_NAAN@Z 0040d374 f i libucrt:input.obj
 0001:0000c3b3       ??$assemble_floating_point_snan@N@__crt_strtox@@YAX_NAAN@Z 0040d3b3 f i libucrt:input.obj
 0001:0000c3f7       ??$assemble_floating_point_value_t@M@__crt_strtox@@YA?AW4SLD_STATUS@@_NH_KAAM@Z 0040d3f7 f i libucrt:input.obj
 0001:0000c427       ??$assemble_floating_point_value_t@N@__crt_strtox@@YA?AW4SLD_STATUS@@_NH_KAAN@Z 0040d427 f i libucrt:input.obj
 0001:0000c486       ??$assemble_floating_point_zero@N@__crt_strtox@@YAX_NAAN@Z 0040d486 f i libucrt:input.obj
 0001:0000c584       ??$convert_decimal_string_to_floating_type@M@__crt_strtox@@YA?AW4SLD_STATUS@@ABUfloating_point_string@0@AAM@Z 0040d584 f i libucrt:input.obj
 0001:0000c5a7       ??$convert_decimal_string_to_floating_type@N@__crt_strtox@@YA?AW4SLD_STATUS@@ABUfloating_point_string@0@AAN@Z 0040d5a7 f i libucrt:input.obj
 0001:0000c5ca       ??$convert_hexadecimal_string_to_floating_type@M@__crt_strtox@@YA?AW4SLD_STATUS@@ABUfloating_point_string@0@AAM@Z 0040d5ca f i libucrt:input.obj
 0001:0000c5ed       ??$convert_hexadecimal_string_to_floating_type@N@__crt_strtox@@YA?AW4SLD_STATUS@@ABUfloating_point_string@0@AAN@Z 0040d5ed f i libucrt:input.obj
 0001:0000c610       ??$is_overflow_condition@_K@__crt_strtox@@YA_NI_K@Z 0040d610 f i libucrt:input.obj
 0001:0000c653       ??$make_input_adapter_character_source@V?$string_input_adapter@D@__crt_stdio_input@@@__crt_strtox@@YA?AV?$input_adapter_character_source@V?$string_input_adapter@D@__crt_stdio_input@@@0@QAV?$string_input_adapter@D@__crt_stdio_input@@_KQA_N@Z 0040d653 f i libucrt:input.obj
 0001:0000c671       ??$parse_floating_point@V?$input_adapter_character_source@V?$string_input_adapter@D@__crt_stdio_input@@@__crt_strtox@@M@__crt_strtox@@YA?AW4SLD_STATUS@@QAU__crt_locale_pointers@@V?$input_adapter_character_source@V?$string_input_adapter@D@__crt_stdio_input@@@0@QAM@Z 0040d671 f i libucrt:input.obj
 0001:0000c6ec       ??$parse_floating_point@V?$input_adapter_character_source@V?$string_input_adapter@D@__crt_stdio_input@@@__crt_strtox@@N@__crt_strtox@@YA?AW4SLD_STATUS@@QAU__crt_locale_pointers@@V?$input_adapter_character_source@V?$string_input_adapter@D@__crt_stdio_input@@@0@QAN@Z 0040d6ec f i libucrt:input.obj
 0001:0000c767       ??$parse_floating_point_from_source@V?$input_adapter_character_source@V?$string_input_adapter@D@__crt_stdio_input@@@__crt_strtox@@@__crt_strtox@@YA?AW4floating_point_parse_result@0@QAU__crt_locale_pointers@@AAV?$input_adapter_character_source@V?$string_input_adapter@D@__crt_stdio_input@@@0@AAUfloating_point_string@0@@Z 0040d767 f i libucrt:input.obj
 0001:0000cbce       ??$parse_floating_point_possible_infinity@DV?$input_adapter_character_source@V?$string_input_adapter@D@__crt_stdio_input@@@__crt_strtox@@_K@__crt_strtox@@YA?AW4floating_point_parse_result@0@AADAAV?$input_adapter_character_source@V?$string_input_adapter@D@__crt_stdio_input@@@0@_K@Z 0040dbce f i libucrt:input.obj
 0001:0000cc8f       ??$parse_floating_point_possible_nan@DV?$input_adapter_character_source@V?$string_input_adapter@D@__crt_stdio_input@@@__crt_strtox@@_K@__crt_strtox@@YA?AW4floating_point_parse_result@0@AADAAV?$input_adapter_character_source@V?$string_input_adapter@D@__crt_stdio_input@@@0@_K@Z 0040dc8f f i libucrt:input.obj
 0001:0000cda1       ??$parse_floating_point_possible_nan_is_ind@DV?$input_adapter_character_source@V?$string_input_adapter@D@__crt_stdio_input@@@__crt_strtox@@@__crt_strtox@@YA_NAADAAV?$input_adapter_character_source@V?$string_input_adapter@D@__crt_stdio_input@@@0@@Z 0040dda1 f i libucrt:input.obj
 0001:0000cddb       ??$parse_floating_point_possible_nan_is_snan@DV?$input_adapter_character_source@V?$string_input_adapter@D@__crt_stdio_input@@@__crt_strtox@@@__crt_strtox@@YA_NAADAAV?$input_adapter_character_source@V?$string_input_adapter@D@__crt_stdio_input@@@0@@Z 0040dddb f i libucrt:input.obj
 0001:0000ce15       ??$parse_floating_point_write_result@M@__crt_strtox@@YA?AW4SLD_STATUS@@W4floating_point_parse_result@0@ABUfloating_point_string@0@QAM@Z 0040de15 f i libucrt:input.obj
 0001:0000cf25       ??$parse_floating_point_write_result@N@__crt_strtox@@YA?AW4SLD_STATUS@@W4floating_point_parse_result@0@ABUfloating_point_string@0@QAN@Z 0040df25 f i libucrt:input.obj
 0001:0000d029       ??$parse_integer@_KV?$input_adapter_character_source@V?$string_input_adapter@D@__crt_stdio_input@@@__crt_strtox@@@__crt_strtox@@YA_KQAU__crt_locale_pointers@@V?$input_adapter_character_source@V?$string_input_adapter@D@__crt_stdio_input@@@0@H_N@Z 0040e029 f i libucrt:input.obj
 0001:0000d2da       ??$process_floating_point_specifier_t@M@?$input_processor@DV?$string_input_adapter@D@__crt_stdio_input@@@__crt_stdio_input@@AAE_NXZ 0040e2da f i libucrt:input.obj
 0001:0000d342       ??$process_floating_point_specifier_t@N@?$input_processor@DV?$string_input_adapter@D@__crt_stdio_input@@@__crt_stdio_input@@AAE_NXZ 0040e342 f i libucrt:input.obj
 0001:0000d3aa       ??$process_string_specifier_tchar@D@?$input_processor@DV?$string_input_adapter@D@__crt_stdio_input@@@__crt_stdio_input@@AAE_NW4conversion_mode@1@D@Z 0040e3aa f i libucrt:input.obj
 0001:0000d50c       ??$process_string_specifier_tchar@_W@?$input_processor@DV?$string_input_adapter@D@__crt_stdio_input@@@__crt_stdio_input@@AAE_NW4conversion_mode@1@_W@Z 0040e50c f i libucrt:input.obj
 0001:0000d678       ??$skip_whitespace@Vstring_input_adapter@__crt_stdio_input@@D@__crt_stdio_input@@YAHAAV?$string_input_adapter@D@0@QAU__crt_locale_pointers@@@Z 0040e678 f i libucrt:input.obj
 0001:0000d6a7       ??$write_floating_point@M@?$input_processor@DV?$string_input_adapter@D@__crt_stdio_input@@@__crt_stdio_input@@AAE_NABM@Z 0040e6a7 f i libucrt:input.obj
 0001:0000d6de       ??$write_floating_point@N@?$input_processor@DV?$string_input_adapter@D@__crt_stdio_input@@@__crt_stdio_input@@AAE_NABN@Z 0040e6de f i libucrt:input.obj
 0001:0000d71b       ??0?$format_string_parser@D@__crt_stdio_input@@QAE@_KQBE@Z 0040e71b f i libucrt:input.obj
 0001:0000d765       ??0?$input_adapter_character_source@V?$string_input_adapter@D@__crt_stdio_input@@@__crt_strtox@@QAE@QAV?$string_input_adapter@D@__crt_stdio_input@@_KQA_N@Z 0040e765 f i libucrt:input.obj
 0001:0000d796       ??0?$input_processor@DV?$string_input_adapter@D@__crt_stdio_input@@@__crt_stdio_input@@QAE@ABV?$string_input_adapter@D@1@_KQBDQAU__crt_locale_pointers@@QAD@Z 0040e796 f i libucrt:input.obj
 0001:0000d808       ?advance@?$format_string_parser@D@__crt_stdio_input@@QAE_NXZ 0040e808 f i libucrt:input.obj
 0001:0000d928       ?as_double@floating_point_value@__crt_strtox@@QBEAANXZ 0040e928 f i libucrt:input.obj
 0001:0000d94d       ?as_float@floating_point_value@__crt_strtox@@QBEAAMXZ 0040e94d f i libucrt:input.obj
 0001:0000d972       ?assemble_floating_point_infinity@__crt_strtox@@YAX_NABVfloating_point_value@1@@Z 0040e972 f i libucrt:input.obj
 0001:0000d9ac       ?assemble_floating_point_value@__crt_strtox@@YA?AW4SLD_STATUS@@_KH_N1ABVfloating_point_value@1@@Z 0040e9ac f i libucrt:input.obj
 0001:0000dcf8       ?assemble_floating_point_value_from_big_integer@__crt_strtox@@YA?AW4SLD_STATUS@@ABUbig_integer@1@I_N1ABVfloating_point_value@1@@Z 0040ecf8 f i libucrt:input.obj
 0001:0000de86       ?assemble_floating_point_zero@__crt_strtox@@YAX_NABVfloating_point_value@1@@Z 0040ee86 f i libucrt:input.obj
 0001:0000deba       ?convert_decimal_string_to_floating_type_common@__crt_strtox@@YA?AW4SLD_STATUS@@ABUfloating_point_string@1@ABVfloating_point_value@1@@Z 0040eeba f i libucrt:input.obj
 0001:0000fc7d       ?convert_hexadecimal_string_to_floating_type_common@__crt_strtox@@YA?AW4SLD_STATUS@@ABUfloating_point_string@1@ABVfloating_point_value@1@@Z 00410c7d f i libucrt:input.obj
 0001:0000fd29       ?denormal_mantissa_mask@floating_point_value@__crt_strtox@@QBE_KXZ 00410d29 f i libucrt:input.obj
 0001:0000fd40       ?divide@__crt_strtox@@YA_KAAUbig_integer@1@ABU21@@Z 00410d40 f i libucrt:input.obj
 0001:000101ee       ?get@?$input_adapter_character_source@V?$string_input_adapter@D@__crt_stdio_input@@@__crt_strtox@@QAEDXZ 004111ee f i libucrt:input.obj
 0001:00010228       ?get@?$string_input_adapter@D@__crt_stdio_input@@QAEHXZ 00411228 f i libucrt:input.obj
 0001:0001023e       ?invert@?$scanset_buffer@E@__crt_stdio_input@@QAEXXZ 0041123e f i libucrt:input.obj
 0001:0001025c       ?is_character_allowed_in_string@?$input_processor@DV?$string_input_adapter@D@__crt_stdio_input@@@__crt_stdio_input@@ABE_NW4conversion_mode@2@H@Z 0041125c f i libucrt:input.obj
 0001:000102a2       ?length@?$format_string_parser@D@__crt_stdio_input@@QBEIXZ 004112a2 f i libucrt:input.obj
 0001:000102e3       ?normal_mantissa_mask@floating_point_value@__crt_strtox@@QBE_KXZ 004112e3 f i libucrt:input.obj
 0001:000102fa       ?process@?$input_processor@DV?$string_input_adapter@D@__crt_stdio_input@@@__crt_stdio_input@@QAEHXZ 004112fa f i libucrt:input.obj
 0001:0001037f       ?process_character_count_specifier@?$input_processor@DV?$string_input_adapter@D@__crt_stdio_input@@@__crt_stdio_input@@AAE_NXZ 0041137f f i libucrt:input.obj
 0001:00010399       ?process_conversion_specifier@?$input_processor@DV?$string_input_adapter@D@__crt_stdio_input@@@__crt_stdio_input@@AAE_NXZ 00411399 f i libucrt:input.obj
 0001:0001040d       ?process_floating_point_specifier@?$input_processor@DV?$string_input_adapter@D@__crt_stdio_input@@@__crt_stdio_input@@AAE_NXZ 0041140d f i libucrt:input.obj
 0001:0001043d       ?process_integer_specifier@?$input_processor@DV?$string_input_adapter@D@__crt_stdio_input@@@__crt_stdio_input@@AAE_NI_N@Z 0041143d f i libucrt:input.obj
 0001:000104a3       ?process_literal_character@?$input_processor@DV?$string_input_adapter@D@__crt_stdio_input@@@__crt_stdio_input@@AAE_NXZ 004114a3 f i libucrt:input.obj
 0001:000104d9       ?process_literal_character_tchar@?$input_processor@DV?$string_input_adapter@D@__crt_stdio_input@@@__crt_stdio_input@@AAE_ND@Z 004114d9 f i libucrt:input.obj
 0001:0001052f       ?process_state@?$input_processor@DV?$string_input_adapter@D@__crt_stdio_input@@@__crt_stdio_input@@AAE_NXZ 0041152f f i libucrt:input.obj
 0001:00010565       ?process_string_specifier@?$input_processor@DV?$string_input_adapter@D@__crt_stdio_input@@@__crt_stdio_input@@AAE_NW4conversion_mode@2@@Z 00411565 f i libucrt:input.obj
 0001:000105ad       ?process_whitespace@?$input_processor@DV?$string_input_adapter@D@__crt_stdio_input@@@__crt_stdio_input@@AAE_NXZ 004115ad f i libucrt:input.obj
 0001:000105ca       ?restore_state@?$input_adapter_character_source@V?$string_input_adapter@D@__crt_stdio_input@@@__crt_strtox@@QAE_N_K@Z 004115ca f i libucrt:input.obj
 0001:000105ef       ?scan_conversion_specifier@?$format_string_parser@D@__crt_stdio_input@@AAE_NXZ 004115ef f i libucrt:input.obj
 0001:0001075a       ?scan_optional_field_width@?$format_string_parser@D@__crt_stdio_input@@AAE_NXZ 0041175a f i libucrt:input.obj
 0001:000107f9       ?scan_optional_length_modifier@?$format_string_parser@D@__crt_stdio_input@@AAEXXZ 004117f9 f i libucrt:input.obj
 0001:00010919       ?scan_optional_literal_character_trail_bytes_tchar@?$format_string_parser@D@__crt_stdio_input@@AAE_ND@Z 00411919 f i libucrt:input.obj
 0001:0001096e       ?scan_optional_wide_modifier@?$format_string_parser@D@__crt_stdio_input@@AAEXXZ 0041196e f i libucrt:input.obj
 0001:0001098c       ?scan_scanset_range@?$format_string_parser@D@__crt_stdio_input@@AAE_NXZ 0041198c f i libucrt:input.obj
 0001:00010a93       ?set@?$scanset_buffer@E@__crt_stdio_input@@QAEXE@Z 00411a93 f i libucrt:input.obj
 0001:00010abe       ?set_wide_for_c_s_or_scanset@?$format_string_parser@D@__crt_stdio_input@@AAEXXZ 00411abe f i libucrt:input.obj
 0001:00010ade       ?test@?$scanset_buffer@E@__crt_stdio_input@@QBE_NE@Z 00411ade f i libucrt:input.obj
 0001:00010b0f       ?to_floating_point_length@__crt_stdio_input@@YAIW4length_modifier@1@@Z 00411b0f f i libucrt:input.obj
 0001:00010b32       ?to_integer_length@__crt_stdio_input@@YAIW4length_modifier@1@@Z 00411b32 f i libucrt:input.obj
 0001:00010b8a       ?unget@?$input_adapter_character_source@V?$string_input_adapter@D@__crt_stdio_input@@@__crt_strtox@@QAEXD@Z 00411b8a f i libucrt:input.obj
 0001:00010bcb       ?unget@?$string_input_adapter@D@__crt_stdio_input@@QAEXH@Z 00411bcb f i libucrt:input.obj
 0001:00010bea       ?validate@?$format_string_parser@D@__crt_stdio_input@@QBE_NXZ 00411bea f i libucrt:input.obj
 0001:00010c06       ?validate@?$input_adapter_character_source@V?$string_input_adapter@D@__crt_stdio_input@@@__crt_strtox@@QBE_NXZ 00411c06 f i libucrt:input.obj
 0001:00010c27       ?validate@?$string_input_adapter@D@__crt_stdio_input@@QAE_NXZ 00411c27 f i libucrt:input.obj
 0001:00010c49       ?write_character@?$input_processor@DV?$string_input_adapter@D@__crt_stdio_input@@@__crt_stdio_input@@AAE_NQA_WIAAPA_WAAID@Z 00411c49 f i libucrt:input.obj
 0001:00010cba       ?write_integer@?$input_processor@DV?$string_input_adapter@D@__crt_stdio_input@@@__crt_stdio_input@@AAE_N_K_N@Z 00411cba f i libucrt:input.obj
 0001:00010d31       ___stdio_common_vsscanf    00411d31 f   libucrt:input.obj
 0001:00010d55       __chvalidchk_l             00411d55 f i libucrt:input.obj
 0001:00010d7f       __ischartype_l             00411d7f f i libucrt:input.obj
 0001:00010dc0       _strncpy                   00411dc0 f   libucrt:strncpy.obj
 0001:00010ee4       _free                      00411ee4 f   libucrt:free.obj
 0001:00010ee9       _malloc                    00411ee9 f   libucrt:malloc.obj
 0001:00010f00       _fmod                      00411f00 f   libucrt:87fmod.obj
 0001:00010f0a       __CIfmod                   00411f0a f   libucrt:87fmod.obj
 0001:00010f30       _strncmp                   00411f30 f   libucrt:strncmp.obj
 0001:00010fa8       __strnicmp                 00411fa8 f   libucrt:strnicmp.obj
 0001:00011014       __strnicmp_l               00412014 f   libucrt:strnicmp.obj
 0001:000110cb       __isdigit_l                004120cb f i libucrt:_ctype.obj
 0001:00011103       __isspace_l                00412103 f i libucrt:_ctype.obj
 0001:0001113b       _isdigit                   0041213b f i libucrt:_ctype.obj
 0001:00011168       _isspace                   00412168 f i libucrt:_ctype.obj
 0001:00011195       __seh_filter_exe           00412195 f   libucrt:exception_filter.obj
 0001:00011308       __query_app_type           00412308 f   libucrt:report_runtime_error.obj
 0001:0001130e       __set_app_type             0041230e f   libucrt:report_runtime_error.obj
 0001:0001131d       ?initialize@?$dual_state_global@PAU__crt_locale_data@@@__crt_state_management@@QAEXQAU__crt_locale_data@@@Z 0041231d f i libucrt:initialization.obj
 0001:0001131d       ?initialize@?$dual_state_global@P6AXPB_W00II@Z@__crt_state_management@@QAEXQ6AXPB_W00II@Z@Z 0041231d f i libucrt:invalid_parameter.obj
 0001:0001131d       ?initialize@?$dual_state_global@P6AHI@Z@__crt_state_management@@QAEXQ6AHI@Z@Z 0041231d f i libucrt:new_handler.obj
 0001:0001131d       ?initialize@?$dual_state_global@PAPAD@__crt_state_management@@QAEXQAPAD@Z 0041231d f i libucrt:environment_initialization.obj
 0001:0001131d       ?initialize@?$dual_state_global@P6AXH@Z@__crt_state_management@@QAEXQ6AXH@Z@Z 0041231d f i libucrt:signal.obj
 0001:0001131d       ?initialize@?$dual_state_global@P6AHPAU_exception@@@Z@__crt_state_management@@QAEXQ6AHPAU_exception@@@Z@Z 0041231d f i libucrt:matherr.obj
 0001:0001134e       ___acrt_has_user_matherr   0041234e f   libucrt:matherr.obj
 0001:00011367       ___acrt_initialize_user_matherr 00412367 f   libucrt:matherr.obj
 0001:0001137b       ___acrt_invoke_user_matherr 0041237b f   libucrt:matherr.obj
 0001:000113c4       ___setusermatherr          004123c4 f   libucrt:matherr.obj
 0001:00011672       ___acrt_allocate_buffer_for_argv 00412672 f   libucrt:argv_parsing.obj
 0001:000116c7       __configure_narrow_argv    004126c7 f   libucrt:argv_parsing.obj
 0001:000118d9       ??$uninitialize@A6AXAAPAPAD@Z@?$dual_state_global@PAPAD@__crt_state_management@@QAEXA6AXAAPAPAD@Z@Z 004128d9 f i libucrt:environment_initialization.obj
 0001:000118d9       ??$uninitialize@A6AXAAPAPA_W@Z@?$dual_state_global@PAPA_W@__crt_state_management@@QAEXA6AXAAPAPA_W@Z@Z 004128d9 f i libucrt:environment_initialization.obj
 0001:0001194f       ___dcrt_get_or_create_narrow_environment_nolock 0041294f f   libucrt:environment_initialization.obj
 0001:00011954       ___dcrt_uninitialize_environments_nolock 00412954 f   libucrt:environment_initialization.obj
 0001:0001198b       __get_initial_narrow_environment 0041298b f   libucrt:environment_initialization.obj
 0001:0001199f       __initialize_narrow_environment 0041299f f   libucrt:environment_initialization.obj
 0001:000119a4       __initterm                 004129a4 f   libucrt:initterm.obj
 0001:00011a00       __initterm_e               00412a00 f   libucrt:initterm.obj
 0001:00011bb2       ___scrt_is_managed_app     00412bb2 f   LIBCMT:utility_desktop.obj
 0001:00011c60       ___acrt_initialize_thread_local_exit_callback 00412c60 f   libucrt:exit.obj
 0001:00011c6f       __c_exit                   00412c6f f   libucrt:exit.obj
 0001:00011c7e       __cexit                    00412c7e f   libucrt:exit.obj
 0001:00011c8d       __exit                     00412c8d f   libucrt:exit.obj
 0001:00011ca3       __register_thread_local_exe_atexit_callback 00412ca3 f   libucrt:exit.obj
 0001:00011cdb       _exit                      00412cdb f   libucrt:exit.obj
 0001:00011cf1       __set_fmode                00412cf1 f   libucrt:setmode.obj
 0001:00011d2e       ___acrt_initialize_command_line 00412d2e f   libucrt:argv_data.obj
 0001:00011d47       ___p___argc                00412d47 f   libucrt:argv_data.obj
 0001:00011d4d       ___p___argv                00412d4d f   libucrt:argv_data.obj
 0001:00011d53       ___acrt_set_locale_changed 00412d53 f   libucrt:wsetlocale.obj
 0001:00011d5e       ___acrt_uninitialize_locale 00412d5e f   libucrt:wsetlocale.obj
 0001:00011db0       __configthreadlocale       00412db0 f   libucrt:wsetlocale.obj
 0001:00011e12       __query_new_mode           00412e12 f   libucrt:new_mode.obj
 0001:00011e18       __set_new_mode             00412e18 f   libucrt:new_mode.obj
 0001:00011e47       ___p__commode              00412e47 f   libucrt:ncommode.obj
 0001:00011e4d       __errcode                  00412e4d f   libucrt:fpexcept.obj
 0001:00011e81       __except1                  00412e81 f   libucrt:fpexcept.obj
 0001:00011f4f       __handle_exc               00412f4f f   libucrt:fpexcept.obj
 0001:0001212f       __raise_exc                0041312f f   libucrt:fpexcept.obj
 0001:00012152       __raise_exc_ex             00413152 f   libucrt:fpexcept.obj
 0001:00012443       __set_errno_from_matherr   00413443 f   libucrt:fpexcept.obj
 0001:00012472       __umatherr                 00413472 f   libucrt:fpexcept.obj
 0001:00012514       ??$?RV<lambda_800076c951b434888f4765a74a194fcc>@@AAV<lambda_4e60a939b0d047cfe11ddc22648dfba9>@@V<lambda_6dbb1268764f43b569ce7b67e331d33a>@@@?$__crt_seh_guarded_call@H@@QAEH$$QAV<lambda_800076c951b434888f4765a74a194fcc>@@AAV<lambda_4e60a939b0d047cfe11ddc22648dfba9>@@$$QAV<lambda_6dbb1268764f43b569ce7b67e331d33a>@@@Z 00413514 f i libucrt:onexit.obj
 0001:00012565       ??$?RV<lambda_995298e7d72eb4c2aab26c0585b3abe5>@@AAV<lambda_275893d493268fdec8709772e3fcec0e>@@V<lambda_293819299cbf9a7022e18b56a874bb5c>@@@?$__crt_seh_guarded_call@H@@QAEH$$QAV<lambda_995298e7d72eb4c2aab26c0585b3abe5>@@AAV<lambda_275893d493268fdec8709772e3fcec0e>@@$$QAV<lambda_293819299cbf9a7022e18b56a874bb5c>@@@Z 00413565 f i libucrt:onexit.obj
 0001:000125b6       ??$__acrt_lock_and_call@V<lambda_275893d493268fdec8709772e3fcec0e>@@@@YAHW4__acrt_lock_id@@$$QAV<lambda_275893d493268fdec8709772e3fcec0e>@@@Z 004135b6 f i libucrt:onexit.obj
 0001:000125de       ??$__acrt_lock_and_call@V<lambda_4e60a939b0d047cfe11ddc22648dfba9>@@@@YAHW4__acrt_lock_id@@$$QAV<lambda_4e60a939b0d047cfe11ddc22648dfba9>@@@Z 004135de f i libucrt:onexit.obj
 0001:00012606       ??$__crt_fast_encode_pointer@P6GXPAXK0@Z@@YAP6GXPAXK0@ZQ6GX0K0@Z@Z 00413606 f i libucrt:exit.obj
 0001:00012606       ??$__crt_fast_encode_pointer@P6AHPAU_exception@@@Z@@YAP6AHPAU_exception@@@ZQ6AH0@Z@Z 00413606 f i libucrt:matherr.obj
 0001:00012606       ??$__crt_fast_encode_pointer@P6AHXZ@@YAP6AHXZQ6AHXZ@Z 00413606 f i libucrt:onexit.obj
 0001:00012886       __crt_atexit               00413886 f   libucrt:onexit.obj
 0001:0001289c       __execute_onexit_table     0041389c f   libucrt:onexit.obj
 0001:000128b9       __initialize_onexit_table  004138b9 f   libucrt:onexit.obj
 0001:000128f6       __register_onexit_function 004138f6 f   libucrt:onexit.obj
 0001:00012946       __should_initialize_environment 00413946 f   LIBCMT:env_mode.obj
 0001:00012946       ___acrt_uninitialize_command_line 00413946 f   libucrt:argv_data.obj
 0001:00012a0e       ___acrt_initialize         00413a0e f   libucrt:initialization.obj
 0001:00012a20       ___acrt_uninitialize       00413a20 f   libucrt:initialization.obj
 0001:00012a32       __controlfp_s              00413a32 f   libucrt:contrlfp.obj
 0001:00012a91       _terminate                 00413a91 f   libucrt:terminate.obj
 0001:00012acd       __free_base                00413acd f   libucrt:free_base.obj
 0001:00012b07       __malloc_base              00413b07 f   libucrt:malloc_base.obj
 0001:00012b55       _strcpy_s                  00413b55 f   libucrt:strcpy_s.obj
 0001:00012baf       _abort                     00413baf f   libucrt:abort.obj
 0001:00012bf2       __calloc_base              00413bf2 f   libucrt:calloc_base.obj
 0001:00012c4f       ??$is_overflow_condition@K@__crt_strtox@@YA_NIK@Z 00413c4f f i libucrt:atox.obj
 0001:00012c82       ??$parse_integer@KV?$c_string_character_source@D@__crt_strtox@@@__crt_strtox@@YAKQAU__crt_locale_pointers@@V?$c_string_character_source@D@0@H_N@Z 00413c82 f i libucrt:atox.obj
 0001:00012eaa       ??$parse_integer@_KV?$c_string_character_source@D@__crt_strtox@@@__crt_strtox@@YA_KQAU__crt_locale_pointers@@V?$c_string_character_source@D@0@H_N@Z 00413eaa f i libucrt:atox.obj
 0001:00013150       ?unget@?$c_string_character_source@D@__crt_strtox@@QAEXD@Z 00414150 f i libucrt:atox.obj
 0001:00013178       ___acrt_call_reportfault   00414178 f   libucrt:invalid_parameter.obj
 0001:000132b3       ___acrt_initialize_invalid_parameter_handler 004142b3 f   libucrt:invalid_parameter.obj
 0001:000132c7       __invalid_parameter        004142c7 f   libucrt:invalid_parameter.obj
 0001:00013342       __invalid_parameter_noinfo 00414342 f   libucrt:invalid_parameter.obj
 0001:00013352       __invoke_watson            00414352 f   libucrt:invalid_parameter.obj
 0001:00013385       ___acrt_errno_from_os_error 00414385 f   libucrt:errno.obj
 0001:000133c8       ___acrt_errno_map_os_error 004143c8 f   libucrt:errno.obj
 0001:000133eb       ___doserrno                004143eb f   libucrt:errno.obj
 0001:000133fe       __errno                    004143fe f   libucrt:errno.obj
 0001:00013542       ___acrt_CompareStringEx@36 00414542 f   libucrt:winapi_thunks.obj
 0001:000135b6       ___acrt_FlsAlloc@4         004145b6 f   libucrt:winapi_thunks.obj
 0001:0001360c       ___acrt_FlsFree@4          0041460c f   libucrt:winapi_thunks.obj
 0001:00013662       ___acrt_FlsGetValue@4      00414662 f   libucrt:winapi_thunks.obj
 0001:000136b8       ___acrt_FlsSetValue@8      004146b8 f   libucrt:winapi_thunks.obj
 0001:00013711       ___acrt_InitializeCriticalSectionEx@12 00414711 f   libucrt:winapi_thunks.obj
 0001:00013773       ___acrt_LCMapStringEx@36   00414773 f   libucrt:winapi_thunks.obj
 0001:000137fb       ___acrt_LocaleNameToLCID@8 004147fb f   libucrt:winapi_thunks.obj
 0001:00013857       ___acrt_initialize_winapi_thunks 00414857 f   libucrt:winapi_thunks.obj
 0001:0001387d       ___acrt_is_packaged_app    0041487d f   libucrt:winapi_thunks.obj
 0001:00013904       ___acrt_uninitialize_winapi_thunks 00414904 f   libucrt:winapi_thunks.obj
 0001:0001393a       __fcloseall                0041493a f   libucrt:closeall.obj
 0001:000139da       ___acrt_stdio_free_buffer_nolock 004149da f   libucrt:_freebuf.obj
 0001:00013b84       ___acrt_initialize_lowio   00414b84 f   libucrt:ioinit.obj
 0001:00013bda       ___acrt_uninitialize_lowio 00414bda f   libucrt:ioinit.obj
 0001:00013c06       ___acrt_initialize_locks   00414c06 f   libucrt:locks.obj
 0001:00013c47       ___acrt_lock               00414c47 f   libucrt:locks.obj
 0001:00013c5e       ___acrt_uninitialize_locks 00414c5e f   libucrt:locks.obj
 0001:00013c8f       ___acrt_unlock             00414c8f f   libucrt:locks.obj
 0001:00013ca6       ??$?RV<lambda_61cee617f5178ae960314fd4d05640a0>@@AAV<lambda_6978c1fb23f02e42e1d9e99668cc68aa>@@V<lambda_9cd88cf8ad10232537feb2133f08c833>@@@?$__crt_seh_guarded_call@H@@QAEH$$QAV<lambda_61cee617f5178ae960314fd4d05640a0>@@AAV<lambda_6978c1fb23f02e42e1d9e99668cc68aa>@@$$QAV<lambda_9cd88cf8ad10232537feb2133f08c833>@@@Z 00414ca6 f i libucrt:commit.obj
 0001:00013d3e       ??$__acrt_lowio_lock_fh_and_call@V<lambda_6978c1fb23f02e42e1d9e99668cc68aa>@@@@YAHH$$QAV<lambda_6978c1fb23f02e42e1d9e99668cc68aa>@@@Z 00414d3e f i libucrt:commit.obj
 0001:00013d66       __commit                   00414d66 f   libucrt:commit.obj
 0001:00014365       __write                    00415365 f   libucrt:write.obj
 0001:00014450       __write_nolock             00415450 f   libucrt:write.obj
 0001:0001465c       __fileno                   0041565c f   libucrt:fileno.obj
 0001:00014682       __fgetc_nolock             00415682 f   libucrt:fgetc.obj
 0001:000146be       __getc_nolock              004156be f   libucrt:fgetc.obj
 0001:000146c9       __fputc_nolock             004156c9 f   libucrt:fputc.obj
 0001:000146f2       __fwrite_nolock            004156f2 f   libucrt:fwrite.obj
 0001:0001486b       ___acrt_stdio_begin_temporary_buffering_nolock 0041586b f   libucrt:_sftbuf.obj
 0001:00014920       ___acrt_stdio_end_temporary_buffering_nolock 00415920 f   libucrt:_sftbuf.obj
 0001:00014ac0       __tolower_l                00415ac0 f   libucrt:tolower_toupper.obj
 0001:00014ada       _tolower                   00415ada f   libucrt:tolower_toupper.obj
 0001:00014b0a       ??$make_c_string_character_source@DPAPAD@__crt_strtox@@YA?AV?$c_string_character_source@D@0@QBDQAPAD@Z 00415b0a f i libucrt:strtox.obj
 0001:00014b25       _strtol                    00415b25 f   libucrt:strtox.obj
 0001:00014b51       _strtoull                  00415b51 f   libucrt:strtox.obj
 0001:00014b7d       __mbtowc_l                 00415b7d f   libucrt:mbtowc.obj
 0001:00014c77       _mbtowc                    00415c77 f   libucrt:mbtowc.obj
 0001:00014c91       __wctomb_s_l               00415c91 f   libucrt:wctomb.obj
 0001:00014db2       _wctomb_s                  00415db2 f   libucrt:wctomb.obj
 0001:00014dcf       _strnlen                   00415dcf f   libucrt:strnlen.obj
 0001:00014ef6       _wcsnlen                   00415ef6 f   libucrt:strnlen.obj
 0001:000150ad       ??$?RV<lambda_3518db117f0e7cdb002338c5d3c47b6c>@@AAV<lambda_b2ea41f6bbb362cd97d94c6828d90b61>@@V<lambda_abdedf541bb04549bc734292b4a045d4>@@@?$__crt_seh_guarded_call@X@@QAEX$$QAV<lambda_3518db117f0e7cdb002338c5d3c47b6c>@@AAV<lambda_b2ea41f6bbb362cd97d94c6828d90b61>@@$$QAV<lambda_abdedf541bb04549bc734292b4a045d4>@@@Z 004160ad f i libucrt:per_thread_data.obj
 0001:000150fd       ??$?RV<lambda_51b6e8b1eb166f2a3faf91f424b38130>@@AAV<lambda_6250bd4b2a391816dd638c3bf72b0bcb>@@V<lambda_0b5a4a3e68152e1d9b943535f5f47bed>@@@?$__crt_seh_guarded_call@X@@QAEX$$QAV<lambda_51b6e8b1eb166f2a3faf91f424b38130>@@AAV<lambda_6250bd4b2a391816dd638c3bf72b0bcb>@@$$QAV<lambda_0b5a4a3e68152e1d9b943535f5f47bed>@@@Z 004160fd f i libucrt:per_thread_data.obj
 0001:0001515e       ??$?RV<lambda_5b71d36f03204c0beab531769a5b5694>@@AAV<lambda_be2b3da3f62db62e9dad5dc70221a656>@@V<lambda_8f9ce462984622f9bf76b59e2aaaf805>@@@?$__crt_seh_guarded_call@X@@QAEX$$QAV<lambda_5b71d36f03204c0beab531769a5b5694>@@AAV<lambda_be2b3da3f62db62e9dad5dc70221a656>@@$$QAV<lambda_8f9ce462984622f9bf76b59e2aaaf805>@@@Z 0041615e f i libucrt:per_thread_data.obj
 0001:000151a9       ??$?RV<lambda_9df27f884b057bc3edfc946cb5b7cf47>@@AAV<lambda_e69574bed617af4e071282c136b37893>@@V<lambda_cc0d902bcbbeb830f749456577db4721>@@@?$__crt_seh_guarded_call@X@@QAEX$$QAV<lambda_9df27f884b057bc3edfc946cb5b7cf47>@@AAV<lambda_e69574bed617af4e071282c136b37893>@@$$QAV<lambda_cc0d902bcbbeb830f749456577db4721>@@@Z 004161a9 f i libucrt:per_thread_data.obj
 0001:000151f1       ??$__acrt_lock_and_call@V<lambda_6250bd4b2a391816dd638c3bf72b0bcb>@@@@YAXW4__acrt_lock_id@@$$QAV<lambda_6250bd4b2a391816dd638c3bf72b0bcb>@@@Z 004161f1 f i libucrt:per_thread_data.obj
 0001:00015219       ??$__acrt_lock_and_call@V<lambda_b2ea41f6bbb362cd97d94c6828d90b61>@@@@YAXW4__acrt_lock_id@@$$QAV<lambda_b2ea41f6bbb362cd97d94c6828d90b61>@@@Z 00416219 f i libucrt:per_thread_data.obj
 0001:00015241       ??$__acrt_lock_and_call@V<lambda_be2b3da3f62db62e9dad5dc70221a656>@@@@YAXW4__acrt_lock_id@@$$QAV<lambda_be2b3da3f62db62e9dad5dc70221a656>@@@Z 00416241 f i libucrt:per_thread_data.obj
 0001:00015269       ??$__acrt_lock_and_call@V<lambda_e69574bed617af4e071282c136b37893>@@@@YAXW4__acrt_lock_id@@$$QAV<lambda_e69574bed617af4e071282c136b37893>@@@Z 00416269 f i libucrt:per_thread_data.obj
 0001:0001541f       ___acrt_getptd             0041641f f   libucrt:per_thread_data.obj
 0001:000154a3       ___acrt_getptd_noexit      004164a3 f   libucrt:per_thread_data.obj
 0001:00015528       ___acrt_initialize_ptd     00416528 f   libucrt:per_thread_data.obj
 0001:00015554       ___acrt_uninitialize_ptd   00416554 f   libucrt:per_thread_data.obj
 0001:0001556e       ___acrt_update_locale_info 0041656e f   libucrt:locale_update.obj
 0001:0001559b       ___acrt_update_multibyte_info 0041659b f   libucrt:locale_update.obj
 0001:000155c8       ?__acrt_fp_classify@@YA?AW4__acrt_fp_class@@ABN@Z 004165c8 f i libucrt:cvt.obj
 0001:00015634       ?__acrt_fp_is_negative@@YA_NABN@Z 00416634 f i libucrt:cvt.obj
 0001:00015e93       ___acrt_fp_format          00416e93 f   libucrt:cvt.obj
 0001:00015fdd       __get_printf_count_output  00416fdd f   libucrt:printf_count_output.obj
 0001:00015ff2       ___pctype_func             00416ff2 f   libucrt:ctype.obj
 0001:00016018       __isctype_l                00417018 f   libucrt:isctype.obj
 0001:000160ea       _fegetround                004170ea f   libucrt:fegetround.obj
 0001:00016100       __cintrindisp2             00417100 f   libucrt:87cdisp.obj
 0001:00016144       __cintrindisp1             00417144 f   libucrt:87cdisp.obj
 0001:00016187       __ctrandisp2               00417187 f   libucrt:87cdisp.obj
 0001:00016316       __ctrandisp1               00417316 f   libucrt:87cdisp.obj
 0001:00016349       __fload                    00417349 f   libucrt:87cdisp.obj
 0001:00016390       __trandisp1                00417390 f   libucrt:87disp.obj
 0001:000163f7       __trandisp2                004173f7 f   libucrt:87disp.obj
 0001:00016483       __rttospopde               00417483     libucrt:87disp.obj
 0001:00016488       __rttospop                 00417488     libucrt:87disp.obj
 0001:0001648a       __rtnospop                 0041748a     libucrt:87disp.obj
 0001:0001648c       __rttosnpop                0041748c     libucrt:87disp.obj
 0001:0001648d       __rtnospopde               0041748d     libucrt:87disp.obj
 0001:00016494       __rtzeropop                00417494     libucrt:87disp.obj
 0001:00016496       __rtzeronpop               00417496     libucrt:87disp.obj
 0001:0001649b       __rtzerospop               0041749b     libucrt:87disp.obj
 0001:000164a8       __rtonepop                 004174a8     libucrt:87disp.obj
 0001:000164aa       __rtonenpop                004174aa     libucrt:87disp.obj
 0001:000164af       __tosnan1                  004174af     libucrt:87disp.obj
 0001:000164da       __nosnan2                  004174da     libucrt:87disp.obj
 0001:000164dc       __tosnan2                  004174dc     libucrt:87disp.obj
 0001:00016504       __nan2                     00417504     libucrt:87disp.obj
 0001:00016543       __rtindfpop                00417543     libucrt:87disp.obj
 0001:00016545       __rtindfnpop               00417545     libucrt:87disp.obj
 0001:00016556       __rttosnpopde              00417556     libucrt:87disp.obj
 0001:00016560       __rtatan2inf               00417560     libucrt:87disp.obj
 0001:0001657d       __rtchsifneg               0041757d     libucrt:87disp.obj
 0001:00016590       ___ascii_strnicmp          00417590 f   libucrt:_strnicm.obj
 0001:000169b3       ??1?$argument_list@D@?A0xb0e4b824@@QAE@XZ 004179b3 f i libucrt:argv_wildcards.obj
 0001:000169d8       ?append@?$argument_list@D@?A0xb0e4b824@@QAEHQAD@Z 004179d8 f i libucrt:argv_wildcards.obj
 0001:00016a0d       ?expand_if_necessary@?$argument_list@D@?A0xb0e4b824@@AAEHXZ 00417a0d f i libucrt:argv_wildcards.obj
 0001:00016a94       ___acrt_expand_narrow_argv_wildcards 00417a94 f   libucrt:argv_wildcards.obj
 0001:00016a9f       ??$?RV<lambda_978dc153c237d78434369da87b74ff60>@@AAV<lambda_ad1ced32f4ac17aa236e5ef05d6b3b7c>@@V<lambda_4a8533e2866a575feecb8298ce776b0d>@@@?$__crt_seh_guarded_call@X@@QAEX$$QAV<lambda_978dc153c237d78434369da87b74ff60>@@AAV<lambda_ad1ced32f4ac17aa236e5ef05d6b3b7c>@@$$QAV<lambda_4a8533e2866a575feecb8298ce776b0d>@@@Z 00417a9f f i libucrt:mbctype.obj
 0001:00016ae2       ??$__acrt_lock_and_call@V<lambda_ad1ced32f4ac17aa236e5ef05d6b3b7c>@@@@YAXW4__acrt_lock_id@@$$QAV<lambda_ad1ced32f4ac17aa236e5ef05d6b3b7c>@@@Z 00417ae2 f i libucrt:mbctype.obj
 0001:00016f79       ___acrt_initialize_multibyte 00417f79 f   libucrt:mbctype.obj
 0001:00016f97       ___acrt_update_thread_multibyte_data 00417f97 f   libucrt:mbctype.obj
 0001:00017039       __setmbcp_nolock           00418039 f   libucrt:mbctype.obj
 0001:00017304       __ismbblead                00418304 f   libucrt:ismbbyte.obj
 0001:00017353       ___dcrt_get_narrow_environment_from_os 00418353 f   libucrt:get_environment_from_os.obj
 0001:00017716       ___dcrt_set_variable_in_narrow_environment_nolock 00418716 f   libucrt:setenv.obj
 0001:00017721       ___acrt_lowio_create_handle_array 00418721 f   libucrt:osfinfo.obj
 0001:0001779b       ___acrt_lowio_destroy_handle_array 0041879b f   libucrt:osfinfo.obj
 0001:000177d0       ___acrt_lowio_ensure_fh_exists 004187d0 f   libucrt:osfinfo.obj
 0001:00017868       ___acrt_lowio_lock_fh      00418868 f   libucrt:osfinfo.obj
 0001:0001788b       ___acrt_lowio_unlock_fh    0041888b f   libucrt:osfinfo.obj
 0001:000178ae       __free_osfhnd              004188ae f   libucrt:osfinfo.obj
 0001:0001793f       __get_osfhandle            0041893f f   libucrt:osfinfo.obj
 0001:000179a9       ___acrt_locale_free_monetary 004189a9 f   libucrt:initmon.obj
 0001:00017aa7       ___acrt_locale_free_numeric 00418aa7 f   libucrt:initnum.obj
 0001:00017b4c       ___acrt_locale_free_time   00418b4c f   libucrt:inittime.obj
 0001:00017c30       ___acrt_GetStringTypeA     00418c30 f   libucrt:getstringtypea.obj
 0001:00017d4d       __freea_crt                00418d4d f i libucrt:getstringtypea.obj
 0001:00017d6d       ___acrt_add_locale_ref     00418d6d f   libucrt:locale_refcounting.obj
 0001:00017dea       ___acrt_free_locale        00418dea f   libucrt:locale_refcounting.obj
 0001:00017f34       ___acrt_locale_add_lc_time_reference 00418f34 f   libucrt:locale_refcounting.obj
 0001:00017f5d       ___acrt_locale_free_lc_time_if_unreferenced 00418f5d f   libucrt:locale_refcounting.obj
 0001:00017f8d       ___acrt_locale_release_lc_time_reference 00418f8d f   libucrt:locale_refcounting.obj
 0001:00017fb6       ___acrt_release_locale_ref 00418fb6 f   libucrt:locale_refcounting.obj
 0001:00018037       ___acrt_update_thread_locale_data 00419037 f   libucrt:locale_refcounting.obj
 0001:000180ae       __updatetlocinfoEx_nolock  004190ae f   libucrt:locale_refcounting.obj
 0001:000180fe       __decomp                   004190fe f   libucrt:util.obj
 0001:000181d2       __set_exp                  004191d2 f   libucrt:util.obj
 0001:00018201       __sptype                   00419201 f   libucrt:util.obj
 0001:0001825f       ___set_fpsr_sse2           0041925f f   libucrt:fpctrl.obj
 0001:000182d5       __clrfp                    004192d5 f   libucrt:fpctrl.obj
 0001:000182e8       __ctrlfp                   004192e8 f   libucrt:fpctrl.obj
 0001:00018314       __set_statfp               00419314 f   libucrt:fpctrl.obj
 0001:0001836f       __statfp                   0041936f f   libucrt:fpctrl.obj
 0001:00018381       __recalloc                 00419381 f   libucrt:recalloc.obj
 0001:0001838c       __recalloc_base            0041938c f   libucrt:recalloc.obj
 0001:000183f9       ___acrt_initialize_heap    004193f9 f   libucrt:heap_handle.obj
 0001:0001840a       ___acrt_uninitialize_heap  0041940a f   libucrt:heap_handle.obj
 0001:00018414       ___acrt_execute_initializers 00419414 f   libucrt:shared_initialization.obj
 0001:00018497       ___acrt_execute_uninitializers 00419497 f   libucrt:shared_initialization.obj
 0001:000184e4       ___acrt_initialize_new_handler 004194e4 f   libucrt:new_handler.obj
 0001:000184f8       __callnewh                 004194f8 f   libucrt:new_handler.obj
 0001:0001853c       __query_new_handler        0041953c f   libucrt:new_handler.obj
[...]
 0003:00000028       _playback_lat              00431028     auddemo.obj
 0003:0000002c       _capture_lat               0043102c     auddemo.obj
 0003:00000030       $SG20921                   00431030     auddemo.obj
 0003:00000044       $SG20942                   00431044     auddemo.obj
 0003:00000058       $SG20943                   00431058     auddemo.obj
 0003:00000064       $SG20945                   00431064     auddemo.obj
 0003:00000078       $SG20946                   00431078     auddemo.obj
 0003:00000084       $SG20949                   00431084     auddemo.obj
 0003:0000009c       $SG20950                   0043109c     auddemo.obj
 0003:000000a8       $SG20966                   004310a8     auddemo.obj
 0003:000000ac       $SG21014                   004310ac     auddemo.obj
 0003:000000c4       $SG21015                   004310c4     auddemo.obj
 0003:000000d0       $SG21017                   004310d0     auddemo.obj
 0003:000000f4       $SG21019                   004310f4     auddemo.obj
 0003:00000108       $SG21020                   00431108     auddemo.obj
 0003:00000114       $SG21022                   00431114     auddemo.obj
 0003:00000130       $SG21023                   00431130     auddemo.obj
 0003:0000013c       $SG21025                   0043113c     auddemo.obj
 0003:00000140       $SG21026                   00431140     auddemo.obj
 0003:00000154       $SG21027                   00431154     auddemo.obj
 0003:00000160       $SG21029                   00431160     auddemo.obj
 0003:00000168       $SG21030                   00431168     auddemo.obj
 0003:00000174       $SG21031                   00431174     auddemo.obj
 0003:00000180       $SG21033                   00431180     auddemo.obj
 0003:00000188       $SG21034                   00431188     auddemo.obj
 0003:00000194       $SG21035                   00431194     auddemo.obj
 0003:000001a0       $SG21037                   004311a0     auddemo.obj
 0003:000001b0       $SG21038                   004311b0     auddemo.obj
 0003:000001bc       $SG21039                   004311bc     auddemo.obj
 0003:000001c8       $SG21041                   004311c8     auddemo.obj
 0003:000001d8       $SG21042                   004311d8     auddemo.obj
 0003:000001e4       $SG21043                   004311e4     auddemo.obj
 0003:000001f0       $SG21045                   004311f0     auddemo.obj
 0003:00000200       $SG21046                   00431200     auddemo.obj
 0003:0000020c       $SG21047                   0043120c     auddemo.obj
 0003:00000218       $SG21050                   00431218     auddemo.obj
 0003:00000220       $SG21052                   00431220     auddemo.obj
 0003:00000228       $SG21054                   00431228     auddemo.obj
 0003:00000230       $SG21056                   00431230     auddemo.obj
 0003:00000238       $SG21058                   00431238     auddemo.obj
 0003:00000240       $SG21060                   00431240     auddemo.obj
 0003:00000248       $SG21062                   00431248     auddemo.obj
 0003:00000254       $SG21063                   00431254     auddemo.obj
 0003:00000258       $SG21064                   00431258     auddemo.obj
 0003:0000025c       $SG21066                   0043125c     auddemo.obj
 0003:00000270       $SG21067                   00431270     auddemo.obj
 0003:0000027c       $SG21068                   0043127c     auddemo.obj
 0003:00000288       $SG21115                   00431288     auddemo.obj
 0003:000002a8       $SG21117                   004312a8     auddemo.obj
 0003:000002bc       $SG21118                   004312bc     auddemo.obj
 0003:000002c8       $SG21120                   004312c8     auddemo.obj
 0003:000002e8       $SG21122                   004312e8     auddemo.obj
 0003:000002f8       $SG21123                   004312f8     auddemo.obj
 0003:00000304       $SG21128                   00431304     auddemo.obj
 0003:00000320       $SG21129                   00431320     auddemo.obj
 0003:0000032c       $SG21131                   0043132c     auddemo.obj
 0003:00000340       $SG21132                   00431340     auddemo.obj
 0003:0000037c       $SG21133                   0043137c     auddemo.obj
 0003:00000388       $SG21138                   00431388     auddemo.obj
 0003:0000039c       $SG21139                   0043139c     auddemo.obj
 0003:000003a8       $SG21141                   004313a8     auddemo.obj
 0003:000003b8       $SG21142                   004313b8     auddemo.obj
 0003:000003f4       $SG21143                   004313f4     auddemo.obj
 0003:00000400       $SG21148                   00431400     auddemo.obj
 0003:0000041c       $SG21149                   0043141c     auddemo.obj
 0003:00000428       $SG21150                   00431428     auddemo.obj
 0003:00000430       $SG21151                   00431430     auddemo.obj
 0003:00000438       $SG21153                   00431438     auddemo.obj
 0003:0000049c       $SG21154                   0043149c     auddemo.obj
 0003:000004a8       $SG15015                   004314a8     auddemo.obj
 0003:000004b8       $SG21186                   004314b8     auddemo.obj
 0003:000004c4       $SG21187                   004314c4     auddemo.obj
 0003:000004c8       $SG21189                   004314c8     auddemo.obj
 0003:000004e0       $SG21191                   004314e0     auddemo.obj
 0003:00000500       $SG21193                   00431500     auddemo.obj
 0003:00000520       $SG21195                   00431520     auddemo.obj
 0003:00000540       $SG21197                   00431540     auddemo.obj
 0003:00000568       $SG21198                   00431568     auddemo.obj
 0003:00000574       $SG21233                   00431574     auddemo.obj
 0003:00000580       $SG21234                   00431580     auddemo.obj
 0003:00000584       $SG21236                   00431584     auddemo.obj
 0003:0000059c       $SG21238                   0043159c     auddemo.obj
 0003:000005bc       $SG21240                   004315bc     auddemo.obj
 0003:000005dc       $SG21242                   004315dc     auddemo.obj
 0003:000005fc       $SG21244                   004315fc     auddemo.obj
 0003:00000624       $SG21245                   00431624     auddemo.obj
 0003:00000630       $SG21253                   00431630     auddemo.obj
 0003:00000644       $SG21254                   00431644     auddemo.obj
 0003:00000664       $SG21255                   00431664     auddemo.obj
 0003:0000068c       $SG21256                   0043168c     auddemo.obj
 0003:000006b8       $SG21257                   004316b8     auddemo.obj
 0003:000006f4       $SG21258                   004316f4     auddemo.obj
 0003:0000072c       $SG21263                   0043172c     auddemo.obj
 0003:00000760       $SG21259                   00431760     auddemo.obj
 0003:000007a0       $SG21260                   004317a0     auddemo.obj
 0003:000007e4       $SG21261                   004317e4     auddemo.obj
 0003:00000814       $SG21262                   00431814     auddemo.obj
 0003:00000844       $SG21270                   00431844     auddemo.obj
 0003:00000874       $SG21273                   00431874     auddemo.obj
 0003:00000888       $SG21264                   00431888     auddemo.obj
 0003:000008cc       $SG21265                   004318cc     auddemo.obj
 0003:0000090c       $SG21271                   0043190c     auddemo.obj
 0003:0000092c       $SG21314                   0043192c     auddemo.obj
 0003:00000948       $SG21266                   00431948     auddemo.obj
 0003:0000098c       $SG21321                   0043198c     auddemo.obj
 0003:00000990       $SG21267                   00431990     auddemo.obj
 0003:000009e0       $SG21268                   004319e0     auddemo.obj
 0003:00000a24       $SG21322                   00431a24     auddemo.obj
 0003:00000a40       $SG21269                   00431a40     auddemo.obj
 0003:00000a88       $SG21318                   00431a88     auddemo.obj
 0003:00000aa8       $SG21324                   00431aa8     auddemo.obj
 0003:00000ab8       $SG21326                   00431ab8     auddemo.obj
 0003:00000ad8       $SG21329                   00431ad8     auddemo.obj
 0003:00000af4       $SG21332                   00431af4     auddemo.obj
 0003:00000b0c       $SG21337                   00431b0c     auddemo.obj
 0003:00000b30       $SG21344                   00431b30     auddemo.obj
 0003:00000b60       $SG21346                   00431b60     auddemo.obj
 0003:00000b68       $SG21351                   00431b68     auddemo.obj
 0003:00000b88       $SG21353                   00431b88     auddemo.obj
 0003:00000b90       $SG21358                   00431b90     auddemo.obj
 0003:00000bb0       $SG21362                   00431bb0     auddemo.obj
 0003:00000bb8       $SG21363                   00431bb8     auddemo.obj
 0003:00000be8       $SG21364                   00431be8     auddemo.obj
 0003:00000c18       $SG21369                   00431c18     auddemo.obj
 0003:00000c30       $SG21370                   00431c30     auddemo.obj
 0003:00000c48       _cap_infos                 00431c48     pjmedia-audiodev-i386-win32-vc8-release-static:audiodev.obj
 0003:00000cb8       _factory_op                00431cb8     pjmedia-audiodev-i386-win32-vc8-release-static:wmme_dev.obj
 0003:00000cd4       _stream_op                 00431cd4     pjmedia-audiodev-i386-win32-vc8-release-static:wmme_dev.obj
 0003:00000cec       _thread_tls_id             00431cec     pjlib-i386-win32-vc8-release-static:os_core_win32.obj
 0003:00000cf0       _pool_sizes                00431cf0     pjlib-i386-win32-vc8-release-static:pool_caching.obj
 0003:00000d30       _thread_suspended_tls_id   00431d30     pjlib-i386-win32-vc8-release-static:log.obj
 0003:00000d34       _thread_indent_tls_id      00431d34     pjlib-i386-win32-vc8-release-static:log.obj
 0003:00000d38       _pj_log_max_level          00431d38     pjlib-i386-win32-vc8-release-static:log.obj
 0003:00000d3c       _log_writer                00431d3c     pjlib-i386-win32-vc8-release-static:log.obj
 0003:00000d40       _log_decor                 00431d40     pjlib-i386-win32-vc8-release-static:log.obj
 0003:00000d44       _PJ_LOG_COLOR_0            00431d44     pjlib-i386-win32-vc8-release-static:log.obj
 0003:00000d48       _PJ_LOG_COLOR_1            00431d48     pjlib-i386-win32-vc8-release-static:log.obj
 0003:00000d4c       _PJ_LOG_COLOR_2            00431d4c     pjlib-i386-win32-vc8-release-static:log.obj
 0003:00000d50       _PJ_LOG_COLOR_3            00431d50     pjlib-i386-win32-vc8-release-static:log.obj
 0003:00000d54       _PJ_LOG_COLOR_4            00431d54     pjlib-i386-win32-vc8-release-static:log.obj
 0003:00000d58       _PJ_LOG_COLOR_5            00431d58     pjlib-i386-win32-vc8-release-static:log.obj
 0003:00000d5c       _PJ_LOG_COLOR_6            00431d5c     pjlib-i386-win32-vc8-release-static:log.obj
 0003:00000d60       _PJ_LOG_COLOR_77           00431d60     pjlib-i386-win32-vc8-release-static:log.obj
 0003:00000d64       ?ltexts@?2??pj_log@@9@9    00431d64     pjlib-i386-win32-vc8-release-static:log.obj
 0003:00000d80       ?wdays@?3??pj_log@@9@9     00431d80     pjlib-i386-win32-vc8-release-static:log.obj
 0003:00000dac       ?hex@?1??hex2digit@@9@9    00431dac     pjlib-i386-win32-vc8-release-static:guid_win32.obj
 0003:00000dbc       _thread_local_id           00431dbc     pjlib-i386-win32-vc8-release-static:except.obj
 0003:00000dc4       _id                        00431dc4     pjlib-i386-win32-vc8-release-static:config.obj
 0003:00000dc8       _null_lock_template        00431dc8     pjlib-i386-win32-vc8-release-static:lock.obj
 0003:00000ddc       _sem_lock_template         00431ddc     pjlib-i386-win32-vc8-release-static:lock.obj
 0003:00000df0       _mutex_lock_template       00431df0     pjlib-i386-win32-vc8-release-static:lock.obj
 0003:00000e04       _tls                       00431e04     pjlib-i386-win32-vc8-release-static:pool_buf.obj
 0003:00000e50       ?__vcrt_flsindex@@3KA      00431e50     libvcruntime:per_thread_data.obj
 0003:00000f24       _errno_no_memory           00431f24     libucrt:errno.obj
 0003:00000f28       _doserrno_no_memory        00431f28     libucrt:errno.obj
 0003:00000f60       ___acrt_flsindex           00431f60     libucrt:per_thread_data.obj
 0003:00001030       ___rgctypeflag             00432030     libucrt:mbctype.obj
 0003:00001038       ___rgcode_page_info        00432038     libucrt:mbctype.obj
 0003:000015b4       ?__DAZ_ENABLED@?1??__set_fpsr_sse2@@9@9 004325b4     libucrt:fpctrl.obj
 0003:000016d0       $SG21252                   004326d0     auddemo.obj
 0003:000016d1       $SG21272                   004326d1     auddemo.obj
 0003:000016d2       $SG21365                   004326d2     auddemo.obj
 0003:000016d4       _dev_count                 004326d4     auddemo.obj
 0003:000016d8       ?text@?1??decode_caps@@9@9 004326d8     auddemo.obj
 0003:000017a0       _aud_subsys                004327a0     pjmedia-audiodev-i386-win32-vc8-release-static:audiodev.obj
 0003:00001c70       ?name@?1??get_fmt_name@@9@9 00432c70     pjmedia-audiodev-i386-win32-vc8-release-static:wmme_dev.obj
 0003:00001c78       ?rec_cnt@?1??wmme_dev_thread@@9@9 00432c78     pjmedia-audiodev-i386-win32-vc8-release-static:wmme_dev.obj
 0003:00001c7c       ?play_cnt@?1??wmme_dev_thread@@9@9 00432c7c     pjmedia-audiodev-i386-win32-vc8-release-static:wmme_dev.obj
 0003:00001c80       _initialized               00432c80     pjlib-i386-win32-vc8-release-static:os_core_win32.obj
 0003:00001c84       _atexit_count              00432c84     pjlib-i386-win32-vc8-release-static:os_core_win32.obj
 0003:00001c88       _main_thread               00432c88     pjlib-i386-win32-vc8-release-static:os_core_win32.obj
 0003:00001d88       _critical_section_mutex    00432d88     pjlib-i386-win32-vc8-release-static:os_core_win32.obj
 0003:00001dc0       _atexit_func               00432dc0     pjlib-i386-win32-vc8-release-static:os_core_win32.obj
 0003:00001e40       _err_msg_hnd_cnt           00432e40     pjlib-i386-win32-vc8-release-static:errno.obj
 0003:00001e48       _err_msg_hnd               00432e48     pjlib-i386-win32-vc8-release-static:errno.obj
 0003:00001ec0       _g_last_thread             00432ec0     pjlib-i386-win32-vc8-release-static:log.obj
 0003:00001ec8       _exception_id_names        00432ec8     pjlib-i386-win32-vc8-release-static:except.obj
 0003:00001f08       ?unknown_name@?1??pj_exception_id_name@@9@9 00432f08     pjlib-i386-win32-vc8-release-static:except.obj
 0003:00001f28       _stack_based_factory       00432f28     pjlib-i386-win32-vc8-release-static:pool_buf.obj
 0003:00001f4c       _is_initialized            00432f4c     pjlib-i386-win32-vc8-release-static:pool_buf.obj
 0003:00001f50       _base_time                 00432f50     pjlib-i386-win32-vc8-release-static:os_time_win32.obj
 0003:00001f58       ?buf@?1??pj_gethostname@@9@9 00432f58     pjlib-i386-win32-vc8-release-static:sock_bsd.obj
 0003:00001fd8       ?hostname@?1??pj_gethostname@@9@9 00432fd8     pjlib-i386-win32-vc8-release-static:sock_bsd.obj
 0003:00001fe0       _GS_ExceptionRecord        00432fe0     LIBCMT:gs_report.obj
 0003:00002030       _GS_ContextRecord          00433030     LIBCMT:gs_report.obj
 0003:00002304       ?module_local_atexit_table@@3U_onexit_table_t@@A 00433304     LIBCMT:utility.obj
 0003:00002310       ?module_local_at_quick_exit_table@@3U_onexit_table_t@@A 00433310     LIBCMT:utility.obj
 0003:0000231c       ?is_initialized_as_dll@@3_NA 0043331c     LIBCMT:utility.obj
 0003:00002334       ?__vcrt_startup_thread_ptd@@3U__vcrt_ptd@@A 00433334     libvcruntime:per_thread_data.obj
 0003:0000235c       ___vcrt_lock_table         0043335c     libvcruntime:locks.obj
 0003:00002374       ___vcrt_locks_initialized  00433374     libvcruntime:locks.obj
 0003:00002378       ?module_handles@@3PAPAUHINSTANCE__@@A 00433378     libvcruntime:winapi_downlevel.obj
 0003:00002388       ?encoded_function_pointers@@3PAPAXA 00433388     libvcruntime:winapi_downlevel.obj
 0003:000023d8       ?heap@@3V_HeapManager@@A   004333d8     libvcruntime:undname.obj
 0003:000023f8       ___acrt_app_type           004333f8     libucrt:report_runtime_error.obj
 0003:000023fc       _user_matherr              004333fc     libucrt:matherr.obj
 0003:00002400       ?program_name@?5???$common_configure_argv@D@@YAHW4_crt_argv_mode@@@Z@4PADA 00433400     libucrt:argv_parsing.obj
 0003:00002518       _c_termination_complete    00433518     libucrt:exit.obj
 0003:0000251c       _thread_local_exit_callback_func 0043351c     libucrt:exit.obj
 0003:00002520       ?c_exit_complete@?5??common_exit@@YAXHW4_crt_exit_cleanup_mode@@W4_crt_exit_return_mode@@@Z@4_NA 00433520     libucrt:exit.obj
 0003:00002540       ___acrt_global_new_mode    00433540     libucrt:new_mode.obj
 0003:00002560       ___acrt_invalid_parameter_handler 00433560     libucrt:invalid_parameter.obj
 0003:00002568       _module_handles            00433568     libucrt:winapi_thunks.obj
 0003:000025b8       _encoded_function_pointers 004335b8     libucrt:winapi_thunks.obj
 0003:00002638       ?state_cache@?1??__acrt_is_packaged_app@@9@4JA 00433638     libucrt:winapi_thunks.obj
 0003:00002848       ___acrt_lock_table         00433848     libucrt:locks.obj
 0003:00002980       ___acrt_locks_initialized  00433980     libucrt:locks.obj
 0003:0000298c       _enable_percent_n          0043398c     libucrt:printf_count_output.obj
 0003:000029ac       _fSystemSet                004339ac     libucrt:mbctype.obj
 0003:000029b0       ?initialized@?1??__acrt_initialize_multibyte@@9@4_NA 004339b0     libucrt:mbctype.obj
 0003:000029c4       ___acrt_new_handler        004339c4     libucrt:new_handler.obj
 0003:000029c8       _ctrlc_action              004339c8     libucrt:signal.obj
 0003:000029cc       _ctrlbreak_action          004339cc     libucrt:signal.obj
 0003:000029d0       _abort_action              004339d0     libucrt:signal.obj
 0003:000029d4       _term_action               004339d4     libucrt:signal.obj
 0003:000029dc       __pmatherr_set             004339dc     libucrt:libm_error.obj
 0004:00000000       __guard_fids____dcrt_uninitialize_environments_nolock 00434000     libucrt:environment_initialization.obj
 0004:00000008       __guard_fids__             00434008     libucrt:initialization.obj
 0004:00000068       __guard_fids__             00434068     libucrt:stdio_initializer.obj
 0004:0000006c       __guard_fids__             0043406c     libucrt:stdio_initializer.obj
 0004:00000070       __guard_fids____acrt_initialize_ptd 00434070     libucrt:per_thread_data.obj
 0004:00000074       __guard_fids_??$expand_argument_wildcards@D@@YAHQAD0AAV?$argument_list@D@?A0xb0e4b824@@@Z 00434074     libucrt:argv_wildcards.obj
 0004:00000078       __guard_fids__             00434078     libucrt:locale_initializer.obj
 0004:0000007c       __guard_fids__             0043407c     libucrt:multibyte_initializer.obj
 0004:00000080       __guard_fids__             00434080     libucrt:console_output_initializer.obj
 0004:00000084       __guard_fids____libm_error_support 00434084     libucrt:libm_error.obj
 0004:00000088       __guard_fids__             00434088     libucrt:sse2_initializer.obj
 0004:0000008c       __guard_fids__             0043408c     LIBCMT:exe_main.obj
 0004:00000090       __guard_fids__             00434090     LIBCMT:exe_main.obj
 0004:00000094       __guard_fids__             00434094     LIBCMT:exe_main.obj
 0004:00000098       __guard_fids_?pre_c_initialization@@YAHXZ 00434098     LIBCMT:exe_main.obj
 0004:000000a0       __guard_fids____scrt_set_unhandled_exception_filter 004340a0     LIBCMT:utility_desktop.obj
 0004:000000a4       __guard_fids__             004340a4     LIBCMT:guard_support.obj
 0004:000000a8       __guard_fids____vcrt_initialize_ptd 004340a8     libvcruntime:per_thread_data.obj
