 clidemo

 Timestamp is 597acef5 (Fri Jul 28 13:43:17 2017)

 Preferred load address is 00400000

 Start         Length     Name                   Class
 0001:00000000 0001f087H .text$mn                CODE
 0002:00000000 000001bcH .idata$5                DATA
 0002:000001bc 00000004H .00cfg                  DATA
 0002:000001c0 00000004H .CRT$XCA                DATA
 0002:000001c4 00000004H .CRT$XCAA               DATA
 0002:000001c8 00000004H .CRT$XCZ                DATA
 0002:000001cc 00000004H .CRT$XIA                DATA
 0002:000001d0 00000004H .CRT$XIAA               DATA
 0002:000001d4 00000004H .CRT$XIAC               DATA
 0002:000001d8 0000000cH .CRT$XIC                DATA
 0002:000001e4 00000004H .CRT$XIZ                DATA
 0002:000001e8 00000004H .CRT$XPA                DATA
 0002:000001ec 00000008H .CRT$XPX                DATA
 0002:000001f4 00000004H .CRT$XPXA               DATA
 0002:000001f8 00000004H .CRT$XPZ                DATA
 0002:000001fc 00000004H .CRT$XTA                DATA
 0002:00000200 00000010H .CRT$XTZ                DATA
 0002:00000210 00007c30H .rdata                  DATA
 0002:00007e3c 00000000H .rdata$r                DATA
 0002:00007e40 0000000cH .rdata$sxdata           DATA
 0002:00007e4c 000002a4H .rdata$zzzdbg           DATA
 0002:000080f0 00000004H .rtc$IAA                DATA
 0002:000080f4 00000004H .rtc$IZZ                DATA
 0002:000080f8 00000004H .rtc$TAA                DATA
 0002:000080fc 00000004H .rtc$TZZ                DATA
 0002:00008100 0000048cH .xdata$x                DATA
 0002:0000858c 00000000H .edata                  DATA
 0002:0000858c 0000003cH .idata$2                DATA
 0002:000085c8 00000014H .idata$3                DATA
 0002:000085dc 000001bcH .idata$4                DATA
 0002:00008798 00000656H .idata$6                DATA
 0003:00000000 00000fe0H .data                   DATA
 0003:00000fe0 00000000H .data$r                 DATA
 0003:00000fe0 00000db4H .bss                    DATA
 0004:00000000 0000008cH .gfids$x                DATA
 0004:0000008c 00000020H .gfids$y                DATA

  Address         Publics by Value              Rva+Base       Lib:Object

 0000:00000000       __except_list              00000000     <absolute>
 0000:00000000       ___guard_longjmp_count     00000000     <absolute>
 0000:00000000       ___guard_fids_count        00000000     <absolute>
 0000:00000000       ___guard_longjmp_table     00000000     <absolute>
 0000:00000000       ___guard_iat_table         00000000     <absolute>
 0000:00000000       ___guard_iat_count         00000000     <absolute>
 0000:00000000       ___guard_fids_table        00000000     <absolute>
 0000:00000000       ___dynamic_value_reloc_table 00000000     <absolute>
 0000:00000003       ___safe_se_handler_count   00000003     <absolute>
 0000:00000100       ___guard_flags             00000100     <absolute>
 0000:00000000       ___ImageBase               00400000     <linker-defined>
 0001:00000000       _app_main                  00401000 f   clidemo.obj
 0001:00000260       _main                      00401260 f   clidemo.obj
 0001:000003c0       ___local_stdio_printf_options 004013c0 f i pjlib-util-i386-win32-vc8-release-static:errno.obj
 0001:000003d0       __snprintf                 004013d0 f i pjlib-util-i386-win32-vc8-release-static:errno.obj
 0001:00000410       _pjlib_util_init           00401410 f   pjlib-util-i386-win32-vc8-release-static:errno.obj
 0001:00000430       _pjlib_util_strerror       00401430 f   pjlib-util-i386-win32-vc8-release-static:errno.obj
 0001:000019a0       _pj_cli_add_cmd_from_xml   004029a0 f   pjlib-util-i386-win32-vc8-release-static:cli.obj
 0001:00001a60       _pj_cli_cfg_default        00402a60 f   pjlib-util-i386-win32-vc8-release-static:cli.obj
 0001:00001a90       _pj_cli_create             00402a90 f   pjlib-util-i386-win32-vc8-release-static:cli.obj
 0001:00001bb0       _pj_cli_destroy            00402bb0 f   pjlib-util-i386-win32-vc8-release-static:cli.obj
 0001:00001c20       _pj_cli_get_param          00402c20 f   pjlib-util-i386-win32-vc8-release-static:cli.obj
 0001:00001c40       _pj_cli_is_quitting        00402c40 f   pjlib-util-i386-win32-vc8-release-static:cli.obj
 0001:00001c60       _pj_cli_quit               00402c60 f   pjlib-util-i386-win32-vc8-release-static:cli.obj
 0001:00001cc0       _pj_cli_register_front_end 00402cc0 f   pjlib-util-i386-win32-vc8-release-static:cli.obj
 0001:00001cd0       _pj_cli_sess_end_session   00402cd0 f   pjlib-util-i386-win32-vc8-release-static:cli.obj
 0001:00001cf0       _pj_cli_sess_exec          00402cf0 f   pjlib-util-i386-win32-vc8-release-static:cli.obj
 0001:00001e00       _pj_cli_sess_parse         00402e00 f   pjlib-util-i386-win32-vc8-release-static:cli.obj
 0001:000021b0       _pj_cli_write_log          004031b0 f   pjlib-util-i386-win32-vc8-release-static:cli.obj
 0001:000021f0       _sprintf                   004031f0 f i pjlib-util-i386-win32-vc8-release-static:cli.obj
 0001:00002520       _pj_cli_console_cfg_default 00403520 f   pjlib-util-i386-win32-vc8-release-static:cli_console.obj
 0001:00002540       _pj_cli_console_create     00403540 f   pjlib-util-i386-win32-vc8-release-static:cli_console.obj
 0001:00002700       _pj_cli_console_process    00403700 f   pjlib-util-i386-win32-vc8-release-static:cli_console.obj
 0001:00002770       _printf                    00403770 f i pjlib-util-i386-win32-vc8-release-static:cli_console.obj
 0001:00003730       _pj_cli_telnet_cfg_default 00404730 f   pjlib-util-i386-win32-vc8-release-static:cli_telnet.obj
 0001:00003760       _pj_cli_telnet_create      00404760 f   pjlib-util-i386-win32-vc8-release-static:cli_telnet.obj
 0001:00005330       _pj_scan_advance_n         00406330 f   pjlib-util-i386-win32-vc8-release-static:scanner.obj
 0001:00005370       _pj_scan_fini              00406370 f   pjlib-util-i386-win32-vc8-release-static:scanner.obj
 0001:00005390       _pj_scan_get_char          00406390 f   pjlib-util-i386-win32-vc8-release-static:scanner.obj
 0001:000053d0       _pj_scan_get_quotes        004063d0 f   pjlib-util-i386-win32-vc8-release-static:scanner.obj
 0001:00005490       _pj_scan_get_until_ch      00406490 f   pjlib-util-i386-win32-vc8-release-static:scanner.obj
 0001:000054f0       _pj_scan_get_until_chr     004064f0 f   pjlib-util-i386-win32-vc8-release-static:scanner.obj
 0001:00005570       _pj_scan_init              00406570 f   pjlib-util-i386-win32-vc8-release-static:scanner.obj
 0001:000055c0       _pj_scan_skip_whitespace   004065c0 f   pjlib-util-i386-win32-vc8-release-static:scanner.obj
 0001:000056a0       _pj_scan_strcmp            004066a0 f   pjlib-util-i386-win32-vc8-release-static:scanner.obj
 0001:000056f0       _pj_xml_parse              004066f0 f   pjlib-util-i386-win32-vc8-release-static:xml.obj
 0001:00005b10       _pj_atexit                 00406b10 f   pjlib-i386-win32-vc8-release-static:os_core_win32.obj
 0001:00005b40       _pj_atomic_dec_and_get     00406b40 f   pjlib-i386-win32-vc8-release-static:os_core_win32.obj
 0001:00005b90       _pj_atomic_destroy         00406b90 f   pjlib-i386-win32-vc8-release-static:os_core_win32.obj
 0001:00005bb0       _pj_atomic_inc             00406bb0 f   pjlib-i386-win32-vc8-release-static:os_core_win32.obj
 0001:00005c00       _pj_enter_critical_section 00406c00 f   pjlib-i386-win32-vc8-release-static:os_core_win32.obj
 0001:00005c10       _pj_init                   00406c10 f   pjlib-i386-win32-vc8-release-static:os_core_win32.obj
 0001:00005d50       _pj_leave_critical_section 00406d50 f   pjlib-i386-win32-vc8-release-static:os_core_win32.obj
 0001:00005da0       _pj_mutex_create           00406da0 f   pjlib-i386-win32-vc8-release-static:os_core_win32.obj
 0001:00005df0       _pj_mutex_create_recursive 00406df0 f   pjlib-i386-win32-vc8-release-static:os_core_win32.obj
 0001:00005df0       _pj_mutex_create_simple    00406df0 f   pjlib-i386-win32-vc8-release-static:os_core_win32.obj
 0001:00005e40       _pj_mutex_destroy          00406e40 f   pjlib-i386-win32-vc8-release-static:os_core_win32.obj
 0001:00005ea0       _pj_mutex_lock             00406ea0 f   pjlib-i386-win32-vc8-release-static:os_core_win32.obj
 0001:00005f10       _pj_mutex_trylock          00406f10 f   pjlib-i386-win32-vc8-release-static:os_core_win32.obj
 0001:00005f90       _pj_mutex_unlock           00406f90 f   pjlib-i386-win32-vc8-release-static:os_core_win32.obj
 0001:00005ff0       _pj_sem_create             00406ff0 f   pjlib-i386-win32-vc8-release-static:os_core_win32.obj
 0001:00006100       _pj_sem_destroy            00407100 f   pjlib-i386-win32-vc8-release-static:os_core_win32.obj
 0001:00006190       _pj_sem_post               00407190 f   pjlib-i386-win32-vc8-release-static:os_core_win32.obj
 0001:00006220       _pj_sem_trywait            00407220 f   pjlib-i386-win32-vc8-release-static:os_core_win32.obj
 0001:00006280       _pj_sem_wait               00407280 f   pjlib-i386-win32-vc8-release-static:os_core_win32.obj
 0001:00006390       _pj_shutdown               00407390 f   pjlib-i386-win32-vc8-release-static:os_core_win32.obj
 0001:000064d0       _pj_term_set_color         004074d0 f   pjlib-i386-win32-vc8-release-static:os_core_win32.obj
 0001:000065a0       _pj_thread_check_stack     004075a0 f   pjlib-i386-win32-vc8-release-static:os_core_win32.obj
 0001:000065e0       _pj_thread_create          004075e0 f   pjlib-i386-win32-vc8-release-static:os_core_win32.obj
 0001:00006720       _pj_thread_destroy         00407720 f   pjlib-i386-win32-vc8-release-static:os_core_win32.obj
 0001:000067b0       _pj_thread_get_name        004077b0 f   pjlib-i386-win32-vc8-release-static:os_core_win32.obj
 0001:00006800       _pj_thread_init            00407800 f   pjlib-i386-win32-vc8-release-static:os_core_win32.obj
 0001:00006860       _pj_thread_join            00407860 f   pjlib-i386-win32-vc8-release-static:os_core_win32.obj
 0001:00006920       _pj_thread_local_alloc     00407920 f   pjlib-i386-win32-vc8-release-static:os_core_win32.obj
 0001:00006970       _pj_thread_local_free      00407970 f   pjlib-i386-win32-vc8-release-static:os_core_win32.obj
 0001:000069c0       _pj_thread_local_get       004079c0 f   pjlib-i386-win32-vc8-release-static:os_core_win32.obj
 0001:000069d0       _pj_thread_local_set       004079d0 f   pjlib-i386-win32-vc8-release-static:os_core_win32.obj
 0001:00006a10       _pj_thread_register        00407a10 f   pjlib-i386-win32-vc8-release-static:os_core_win32.obj
 0001:00006ad0       _pj_thread_sleep           00407ad0 f   pjlib-i386-win32-vc8-release-static:os_core_win32.obj
 0001:00006b20       _pj_thread_this            00407b20 f   pjlib-i386-win32-vc8-release-static:os_core_win32.obj
 0001:00006bd0       _pj_errno_clear_handlers   00407bd0 f   pjlib-i386-win32-vc8-release-static:errno.obj
 0001:00006bf0       _pj_perror_1               00407bf0 f   pjlib-i386-win32-vc8-release-static:errno.obj
 0001:00006cb0       _pj_register_strerror      00407cb0 f   pjlib-i386-win32-vc8-release-static:errno.obj
 0001:00006d90       _pj_strerror               00407d90 f   pjlib-i386-win32-vc8-release-static:errno.obj
 0001:00006f20       _pj_log                    00407f20 f   pjlib-i386-win32-vc8-release-static:log.obj
 0001:00007420       _pj_log_1                  00408420 f   pjlib-i386-win32-vc8-release-static:log.obj
 0001:00007440       _pj_log_3                  00408440 f   pjlib-i386-win32-vc8-release-static:log.obj
 0001:00007460       _pj_log_4                  00408460 f   pjlib-i386-win32-vc8-release-static:log.obj
 0001:00007480       _pj_log_5                  00408480 f   pjlib-i386-win32-vc8-release-static:log.obj
 0001:000074a0       _pj_log_get_color          004084a0 f   pjlib-i386-win32-vc8-release-static:log.obj
 0001:00007510       _pj_log_get_decor          00408510 f   pjlib-i386-win32-vc8-release-static:log.obj
 0001:00007520       _pj_log_get_level          00408520 f   pjlib-i386-win32-vc8-release-static:log.obj
 0001:00007530       _pj_log_init               00408530 f   pjlib-i386-win32-vc8-release-static:log.obj
 0001:000075a0       _pj_log_set_decor          004085a0 f   pjlib-i386-win32-vc8-release-static:log.obj
 0001:000075b0       _pj_log_set_log_func       004085b0 f   pjlib-i386-win32-vc8-release-static:log.obj
 0001:00007630       _pj_str                    00408630 f   pjlib-i386-win32-vc8-release-static:string.obj
 0001:00007650       _pj_strassign              00408650 f   pjlib-i386-win32-vc8-release-static:string.obj
 0001:00007670       _pj_strcat                 00408670 f   pjlib-i386-win32-vc8-release-static:string.obj
 0001:000076a0       _pj_strcat2                004086a0 f   pjlib-i386-win32-vc8-release-static:string.obj
 0001:000076e0       _pj_strcmp                 004086e0 f   pjlib-i386-win32-vc8-release-static:string.obj
 0001:00007740       _pj_strcmp2                00408740 f   pjlib-i386-win32-vc8-release-static:string.obj
 0001:000077b0       _pj_strcpy                 004087b0 f   pjlib-i386-win32-vc8-release-static:string.obj
 0001:000077e0       _pj_strdup                 004087e0 f   pjlib-i386-win32-vc8-release-static:string.obj
 0001:00007820       _pj_strdup2                00408820 f   pjlib-i386-win32-vc8-release-static:string.obj
 0001:00007880       _pj_stricmp                00408880 f   pjlib-i386-win32-vc8-release-static:string.obj
 0001:000078f0       _pj_stricmp2               004088f0 f   pjlib-i386-win32-vc8-release-static:string.obj
 0001:00007950       _pj_strltrim               00408950 f   pjlib-i386-win32-vc8-release-static:string.obj
 0001:00007990       _pj_strncmp                00408990 f   pjlib-i386-win32-vc8-release-static:string.obj
 0001:00007a20       _pj_strncpy_with_null      00408a20 f   pjlib-i386-win32-vc8-release-static:string.obj
 0001:00007a60       _pj_strrtrim               00408a60 f   pjlib-i386-win32-vc8-release-static:string.obj
 0001:00007aa0       _pj_strtol                 00408aa0 f   pjlib-i386-win32-vc8-release-static:string.obj
 0001:00007b00       _pj_strtoul                00408b00 f   pjlib-i386-win32-vc8-release-static:string.obj
 0001:00007b60       _pj_strtrim                00408b60 f   pjlib-i386-win32-vc8-release-static:string.obj
 0001:00007bd0       _pj_utoa                   00408bd0 f   pjlib-i386-win32-vc8-release-static:string.obj
 0001:00007bf0       _pj_utoa_pad               00408bf0 f   pjlib-i386-win32-vc8-release-static:string.obj
 0001:00008010       _pj_caching_pool_destroy   00409010 f   pjlib-i386-win32-vc8-release-static:pool_caching.obj
 0001:000080f0       _pj_caching_pool_init      004090f0 f   pjlib-i386-win32-vc8-release-static:pool_caching.obj
 0001:000081b0       _pj_list_erase             004091b0 f   pjlib-i386-win32-vc8-release-static:list.obj
 0001:000081d0       _pj_list_insert_after      004091d0 f   pjlib-i386-win32-vc8-release-static:list.obj
 0001:000081f0       _pj_list_insert_before     004091f0 f   pjlib-i386-win32-vc8-release-static:list.obj
 0001:00008210       _pj_list_insert_nodes_after 00409210 f   pjlib-i386-win32-vc8-release-static:list.obj
 0001:00008230       _pj_list_search            00409230 f   pjlib-i386-win32-vc8-release-static:list.obj
 0001:00008270       _pj_list_size              00409270 f   pjlib-i386-win32-vc8-release-static:list.obj
 0001:000082d0       _pj_exception_id_alloc     004092d0 f   pjlib-i386-win32-vc8-release-static:except.obj
 0001:00008320       _pj_exception_id_free      00409320 f   pjlib-i386-win32-vc8-release-static:except.obj
 0001:00008360       _pj_pop_exception_handler_ 00409360 f   pjlib-i386-win32-vc8-release-static:except.obj
 0001:00008390       _pj_push_exception_handler_ 00409390 f   pjlib-i386-win32-vc8-release-static:except.obj
 0001:000083e0       _pj_throw_exception_       004093e0 f   pjlib-i386-win32-vc8-release-static:except.obj
 0001:000086a0       _pj_hash_create            004096a0 f   pjlib-i386-win32-vc8-release-static:hash.obj
 0001:000086f0       _pj_hash_first             004096f0 f   pjlib-i386-win32-vc8-release-static:hash.obj
 0001:00008730       _pj_hash_get               00409730 f   pjlib-i386-win32-vc8-release-static:hash.obj
 0001:00008760       _pj_hash_next              00409760 f   pjlib-i386-win32-vc8-release-static:hash.obj
 0001:000087b0       _pj_hash_set               004097b0 f   pjlib-i386-win32-vc8-release-static:hash.obj
 0001:00008810       _pj_hash_this              00409810 f   pjlib-i386-win32-vc8-release-static:hash.obj
 0001:00008830       _pj_pool_alloc             00409830 f   pjlib-i386-win32-vc8-release-static:pool.obj
 0001:00008880       _pj_pool_allocate_find     00409880 f   pjlib-i386-win32-vc8-release-static:pool.obj
 0001:00008960       _pj_pool_calloc            00409960 f   pjlib-i386-win32-vc8-release-static:pool.obj
 0001:000089c0       _pj_pool_create            004099c0 f   pjlib-i386-win32-vc8-release-static:pool.obj
 0001:00008a50       _pj_pool_create_int        00409a50 f   pjlib-i386-win32-vc8-release-static:pool.obj
 0001:00008b00       _pj_pool_destroy_int       00409b00 f   pjlib-i386-win32-vc8-release-static:pool.obj
 0001:00008b40       _pj_pool_get_capacity      00409b40 f   pjlib-i386-win32-vc8-release-static:pool.obj
 0001:00008b50       _pj_pool_get_used_size     00409b50 f   pjlib-i386-win32-vc8-release-static:pool.obj
 0001:00008b80       _pj_pool_getobjname        00409b80 f   pjlib-i386-win32-vc8-release-static:pool.obj
 0001:00008b90       _pj_pool_init_int          00409b90 f   pjlib-i386-win32-vc8-release-static:pool.obj
 0001:00008c00       _pj_pool_release           00409c00 f   pjlib-i386-win32-vc8-release-static:pool.obj
 0001:00008c20       _pj_pool_reset             00409c20 f   pjlib-i386-win32-vc8-release-static:pool.obj
 0001:00008d70       ?ioqueue_dispatch_exception_event@@YAXPAUpj_ioqueue_t@@PAUpj_ioqueue_key_t@@@Z 00409d70 f   pjlib-i386-win32-vc8-release-static:ioqueue_select.obj
 0001:00008ea0       ?ioqueue_dispatch_read_event@@YAXPAUpj_ioqueue_t@@PAUpj_ioqueue_key_t@@@Z 00409ea0 f   pjlib-i386-win32-vc8-release-static:ioqueue_select.obj
 0001:000090c0       ?ioqueue_dispatch_write_event@@YAXPAUpj_ioqueue_t@@PAUpj_ioqueue_key_t@@@Z 0040a0c0 f   pjlib-i386-win32-vc8-release-static:ioqueue_select.obj
 0001:000094c0       _pj_ioqueue_accept         0040a4c0 f   pjlib-i386-win32-vc8-release-static:ioqueue_select.obj
 0001:00009610       _pj_ioqueue_create         0040a610 f   pjlib-i386-win32-vc8-release-static:ioqueue_select.obj
 0001:000097b0       _pj_ioqueue_destroy        0040a7b0 f   pjlib-i386-win32-vc8-release-static:ioqueue_select.obj
 0001:00009870       _pj_ioqueue_get_user_data  0040a870 f   pjlib-i386-win32-vc8-release-static:ioqueue_select.obj
 0001:00009890       _pj_ioqueue_lock_key       0040a890 f   pjlib-i386-win32-vc8-release-static:ioqueue_select.obj
 0001:000098c0       _pj_ioqueue_op_key_init    0040a8c0 f   pjlib-i386-win32-vc8-release-static:ioqueue_select.obj
 0001:000098e0       _pj_ioqueue_poll           0040a8e0 f   pjlib-i386-win32-vc8-release-static:ioqueue_select.obj
 0001:00009c10       _pj_ioqueue_recv           0040ac10 f   pjlib-i386-win32-vc8-release-static:ioqueue_select.obj
 0001:00009d30       _pj_ioqueue_recvfrom       0040ad30 f   pjlib-i386-win32-vc8-release-static:ioqueue_select.obj
 0001:00009e60       _pj_ioqueue_register_sock2 0040ae60 f   pjlib-i386-win32-vc8-release-static:ioqueue_select.obj
 0001:00009f80       _pj_ioqueue_send           0040af80 f   pjlib-i386-win32-vc8-release-static:ioqueue_select.obj
 0001:0000a120       _pj_ioqueue_set_concurrency 0040b120 f   pjlib-i386-win32-vc8-release-static:ioqueue_select.obj
 0001:0000a140       _pj_ioqueue_set_lock       0040b140 f   pjlib-i386-win32-vc8-release-static:ioqueue_select.obj
 0001:0000a180       _pj_ioqueue_unlock_key     0040b180 f   pjlib-i386-win32-vc8-release-static:ioqueue_select.obj
 0001:0000a1b0       _pj_ioqueue_unregister     0040b1b0 f   pjlib-i386-win32-vc8-release-static:ioqueue_select.obj
 0001:0000a290       _pj_gethostname            0040b290 f   pjlib-i386-win32-vc8-release-static:sock_bsd.obj
 0001:0000a310       _pj_htons                  0040b310 f   pjlib-i386-win32-vc8-release-static:sock_bsd.obj
 0001:0000a320       _pj_inet_aton              0040b320 f   pjlib-i386-win32-vc8-release-static:sock_bsd.obj
 0001:0000a3b0       _pj_ntohl                  0040b3b0 f   pjlib-i386-win32-vc8-release-static:sock_bsd.obj
 0001:0000a3c0       _pj_ntohs                  0040b3c0 f   pjlib-i386-win32-vc8-release-static:sock_bsd.obj
 0001:0000a3d0       _pj_sock_accept            0040b3d0 f   pjlib-i386-win32-vc8-release-static:sock_bsd.obj
 0001:0000a440       _pj_sock_bind              0040b440 f   pjlib-i386-win32-vc8-release-static:sock_bsd.obj
 0001:0000a4b0       _pj_sock_close             0040b4b0 f   pjlib-i386-win32-vc8-release-static:sock_bsd.obj
 0001:0000a500       _pj_sock_getsockname       0040b500 f   pjlib-i386-win32-vc8-release-static:sock_bsd.obj
 0001:0000a560       _pj_sock_getsockopt        0040b560 f   pjlib-i386-win32-vc8-release-static:sock_bsd.obj
 0001:0000a5d0       _pj_sock_listen            0040b5d0 f   pjlib-i386-win32-vc8-release-static:sock_bsd.obj
 0001:0000a620       _pj_sock_recv              0040b620 f   pjlib-i386-win32-vc8-release-static:sock_bsd.obj
 0001:0000a690       _pj_sock_recvfrom          0040b690 f   pjlib-i386-win32-vc8-release-static:sock_bsd.obj
 0001:0000a700       _pj_sock_send              0040b700 f   pjlib-i386-win32-vc8-release-static:sock_bsd.obj
 0001:0000a770       _pj_sock_sendto            0040b770 f   pjlib-i386-win32-vc8-release-static:sock_bsd.obj
 0001:0000a7e0       _pj_sock_setsockopt        0040b7e0 f   pjlib-i386-win32-vc8-release-static:sock_bsd.obj
 0001:0000a860       _pj_sock_socket            0040b860 f   pjlib-i386-win32-vc8-release-static:sock_bsd.obj
 0001:0000a910       _pj_sockaddr_in_get_port   0040b910 f   pjlib-i386-win32-vc8-release-static:sock_common.obj
 0001:0000a930       _pj_sockaddr_in_init       0040b930 f   pjlib-i386-win32-vc8-release-static:sock_common.obj
 0001:0000a980       _pj_sockaddr_in_set_str_addr 0040b980 f   pjlib-i386-win32-vc8-release-static:sock_common.obj
 0001:0000ae30       _pj_activesock_close       0040be30 f   pjlib-i386-win32-vc8-release-static:activesock.obj
 0001:0000ae70       _pj_activesock_create      0040be70 f   pjlib-i386-win32-vc8-release-static:activesock.obj
 0001:0000aff0       _pj_activesock_get_user_data 0040bff0 f   pjlib-i386-win32-vc8-release-static:activesock.obj
 0001:0000b010       _pj_activesock_send        0040c010 f   pjlib-i386-win32-vc8-release-static:activesock.obj
 0001:0000b0e0       _pj_activesock_start_accept 0040c0e0 f   pjlib-i386-win32-vc8-release-static:activesock.obj
 0001:0000b1b0       _pj_activesock_start_read  0040c1b0 f   pjlib-i386-win32-vc8-release-static:activesock.obj
 0001:0000b320       _pj_get_timestamp          0040c320 f   pjlib-i386-win32-vc8-release-static:os_timestamp_win32.obj
 0001:0000b380       _pj_get_timestamp_freq     0040c380 f   pjlib-i386-win32-vc8-release-static:os_timestamp_win32.obj
 0001:0000b460       _pj_generate_unique_string 0040c460 f   pjlib-i386-win32-vc8-release-static:guid_win32.obj
 0001:0000b4b0       _pj_get_netos_error        0040c4b0 f   pjlib-i386-win32-vc8-release-static:os_error_win32.obj
 0001:0000b4d0       _platform_strerror         0040c4d0 f   pjlib-i386-win32-vc8-release-static:os_error_win32.obj
 0001:0000b5b0       _pj_log_write              0040c5b0 f   pjlib-i386-win32-vc8-release-static:log_writer_stdout.obj
 0001:0000b610       _pj_gettimeofday           0040c610 f   pjlib-i386-win32-vc8-release-static:os_time_win32.obj
 0001:0000b6c0       _pj_time_decode            0040c6c0 f   pjlib-i386-win32-vc8-release-static:os_time_win32.obj
 0001:0000b970       _pj_grp_lock_acquire       0040c970 f   pjlib-i386-win32-vc8-release-static:lock.obj
 0001:0000b980       _pj_grp_lock_add_ref       0040c980 f   pjlib-i386-win32-vc8-release-static:lock.obj
 0001:0000b9a0       _pj_grp_lock_dec_ref       0040c9a0 f   pjlib-i386-win32-vc8-release-static:lock.obj
 0001:0000b9d0       _pj_grp_lock_release       0040c9d0 f   pjlib-i386-win32-vc8-release-static:lock.obj
 0001:0000b9e0       _pj_lock_acquire           0040c9e0 f   pjlib-i386-win32-vc8-release-static:lock.obj
 0001:0000ba00       _pj_lock_create_null_mutex 0040ca00 f   pjlib-i386-win32-vc8-release-static:lock.obj
 0001:0000ba20       _pj_lock_create_recursive_mutex 0040ca20 f   pjlib-i386-win32-vc8-release-static:lock.obj
 0001:0000ba40       _pj_lock_create_simple_mutex 0040ca40 f   pjlib-i386-win32-vc8-release-static:lock.obj
 0001:0000ba60       _pj_lock_destroy           0040ca60 f   pjlib-i386-win32-vc8-release-static:lock.obj
 0001:0000ba80       _pj_lock_release           0040ca80 f   pjlib-i386-win32-vc8-release-static:lock.obj
 0001:0000baa0       _pj_pool_create_on_buf     0040caa0 f   pjlib-i386-win32-vc8-release-static:pool_buf.obj
 0001:0000bc70       _pj_time_val_normalize     0040cc70 f   pjlib-i386-win32-vc8-release-static:types.obj
 0001:0000bd00       _pj_elapsed_time           0040cd00 f   pjlib-i386-win32-vc8-release-static:os_timestamp_common.obj
 0001:0000bdb0       _pj_gettickcount           0040cdb0 f   pjlib-i386-win32-vc8-release-static:os_timestamp_common.obj
 0001:0000bdf0       _PJ_FD_CLR                 0040cdf0 f   pjlib-i386-win32-vc8-release-static:sock_select.obj
 0001:0000be70       _PJ_FD_COUNT               0040ce70 f   pjlib-i386-win32-vc8-release-static:sock_select.obj
 0001:0000be80       _PJ_FD_ISSET               0040ce80 f   pjlib-i386-win32-vc8-release-static:sock_select.obj
 0001:0000beb0       _PJ_FD_SET                 0040ceb0 f   pjlib-i386-win32-vc8-release-static:sock_select.obj
 0001:0000bf20       _PJ_FD_ZERO                0040cf20 f   pjlib-i386-win32-vc8-release-static:sock_select.obj
 0001:0000bf50       _pj_sock_select            0040cf50 f   pjlib-i386-win32-vc8-release-static:sock_select.obj
 0001:0000bfc0       _pj_gethostbyname          0040cfc0 f   pjlib-i386-win32-vc8-release-static:addr_resolv_sock.obj
 0001:0000c07c       ___WSAFDIsSet@8            0040d07c f   ws2_32:WS2_32.dll
 0001:0000c082       @__security_check_cookie@4 0040d082 f   LIBCMT:_secchk_.obj
 0001:0000c2c0       _mainCRTStartup            0040d2c0 f   LIBCMT:exe_main.obj
 0001:0000c2ca       ___raise_securityfailure   0040d2ca f   LIBCMT:gs_report.obj
 0001:0000c2f2       ___report_gsfailure        0040d2f2 f   LIBCMT:gs_report.obj
 0001:0000c3ed       ___report_rangecheckfailure 0040d3ed f   LIBCMT:gs_report.obj
 0001:0000c3f9       ___report_securityfailure  0040d3f9 f   LIBCMT:gs_report.obj
 0001:0000c4d0       __alldiv                   0040d4d0 f   LIBCMT:lldiv.obj
 0001:0000c580       __allmul                   0040d580 f   LIBCMT:llmul.obj
 0001:0000c5c0       __ftoui3                   0040d5c0 f   LIBCMT:_ftol3_.obj
 0001:0000c5cf       __ftoul3                   0040d5cf f   LIBCMT:_ftol3_.obj
 0001:0000c5de       __ftol3                    0040d5de f   LIBCMT:_ftol3_.obj
 0001:0000c5eb       __ftol3_NaN                0040d5eb f   LIBCMT:_ftol3_.obj
 0001:0000c603       __ftol3_work               0040d603 f   LIBCMT:_ftol3_.obj
 0001:0000c689       __ftol3_common             0040d689 f   LIBCMT:_ftol3_.obj
 0001:0000c74b       __ftol3_arg_error          0040d74b f   LIBCMT:_ftol3_.obj
 0001:0000c75d       __ftol3_except             0040d75d f   LIBCMT:_ftol3_.obj
 0001:0000c7a1       __dtoui3                   0040d7a1 f   LIBCMT:_ftol3_.obj
 0001:0000c7b0       __dtoul3                   0040d7b0 f   LIBCMT:_ftol3_.obj
 0001:0000c7bf       __dtol3                    0040d7bf f   LIBCMT:_ftol3_.obj
 0001:0000c7cc       __dtol3_NaN                0040d7cc f   LIBCMT:_ftol3_.obj
 0001:0000c7e9       __dtol3_work               0040d7e9 f   LIBCMT:_ftol3_.obj
 0001:0000c8d0       __ultod3                   0040d8d0 f   LIBCMT:_ftol3_.obj
 0001:0000c910       __ltod3                    0040d910 f   LIBCMT:_ftol3_.obj
 0001:0000c937       ??$__crt_fast_encode_pointer@PAX@@YAPAXQAX@Z 0040d937 f i libvcruntime:winapi_downlevel.obj
 0001:0000c937       ??$__crt_fast_encode_pointer@PAP6AXXZ@@YAPAP6AXXZQAP6AXXZ@Z 0040d937 f i LIBCMT:utility.obj
 0001:0000c998       ___scrt_acquire_startup_lock 0040d998 f   LIBCMT:utility.obj
 0001:0000c9cd       ___scrt_initialize_crt     0040d9cd f   LIBCMT:utility.obj
 0001:0000ca06       ___scrt_initialize_onexit_tables 0040da06 f   LIBCMT:utility.obj
 0001:0000ca9d       ___scrt_is_nonwritable_in_current_image 0040da9d f   LIBCMT:utility.obj
 0001:0000cb27       ___scrt_release_startup_lock 0040db27 f   LIBCMT:utility.obj
 0001:0000cb44       ___scrt_uninitialize_crt   0040db44 f   LIBCMT:utility.obj
 0001:0000cb6c       __onexit                   0040db6c f   LIBCMT:utility.obj
 0001:0000cba7       _atexit                    0040dba7 f   LIBCMT:utility.obj
 0001:0000cbbc       ___security_init_cookie    0040dbbc f   LIBCMT:gs_support.obj
 0001:0000cc58       __get_startup_argv_mode    0040dc58 f   LIBCMT:argv_mode.obj
 0001:0000cc5c       __get_startup_file_mode    0040dc5c f   LIBCMT:file_mode.obj
 0001:0000cc62       ?__scrt_initialize_type_info@@YAXXZ 0040dc62 f   LIBCMT:tncleanup.obj
 0001:0000cc6e       __initialize_default_precision 0040dc6e f   LIBCMT:default_precision.obj
 0001:0000cc8f       ___local_stdio_scanf_options 0040dc8f f i LIBCMT:default_local_stdio_options.obj
 0001:0000cc95       ___scrt_initialize_default_local_stdio_options 0040dc95 f   LIBCMT:default_local_stdio_options.obj
 0001:0000ccb2       ___scrt_is_user_matherr_present 0040dcb2 f   LIBCMT:matherr_detection.obj
 0001:0000ccbe       ___scrt_get_dyn_tls_init_callback 0040dcbe f   LIBCMT:dyn_tls_init.obj
 0001:0000ccc4       ___scrt_get_dyn_tls_dtor_callback 0040dcc4 f   LIBCMT:dyn_tls_dtor.obj
 0001:0000ccca       ___scrt_fastfail           0040dcca f   LIBCMT:utility_desktop.obj
 0001:0000cdf0       __matherr                  0040ddf0 f   LIBCMT:matherr.obj
 0001:0000cdf0       __get_startup_commit_mode  0040ddf0 f   LIBCMT:commit_mode.obj
 0001:0000cdf0       __get_startup_new_mode     0040ddf0 f   LIBCMT:new_mode.obj
 0001:0000cdf0       __get_startup_thread_locale_mode 0040ddf0 f   LIBCMT:thread_locale.obj
 0001:0000cdf0       ___scrt_initialize_winrt   0040ddf0 f   LIBCMT:utility_desktop.obj
 0001:0000cdf3       ___scrt_is_managed_app     0040ddf3 f   LIBCMT:utility_desktop.obj
 0001:0000ce37       ___scrt_set_unhandled_exception_filter 0040de37 f   LIBCMT:utility_desktop.obj
 0001:0000ce43       ___scrt_unhandled_exception_filter@4 0040de43 f   LIBCMT:utility_desktop.obj
 0001:0000ce84       __crt_debugger_hook        0040de84 f   LIBCMT:utility_desktop.obj
 0001:0000ce8c       __RTC_Initialize           0040de8c f   LIBCMT:_initsect_.obj
 0001:0000ceb7       __RTC_Terminate            0040deb7 f   LIBCMT:_initsect_.obj
 0001:0000cee2       @_guard_check_icall@4      0040dee2 f i LIBCMT:checkcfg.obj
 0001:0000cef0       __SEH_prolog4              0040def0 f   LIBCMT:_sehprolg4_.obj
 0001:0000cf36       __SEH_epilog4              0040df36 f   LIBCMT:_sehprolg4_.obj
 0001:0000cf4b       ___isa_available_init      0040df4b f   LIBCMT:_cpu_disp_.obj
 0001:0000d0e5       ___scrt_is_ucrt_dll_in_use 0040e0e5 f   LIBCMT:ucrt_detection.obj
 0001:0000d0f2       _IsProcessorFeaturePresent@4 0040e0f2 f   kernel32:KERNEL32.dll
 0001:0000d100       __setjmp3                  0040e100 f   libvcruntime:_setjmp3_.obj
 0001:0000d180       _memcpy                    0040e180 f   libvcruntime:memcpy.obj
 0001:0000d700       _memset                    0040e700 f   libvcruntime:memset.obj
 0001:0000d860       _memmove                   0040e860 f   libvcruntime:memmove.obj
 0001:0000dde0       _memchr                    0040ede0 f   libvcruntime:memchr.obj
 0001:0000de90       _strchr                    0040ee90 f   libvcruntime:strchr.obj
 0001:0000defe       ___from_strstr_to_strchr   0040eefe     libvcruntime:strchr.obj
 0001:0000dfbb       _longjmp                   0040efbb f   libvcruntime:longjmpc.obj
 0001:0000e010       __except_handler4          0040f010 f   libvcruntime:_chandler4_.obj
 0001:0000e176       ___vcrt_initialize         0040f176 f   libvcruntime:initialization.obj
 0001:0000e19f       ___vcrt_uninitialize       0040f19f f   libvcruntime:initialization.obj
 0001:0000e1c0       __global_unwind2           0040f1c0 f   libvcruntime:_exsup_.obj
 0001:0000e225       __local_unwind2            0040f225 f   libvcruntime:_exsup_.obj
 0001:0000e2a9       __abnormal_termination     0040f2a9 f   libvcruntime:_exsup_.obj
 0001:0000e2cc       __NLG_Notify1              0040f2cc f   libvcruntime:_exsup_.obj
 0001:0000e2d5       __NLG_Notify               0040f2d5 f   libvcruntime:_exsup_.obj
 0001:0000e2ec       __NLG_Dispatch             0040f2ec     libvcruntime:_exsup_.obj
 0001:0000e2ec       __NLG_Dispatch2            0040f2ec     libvcruntime:_exsup_.obj
 0001:0000e2f4       __NLG_Call                 0040f2f4 f   libvcruntime:_exsup_.obj
 0001:0000e2f6       __NLG_Return2              0040f2f6     libvcruntime:_exsup_.obj
 0001:0000e300       ___longjmp_internal        0040f300 f   libvcruntime:_longjmp_.obj
 0001:0000e3b1       __initialize_denormal_control 0040f3b1 f   LIBCMT:denormal_control.obj
 0001:0000e3b1       ___except_validate_jump_buffer 0040f3b1 f   libvcruntime:jbcxrval.obj
 0001:0000e3b1       ___except_validate_context_record 0040f3b1 f   libvcruntime:jbcxrval.obj
 0001:0000e3b1       __initialize_invalid_parameter_handler 0040f3b1 f   LIBCMT:invalid_parameter_handler.obj
 0001:0000e3b1       @_guard_check_icall_nop@4  0040f3b1 f   LIBCMT:guard_support.obj
 0001:0000e3c0       __local_unwind4            0040f3c0 f   libvcruntime:_exsup4_.obj
 0001:0000e496       __seh_longjmp_unwind4@4    0040f496 f   libvcruntime:_exsup4_.obj
 0001:0000e4be       @_EH4_CallFilterFunc@8     0040f4be f   libvcruntime:_exsup4_.obj
 0001:0000e4d5       @_EH4_TransferToHandler@8  0040f4d5 f   libvcruntime:_exsup4_.obj
 0001:0000e4ee       @_EH4_GlobalUnwind2@8      0040f4ee f   libvcruntime:_exsup4_.obj
 0001:0000e507       @_EH4_LocalUnwind@16       0040f507 f   libvcruntime:_exsup4_.obj
 0001:0000e51e       ___vcrt_freefls@4          0040f51e f   libvcruntime:per_thread_data.obj
 0001:0000e53a       ___vcrt_initialize_ptd     0040f53a f   libvcruntime:per_thread_data.obj
 0001:0000e56d       ___vcrt_uninitialize_ptd   0040f56d f   libvcruntime:per_thread_data.obj
 0001:0000e588       ___vcrt_initialize_locks   0040f588 f   libvcruntime:locks.obj
 0001:0000e5c4       ___vcrt_uninitialize_locks 0040f5c4 f   libvcruntime:locks.obj
 0001:0000e714       ___vcrt_FlsAlloc           0040f714 f   libvcruntime:winapi_downlevel.obj
 0001:0000e74e       ___vcrt_FlsFree            0040f74e f   libvcruntime:winapi_downlevel.obj
 0001:0000e788       ___vcrt_FlsSetValue        0040f788 f   libvcruntime:winapi_downlevel.obj
 0001:0000e7c5       ___vcrt_InitializeCriticalSectionEx 0040f7c5 f   libvcruntime:winapi_downlevel.obj
 0001:0000e80b       ___vcrt_initialize_winapi_thunks 0040f80b f   libvcruntime:winapi_downlevel.obj
 0001:0000e845       ___vcrt_uninitialize_winapi_thunks 0040f845 f   libvcruntime:winapi_downlevel.obj
 0001:0000e877       ___vcrt_initialize_pure_virtual_call_handler 0040f877 f   libvcruntime:purevirt_data.obj
 0001:0000e894       __rt_probe_read4@4         0040f894 f   libvcruntime:_sehsupp_.obj
 0001:0000e8d8       ??$?RV<lambda_db08b09ef7aa9d4f8620ce68402612bc>@@AAV<lambda_4f2c1eaeead2a5fc776db5b62ea0fb9b>@@V<lambda_3ae262bc35d4ba6a3825c4f6bcaaf95c>@@@?$__crt_seh_guarded_call@H@@QAEH$$QAV<lambda_db08b09ef7aa9d4f8620ce68402612bc>@@AAV<lambda_4f2c1eaeead2a5fc776db5b62ea0fb9b>@@$$QAV<lambda_3ae262bc35d4ba6a3825c4f6bcaaf95c>@@@Z 0040f8d8 f i libucrt:output.obj
 0001:0000e929       ??$__acrt_lock_stream_and_call@V<lambda_4f2c1eaeead2a5fc776db5b62ea0fb9b>@@@@YAHQAU_iobuf@@$$QAV<lambda_4f2c1eaeead2a5fc776db5b62ea0fb9b>@@@Z 0040f929 f i libucrt:output.obj
 0001:0000eacd       ??$count@D@formatting_buffer@__crt_stdio_output@@QBEIXZ 0040facd f i libucrt:output.obj
 0001:0000eae5       ??$ensure_buffer_is_big_enough@D@formatting_buffer@__crt_stdio_output@@QAE_NI@Z 0040fae5 f i libucrt:output.obj
 0001:0000eb6b       ??$is_wide_character_specifier@D@__crt_stdio_output@@YA_N_KDW4length_modifier@0@@Z 0040fb6b f i libucrt:output.obj
 0001:0000ebab       ??$scratch_data@D@formatting_buffer@__crt_stdio_output@@QAEPADXZ 0040fbab f i libucrt:output.obj
 0001:0000ebc9       ??$type_case_integer_parse_into_buffer@I@?$output_processor@DV?$stream_output_adapter@D@__crt_stdio_output@@V?$standard_base@DV?$stream_output_adapter@D@__crt_stdio_output@@@2@@__crt_stdio_output@@AAEXII_N@Z 0040fbc9 f i libucrt:output.obj
 0001:0000ebc9       ??$type_case_integer_parse_into_buffer@I@?$output_processor@DV?$string_output_adapter@D@__crt_stdio_output@@V?$standard_base@DV?$string_output_adapter@D@__crt_stdio_output@@@2@@__crt_stdio_output@@AAEXII_N@Z 0040fbc9 f i libucrt:output.obj
 0001:0000ec3e       ??$type_case_integer_parse_into_buffer@_K@?$output_processor@DV?$stream_output_adapter@D@__crt_stdio_output@@V?$standard_base@DV?$stream_output_adapter@D@__crt_stdio_output@@@2@@__crt_stdio_output@@AAEX_KI_N@Z 0040fc3e f i libucrt:output.obj
 0001:0000ec3e       ??$type_case_integer_parse_into_buffer@_K@?$output_processor@DV?$string_output_adapter@D@__crt_stdio_output@@V?$standard_base@DV?$string_output_adapter@D@__crt_stdio_output@@@2@@__crt_stdio_output@@AAEX_KI_N@Z 0040fc3e f i libucrt:output.obj
 0001:0000ecc6       ??$write_multiple_characters@V?$stream_output_adapter@D@__crt_stdio_output@@D@__crt_stdio_output@@YAXABV?$stream_output_adapter@D@0@DHQAH@Z 0040fcc6 f i libucrt:output.obj
 0001:0000ecf2       ??$write_multiple_characters@V?$string_output_adapter@D@__crt_stdio_output@@D@__crt_stdio_output@@YAXABV?$string_output_adapter@D@0@DHQAH@Z 0040fcf2 f i libucrt:output.obj
 0001:0000ed1e       ??0?$common_data@D@__crt_stdio_output@@IAE@XZ 0040fd1e f i libucrt:output.obj
 0001:0000ed65       ??0?$output_adapter_data@DV?$string_output_adapter@D@__crt_stdio_output@@@__crt_stdio_output@@IAE@ABV?$string_output_adapter@D@1@_KQBDQAU__crt_locale_pointers@@QAD@Z 0040fd65 f i libucrt:output.obj
 0001:0000ed65       ??0?$output_adapter_data@DV?$stream_output_adapter@D@__crt_stdio_output@@@__crt_stdio_output@@IAE@ABV?$stream_output_adapter@D@1@_KQBDQAU__crt_locale_pointers@@QAD@Z 0040fd65 f i libucrt:output.obj
 0001:0000eda1       ??0?$output_processor@DV?$string_output_adapter@D@__crt_stdio_output@@V?$standard_base@DV?$string_output_adapter@D@__crt_stdio_output@@@2@@__crt_stdio_output@@QAE@ABV?$string_output_adapter@D@1@_KQBDQAU__crt_locale_pointers@@QAD@Z 0040fda1 f i libucrt:output.obj
 0001:0000eda1       ??0?$output_processor@DV?$stream_output_adapter@D@__crt_stdio_output@@V?$standard_base@DV?$stream_output_adapter@D@__crt_stdio_output@@@2@@__crt_stdio_output@@QAE@ABV?$stream_output_adapter@D@1@_KQBDQAU__crt_locale_pointers@@QAD@Z 0040fda1 f i libucrt:output.obj
 0001:0000edd6       ??0_LocaleUpdate@@QAE@QAU__crt_locale_pointers@@@Z 0040fdd6 f i libucrt:output.obj
 0001:0000ee59       ??1formatting_buffer@__crt_stdio_output@@QAE@XZ 0040fe59 f i libucrt:output.obj
 0001:0000ee73       ??4?$__crt_unique_heap_ptr@DU__crt_internal_free_policy@@@@QAEAAV0@$$QAV0@@Z 0040fe73 f i libucrt:output.obj
 0001:0000ef54       ?crop_zeroes@__crt_stdio_output@@YAXPADQAU__crt_locale_pointers@@@Z 0040ff54 f i libucrt:output.obj
 0001:0000efab       ?find_next_state@?$output_processor@DV?$string_output_adapter@D@__crt_stdio_output@@V?$standard_base@DV?$string_output_adapter@D@__crt_stdio_output@@@2@@__crt_stdio_output@@ABE?AW4state@2@DW432@@Z 0040ffab f i libucrt:output.obj
 0001:0000efab       ?find_next_state@?$output_processor@DV?$stream_output_adapter@D@__crt_stdio_output@@V?$standard_base@DV?$stream_output_adapter@D@__crt_stdio_output@@@2@@__crt_stdio_output@@ABE?AW4state@2@DW432@@Z 0040ffab f i libucrt:output.obj
 0001:0000efdd       ?force_decimal_point@__crt_stdio_output@@YAXPADQAU__crt_locale_pointers@@@Z 0040ffdd f i libucrt:output.obj
 0001:0000f039       ?parse_int_from_format_string@?$output_processor@DV?$string_output_adapter@D@__crt_stdio_output@@V?$standard_base@DV?$string_output_adapter@D@__crt_stdio_output@@@2@@__crt_stdio_output@@AAE_NQAH@Z 00410039 f i libucrt:output.obj
 0001:0000f039       ?parse_int_from_format_string@?$output_processor@DV?$stream_output_adapter@D@__crt_stdio_output@@V?$standard_base@DV?$stream_output_adapter@D@__crt_stdio_output@@@2@@__crt_stdio_output@@AAE_NQAH@Z 00410039 f i libucrt:output.obj
 0001:0000f095       ?process@?$output_processor@DV?$stream_output_adapter@D@__crt_stdio_output@@V?$standard_base@DV?$stream_output_adapter@D@__crt_stdio_output@@@2@@__crt_stdio_output@@QAEHXZ 00410095 f i libucrt:output.obj
 0001:0000f1b1       ?process@?$output_processor@DV?$string_output_adapter@D@__crt_stdio_output@@V?$standard_base@DV?$string_output_adapter@D@__crt_stdio_output@@@2@@__crt_stdio_output@@QAEHXZ 004101b1 f i libucrt:output.obj
 0001:0000f2cd       ?state_case_flag@?$output_processor@DV?$string_output_adapter@D@__crt_stdio_output@@V?$standard_base@DV?$string_output_adapter@D@__crt_stdio_output@@@2@@__crt_stdio_output@@AAE_NXZ 004102cd f i libucrt:output.obj
 0001:0000f2cd       ?state_case_flag@?$output_processor@DV?$stream_output_adapter@D@__crt_stdio_output@@V?$standard_base@DV?$stream_output_adapter@D@__crt_stdio_output@@@2@@__crt_stdio_output@@AAE_NXZ 004102cd f i libucrt:output.obj
 0001:0000f30a       ?state_case_normal@?$output_processor@DV?$stream_output_adapter@D@__crt_stdio_output@@V?$standard_base@DV?$stream_output_adapter@D@__crt_stdio_output@@@2@@__crt_stdio_output@@AAE_NXZ 0041030a f i libucrt:output.obj
 0001:0000f329       ?state_case_normal@?$output_processor@DV?$string_output_adapter@D@__crt_stdio_output@@V?$standard_base@DV?$string_output_adapter@D@__crt_stdio_output@@@2@@__crt_stdio_output@@AAE_NXZ 00410329 f i libucrt:output.obj
 0001:0000f348       ?state_case_normal_common@?$output_processor@DV?$stream_output_adapter@D@__crt_stdio_output@@V?$standard_base@DV?$stream_output_adapter@D@__crt_stdio_output@@@2@@__crt_stdio_output@@AAE_NXZ 00410348 f i libucrt:output.obj
 0001:0000f372       ?state_case_normal_common@?$output_processor@DV?$string_output_adapter@D@__crt_stdio_output@@V?$standard_base@DV?$string_output_adapter@D@__crt_stdio_output@@@2@@__crt_stdio_output@@AAE_NXZ 00410372 f i libucrt:output.obj
 0001:0000f39c       ?state_case_normal_tchar@?$output_processor@DV?$stream_output_adapter@D@__crt_stdio_output@@V?$standard_base@DV?$stream_output_adapter@D@__crt_stdio_output@@@2@@__crt_stdio_output@@AAE_ND@Z 0041039c f i libucrt:output.obj
 0001:0000f3fd       ?state_case_normal_tchar@?$output_processor@DV?$string_output_adapter@D@__crt_stdio_output@@V?$standard_base@DV?$string_output_adapter@D@__crt_stdio_output@@@2@@__crt_stdio_output@@AAE_ND@Z 004103fd f i libucrt:output.obj
 0001:0000f45e       ?state_case_precision@?$output_processor@DV?$stream_output_adapter@D@__crt_stdio_output@@V?$standard_base@DV?$stream_output_adapter@D@__crt_stdio_output@@@2@@__crt_stdio_output@@AAE_NXZ 0041045e f i libucrt:output.obj
 0001:0000f45e       ?state_case_precision@?$output_processor@DV?$string_output_adapter@D@__crt_stdio_output@@V?$standard_base@DV?$string_output_adapter@D@__crt_stdio_output@@@2@@__crt_stdio_output@@AAE_NXZ 0041045e f i libucrt:output.obj
 0001:0000f486       ?state_case_size@?$output_processor@DV?$stream_output_adapter@D@__crt_stdio_output@@V?$standard_base@DV?$stream_output_adapter@D@__crt_stdio_output@@@2@@__crt_stdio_output@@AAE_NXZ 00410486 f i libucrt:output.obj
 0001:0000f5ef       ?state_case_size@?$output_processor@DV?$string_output_adapter@D@__crt_stdio_output@@V?$standard_base@DV?$string_output_adapter@D@__crt_stdio_output@@@2@@__crt_stdio_output@@AAE_NXZ 004105ef f i libucrt:output.obj
 0001:0000f758       ?state_case_type@?$output_processor@DV?$stream_output_adapter@D@__crt_stdio_output@@V?$standard_base@DV?$stream_output_adapter@D@__crt_stdio_output@@@2@@__crt_stdio_output@@AAE_NXZ 00410758 f i libucrt:output.obj
 0001:0000f987       ?state_case_type@?$output_processor@DV?$string_output_adapter@D@__crt_stdio_output@@V?$standard_base@DV?$string_output_adapter@D@__crt_stdio_output@@@2@@__crt_stdio_output@@AAE_NXZ 00410987 f i libucrt:output.obj
 0001:0000fbb6       ?state_case_width@?$output_processor@DV?$string_output_adapter@D@__crt_stdio_output@@V?$standard_base@DV?$string_output_adapter@D@__crt_stdio_output@@@2@@__crt_stdio_output@@AAE_NXZ 00410bb6 f i libucrt:output.obj
 0001:0000fbb6       ?state_case_width@?$output_processor@DV?$stream_output_adapter@D@__crt_stdio_output@@V?$standard_base@DV?$stream_output_adapter@D@__crt_stdio_output@@@2@@__crt_stdio_output@@AAE_NXZ 00410bb6 f i libucrt:output.obj
 0001:0000fbe1       ?to_integer_size@__crt_stdio_output@@YAIW4length_modifier@1@@Z 00410be1 f i libucrt:output.obj
 0001:0000fc3d       ?type_case_Z@?$output_processor@DV?$stream_output_adapter@D@__crt_stdio_output@@V?$standard_base@DV?$stream_output_adapter@D@__crt_stdio_output@@@2@@__crt_stdio_output@@AAE_NXZ 00410c3d f i libucrt:output.obj
 0001:0000fc3d       ?type_case_Z@?$output_processor@DV?$string_output_adapter@D@__crt_stdio_output@@V?$standard_base@DV?$string_output_adapter@D@__crt_stdio_output@@@2@@__crt_stdio_output@@AAE_NXZ 00410c3d f i libucrt:output.obj
 0001:0000fca0       ?type_case_a@?$output_processor@DV?$stream_output_adapter@D@__crt_stdio_output@@V?$standard_base@DV?$stream_output_adapter@D@__crt_stdio_output@@@2@@__crt_stdio_output@@AAE_NXZ 00410ca0 f i libucrt:output.obj
 0001:0000fca0       ?type_case_a@?$output_processor@DV?$string_output_adapter@D@__crt_stdio_output@@V?$standard_base@DV?$string_output_adapter@D@__crt_stdio_output@@@2@@__crt_stdio_output@@AAE_NXZ 00410ca0 f i libucrt:output.obj
 0001:0000fdfa       ?type_case_c_tchar@?$output_processor@DV?$string_output_adapter@D@__crt_stdio_output@@V?$standard_base@DV?$string_output_adapter@D@__crt_stdio_output@@@2@@__crt_stdio_output@@AAE_ND@Z 00410dfa f i libucrt:output.obj
 0001:0000fdfa       ?type_case_c_tchar@?$output_processor@DV?$stream_output_adapter@D@__crt_stdio_output@@V?$standard_base@DV?$stream_output_adapter@D@__crt_stdio_output@@@2@@__crt_stdio_output@@AAE_ND@Z 00410dfa f i libucrt:output.obj
 0001:0000fe8a       ?type_case_integer@?$output_processor@DV?$string_output_adapter@D@__crt_stdio_output@@V?$standard_base@DV?$string_output_adapter@D@__crt_stdio_output@@@2@@__crt_stdio_output@@AAE_NI_N@Z 00410e8a f i libucrt:output.obj
 0001:0000fe8a       ?type_case_integer@?$output_processor@DV?$stream_output_adapter@D@__crt_stdio_output@@V?$standard_base@DV?$stream_output_adapter@D@__crt_stdio_output@@@2@@__crt_stdio_output@@AAE_NI_N@Z 00410e8a f i libucrt:output.obj
 0001:0000ffd4       ?type_case_n@?$output_processor@DV?$stream_output_adapter@D@__crt_stdio_output@@V?$standard_base@DV?$stream_output_adapter@D@__crt_stdio_output@@@2@@__crt_stdio_output@@AAE_NXZ 00410fd4 f i libucrt:output.obj
 0001:0000ffd4       ?type_case_n@?$output_processor@DV?$string_output_adapter@D@__crt_stdio_output@@V?$standard_base@DV?$string_output_adapter@D@__crt_stdio_output@@@2@@__crt_stdio_output@@AAE_NXZ 00410fd4 f i libucrt:output.obj
 0001:00010048       ?type_case_o@?$output_processor@DV?$string_output_adapter@D@__crt_stdio_output@@V?$standard_base@DV?$string_output_adapter@D@__crt_stdio_output@@@2@@__crt_stdio_output@@AAE_NXZ 00411048 f i libucrt:output.obj
 0001:00010048       ?type_case_o@?$output_processor@DV?$stream_output_adapter@D@__crt_stdio_output@@V?$standard_base@DV?$stream_output_adapter@D@__crt_stdio_output@@@2@@__crt_stdio_output@@AAE_NXZ 00411048 f i libucrt:output.obj
 0001:00010067       ?type_case_p@?$output_processor@DV?$stream_output_adapter@D@__crt_stdio_output@@V?$standard_base@DV?$stream_output_adapter@D@__crt_stdio_output@@@2@@__crt_stdio_output@@AAE_NXZ 00411067 f i libucrt:output.obj
 0001:00010067       ?type_case_p@?$output_processor@DV?$string_output_adapter@D@__crt_stdio_output@@V?$standard_base@DV?$string_output_adapter@D@__crt_stdio_output@@@2@@__crt_stdio_output@@AAE_NXZ 00411067 f i libucrt:output.obj
 0001:0001007f       ?type_case_s@?$output_processor@DV?$string_output_adapter@D@__crt_stdio_output@@V?$standard_base@DV?$string_output_adapter@D@__crt_stdio_output@@@2@@__crt_stdio_output@@AAE_NXZ 0041107f f i libucrt:output.obj
 0001:0001007f       ?type_case_s@?$output_processor@DV?$stream_output_adapter@D@__crt_stdio_output@@V?$standard_base@DV?$stream_output_adapter@D@__crt_stdio_output@@@2@@__crt_stdio_output@@AAE_NXZ 0041107f f i libucrt:output.obj
 0001:000100f2       ?validate@?$stream_output_adapter@D@__crt_stdio_output@@QBE_NXZ 004110f2 f i libucrt:output.obj
 0001:00010113       ?validate_stream_is_ansi_if_required@?$__acrt_stdio_char_traits@D@@SA_NQAU_iobuf@@@Z 00411113 f i libucrt:output.obj
 0001:00010195       ?write_character@?$stream_output_adapter@D@__crt_stdio_output@@QBEXDQAH@Z 00411195 f i libucrt:output.obj
 0001:000101d2       ?write_character@?$string_output_adapter@D@__crt_stdio_output@@QBE_NDQAH@Z 004111d2 f i libucrt:output.obj
 0001:00010214       ?write_stored_string_tchar@?$output_processor@DV?$stream_output_adapter@D@__crt_stdio_output@@V?$standard_base@DV?$stream_output_adapter@D@__crt_stdio_output@@@2@@__crt_stdio_output@@AAE_ND@Z 00411214 f i libucrt:output.obj
 0001:000102bb       ?write_stored_string_tchar@?$output_processor@DV?$string_output_adapter@D@__crt_stdio_output@@V?$standard_base@DV?$string_output_adapter@D@__crt_stdio_output@@@2@@__crt_stdio_output@@AAE_ND@Z 004112bb f i libucrt:output.obj
 0001:00010362       ?write_string@?$stream_output_adapter@D@__crt_stdio_output@@QBEXQBDHQAH1@Z 00411362 f i libucrt:output.obj
 0001:000103ec       ?write_string@?$string_output_adapter@D@__crt_stdio_output@@QBEXQBDHQAH1@Z 004113ec f i libucrt:output.obj
 0001:0001047f       ___stdio_common_vfprintf   0041147f f   libucrt:output.obj
 0001:000104f6       ___stdio_common_vsprintf   004114f6 f   libucrt:output.obj
 0001:0001051a       ___acrt_initialize_stdio   0041151a f   libucrt:_file.obj
 0001:000105e2       ___acrt_iob_func           004115e2 f   libucrt:_file.obj
 0001:000105f2       ___acrt_uninitialize_stdio 004115f2 f   libucrt:_file.obj
 0001:0001063e       __lock_file                0041163e f   libucrt:_file.obj
 0001:00010652       __unlock_file              00411652 f   libucrt:_file.obj
 0001:0001072b       _fgets                     0041172b f   libucrt:fgets.obj
 0001:00010848       _freopen                   00411848 f   libucrt:freopen.obj
 0001:00010870       ??$?RV<lambda_1fb4243d5e107ad4daf16ff362ca4a34>@@AAV<lambda_55f9cbce55698c0319f95c01c080475b>@@V<lambda_d740392b9cecdfa14abfd902a66ab607>@@@?$__crt_seh_guarded_call@H@@QAEH$$QAV<lambda_1fb4243d5e107ad4daf16ff362ca4a34>@@AAV<lambda_55f9cbce55698c0319f95c01c080475b>@@$$QAV<lambda_d740392b9cecdfa14abfd902a66ab607>@@@Z 00411870 f i libucrt:puts.obj
 0001:000108c1       ??$__acrt_lock_stream_and_call@V<lambda_55f9cbce55698c0319f95c01c080475b>@@@@YAHQAU_iobuf@@$$QAV<lambda_55f9cbce55698c0319f95c01c080475b>@@@Z 004118c1 f i libucrt:puts.obj
 0001:0001094b       _puts                      0041194b f   libucrt:puts.obj
 0001:00010a30       _strncpy                   00411a30 f   libucrt:strncpy.obj
 0001:00010b54       __chvalidchk_l             00411b54 f i libucrt:_ctype.obj
 0001:00010b7e       __ischartype_l             00411b7e f i libucrt:_ctype.obj
 0001:00010bb1       __isdigit_l                00411bb1 f i libucrt:_ctype.obj
 0001:00010be9       __isspace_l                00411be9 f i libucrt:_ctype.obj
 0001:00010c21       _isdigit                   00411c21 f i libucrt:_ctype.obj
 0001:00010c4e       _isspace                   00411c4e f i libucrt:_ctype.obj
 0001:00010c80       _strncmp                   00411c80 f   libucrt:strncmp.obj
 0001:00010cf8       __strnicmp                 00411cf8 f   libucrt:strnicmp.obj
 0001:00010d64       __strnicmp_l               00411d64 f   libucrt:strnicmp.obj
 0001:00010f82       __tolower_l                00411f82 f   libucrt:tolower_toupper.obj
 0001:00010f9c       _tolower                   00411f9c f   libucrt:tolower_toupper.obj
 0001:00010fcc       _free                      00411fcc f   libucrt:free.obj
 0001:00010fd1       _malloc                    00411fd1 f   libucrt:malloc.obj
 0001:00010fe0       _fmod                      00411fe0 f   libucrt:87fmod.obj
 0001:00010fea       __CIfmod                   00411fea f   libucrt:87fmod.obj
 0001:00011002       __seh_filter_exe           00412002 f   libucrt:exception_filter.obj
 0001:00011175       __query_app_type           00412175 f   libucrt:report_runtime_error.obj
 0001:0001117b       __set_app_type             0041217b f   libucrt:report_runtime_error.obj
 0001:0001118a       ___acrt_has_user_matherr   0041218a f   libucrt:matherr.obj
 0001:000111a3       ___acrt_initialize_user_matherr 004121a3 f   libucrt:matherr.obj
 0001:000111b7       ___acrt_invoke_user_matherr 004121b7 f   libucrt:matherr.obj
 0001:00011200       ___setusermatherr          00412200 f   libucrt:matherr.obj
 0001:000114ae       ___acrt_allocate_buffer_for_argv 004124ae f   libucrt:argv_parsing.obj
 0001:00011503       __configure_narrow_argv    00412503 f   libucrt:argv_parsing.obj
 0001:00011715       ??$uninitialize@A6AXAAPAPA_W@Z@?$dual_state_global@PAPA_W@__crt_state_management@@QAEXA6AXAAPAPA_W@Z@Z 00412715 f i libucrt:environment_initialization.obj
 0001:00011715       ??$uninitialize@A6AXAAPAPAD@Z@?$dual_state_global@PAPAD@__crt_state_management@@QAEXA6AXAAPAPAD@Z@Z 00412715 f i libucrt:environment_initialization.obj
 0001:0001178b       ___dcrt_get_or_create_narrow_environment_nolock 0041278b f   libucrt:environment_initialization.obj
 0001:00011790       ___dcrt_uninitialize_environments_nolock 00412790 f   libucrt:environment_initialization.obj
 0001:000117c7       __get_initial_narrow_environment 004127c7 f   libucrt:environment_initialization.obj
 0001:000117db       __initialize_narrow_environment 004127db f   libucrt:environment_initialization.obj
 0001:000117e0       __initterm                 004127e0 f   libucrt:initterm.obj
 0001:0001183c       __initterm_e               0041283c f   libucrt:initterm.obj
 0001:00011a58       ___acrt_initialize_thread_local_exit_callback 00412a58 f   libucrt:exit.obj
 0001:00011a67       __c_exit                   00412a67 f   libucrt:exit.obj
 0001:00011a76       __cexit                    00412a76 f   libucrt:exit.obj
 0001:00011a85       __exit                     00412a85 f   libucrt:exit.obj
 0001:00011a9b       __register_thread_local_exe_atexit_callback 00412a9b f   libucrt:exit.obj
 0001:00011ad3       _exit                      00412ad3 f   libucrt:exit.obj
 0001:00011ae9       __get_fmode                00412ae9 f   libucrt:setmode.obj
 0001:00011b15       __set_fmode                00412b15 f   libucrt:setmode.obj
 0001:00011b52       __setmode_nolock           00412b52 f   libucrt:setmode.obj
 0001:00011c23       ___acrt_initialize_command_line 00412c23 f   libucrt:argv_data.obj
 0001:00011c3c       ___p___argc                00412c3c f   libucrt:argv_data.obj
 0001:00011c42       ___p___argv                00412c42 f   libucrt:argv_data.obj
 0001:00011c48       ___acrt_set_locale_changed 00412c48 f   libucrt:wsetlocale.obj
 0001:00011c53       ___acrt_uninitialize_locale 00412c53 f   libucrt:wsetlocale.obj
 0001:00011ca5       __configthreadlocale       00412ca5 f   libucrt:wsetlocale.obj
 0001:00011d07       __query_new_mode           00412d07 f   libucrt:new_mode.obj
 0001:00011d0d       __set_new_mode             00412d0d f   libucrt:new_mode.obj
 0001:00011d3c       ___p__commode              00412d3c f   libucrt:ncommode.obj
 0001:00011d42       __errcode                  00412d42 f   libucrt:fpexcept.obj
 0001:00011d76       __except1                  00412d76 f   libucrt:fpexcept.obj
 0001:00011e44       __handle_exc               00412e44 f   libucrt:fpexcept.obj
 0001:00012024       __raise_exc                00413024 f   libucrt:fpexcept.obj
 0001:00012047       __raise_exc_ex             00413047 f   libucrt:fpexcept.obj
 0001:00012338       __set_errno_from_matherr   00413338 f   libucrt:fpexcept.obj
 0001:00012367       __umatherr                 00413367 f   libucrt:fpexcept.obj
 0001:00012409       ??$?RV<lambda_800076c951b434888f4765a74a194fcc>@@AAV<lambda_4e60a939b0d047cfe11ddc22648dfba9>@@V<lambda_6dbb1268764f43b569ce7b67e331d33a>@@@?$__crt_seh_guarded_call@H@@QAEH$$QAV<lambda_800076c951b434888f4765a74a194fcc>@@AAV<lambda_4e60a939b0d047cfe11ddc22648dfba9>@@$$QAV<lambda_6dbb1268764f43b569ce7b67e331d33a>@@@Z 00413409 f i libucrt:onexit.obj
 0001:0001245a       ??$?RV<lambda_995298e7d72eb4c2aab26c0585b3abe5>@@AAV<lambda_275893d493268fdec8709772e3fcec0e>@@V<lambda_293819299cbf9a7022e18b56a874bb5c>@@@?$__crt_seh_guarded_call@H@@QAEH$$QAV<lambda_995298e7d72eb4c2aab26c0585b3abe5>@@AAV<lambda_275893d493268fdec8709772e3fcec0e>@@$$QAV<lambda_293819299cbf9a7022e18b56a874bb5c>@@@Z 0041345a f i libucrt:onexit.obj
 0001:000124ab       ??$__acrt_lock_and_call@V<lambda_275893d493268fdec8709772e3fcec0e>@@@@YAHW4__acrt_lock_id@@$$QAV<lambda_275893d493268fdec8709772e3fcec0e>@@@Z 004134ab f i libucrt:onexit.obj
 0001:000124d3       ??$__acrt_lock_and_call@V<lambda_4e60a939b0d047cfe11ddc22648dfba9>@@@@YAHW4__acrt_lock_id@@$$QAV<lambda_4e60a939b0d047cfe11ddc22648dfba9>@@@Z 004134d3 f i libucrt:onexit.obj
 0001:000124fb       ??$__crt_fast_encode_pointer@P6AHXZ@@YAP6AHXZQ6AHXZ@Z 004134fb f i libucrt:onexit.obj
 0001:000124fb       ??$__crt_fast_encode_pointer@P6GXPAXK0@Z@@YAP6GXPAXK0@ZQ6GX0K0@Z@Z 004134fb f i libucrt:exit.obj
 0001:000124fb       ??$__crt_fast_encode_pointer@P6AHPAU_exception@@@Z@@YAP6AHPAU_exception@@@ZQ6AH0@Z@Z 004134fb f i libucrt:matherr.obj
 0001:0001277b       __crt_atexit               0041377b f   libucrt:onexit.obj
 0001:00012791       __execute_onexit_table     00413791 f   libucrt:onexit.obj
 0001:000127ae       __initialize_onexit_table  004137ae f   libucrt:onexit.obj
 0001:000127eb       __register_onexit_function 004137eb f   libucrt:onexit.obj
 0001:00012843       __should_initialize_environment 00413843 f   LIBCMT:env_mode.obj
 0001:00012843       ___acrt_uninitialize_command_line 00413843 f   libucrt:argv_data.obj
 0001:00012903       ___acrt_initialize         00413903 f   libucrt:initialization.obj
 0001:00012915       ___acrt_uninitialize       00413915 f   libucrt:initialization.obj
 0001:00012927       __controlfp_s              00413927 f   libucrt:contrlfp.obj
 0001:00012986       _terminate                 00413986 f   libucrt:terminate.obj
 0001:000129c2       __free_base                004139c2 f   libucrt:free_base.obj
 0001:000129fc       __malloc_base              004139fc f   libucrt:malloc_base.obj
 0001:00012a4a       _strcpy_s                  00413a4a f   libucrt:strcpy_s.obj
 0001:00012aa4       _abort                     00413aa4 f   libucrt:abort.obj
 0001:00012ae7       __calloc_base              00413ae7 f   libucrt:calloc_base.obj
 0001:00012b44       ??$is_overflow_condition@K@__crt_strtox@@YA_NIK@Z 00413b44 f i libucrt:atox.obj
 0001:00012b77       ??$parse_integer@KV?$c_string_character_source@D@__crt_strtox@@@__crt_strtox@@YAKQAU__crt_locale_pointers@@V?$c_string_character_source@D@0@H_N@Z 00413b77 f i libucrt:atox.obj
 0001:00012d9f       ?unget@?$c_string_character_source@D@__crt_strtox@@QAEXD@Z 00413d9f f i libucrt:atox.obj
 0001:00012dc7       ?validate@?$string_output_adapter@D@__crt_stdio_output@@QBE_NXZ 00413dc7 f i libucrt:output.obj
 0001:00012dc7       ?validate@?$c_string_character_source@D@__crt_strtox@@QBE_NXZ 00413dc7 f i libucrt:atox.obj
 0001:00012de2       ?initialize@?$dual_state_global@PAPAD@__crt_state_management@@QAEXQAPAD@Z 00413de2 f i libucrt:environment_initialization.obj
 0001:00012de2       ?initialize@?$dual_state_global@P6AXPB_W00II@Z@__crt_state_management@@QAEXQ6AXPB_W00II@Z@Z 00413de2 f i libucrt:invalid_parameter.obj
 0001:00012de2       ?initialize@?$dual_state_global@P6AXH@Z@__crt_state_management@@QAEXQ6AXH@Z@Z 00413de2 f i libucrt:signal.obj
 0001:00012de2       ?initialize@?$dual_state_global@PAU__crt_locale_data@@@__crt_state_management@@QAEXQAU__crt_locale_data@@@Z 00413de2 f i libucrt:initialization.obj
 0001:00012de2       ?initialize@?$dual_state_global@P6AHI@Z@__crt_state_management@@QAEXQ6AHI@Z@Z 00413de2 f i libucrt:new_handler.obj
 0001:00012de2       ?initialize@?$dual_state_global@P6AHPAU_exception@@@Z@__crt_state_management@@QAEXQ6AHPAU_exception@@@Z@Z 00413de2 f i libucrt:matherr.obj
 0001:00012e13       ___acrt_call_reportfault   00413e13 f   libucrt:invalid_parameter.obj
 0001:00012f4e       ___acrt_initialize_invalid_parameter_handler 00413f4e f   libucrt:invalid_parameter.obj
 0001:00012f62       __invalid_parameter        00413f62 f   libucrt:invalid_parameter.obj
 0001:00012fdd       __invalid_parameter_noinfo 00413fdd f   libucrt:invalid_parameter.obj
 0001:00012fed       __invoke_watson            00413fed f   libucrt:invalid_parameter.obj
 0001:00013020       ___acrt_errno_from_os_error 00414020 f   libucrt:errno.obj
 0001:00013063       ___acrt_errno_map_os_error 00414063 f   libucrt:errno.obj
 0001:00013086       ___doserrno                00414086 f   libucrt:errno.obj
 0001:00013099       __errno                    00414099 f   libucrt:errno.obj
 0001:000130ac       ??$make_c_string_character_source@DPAPAD@__crt_strtox@@YA?AV?$c_string_character_source@D@0@QBDQAPAD@Z 004140ac f i libucrt:strtox.obj
 0001:000130c7       _strtol                    004140c7 f   libucrt:strtox.obj
 0001:000130f3       __mbtowc_l                 004140f3 f   libucrt:mbtowc.obj
 0001:000131ed       _mbtowc                    004141ed f   libucrt:mbtowc.obj
 0001:00013207       __wctomb_s_l               00414207 f   libucrt:wctomb.obj
 0001:00013328       _wctomb_s                  00414328 f   libucrt:wctomb.obj
 0001:00013345       _strnlen                   00414345 f   libucrt:strnlen.obj
 0001:0001346c       _wcsnlen                   0041446c f   libucrt:strnlen.obj
 0001:00013623       ??$?RV<lambda_3518db117f0e7cdb002338c5d3c47b6c>@@AAV<lambda_b2ea41f6bbb362cd97d94c6828d90b61>@@V<lambda_abdedf541bb04549bc734292b4a045d4>@@@?$__crt_seh_guarded_call@X@@QAEX$$QAV<lambda_3518db117f0e7cdb002338c5d3c47b6c>@@AAV<lambda_b2ea41f6bbb362cd97d94c6828d90b61>@@$$QAV<lambda_abdedf541bb04549bc734292b4a045d4>@@@Z 00414623 f i libucrt:per_thread_data.obj
 0001:00013673       ??$?RV<lambda_51b6e8b1eb166f2a3faf91f424b38130>@@AAV<lambda_6250bd4b2a391816dd638c3bf72b0bcb>@@V<lambda_0b5a4a3e68152e1d9b943535f5f47bed>@@@?$__crt_seh_guarded_call@X@@QAEX$$QAV<lambda_51b6e8b1eb166f2a3faf91f424b38130>@@AAV<lambda_6250bd4b2a391816dd638c3bf72b0bcb>@@$$QAV<lambda_0b5a4a3e68152e1d9b943535f5f47bed>@@@Z 00414673 f i libucrt:per_thread_data.obj
 0001:000136d4       ??$?RV<lambda_5b71d36f03204c0beab531769a5b5694>@@AAV<lambda_be2b3da3f62db62e9dad5dc70221a656>@@V<lambda_8f9ce462984622f9bf76b59e2aaaf805>@@@?$__crt_seh_guarded_call@X@@QAEX$$QAV<lambda_5b71d36f03204c0beab531769a5b5694>@@AAV<lambda_be2b3da3f62db62e9dad5dc70221a656>@@$$QAV<lambda_8f9ce462984622f9bf76b59e2aaaf805>@@@Z 004146d4 f i libucrt:per_thread_data.obj
 0001:0001371f       ??$?RV<lambda_9df27f884b057bc3edfc946cb5b7cf47>@@AAV<lambda_e69574bed617af4e071282c136b37893>@@V<lambda_cc0d902bcbbeb830f749456577db4721>@@@?$__crt_seh_guarded_call@X@@QAEX$$QAV<lambda_9df27f884b057bc3edfc946cb5b7cf47>@@AAV<lambda_e69574bed617af4e071282c136b37893>@@$$QAV<lambda_cc0d902bcbbeb830f749456577db4721>@@@Z 0041471f f i libucrt:per_thread_data.obj
 0001:00013767       ??$__acrt_lock_and_call@V<lambda_6250bd4b2a391816dd638c3bf72b0bcb>@@@@YAXW4__acrt_lock_id@@$$QAV<lambda_6250bd4b2a391816dd638c3bf72b0bcb>@@@Z 00414767 f i libucrt:per_thread_data.obj
 0001:0001378f       ??$__acrt_lock_and_call@V<lambda_b2ea41f6bbb362cd97d94c6828d90b61>@@@@YAXW4__acrt_lock_id@@$$QAV<lambda_b2ea41f6bbb362cd97d94c6828d90b61>@@@Z 0041478f f i libucrt:per_thread_data.obj
 0001:000137b7       ??$__acrt_lock_and_call@V<lambda_be2b3da3f62db62e9dad5dc70221a656>@@@@YAXW4__acrt_lock_id@@$$QAV<lambda_be2b3da3f62db62e9dad5dc70221a656>@@@Z 004147b7 f i libucrt:per_thread_data.obj
 0001:000137df       ??$__acrt_lock_and_call@V<lambda_e69574bed617af4e071282c136b37893>@@@@YAXW4__acrt_lock_id@@$$QAV<lambda_e69574bed617af4e071282c136b37893>@@@Z 004147df f i libucrt:per_thread_data.obj
 0001:00013995       ___acrt_getptd             00414995 f   libucrt:per_thread_data.obj
 0001:00013a19       ___acrt_getptd_noexit      00414a19 f   libucrt:per_thread_data.obj
 0001:00013a9e       ___acrt_initialize_ptd     00414a9e f   libucrt:per_thread_data.obj
 0001:00013aca       ___acrt_uninitialize_ptd   00414aca f   libucrt:per_thread_data.obj
 0001:00013ae4       ___acrt_update_locale_info 00414ae4 f   libucrt:locale_update.obj
 0001:00013b11       ___acrt_update_multibyte_info 00414b11 f   libucrt:locale_update.obj
 0001:00013b3e       ?__acrt_fp_classify@@YA?AW4__acrt_fp_class@@ABN@Z 00414b3e f i libucrt:cvt.obj
 0001:00013baa       ?__acrt_fp_is_negative@@YA_NABN@Z 00414baa f i libucrt:cvt.obj
 0001:00014409       ___acrt_fp_format          00415409 f   libucrt:cvt.obj
 0001:00014553       __fileno                   00415553 f   libucrt:fileno.obj
 0001:00014579       __fputc_nolock             00415579 f   libucrt:fputc.obj
 0001:000145a2       __get_printf_count_output  004155a2 f   libucrt:printf_count_output.obj
 0001:000145b7       ___acrt_stdio_begin_temporary_buffering_nolock 004155b7 f   libucrt:_sftbuf.obj
 0001:0001466c       ___acrt_stdio_end_temporary_buffering_nolock 0041566c f   libucrt:_sftbuf.obj
 0001:00014811       ___acrt_initialize_lowio   00415811 f   libucrt:ioinit.obj
 0001:00014867       ___acrt_uninitialize_lowio 00415867 f   libucrt:ioinit.obj
 0001:000149c4       ___acrt_AreFileApisANSI@0  004159c4 f   libucrt:winapi_thunks.obj
 0001:00014a12       ___acrt_CompareStringEx@36 00415a12 f   libucrt:winapi_thunks.obj
 0001:00014a86       ___acrt_FlsAlloc@4         00415a86 f   libucrt:winapi_thunks.obj
 0001:00014adc       ___acrt_FlsFree@4          00415adc f   libucrt:winapi_thunks.obj
 0001:00014b32       ___acrt_FlsGetValue@4      00415b32 f   libucrt:winapi_thunks.obj
 0001:00014b88       ___acrt_FlsSetValue@8      00415b88 f   libucrt:winapi_thunks.obj
 0001:00014be1       ___acrt_InitializeCriticalSectionEx@12 00415be1 f   libucrt:winapi_thunks.obj
 0001:00014c43       ___acrt_LCMapStringEx@36   00415c43 f   libucrt:winapi_thunks.obj
 0001:00014ccb       ___acrt_LocaleNameToLCID@8 00415ccb f   libucrt:winapi_thunks.obj
 0001:00014d27       ___acrt_initialize_winapi_thunks 00415d27 f   libucrt:winapi_thunks.obj
 0001:00014d4d       ___acrt_is_packaged_app    00415d4d f   libucrt:winapi_thunks.obj
 0001:00014dd4       ___acrt_uninitialize_winapi_thunks 00415dd4 f   libucrt:winapi_thunks.obj
 0001:00014e0a       __fcloseall                00415e0a f   libucrt:closeall.obj
 0001:00014eaa       ___acrt_stdio_flush_nolock 00415eaa f   libucrt:fflush.obj
 0001:00014f10       __fflush_nolock            00415f10 f   libucrt:fflush.obj
 0001:00014f57       __flushall                 00415f57 f   libucrt:fflush.obj
 0001:00015038       ___acrt_stdio_free_buffer_nolock 00416038 f   libucrt:_freebuf.obj
 0001:00015076       __fgetc_nolock             00416076 f   libucrt:fgetc.obj
 0001:000150b2       __getc_nolock              004160b2 f   libucrt:fgetc.obj
 0001:000150bd       __fclose_nolock            004160bd f   libucrt:fclose.obj
 0001:00015133       _fclose                    00416133 f   libucrt:fclose.obj
 0001:000151b3       ??$__acrt_stdio_parse_mode@D@@YA?AU__acrt_stdio_stream_mode@@QBD@Z 004161b3 f i libucrt:openfile.obj
 0001:0001546a       ?__acrt_stdio_parse_mode_D@@YA_NAAU__acrt_stdio_stream_mode@@@Z 0041646a f i libucrt:openfile.obj
 0001:00015485       ?__acrt_stdio_parse_mode_T@@YA_NAAU__acrt_stdio_stream_mode@@@Z 00416485 f i libucrt:openfile.obj
 0001:000154a4       ?__acrt_stdio_parse_mode_b@@YA_NAAU__acrt_stdio_stream_mode@@@Z 004164a4 f i libucrt:openfile.obj
 0001:000154c4       ?__acrt_stdio_parse_mode_c@@YA_NAAU__acrt_stdio_stream_mode@@AA_N@Z 004164c4 f i libucrt:openfile.obj
 0001:000154e6       ?__acrt_stdio_parse_mode_n@@YA_NAAU__acrt_stdio_stream_mode@@AA_N@Z 004164e6 f i libucrt:openfile.obj
 0001:00015508       ?__acrt_stdio_parse_mode_plus@@YA_NAAU__acrt_stdio_stream_mode@@AA_N@Z 00416508 f i libucrt:openfile.obj
 0001:0001553d       ?__acrt_stdio_parse_mode_t@@YA_NAAU__acrt_stdio_stream_mode@@@Z 0041653d f i libucrt:openfile.obj
 0001:0001555d       __openfile                 0041655d f   libucrt:openfile.obj
 0001:00015568       __fwrite_nolock            00416568 f   libucrt:fwrite.obj
 0001:000156e1       ___pctype_func             004166e1 f   libucrt:ctype.obj
 0001:00015707       __isctype_l                00416707 f   libucrt:isctype.obj
 0001:000157e0       ___ascii_strnicmp          004167e0 f   libucrt:_strnicm.obj
 0001:00015841       __isleadbyte_l             00416841 f i libucrt:_wctype.obj
 0001:00015a97       ___acrt_LCMapStringA       00416a97 f   libucrt:lcmapstringa.obj
 0001:00015ae2       __freea_crt                00416ae2 f i libucrt:lcmapstringa.obj
 0001:00015b10       __cintrindisp2             00416b10 f   libucrt:87cdisp.obj
 0001:00015b54       __cintrindisp1             00416b54 f   libucrt:87cdisp.obj
 0001:00015b97       __ctrandisp2               00416b97 f   libucrt:87cdisp.obj
 0001:00015d26       __ctrandisp1               00416d26 f   libucrt:87cdisp.obj
 0001:00015d59       __fload                    00416d59 f   libucrt:87cdisp.obj
 0001:00015da0       __trandisp1                00416da0 f   libucrt:87disp.obj
 0001:00015e07       __trandisp2                00416e07 f   libucrt:87disp.obj
 0001:00015e93       __rttospopde               00416e93     libucrt:87disp.obj
 0001:00015e98       __rttospop                 00416e98     libucrt:87disp.obj
 0001:00015e9a       __rtnospop                 00416e9a     libucrt:87disp.obj
 0001:00015e9c       __rttosnpop                00416e9c     libucrt:87disp.obj
 0001:00015e9d       __rtnospopde               00416e9d     libucrt:87disp.obj
 0001:00015ea4       __rtzeropop                00416ea4     libucrt:87disp.obj
 0001:00015ea6       __rtzeronpop               00416ea6     libucrt:87disp.obj
 0001:00015eab       __rtzerospop               00416eab     libucrt:87disp.obj
 0001:00015eb8       __rtonepop                 00416eb8     libucrt:87disp.obj
 0001:00015eba       __rtonenpop                00416eba     libucrt:87disp.obj
 0001:00015ebf       __tosnan1                  00416ebf     libucrt:87disp.obj
 0001:00015eea       __nosnan2                  00416eea     libucrt:87disp.obj
 0001:00015eec       __tosnan2                  00416eec     libucrt:87disp.obj
 0001:00015f14       __nan2                     00416f14     libucrt:87disp.obj
 0001:00015f53       __rtindfpop                00416f53     libucrt:87disp.obj
 0001:00015f55       __rtindfnpop               00416f55     libucrt:87disp.obj
 0001:00015f66       __rttosnpopde              00416f66     libucrt:87disp.obj
 0001:00015f70       __rtatan2inf               00416f70     libucrt:87disp.obj
 0001:00015f8d       __rtchsifneg               00416f8d     libucrt:87disp.obj
 0001:00016356       ??1?$argument_list@D@?A0xb0e4b824@@QAE@XZ 00417356 f i libucrt:argv_wildcards.obj
 0001:0001637b       ?append@?$argument_list@D@?A0xb0e4b824@@QAEHQAD@Z 0041737b f i libucrt:argv_wildcards.obj
 0001:000163b0       ?expand_if_necessary@?$argument_list@D@?A0xb0e4b824@@AAEHXZ 004173b0 f i libucrt:argv_wildcards.obj
 0001:00016437       ___acrt_expand_narrow_argv_wildcards 00417437 f   libucrt:argv_wildcards.obj
 0001:00016442       ??$?RV<lambda_978dc153c237d78434369da87b74ff60>@@AAV<lambda_ad1ced32f4ac17aa236e5ef05d6b3b7c>@@V<lambda_4a8533e2866a575feecb8298ce776b0d>@@@?$__crt_seh_guarded_call@X@@QAEX$$QAV<lambda_978dc153c237d78434369da87b74ff60>@@AAV<lambda_ad1ced32f4ac17aa236e5ef05d6b3b7c>@@$$QAV<lambda_4a8533e2866a575feecb8298ce776b0d>@@@Z 00417442 f i libucrt:mbctype.obj
 0001:00016485       ??$__acrt_lock_and_call@V<lambda_ad1ced32f4ac17aa236e5ef05d6b3b7c>@@@@YAXW4__acrt_lock_id@@$$QAV<lambda_ad1ced32f4ac17aa236e5ef05d6b3b7c>@@@Z 00417485 f i libucrt:mbctype.obj
 0001:0001691c       ___acrt_initialize_multibyte 0041791c f   libucrt:mbctype.obj
 0001:0001693a       ___acrt_update_thread_multibyte_data 0041793a f   libucrt:mbctype.obj
 0001:000169dc       __setmbcp_nolock           004179dc f   libucrt:mbctype.obj
 0001:00016c26       __ismbblead                00417c26 f   libucrt:ismbbyte.obj
 0001:00016c75       ___dcrt_get_narrow_environment_from_os 00417c75 f   libucrt:get_environment_from_os.obj
 0001:00017038       ___dcrt_set_variable_in_narrow_environment_nolock 00418038 f   libucrt:setenv.obj
 0001:00017043       ___acrt_initialize_locks   00418043 f   libucrt:locks.obj
 0001:00017084       ___acrt_lock               00418084 f   libucrt:locks.obj
 0001:0001709b       ___acrt_uninitialize_locks 0041809b f   libucrt:locks.obj
 0001:000170cc       ___acrt_unlock             004180cc f   libucrt:locks.obj
 0001:000170e3       ___acrt_lowio_create_handle_array 004180e3 f   libucrt:osfinfo.obj
 0001:0001715d       ___acrt_lowio_destroy_handle_array 0041815d f   libucrt:osfinfo.obj
 0001:00017192       ___acrt_lowio_ensure_fh_exists 00418192 f   libucrt:osfinfo.obj
 0001:0001722a       ___acrt_lowio_lock_fh      0041822a f   libucrt:osfinfo.obj
 0001:0001724d       ___acrt_lowio_set_os_handle 0041824d f   libucrt:osfinfo.obj
 0001:000172e1       ___acrt_lowio_unlock_fh    004182e1 f   libucrt:osfinfo.obj
 0001:00017304       __alloc_osfhnd             00418304 f   libucrt:osfinfo.obj
 0001:00017416       __free_osfhnd              00418416 f   libucrt:osfinfo.obj
 0001:000174a7       __get_osfhandle            004184a7 f   libucrt:osfinfo.obj
 0001:00017511       ___acrt_locale_free_monetary 00418511 f   libucrt:initmon.obj
 0001:0001760f       ___acrt_locale_free_numeric 0041860f f   libucrt:initnum.obj
 0001:000176b4       ___acrt_locale_free_time   004186b4 f   libucrt:inittime.obj
 0001:00017798       ___acrt_GetStringTypeA     00418798 f   libucrt:getstringtypea.obj
 0001:000178b5       ___acrt_add_locale_ref     004188b5 f   libucrt:locale_refcounting.obj
 0001:00017932       ___acrt_free_locale        00418932 f   libucrt:locale_refcounting.obj
 0001:00017a7c       ___acrt_locale_add_lc_time_reference 00418a7c f   libucrt:locale_refcounting.obj
 0001:00017aa5       ___acrt_locale_free_lc_time_if_unreferenced 00418aa5 f   libucrt:locale_refcounting.obj
 0001:00017ad5       ___acrt_locale_release_lc_time_reference 00418ad5 f   libucrt:locale_refcounting.obj
 0001:00017afe       ___acrt_release_locale_ref 00418afe f   libucrt:locale_refcounting.obj
 0001:00017b7f       ___acrt_update_thread_locale_data 00418b7f f   libucrt:locale_refcounting.obj
 0001:00017bf6       __updatetlocinfoEx_nolock  00418bf6 f   libucrt:locale_refcounting.obj
 0001:00017c46       __decomp                   00418c46 f   libucrt:util.obj
 0001:00017d1a       __set_exp                  00418d1a f   libucrt:util.obj
 0001:00017d49       __sptype                   00418d49 f   libucrt:util.obj
 0001:00017da7       ___set_fpsr_sse2           00418da7 f   libucrt:fpctrl.obj
 0001:00017e1d       __clrfp                    00418e1d f   libucrt:fpctrl.obj
 0001:00017e30       __ctrlfp                   00418e30 f   libucrt:fpctrl.obj
 0001:00017e5c       __set_statfp               00418e5c f   libucrt:fpctrl.obj
 0001:00017eb7       __statfp                   00418eb7 f   libucrt:fpctrl.obj
 0001:00017ec9       __recalloc                 00418ec9 f   libucrt:recalloc.obj
 0001:00017ed4       __recalloc_base            00418ed4 f   libucrt:recalloc.obj
 0001:00017f41       ___acrt_initialize_heap    00418f41 f   libucrt:heap_handle.obj
 0001:00017f52       ___acrt_uninitialize_heap  00418f52 f   libucrt:heap_handle.obj
 0001:00017f5c       ___acrt_execute_initializers 00418f5c f   libucrt:shared_initialization.obj
 0001:00017fdf       ___acrt_execute_uninitializers 00418fdf f   libucrt:shared_initialization.obj
 0001:0001802c       ___acrt_initialize_new_handler 0041902c f   libucrt:new_handler.obj
 0001:00018040       __callnewh                 00419040 f   libucrt:new_handler.obj
 0001:00018084       __query_new_handler        00419084 f   libucrt:new_handler.obj
 0001:000180d6       ??$?RV<lambda_a048d3beccc847880fc8490e18b82769>@@AAV<lambda_ec61778202f4f5fc7e7711acc23c3bca>@@V<lambda_f7496a158712204296dd6628a163878e>@@@?$__crt_seh_guarded_call@P6AXH@Z@@QAEP6AXH@Z$$QAV<lambda_a048d3beccc847880fc8490e18b82769>@@AAV<lambda_ec61778202f4f5fc7e7711acc23c3bca>@@$$QAV<lambda_f7496a158712204296dd6628a163878e>@@@Z 004190d6 f i libucrt:signal.obj
 0001:00018130       ??$__acrt_lock_and_call@V<lambda_ec61778202f4f5fc7e7711acc23c3bca>@@@@YAP6AXH@ZW4__acrt_lock_id@@$$QAV<lambda_ec61778202f4f5fc7e7711acc23c3bca>@@@Z 00419130 f i libucrt:signal.obj
 0001:000181c2       ___acrt_get_sigabrt_handler 004191c2 f   libucrt:signal.obj
 0001:000181d9       ___acrt_initialize_signal_handlers 004191d9 f   libucrt:signal.obj
 0001:00018214       ___fpecode                 00419214 f   libucrt:signal.obj
 0001:0001821d       _raise                     0041921d f   libucrt:signal.obj
 0001:000184d0       __clearfp                  004194d0 f   libucrt:ieee87.obj
 0001:000185ae       __control87                004195ae f   libucrt:ieee87.obj
 0001:00018949       ___acrt_fp_strflt_to_string 00419949 f   libucrt:_fptostr.obj
 0001:00018a05       ??0scoped_fp_state_reset@?A0x48fbfdd4@@QAE@XZ 00419a05 f i libucrt:cfout.obj
 0001:00018a30       ?divide@__crt_strtox@@YA_KAAUbig_integer@1@ABU21@@Z 00419a30 f i libucrt:cfout.obj
 0001:00018ede       ___acrt_fltout             00419ede f   libucrt:cfout.obj
 0001:0001a4d8       ___acrt_stdio_flush_and_write_narrow_nolock 0041b4d8 f   libucrt:_flsbuf.obj
 0001:0001a4e3       __isatty                   0041b4e3 f   libucrt:isatty.obj
 0001:0001a5f5       ___acrt_DownlevelLocaleNameToLCID 0041b5f5 f   libucrt:lcidtoname_downlevel.obj
 0001:0001a621       ??$?RV<lambda_61cee617f5178ae960314fd4d05640a0>@@AAV<lambda_6978c1fb23f02e42e1d9e99668cc68aa>@@V<lambda_9cd88cf8ad10232537feb2133f08c833>@@@?$__crt_seh_guarded_call@H@@QAEH$$QAV<lambda_61cee617f5178ae960314fd4d05640a0>@@AAV<lambda_6978c1fb23f02e42e1d9e99668cc68aa>@@$$QAV<lambda_9cd88cf8ad10232537feb2133f08c833>@@@Z 0041b621 f i libucrt:commit.obj
 0001:0001a6b9       ??$__acrt_lowio_lock_fh_and_call@V<lambda_6978c1fb23f02e42e1d9e99668cc68aa>@@@@YAHH$$QAV<lambda_6978c1fb23f02e42e1d9e99668cc68aa>@@@Z 0041b6b9 f i libucrt:commit.obj
 0001:0001a6e1       __commit                   0041b6e1 f   libucrt:commit.obj
 0001:0001ace0       __write                    0041bce0 f   libucrt:write.obj
 0001:0001adcb       __write_nolock             0041bdcb f   libucrt:write.obj
 0001:0001b158       ___acrt_stdio_refill_and_read_narrow_nolock 0041c158 f   libucrt:_filbuf.obj
 0001:0001b163       ??$?RV<lambda_123407a5e2ac06da108355a851863b7a>@@AAV<lambda_2fe9b910cf3cbf4a0ab98a02ba45b3ec>@@V<lambda_ae55bdf541ad94d75914d381c370e64d>@@@?$__crt_seh_guarded_call@H@@QAEH$$QAV<lambda_123407a5e2ac06da108355a851863b7a>@@AAV<lambda_2fe9b910cf3cbf4a0ab98a02ba45b3ec>@@$$QAV<lambda_ae55bdf541ad94d75914d381c370e64d>@@@Z 0041c163 f i libucrt:close.obj
 0001:0001b1e5       ??$__acrt_lowio_lock_fh_and_call@V<lambda_2fe9b910cf3cbf4a0ab98a02ba45b3ec>@@@@YAHH$$QAV<lambda_2fe9b910cf3cbf4a0ab98a02ba45b3ec>@@@Z 0041c1e5 f i libucrt:close.obj
 0001:0001b20d       __close                    0041c20d f   libucrt:close.obj
[...]
 0002:00007530       One                        00428530     libucrt:common.obj
 0002:00007544       DblMax                     00428544     libucrt:common.obj
 0002:0000754c       DblMin                     0042854c     libucrt:common.obj
 0002:00007554       IeeeAdjO                   00428554     libucrt:common.obj
 0002:0000755c       IeeeAdjU                   0042855c     libucrt:common.obj
 0002:00007564       _infinity                  00428564     libucrt:common.obj
 0002:0000756c       _zero                      0042856c     libucrt:common.obj
 0002:00008100       __sehtable$?__scrt_common_main_seh@@YAHXZ 00429100     LIBCMT:exe_main.obj
 0002:00008120       __sehtable$___scrt_is_nonwritable_in_current_image 00429120     LIBCMT:utility.obj
 0002:00008140       __sehtable$__rt_probe_read4@4 00429140     libvcruntime:_sehsupp_.obj
 0002:00008160       __sehtable$??$?RV<lambda_db08b09ef7aa9d4f8620ce68402612bc>@@AAV<lambda_4f2c1eaeead2a5fc776db5b62ea0fb9b>@@V<lambda_3ae262bc35d4ba6a3825c4f6bcaaf95c>@@@?$__crt_seh_guarded_call@H@@QAEH$$QAV<lambda_db08b09ef7aa9d4f8620ce68402612bc>@@AAV<lambda_4f2c1eaeead2a5fc776db5b62ea0fb9b>@@$$QAV<lambda_3ae262bc35d4ba6a3825c4f6bcaaf95c>@@@Z 00429160     libucrt:output.obj
 0002:00008180       __sehtable$??$common_fgets@D@@YAPADQADHV__crt_stdio_stream@@@Z 00429180     libucrt:fgets.obj
 0002:000081a0       __sehtable$??$common_freopen@D@@YAHQAPAU_iobuf@@QBD1V__crt_stdio_stream@@H@Z 004291a0     libucrt:freopen.obj
 0002:000081c0       __sehtable$??$?RV<lambda_1fb4243d5e107ad4daf16ff362ca4a34>@@AAV<lambda_55f9cbce55698c0319f95c01c080475b>@@V<lambda_d740392b9cecdfa14abfd902a66ab607>@@@?$__crt_seh_guarded_call@H@@QAEH$$QAV<lambda_1fb4243d5e107ad4daf16ff362ca4a34>@@AAV<lambda_55f9cbce55698c0319f95c01c080475b>@@$$QAV<lambda_d740392b9cecdfa14abfd902a66ab607>@@@Z 004291c0     libucrt:puts.obj
 0002:000081e0       __sehtable$?common_exit@@YAXHW4_crt_exit_cleanup_mode@@W4_crt_exit_return_mode@@@Z 004291e0     libucrt:exit.obj
 0002:00008208       __sehtable$___acrt_uninitialize_locale 00429208     libucrt:wsetlocale.obj
 0002:00008228       __sehtable$??$?RV<lambda_800076c951b434888f4765a74a194fcc>@@AAV<lambda_4e60a939b0d047cfe11ddc22648dfba9>@@V<lambda_6dbb1268764f43b569ce7b67e331d33a>@@@?$__crt_seh_guarded_call@H@@QAEH$$QAV<lambda_800076c951b434888f4765a74a194fcc>@@AAV<lambda_4e60a939b0d047cfe11ddc22648dfba9>@@$$QAV<lambda_6dbb1268764f43b569ce7b67e331d33a>@@@Z 00429228     libucrt:onexit.obj
 0002:00008248       __sehtable$??$?RV<lambda_995298e7d72eb4c2aab26c0585b3abe5>@@AAV<lambda_275893d493268fdec8709772e3fcec0e>@@V<lambda_293819299cbf9a7022e18b56a874bb5c>@@@?$__crt_seh_guarded_call@H@@QAEH$$QAV<lambda_995298e7d72eb4c2aab26c0585b3abe5>@@AAV<lambda_275893d493268fdec8709772e3fcec0e>@@$$QAV<lambda_293819299cbf9a7022e18b56a874bb5c>@@@Z 00429248     libucrt:onexit.obj
 0002:00008268       __sehtable$_terminate      00429268     libucrt:terminate.obj
 0002:00008288       __sehtable$??$?RV<lambda_9df27f884b057bc3edfc946cb5b7cf47>@@AAV<lambda_e69574bed617af4e071282c136b37893>@@V<lambda_cc0d902bcbbeb830f749456577db4721>@@@?$__crt_seh_guarded_call@X@@QAEX$$QAV<lambda_9df27f884b057bc3edfc946cb5b7cf47>@@AAV<lambda_e69574bed617af4e071282c136b37893>@@$$QAV<lambda_cc0d902bcbbeb830f749456577db4721>@@@Z 00429288     libucrt:per_thread_data.obj
 0002:000082a8       __sehtable$??$?RV<lambda_3518db117f0e7cdb002338c5d3c47b6c>@@AAV<lambda_b2ea41f6bbb362cd97d94c6828d90b61>@@V<lambda_abdedf541bb04549bc734292b4a045d4>@@@?$__crt_seh_guarded_call@X@@QAEX$$QAV<lambda_3518db117f0e7cdb002338c5d3c47b6c>@@AAV<lambda_b2ea41f6bbb362cd97d94c6828d90b61>@@$$QAV<lambda_abdedf541bb04549bc734292b4a045d4>@@@Z 004292a8     libucrt:per_thread_data.obj
 0002:000082c8       __sehtable$??$?RV<lambda_51b6e8b1eb166f2a3faf91f424b38130>@@AAV<lambda_6250bd4b2a391816dd638c3bf72b0bcb>@@V<lambda_0b5a4a3e68152e1d9b943535f5f47bed>@@@?$__crt_seh_guarded_call@X@@QAEX$$QAV<lambda_51b6e8b1eb166f2a3faf91f424b38130>@@AAV<lambda_6250bd4b2a391816dd638c3bf72b0bcb>@@$$QAV<lambda_0b5a4a3e68152e1d9b943535f5f47bed>@@@Z 004292c8     libucrt:per_thread_data.obj
 0002:000082e8       __sehtable$??$?RV<lambda_5b71d36f03204c0beab531769a5b5694>@@AAV<lambda_be2b3da3f62db62e9dad5dc70221a656>@@V<lambda_8f9ce462984622f9bf76b59e2aaaf805>@@@?$__crt_seh_guarded_call@X@@QAEX$$QAV<lambda_5b71d36f03204c0beab531769a5b5694>@@AAV<lambda_be2b3da3f62db62e9dad5dc70221a656>@@$$QAV<lambda_8f9ce462984622f9bf76b59e2aaaf805>@@@Z 004292e8     libucrt:per_thread_data.obj
 0002:00008308       __sehtable$___acrt_initialize_lowio 00429308     libucrt:ioinit.obj
 0002:00008328       __sehtable$__fcloseall     00429328     libucrt:closeall.obj
 0002:00008348       __sehtable$_common_flush_all 00429348     libucrt:fflush.obj
 0002:00008370       __sehtable$_fclose         00429370     libucrt:fclose.obj
 0002:00008390       __sehtable$___acrt_update_thread_multibyte_data 00429390     libucrt:mbctype.obj
 0002:000083b0       __sehtable$??$?RV<lambda_978dc153c237d78434369da87b74ff60>@@AAV<lambda_ad1ced32f4ac17aa236e5ef05d6b3b7c>@@V<lambda_4a8533e2866a575feecb8298ce776b0d>@@@?$__crt_seh_guarded_call@X@@QAEX$$QAV<lambda_978dc153c237d78434369da87b74ff60>@@AAV<lambda_ad1ced32f4ac17aa236e5ef05d6b3b7c>@@$$QAV<lambda_4a8533e2866a575feecb8298ce776b0d>@@@Z 004293b0     libucrt:mbctype.obj
 0002:000083d0       __sehtable$__alloc_osfhnd  004293d0     libucrt:osfinfo.obj
 0002:000083f0       __sehtable$___acrt_lowio_ensure_fh_exists 004293f0     libucrt:osfinfo.obj
 0002:00008410       __sehtable$___acrt_update_thread_locale_data 00429410     libucrt:locale_refcounting.obj
 0002:00008430       __sehtable$___set_fpsr_sse2 00429430     libucrt:fpctrl.obj
 0002:00008450       __sehtable$__query_new_handler 00429450     libucrt:new_handler.obj
 0002:00008470       __sehtable$_raise          00429470     libucrt:signal.obj
 0002:00008490       __sehtable$??$?RV<lambda_a048d3beccc847880fc8490e18b82769>@@AAV<lambda_ec61778202f4f5fc7e7711acc23c3bca>@@V<lambda_f7496a158712204296dd6628a163878e>@@@?$__crt_seh_guarded_call@P6AXH@Z@@QAEP6AXH@Z$$QAV<lambda_a048d3beccc847880fc8490e18b82769>@@AAV<lambda_ec61778202f4f5fc7e7711acc23c3bca>@@$$QAV<lambda_f7496a158712204296dd6628a163878e>@@@Z 00429490     libucrt:signal.obj
 0002:000084b0       __sehtable$??$?RV<lambda_61cee617f5178ae960314fd4d05640a0>@@AAV<lambda_6978c1fb23f02e42e1d9e99668cc68aa>@@V<lambda_9cd88cf8ad10232537feb2133f08c833>@@@?$__crt_seh_guarded_call@H@@QAEH$$QAV<lambda_61cee617f5178ae960314fd4d05640a0>@@AAV<lambda_6978c1fb23f02e42e1d9e99668cc68aa>@@$$QAV<lambda_9cd88cf8ad10232537feb2133f08c833>@@@Z 004294b0     libucrt:commit.obj
 0002:000084d0       __sehtable$__write         004294d0     libucrt:write.obj
 0002:000084f0       __sehtable$??$?RV<lambda_123407a5e2ac06da108355a851863b7a>@@AAV<lambda_2fe9b910cf3cbf4a0ab98a02ba45b3ec>@@V<lambda_ae55bdf541ad94d75914d381c370e64d>@@@?$__crt_seh_guarded_call@H@@QAEH$$QAV<lambda_123407a5e2ac06da108355a851863b7a>@@AAV<lambda_2fe9b910cf3cbf4a0ab98a02ba45b3ec>@@$$QAV<lambda_ae55bdf541ad94d75914d381c370e64d>@@@Z 004294f0     libucrt:close.obj
 0002:00008510       __sehtable$??$common_sopen_dispatch@D@@YAHQBDHHHQAHH@Z 00429510     libucrt:open.obj
 0002:00008530       __sehtable$??$common_lseek@_J@@YA_JH_JH@Z 00429530     libucrt:lseek.obj
 0002:00008550       __sehtable$__read          00429550     libucrt:read.obj
 0002:00008570       __sehtable$__IsNonwritableInCurrentImage 00429570     LIBCMT:pesect.obj
 0002:000087a8       .idata$6                   004297a8     ole32:ole32.dll
 0002:000087cc       .idata$6                   004297cc     ws2_32:WS2_32.dll
 0002:00008b06       .idata$6                   00429b06     kernel32:KERNEL32.dll
 0003:00000000       $SG3298                    0042a000     clidemo.obj
 0003:00000014       $SG3299                    0042a014     clidemo.obj
 0003:00000028       $SG12014                   0042a028     clidemo.obj
 0003:00000038       $SG12029                   0042a038     clidemo.obj
 0003:00000044       $SG12045                   0042a044     clidemo.obj
 0003:00000050       $SG12057                   0042a050     clidemo.obj
 0003:00000058       $SG12058                   0042a058     clidemo.obj
 0003:00000064       $SG12059                   0042a064     clidemo.obj
 0003:0000006c       $SG12060                   0042a06c     clidemo.obj
 0003:00000078       _cmd_xmls                  0042a078     clidemo.obj
 0003:000000a8       $SG12064                   0042a0a8     clidemo.obj
 0003:00000138       $SG12065                   0042a138     clidemo.obj
 0003:000001b8       $SG12066                   0042a1b8     clidemo.obj
 0003:00000270       $SG12067                   0042a270     clidemo.obj
 0003:00000480       $SG12068                   0042a480     clidemo.obj
 0003:00000560       $SG12069                   0042a560     clidemo.obj
 0003:000005ac       $SG12096                   0042a5ac     clidemo.obj
 0003:000005b8       $SG12097                   0042a5b8     clidemo.obj
 0003:000005cc       $SG12100                   0042a5cc     clidemo.obj
 0003:000005d8       $SG12117                   0042a5d8     clidemo.obj
 0003:000005e4       $SG12123                   0042a5e4     clidemo.obj
 0003:000005f0       $SG12124                   0042a5f0     clidemo.obj
 0003:000005fc       ?choice_str@?BA@??get_match_args@@9@9 0042a5fc     pjlib-util-i386-win32-vc8-release-static:cli.obj
 0003:0000061c       _thread_tls_id             0042a61c     pjlib-i386-win32-vc8-release-static:os_core_win32.obj
 0003:00000620       _thread_suspended_tls_id   0042a620     pjlib-i386-win32-vc8-release-static:log.obj
 0003:00000624       _thread_indent_tls_id      0042a624     pjlib-i386-win32-vc8-release-static:log.obj
 0003:00000628       _pj_log_max_level          0042a628     pjlib-i386-win32-vc8-release-static:log.obj
 0003:0000062c       _log_writer                0042a62c     pjlib-i386-win32-vc8-release-static:log.obj
 0003:00000630       _log_decor                 0042a630     pjlib-i386-win32-vc8-release-static:log.obj
 0003:00000634       _PJ_LOG_COLOR_0            0042a634     pjlib-i386-win32-vc8-release-static:log.obj
 0003:00000638       _PJ_LOG_COLOR_1            0042a638     pjlib-i386-win32-vc8-release-static:log.obj
 0003:0000063c       _PJ_LOG_COLOR_2            0042a63c     pjlib-i386-win32-vc8-release-static:log.obj
 0003:00000640       _PJ_LOG_COLOR_3            0042a640     pjlib-i386-win32-vc8-release-static:log.obj
 0003:00000644       _PJ_LOG_COLOR_4            0042a644     pjlib-i386-win32-vc8-release-static:log.obj
 0003:00000648       _PJ_LOG_COLOR_5            0042a648     pjlib-i386-win32-vc8-release-static:log.obj
 0003:0000064c       _PJ_LOG_COLOR_6            0042a64c     pjlib-i386-win32-vc8-release-static:log.obj
 0003:00000650       _PJ_LOG_COLOR_77           0042a650     pjlib-i386-win32-vc8-release-static:log.obj
 0003:00000654       ?ltexts@?2??pj_log@@9@9    0042a654     pjlib-i386-win32-vc8-release-static:log.obj
 0003:00000670       ?wdays@?3??pj_log@@9@9     0042a670     pjlib-i386-win32-vc8-release-static:log.obj
 0003:00000690       _pool_sizes                0042a690     pjlib-i386-win32-vc8-release-static:pool_caching.obj
 0003:000006d0       _thread_local_id           0042a6d0     pjlib-i386-win32-vc8-release-static:except.obj
 0003:000006d4       ?hex@?1??hex2digit@@9@9    0042a6d4     pjlib-i386-win32-vc8-release-static:guid_win32.obj
 0003:000006e8       _id                        0042a6e8     pjlib-i386-win32-vc8-release-static:config.obj
 0003:000006ec       _null_lock_template        0042a6ec     pjlib-i386-win32-vc8-release-static:lock.obj
 0003:00000700       _sem_lock_template         0042a700     pjlib-i386-win32-vc8-release-static:lock.obj
 0003:00000714       _mutex_lock_template       0042a714     pjlib-i386-win32-vc8-release-static:lock.obj
 0003:00000728       _tls                       0042a728     pjlib-i386-win32-vc8-release-static:pool_buf.obj
 0003:00000780       ?__vcrt_flsindex@@3KA      0042a780     libvcruntime:per_thread_data.obj
 0003:00000834       _errno_no_memory           0042a834     libucrt:errno.obj
 0003:00000838       _doserrno_no_memory        0042a838     libucrt:errno.obj
 0003:0000083c       ___acrt_flsindex           0042a83c     libucrt:per_thread_data.obj
 0003:00000940       ___rgctypeflag             0042a940     libucrt:mbctype.obj
 0003:00000948       ___rgcode_page_info        0042a948     libucrt:mbctype.obj
 0003:00000ec4       ?__DAZ_ENABLED@?1??__set_fpsr_sse2@@9@9 0042aec4     libucrt:fpctrl.obj
 0003:00000fe0       _cli                       0042afe0     clidemo.obj
 0003:00000fe4       $SG12015                   0042afe4     clidemo.obj
 0003:00000fe5       $SG12030                   0042afe5     clidemo.obj
 0003:00000fe6       $SG12046                   0042afe6     clidemo.obj
 0003:00000fe8       _initialized               0042afe8     pjlib-i386-win32-vc8-release-static:os_core_win32.obj
 0003:00000fec       _atexit_count              0042afec     pjlib-i386-win32-vc8-release-static:os_core_win32.obj
 0003:00000ff0       _main_thread               0042aff0     pjlib-i386-win32-vc8-release-static:os_core_win32.obj
 0003:000010f0       _critical_section_mutex    0042b0f0     pjlib-i386-win32-vc8-release-static:os_core_win32.obj
 0003:00001128       _atexit_func               0042b128     pjlib-i386-win32-vc8-release-static:os_core_win32.obj
 0003:000011a8       _err_msg_hnd_cnt           0042b1a8     pjlib-i386-win32-vc8-release-static:errno.obj
 0003:000011b0       _err_msg_hnd               0042b1b0     pjlib-i386-win32-vc8-release-static:errno.obj
 0003:00001228       _g_last_thread             0042b228     pjlib-i386-win32-vc8-release-static:log.obj
 0003:00001230       _exception_id_names        0042b230     pjlib-i386-win32-vc8-release-static:except.obj
 0003:00001270       ?unknown_name@?1??pj_exception_id_name@@9@9 0042b270     pjlib-i386-win32-vc8-release-static:except.obj
 0003:00001290       ?buf@?1??pj_gethostname@@9@9 0042b290     pjlib-i386-win32-vc8-release-static:sock_bsd.obj
 0003:00001310       ?hostname@?1??pj_gethostname@@9@9 0042b310     pjlib-i386-win32-vc8-release-static:sock_bsd.obj
 0003:00001318       _base_time                 0042b318     pjlib-i386-win32-vc8-release-static:os_time_win32.obj
 0003:00001320       _stack_based_factory       0042b320     pjlib-i386-win32-vc8-release-static:pool_buf.obj
 0003:00001344       _is_initialized            0042b344     pjlib-i386-win32-vc8-release-static:pool_buf.obj
 0003:00001348       _s_hDLL                    0042b348     pjlib-i386-win32-vc8-release-static:ip_helper_win32.obj
 0003:0000134c       _s_pfnGetIpAddrTable       0042b34c     pjlib-i386-win32-vc8-release-static:ip_helper_win32.obj
 0003:00001350       _s_pfnGetAdapterAddresses  0042b350     pjlib-i386-win32-vc8-release-static:ip_helper_win32.obj
 0003:00001354       _s_pfnGetIpForwardTable    0042b354     pjlib-i386-win32-vc8-release-static:ip_helper_win32.obj
 0003:00001358       _s_pfnGetIfEntry           0042b358     pjlib-i386-win32-vc8-release-static:ip_helper_win32.obj
 0003:00001360       _GS_ExceptionRecord        0042b360     LIBCMT:gs_report.obj
 0003:000013b0       _GS_ContextRecord          0042b3b0     LIBCMT:gs_report.obj
 0003:00001684       ?module_local_atexit_table@@3U_onexit_table_t@@A 0042b684     LIBCMT:utility.obj
 0003:00001690       ?module_local_at_quick_exit_table@@3U_onexit_table_t@@A 0042b690     LIBCMT:utility.obj
 0003:0000169c       ?is_initialized_as_dll@@3_NA 0042b69c     LIBCMT:utility.obj
 0003:000016bc       ?__vcrt_startup_thread_ptd@@3U__vcrt_ptd@@A 0042b6bc     libvcruntime:per_thread_data.obj
 0003:000016e4       ___vcrt_lock_table         0042b6e4     libvcruntime:locks.obj
 0003:000016fc       ___vcrt_locks_initialized  0042b6fc     libvcruntime:locks.obj
 0003:00001700       ?module_handles@@3PAPAUHINSTANCE__@@A 0042b700     libvcruntime:winapi_downlevel.obj
 0003:00001710       ?encoded_function_pointers@@3PAPAXA 0042b710     libvcruntime:winapi_downlevel.obj
 0003:00001760       ?heap@@3V_HeapManager@@A   0042b760     libvcruntime:undname.obj
 0003:00001780       ___acrt_app_type           0042b780     libucrt:report_runtime_error.obj
 0003:00001784       _user_matherr              0042b784     libucrt:matherr.obj
 0003:00001788       ?program_name@?5???$common_configure_argv@D@@YAHW4_crt_argv_mode@@@Z@4PADA 0042b788     libucrt:argv_parsing.obj
 0003:000018a0       _c_termination_complete    0042b8a0     libucrt:exit.obj
 0003:000018a4       _thread_local_exit_callback_func 0042b8a4     libucrt:exit.obj
 0003:000018a8       ?c_exit_complete@?5??common_exit@@YAXHW4_crt_exit_cleanup_mode@@W4_crt_exit_return_mode@@@Z@4_NA 0042b8a8     libucrt:exit.obj
 0003:000018c8       ___acrt_global_new_mode    0042b8c8     libucrt:new_mode.obj
 0003:000018e8       ___acrt_invalid_parameter_handler 0042b8e8     libucrt:invalid_parameter.obj
 0003:000018ec       _enable_percent_n          0042b8ec     libucrt:printf_count_output.obj
 0003:00001b08       _module_handles            0042bb08     libucrt:winapi_thunks.obj
 0003:00001b58       _encoded_function_pointers 0042bb58     libucrt:winapi_thunks.obj
 0003:00001bd8       ?state_cache@?1??__acrt_is_packaged_app@@9@4JA 0042bbd8     libucrt:winapi_thunks.obj
 0003:00001bf4       _fSystemSet                0042bbf4     libucrt:mbctype.obj
 0003:00001bf8       ?initialized@?1??__acrt_initialize_multibyte@@9@4_NA 0042bbf8     libucrt:mbctype.obj
 0003:00001c00       ___acrt_lock_table         0042bc00     libucrt:locks.obj
 0003:00001d38       ___acrt_locks_initialized  0042bd38     libucrt:locks.obj
 0003:00001d4c       ___acrt_new_handler        0042bd4c     libucrt:new_handler.obj
 0003:00001d50       _ctrlc_action              0042bd50     libucrt:signal.obj
 0003:00001d54       _ctrlbreak_action          0042bd54     libucrt:signal.obj
 0003:00001d58       _abort_action              0042bd58     libucrt:signal.obj
 0003:00001d5c       _term_action               0042bd5c     libucrt:signal.obj
 0003:00001d68       __pmatherr_set             0042bd68     libucrt:libm_error.obj
 0004:00000000       __guard_fids____dcrt_uninitialize_environments_nolock 0042c000     libucrt:environment_initialization.obj
 0004:00000008       __guard_fids__             0042c008     libucrt:initialization.obj
 0004:00000068       __guard_fids____acrt_initialize_ptd 0042c068     libucrt:per_thread_data.obj
 0004:0000006c       __guard_fids__             0042c06c     libucrt:stdio_initializer.obj
 0004:00000070       __guard_fids__             0042c070     libucrt:stdio_initializer.obj
 0004:00000074       __guard_fids_??$expand_argument_wildcards@D@@YAHQAD0AAV?$argument_list@D@?A0xb0e4b824@@@Z 0042c074     libucrt:argv_wildcards.obj
 0004:00000078       __guard_fids__             0042c078     libucrt:locale_initializer.obj
 0004:0000007c       __guard_fids__             0042c07c     libucrt:multibyte_initializer.obj
 0004:00000080       __guard_fids____libm_error_support 0042c080     libucrt:libm_error.obj
 0004:00000084       __guard_fids__             0042c084     libucrt:sse2_initializer.obj
 0004:00000088       __guard_fids__             0042c088     libucrt:console_output_initializer.obj
 0004:0000008c       __guard_fids__             0042c08c     LIBCMT:exe_main.obj
 0004:00000090       __guard_fids__             0042c090     LIBCMT:exe_main.obj
 0004:00000094       __guard_fids__             0042c094     LIBCMT:exe_main.obj
 0004:00000098       __guard_fids_?pre_c_initialization@@YAHXZ 0042c098     LIBCMT:exe_main.obj
 0004:000000a0       __guard_fids____scrt_set_unhandled_exception_filter 0042c0a0     LIBCMT:utility_desktop.obj
 0004:000000a4       __guard_fids__             0042c0a4     LIBCMT:guard_support.obj
 0004:000000a8       __guard_fids____vcrt_initialize_ptd 0042c0a8     libvcruntime:per_thread_data.obj
