 icedemo

 Timestamp is 597acefb (Fri Jul 28 13:43:23 2017)

 Preferred load address is 00400000

 Start         Length     Name                   Class
 0001:00000000 000387b7H .text$mn                CODE
 0002:00000000 000001ccH .idata$5                DATA
 0002:000001cc 00000004H .00cfg                  DATA
 0002:000001d0 00000004H .CRT$XCA                DATA
 0002:000001d4 00000004H .CRT$XCAA               DATA
 0002:000001d8 00000004H .CRT$XCZ                DATA
 0002:000001dc 00000004H .CRT$XIA                DATA
 0002:000001e0 00000004H .CRT$XIAA               DATA
 0002:000001e4 00000004H .CRT$XIAC               DATA
 0002:000001e8 0000000cH .CRT$XIC                DATA
 0002:000001f4 00000004H .CRT$XIZ                DATA
 0002:000001f8 00000004H .CRT$XPA                DATA
 0002:000001fc 00000008H .CRT$XPX                DATA
 0002:00000204 00000004H .CRT$XPXA               DATA
 0002:00000208 00000004H .CRT$XPZ                DATA
 0002:0000020c 00000004H .CRT$XTA                DATA
 0002:00000210 00000010H .CRT$XTZ                DATA
 0002:00000220 0000ad00H .rdata                  DATA
 0002:0000af1c 00000000H .rdata$r                DATA
 0002:0000af20 0000000cH .rdata$sxdata           DATA
 0002:0000af2c 000002a4H .rdata$zzzdbg           DATA
 0002:0000b1d0 00000004H .rtc$IAA                DATA
 0002:0000b1d4 00000004H .rtc$IZZ                DATA
 0002:0000b1d8 00000004H .rtc$TAA                DATA
 0002:0000b1dc 00000004H .rtc$TZZ                DATA
 0002:0000b1e0 000004ecH .xdata$x                DATA
 0002:0000b6cc 00000000H .edata                  DATA
 0002:0000b6cc 0000003cH .idata$2                DATA
 0002:0000b708 00000014H .idata$3                DATA
 0002:0000b71c 000001ccH .idata$4                DATA
 0002:0000b8e8 0000067eH .idata$6                DATA
 0003:00000000 00002ba0H .data                   DATA
 0003:00002ba0 00000000H .data$r                 DATA
 0003:00002ba0 000019c4H .bss                    DATA
 0004:00000000 0000008cH .gfids$x                DATA
 0004:0000008c 00000020H .gfids$y                DATA

  Address         Publics by Value              Rva+Base       Lib:Object

 0000:00000000       ___guard_longjmp_table     00000000     <absolute>
 0000:00000000       ___guard_iat_table         00000000     <absolute>
 0000:00000000       ___guard_iat_count         00000000     <absolute>
 0000:00000000       __except_list              00000000     <absolute>
 0000:00000000       ___guard_longjmp_count     00000000     <absolute>
 0000:00000000       ___guard_fids_table        00000000     <absolute>
 0000:00000000       ___guard_fids_count        00000000     <absolute>
 0000:00000000       ___dynamic_value_reloc_table 00000000     <absolute>
 0000:00000003       ___safe_se_handler_count   00000003     <absolute>
 0000:00000100       ___guard_flags             00000100     <absolute>
 0000:00000000       ___ImageBase               00400000     <linker-defined>
 0001:00002340       _main                      00403340 f   icedemo.obj
 0001:00002780       ___local_stdio_printf_options 00403780 f i icedemo.obj
 0001:00002790       ___local_stdio_scanf_options 00403790 f i icedemo.obj
 0001:000027a0       __snprintf                 004037a0 f i icedemo.obj
 0001:000027e0       _printf                    004037e0 f i icedemo.obj
 0001:00002810       _sscanf                    00403810 f i icedemo.obj
 0001:00002840       _pjnath_init               00403840 f   pjnath-i386-win32-vc8-release-static:errno.obj
 0001:00002870       _pjnath_perror             00403870 f   pjnath-i386-win32-vc8-release-static:errno.obj
 0001:00004660       _pj_ice_calc_foundation    00405660 f   pjnath-i386-win32-vc8-release-static:ice_session.obj
 0001:00004730       _pj_ice_get_cand_type_name 00405730 f   pjnath-i386-win32-vc8-release-static:ice_session.obj
 0001:00004750       _pj_ice_sess_add_cand      00405750 f   pjnath-i386-win32-vc8-release-static:ice_session.obj
 0001:00004970       _pj_ice_sess_change_role   00405970 f   pjnath-i386-win32-vc8-release-static:ice_session.obj
 0001:000049c0       _pj_ice_sess_create        004059c0 f   pjnath-i386-win32-vc8-release-static:ice_session.obj
 0001:00004c60       _pj_ice_sess_create_check_list 00405c60 f   pjnath-i386-win32-vc8-release-static:ice_session.obj
 0001:000050c0       _pj_ice_sess_destroy       004060c0 f   pjnath-i386-win32-vc8-release-static:ice_session.obj
 0001:000050e0       _pj_ice_sess_on_rx_pkt     004060e0 f   pjnath-i386-win32-vc8-release-static:ice_session.obj
 0001:00005220       _pj_ice_sess_options_default 00406220 f   pjnath-i386-win32-vc8-release-static:ice_session.obj
 0001:00005240       _pj_ice_sess_send_data     00406240 f   pjnath-i386-win32-vc8-release-static:ice_session.obj
 0001:00005380       _pj_ice_sess_set_options   00406380 f   pjnath-i386-win32-vc8-release-static:ice_session.obj
 0001:000053e0       _pj_ice_sess_set_prefs     004063e0 f   pjnath-i386-win32-vc8-release-static:ice_session.obj
 0001:00005440       _pj_ice_sess_start_check   00406440 f   pjnath-i386-win32-vc8-release-static:ice_session.obj
 0001:00006910       _pj_ice_strans_cfg_copy    00407910 f   pjnath-i386-win32-vc8-release-static:ice_strans.obj
 0001:00006990       _pj_ice_strans_cfg_default 00407990 f   pjnath-i386-win32-vc8-release-static:ice_strans.obj
 0001:00006a50       _pj_ice_strans_create      00407a50 f   pjnath-i386-win32-vc8-release-static:ice_strans.obj
 0001:00006c30       _pj_ice_strans_destroy     00407c30 f   pjnath-i386-win32-vc8-release-static:ice_strans.obj
 0001:00006c50       _pj_ice_strans_enum_cands  00407c50 f   pjnath-i386-win32-vc8-release-static:ice_strans.obj
 0001:00006d00       _pj_ice_strans_get_def_cand 00407d00 f   pjnath-i386-win32-vc8-release-static:ice_strans.obj
 0001:00006d80       _pj_ice_strans_get_role    00407d80 f   pjnath-i386-win32-vc8-release-static:ice_strans.obj
 0001:00006da0       _pj_ice_strans_get_running_comp_cnt 00407da0 f   pjnath-i386-win32-vc8-release-static:ice_strans.obj
 0001:00006de0       _pj_ice_strans_get_ufrag_pwd 00407de0 f   pjnath-i386-win32-vc8-release-static:ice_strans.obj
 0001:00006ea0       _pj_ice_strans_has_sess    00407ea0 f   pjnath-i386-win32-vc8-release-static:ice_strans.obj
 0001:00006ec0       _pj_ice_strans_init_ice    00407ec0 f   pjnath-i386-win32-vc8-release-static:ice_strans.obj
 0001:000070c0       _pj_ice_strans_sendto      004080c0 f   pjnath-i386-win32-vc8-release-static:ice_strans.obj
 0001:00007220       _pj_ice_strans_sess_is_complete 00408220 f   pjnath-i386-win32-vc8-release-static:ice_strans.obj
 0001:00007250       _pj_ice_strans_sess_is_running 00408250 f   pjnath-i386-win32-vc8-release-static:ice_strans.obj
 0001:00007280       _pj_ice_strans_start_ice   00408280 f   pjnath-i386-win32-vc8-release-static:ice_strans.obj
 0001:00007490       _pj_ice_strans_stop_ice    00408490 f   pjnath-i386-win32-vc8-release-static:ice_strans.obj
 0001:00008b80       _pj_stun_attr_clone        00409b80 f   pjnath-i386-win32-vc8-release-static:stun_msg.obj
 0001:00008be0       _pj_stun_binary_attr_init  00409be0 f   pjnath-i386-win32-vc8-release-static:stun_msg.obj
 0001:00008c50       _pj_stun_errcode_attr_create 00409c50 f   pjnath-i386-win32-vc8-release-static:stun_msg.obj
 0001:00008d30       _pj_stun_get_attr_name     00409d30 f   pjnath-i386-win32-vc8-release-static:stun_msg.obj
 0001:00008d80       _pj_stun_get_class_name    00409d80 f   pjnath-i386-win32-vc8-release-static:stun_msg.obj
 0001:00008dd0       _pj_stun_get_err_reason    00409dd0 f   pjnath-i386-win32-vc8-release-static:stun_msg.obj
 0001:00008e40       _pj_stun_get_method_name   00409e40 f   pjnath-i386-win32-vc8-release-static:stun_msg.obj
 0001:00008e60       _pj_stun_msg_add_attr      00409e60 f   pjnath-i386-win32-vc8-release-static:stun_msg.obj
 0001:00008ea0       _pj_stun_msg_add_binary_attr 00409ea0 f   pjnath-i386-win32-vc8-release-static:stun_msg.obj
 0001:00008f10       _pj_stun_msg_add_empty_attr 00409f10 f   pjnath-i386-win32-vc8-release-static:stun_msg.obj
 0001:00008f60       _pj_stun_msg_add_errcode_attr 00409f60 f   pjnath-i386-win32-vc8-release-static:stun_msg.obj
 0001:00008fc0       _pj_stun_msg_add_msgint_attr 00409fc0 f   pjnath-i386-win32-vc8-release-static:stun_msg.obj
 0001:00009010       _pj_stun_msg_add_sockaddr_attr 0040a010 f   pjnath-i386-win32-vc8-release-static:stun_msg.obj
 0001:00009070       _pj_stun_msg_add_string_attr 0040a070 f   pjnath-i386-win32-vc8-release-static:stun_msg.obj
 0001:000090e0       _pj_stun_msg_add_uint64_attr 0040a0e0 f   pjnath-i386-win32-vc8-release-static:stun_msg.obj
 0001:00009150       _pj_stun_msg_add_uint_attr 0040a150 f   pjnath-i386-win32-vc8-release-static:stun_msg.obj
 0001:000091b0       _pj_stun_msg_add_unknown_attr 0040a1b0 f   pjnath-i386-win32-vc8-release-static:stun_msg.obj
 0001:00009210       _pj_stun_msg_check         0040a210 f   pjnath-i386-win32-vc8-release-static:stun_msg.obj
 0001:00009310       _pj_stun_msg_create        0040a310 f   pjnath-i386-win32-vc8-release-static:stun_msg.obj
 0001:00009360       _pj_stun_msg_create_response 0040a360 f   pjnath-i386-win32-vc8-release-static:stun_msg.obj
 0001:00009400       _pj_stun_msg_decode        0040a400 f   pjnath-i386-win32-vc8-release-static:stun_msg.obj
 0001:00009a30       _pj_stun_msg_encode        0040aa30 f   pjnath-i386-win32-vc8-release-static:stun_msg.obj
 0001:00009e60       _pj_stun_msg_find_attr     0040ae60 f   pjnath-i386-win32-vc8-release-static:stun_msg.obj
 0001:00009eb0       _pj_stun_msg_init          0040aeb0 f   pjnath-i386-win32-vc8-release-static:stun_msg.obj
 0001:00009f50       _pj_stun_sockaddr_attr_init 0040af50 f   pjnath-i386-win32-vc8-release-static:stun_msg.obj
 0001:00009fb0       _pj_stun_string_attr_init  0040afb0 f   pjnath-i386-win32-vc8-release-static:stun_msg.obj
 0001:0000a000       _pj_stun_unknown_attr_create 0040b000 f   pjnath-i386-win32-vc8-release-static:stun_msg.obj
 0001:0000ad20       _pj_stun_msg_destroy_tdata 0040bd20 f   pjnath-i386-win32-vc8-release-static:stun_session.obj
 0001:0000adb0       _pj_stun_session_cancel_req 0040bdb0 f   pjnath-i386-win32-vc8-release-static:stun_session.obj
 0001:0000ae40       _pj_stun_session_create    0040be40 f   pjnath-i386-win32-vc8-release-static:stun_session.obj
 0001:0000af80       _pj_stun_session_create_ind 0040bf80 f   pjnath-i386-win32-vc8-release-static:stun_session.obj
 0001:0000b060       _pj_stun_session_create_req 0040c060 f   pjnath-i386-win32-vc8-release-static:stun_session.obj
 0001:0000b1b0       _pj_stun_session_create_res 0040c1b0 f   pjnath-i386-win32-vc8-release-static:stun_session.obj
 0001:0000b2a0       _pj_stun_session_destroy   0040c2a0 f   pjnath-i386-win32-vc8-release-static:stun_session.obj
 0001:0000b380       _pj_stun_session_get_user_data 0040c380 f   pjnath-i386-win32-vc8-release-static:stun_session.obj
 0001:0000b3a0       _pj_stun_session_on_rx_pkt 0040c3a0 f   pjnath-i386-win32-vc8-release-static:stun_session.obj
 0001:0000b550       _pj_stun_session_respond   0040c550 f   pjnath-i386-win32-vc8-release-static:stun_session.obj
 0001:0000b600       _pj_stun_session_retransmit_req 0040c600 f   pjnath-i386-win32-vc8-release-static:stun_session.obj
 0001:0000b670       _pj_stun_session_send_msg  0040c670 f   pjnath-i386-win32-vc8-release-static:stun_session.obj
 0001:0000b900       _pj_stun_session_set_credential 0040c900 f   pjnath-i386-win32-vc8-release-static:stun_session.obj
 0001:0000b990       _pj_stun_session_set_log   0040c990 f   pjnath-i386-win32-vc8-release-static:stun_session.obj
 0001:0000b9b0       _pj_stun_session_set_software_name 0040c9b0 f   pjnath-i386-win32-vc8-release-static:stun_session.obj
 0001:0000ba20       _pj_stun_session_set_user_data 0040ca20 f   pjnath-i386-win32-vc8-release-static:stun_session.obj
 0001:0000ba60       _pj_stun_session_use_fingerprint 0040ca60 f   pjnath-i386-win32-vc8-release-static:stun_session.obj
 0001:0000be80       _pj_stun_auth_cred_dup     0040ce80 f   pjnath-i386-win32-vc8-release-static:stun_auth.obj
 0001:0000bf00       _pj_stun_auth_valid_for_msg 0040cf00 f   pjnath-i386-win32-vc8-release-static:stun_auth.obj
 0001:0000bfb0       _pj_stun_authenticate_request 0040cfb0 f   pjnath-i386-win32-vc8-release-static:stun_auth.obj
 0001:0000c4d0       _pj_stun_authenticate_response 0040d4d0 f   pjnath-i386-win32-vc8-release-static:stun_auth.obj
 0001:0000c680       _pj_stun_create_key        0040d680 f   pjnath-i386-win32-vc8-release-static:stun_auth.obj
 0001:0000c6f0       _pj_stun_req_cred_info_dup 0040d6f0 f   pjnath-i386-win32-vc8-release-static:stun_auth.obj
 0001:0000cab0       _pj_stun_sock_cfg_default  0040dab0 f   pjnath-i386-win32-vc8-release-static:stun_sock.obj
 0001:0000cb10       _pj_stun_sock_create       0040db10 f   pjnath-i386-win32-vc8-release-static:stun_sock.obj
 0001:0000d040       _pj_stun_sock_destroy      0040e040 f   pjnath-i386-win32-vc8-release-static:stun_sock.obj
 0001:0000d120       _pj_stun_sock_get_info     0040e120 f   pjnath-i386-win32-vc8-release-static:stun_sock.obj
 0001:0000d330       _pj_stun_sock_get_user_data 0040e330 f   pjnath-i386-win32-vc8-release-static:stun_sock.obj
 0001:0000d350       _pj_stun_sock_op_name      0040e350 f   pjnath-i386-win32-vc8-release-static:stun_sock.obj
 0001:0000d3b0       _pj_stun_sock_sendto       0040e3b0 f   pjnath-i386-win32-vc8-release-static:stun_sock.obj
 0001:0000d450       _pj_stun_sock_start        0040e450 f   pjnath-i386-win32-vc8-release-static:stun_sock.obj
 0001:0000e260       _pj_turn_alloc_param_copy  0040f260 f   pjnath-i386-win32-vc8-release-static:turn_session.obj
 0001:0000e280       _pj_turn_alloc_param_default 0040f280 f   pjnath-i386-win32-vc8-release-static:turn_session.obj
 0001:0000e2a0       _pj_turn_session_alloc     0040f2a0 f   pjnath-i386-win32-vc8-release-static:turn_session.obj
 0001:0000e420       _pj_turn_session_bind_channel 0040f420 f   pjnath-i386-win32-vc8-release-static:turn_session.obj
 0001:0000e5e0       _pj_turn_session_create    0040f5e0 f   pjnath-i386-win32-vc8-release-static:turn_session.obj
 0001:0000e790       _pj_turn_session_destroy   0040f790 f   pjnath-i386-win32-vc8-release-static:turn_session.obj
 0001:0000e810       _pj_turn_session_get_info  0040f810 f   pjnath-i386-win32-vc8-release-static:turn_session.obj
 0001:0000e8c0       _pj_turn_session_get_user_data 0040f8c0 f   pjnath-i386-win32-vc8-release-static:turn_session.obj
 0001:0000e8d0       _pj_turn_session_on_rx_pkt 0040f8d0 f   pjnath-i386-win32-vc8-release-static:turn_session.obj
 0001:0000ea40       _pj_turn_session_sendto    0040fa40 f   pjnath-i386-win32-vc8-release-static:turn_session.obj
 0001:0000ed70       _pj_turn_session_set_credential 0040fd70 f   pjnath-i386-win32-vc8-release-static:turn_session.obj
 0001:0000edc0       _pj_turn_session_set_log   0040fdc0 f   pjnath-i386-win32-vc8-release-static:turn_session.obj
 0001:0000ede0       _pj_turn_session_set_perm  0040fde0 f   pjnath-i386-win32-vc8-release-static:turn_session.obj
 0001:0000efc0       _pj_turn_session_set_server 0040ffc0 f   pjnath-i386-win32-vc8-release-static:turn_session.obj
 0001:0000f2b0       _pj_turn_session_set_user_data 004102b0 f   pjnath-i386-win32-vc8-release-static:turn_session.obj
 0001:0000f2c0       _pj_turn_session_shutdown  004102c0 f   pjnath-i386-win32-vc8-release-static:turn_session.obj
 0001:0000f300       _pj_turn_state_name        00410300 f   pjnath-i386-win32-vc8-release-static:turn_session.obj
 0001:00010050       _pj_turn_sock_alloc        00411050 f   pjnath-i386-win32-vc8-release-static:turn_sock.obj
 0001:00010120       _pj_turn_sock_bind_channel 00411120 f   pjnath-i386-win32-vc8-release-static:turn_sock.obj
 0001:00010160       _pj_turn_sock_cfg_default  00411160 f   pjnath-i386-win32-vc8-release-static:turn_sock.obj
 0001:00010190       _pj_turn_sock_create       00411190 f   pjnath-i386-win32-vc8-release-static:turn_sock.obj
 0001:00010390       _pj_turn_sock_destroy      00411390 f   pjnath-i386-win32-vc8-release-static:turn_sock.obj
 0001:000103e0       _pj_turn_sock_get_info     004113e0 f   pjnath-i386-win32-vc8-release-static:turn_sock.obj
 0001:00010430       _pj_turn_sock_get_user_data 00411430 f   pjnath-i386-win32-vc8-release-static:turn_sock.obj
 0001:00010450       _pj_turn_sock_lock         00411450 f   pjnath-i386-win32-vc8-release-static:turn_sock.obj
 0001:00010470       _pj_turn_sock_sendto       00411470 f   pjnath-i386-win32-vc8-release-static:turn_sock.obj
 0001:000104b0       _pj_turn_sock_set_log      004114b0 f   pjnath-i386-win32-vc8-release-static:turn_sock.obj
 0001:000104d0       _pj_turn_sock_set_perm     004114d0 f   pjnath-i386-win32-vc8-release-static:turn_sock.obj
 0001:000104f0       _pj_turn_sock_set_user_data 004114f0 f   pjnath-i386-win32-vc8-release-static:turn_sock.obj
 0001:00010510       _pj_turn_sock_unlock       00411510 f   pjnath-i386-win32-vc8-release-static:turn_sock.obj
 0001:00010ac0       _pj_stun_msg_dump          00411ac0 f   pjnath-i386-win32-vc8-release-static:stun_msg_dump.obj
 0001:00010fb0       _sprintf                   00411fb0 f i pjnath-i386-win32-vc8-release-static:stun_msg_dump.obj
 0001:00011010       _pj_stun_client_tsx_create 00412010 f   pjnath-i386-win32-vc8-release-static:stun_transaction.obj
 0001:000110c0       __matherr                  004120c0 f   LIBCMT:matherr.obj
 0001:000110c0       __get_startup_commit_mode  004120c0 f   LIBCMT:commit_mode.obj
 0001:000110c0       _pj_stun_client_tsx_destroy 004120c0 f   pjnath-i386-win32-vc8-release-static:stun_transaction.obj
 0001:000110c0       __get_startup_new_mode     004120c0 f   LIBCMT:new_mode.obj
 0001:000110c0       ___scrt_initialize_winrt   004120c0 f   LIBCMT:utility_desktop.obj
 0001:000110c0       __get_startup_thread_locale_mode 004120c0 f   LIBCMT:thread_locale.obj
 0001:000110d0       _pj_stun_client_tsx_get_data 004120d0 f   pjnath-i386-win32-vc8-release-static:stun_transaction.obj
 0001:000110f0       _pj_stun_client_tsx_on_rx_msg 004120f0 f   pjnath-i386-win32-vc8-release-static:stun_transaction.obj
 0001:000111c0       _pj_stun_client_tsx_retransmit 004121c0 f   pjnath-i386-win32-vc8-release-static:stun_transaction.obj
 0001:00011200       _pj_stun_client_tsx_schedule_destroy 00412200 f   pjnath-i386-win32-vc8-release-static:stun_transaction.obj
 0001:000112a0       _pj_stun_client_tsx_send_msg 004122a0 f   pjnath-i386-win32-vc8-release-static:stun_transaction.obj
 0001:000113a0       _pj_stun_client_tsx_set_data 004123a0 f   pjnath-i386-win32-vc8-release-static:stun_transaction.obj
 0001:000113c0       _pj_stun_client_tsx_stop   004123c0 f   pjnath-i386-win32-vc8-release-static:stun_transaction.obj
 0001:00011600       _pjlib_util_init           00412600 f   pjlib-util-i386-win32-vc8-release-static:errno.obj
 0001:00011620       _pjlib_util_strerror       00412620 f   pjlib-util-i386-win32-vc8-release-static:errno.obj
 0001:00011fc0       _pj_getopt_long            00412fc0 f   pjlib-util-i386-win32-vc8-release-static:getopt.obj
 0001:000128b0       _pj_dns_parse_a_response   004138b0 f   pjlib-util-i386-win32-vc8-release-static:resolver.obj
 0001:00012b10       _pj_dns_resolver_cancel_query 00413b10 f   pjlib-util-i386-win32-vc8-release-static:resolver.obj
 0001:00012b70       _pj_dns_resolver_create    00413b70 f   pjlib-util-i386-win32-vc8-release-static:resolver.obj
 0001:00012cd0       _pj_dns_resolver_destroy   00413cd0 f   pjlib-util-i386-win32-vc8-release-static:resolver.obj
 0001:00012e70       _pj_dns_resolver_set_ns    00413e70 f   pjlib-util-i386-win32-vc8-release-static:resolver.obj
 0001:00012f70       _pj_dns_resolver_start_query 00413f70 f   pjlib-util-i386-win32-vc8-release-static:resolver.obj
 0001:000132f0       _pj_dns_settings_default   004142f0 f   pjlib-util-i386-win32-vc8-release-static:resolver.obj
 0001:00013c80       _pj_crc32_calc             00414c80 f   pjlib-util-i386-win32-vc8-release-static:crc32.obj
 0001:00013cb0       _pj_crc32_update           00414cb0 f   pjlib-util-i386-win32-vc8-release-static:crc32.obj
 0001:00013d60       _pj_hmac_sha1_final        00414d60 f   pjlib-util-i386-win32-vc8-release-static:hmac_sha1.obj
 0001:00013da0       _pj_hmac_sha1_init         00414da0 f   pjlib-util-i386-win32-vc8-release-static:hmac_sha1.obj
 0001:00013e80       _pj_hmac_sha1_update       00414e80 f   pjlib-util-i386-win32-vc8-release-static:hmac_sha1.obj
 0001:00014510       _pj_md5_final              00415510 f   pjlib-util-i386-win32-vc8-release-static:md5.obj
 0001:000145a0       _pj_md5_init               004155a0 f   pjlib-util-i386-win32-vc8-release-static:md5.obj
 0001:000145e0       _pj_md5_update             004155e0 f   pjlib-util-i386-win32-vc8-release-static:md5.obj
 0001:00015070       _pj_dns_srv_cancel_query   00416070 f   pjlib-util-i386-win32-vc8-release-static:srv_resolver.obj
 0001:00015120       _pj_dns_srv_resolve        00416120 f   pjlib-util-i386-win32-vc8-release-static:srv_resolver.obj
 0001:00015970       _pj_dns_get_type_name      00416970 f   pjlib-util-i386-win32-vc8-release-static:dns.obj
 0001:00015a20       _pj_dns_make_query         00416a20 f   pjlib-util-i386-win32-vc8-release-static:dns.obj
 0001:00015b10       _pj_dns_packet_dup         00416b10 f   pjlib-util-i386-win32-vc8-release-static:dns.obj
 0001:00015de0       _pj_dns_parse_packet       00416de0 f   pjlib-util-i386-win32-vc8-release-static:dns.obj
 0001:000172f0       _pj_sha1_final             004182f0 f   pjlib-util-i386-win32-vc8-release-static:sha1.obj
 0001:00017490       _pj_sha1_init              00418490 f   pjlib-util-i386-win32-vc8-release-static:sha1.obj
 0001:000174d0       _pj_sha1_update            004184d0 f   pjlib-util-i386-win32-vc8-release-static:sha1.obj
 0001:000175b0       _pj_get_version            004185b0 f   pjlib-i386-win32-vc8-release-static:config.obj
 0001:00017660       _pj_atexit                 00418660 f   pjlib-i386-win32-vc8-release-static:os_core_win32.obj
 0001:00017690       _pj_atomic_create          00418690 f   pjlib-i386-win32-vc8-release-static:os_core_win32.obj
 0001:000176c0       _pj_atomic_dec_and_get     004186c0 f   pjlib-i386-win32-vc8-release-static:os_core_win32.obj
 0001:00017710       _pj_atomic_destroy         00418710 f   pjlib-i386-win32-vc8-release-static:os_core_win32.obj
 0001:00017730       _pj_atomic_get             00418730 f   pjlib-i386-win32-vc8-release-static:os_core_win32.obj
 0001:00017780       _pj_atomic_inc             00418780 f   pjlib-i386-win32-vc8-release-static:os_core_win32.obj
 0001:000177d0       _pj_enter_critical_section 004187d0 f   pjlib-i386-win32-vc8-release-static:os_core_win32.obj
 0001:000177e0       _pj_getpid                 004187e0 f   pjlib-i386-win32-vc8-release-static:os_core_win32.obj
 0001:00017830       _pj_init                   00418830 f   pjlib-i386-win32-vc8-release-static:os_core_win32.obj
 0001:00017970       _pj_leave_critical_section 00418970 f   pjlib-i386-win32-vc8-release-static:os_core_win32.obj
 0001:000179c0       _pj_mutex_create           004189c0 f   pjlib-i386-win32-vc8-release-static:os_core_win32.obj
 0001:00017a10       _pj_mutex_create_simple    00418a10 f   pjlib-i386-win32-vc8-release-static:os_core_win32.obj
 0001:00017a10       _pj_mutex_create_recursive 00418a10 f   pjlib-i386-win32-vc8-release-static:os_core_win32.obj
 0001:00017a60       _pj_mutex_destroy          00418a60 f   pjlib-i386-win32-vc8-release-static:os_core_win32.obj
 0001:00017ac0       _pj_mutex_lock             00418ac0 f   pjlib-i386-win32-vc8-release-static:os_core_win32.obj
 0001:00017b30       _pj_mutex_trylock          00418b30 f   pjlib-i386-win32-vc8-release-static:os_core_win32.obj
 0001:00017bb0       _pj_mutex_unlock           00418bb0 f   pjlib-i386-win32-vc8-release-static:os_core_win32.obj
 0001:00017c10       _pj_sem_destroy            00418c10 f   pjlib-i386-win32-vc8-release-static:os_core_win32.obj
 0001:00017ca0       _pj_sem_post               00418ca0 f   pjlib-i386-win32-vc8-release-static:os_core_win32.obj
 0001:00017d30       _pj_sem_trywait            00418d30 f   pjlib-i386-win32-vc8-release-static:os_core_win32.obj
 0001:00017d90       _pj_sem_wait               00418d90 f   pjlib-i386-win32-vc8-release-static:os_core_win32.obj
 0001:00017ea0       _pj_shutdown               00418ea0 f   pjlib-i386-win32-vc8-release-static:os_core_win32.obj
 0001:00017fe0       _pj_term_set_color         00418fe0 f   pjlib-i386-win32-vc8-release-static:os_core_win32.obj
 0001:000180b0       _pj_thread_check_stack     004190b0 f   pjlib-i386-win32-vc8-release-static:os_core_win32.obj
 0001:000180f0       _pj_thread_create          004190f0 f   pjlib-i386-win32-vc8-release-static:os_core_win32.obj
 0001:00018230       _pj_thread_destroy         00419230 f   pjlib-i386-win32-vc8-release-static:os_core_win32.obj
 0001:000182c0       _pj_thread_get_name        004192c0 f   pjlib-i386-win32-vc8-release-static:os_core_win32.obj
 0001:00018310       _pj_thread_init            00419310 f   pjlib-i386-win32-vc8-release-static:os_core_win32.obj
 0001:00018370       _pj_thread_join            00419370 f   pjlib-i386-win32-vc8-release-static:os_core_win32.obj
 0001:00018430       _pj_thread_local_alloc     00419430 f   pjlib-i386-win32-vc8-release-static:os_core_win32.obj
 0001:00018480       _pj_thread_local_free      00419480 f   pjlib-i386-win32-vc8-release-static:os_core_win32.obj
 0001:000184d0       _pj_thread_local_get       004194d0 f   pjlib-i386-win32-vc8-release-static:os_core_win32.obj
 0001:000184e0       _pj_thread_local_set       004194e0 f   pjlib-i386-win32-vc8-release-static:os_core_win32.obj
 0001:00018520       _pj_thread_register        00419520 f   pjlib-i386-win32-vc8-release-static:os_core_win32.obj
 0001:000185e0       _pj_thread_sleep           004195e0 f   pjlib-i386-win32-vc8-release-static:os_core_win32.obj
 0001:00018630       _pj_thread_this            00419630 f   pjlib-i386-win32-vc8-release-static:os_core_win32.obj
 0001:00018780       ?ioqueue_dispatch_exception_event@@YAXPAUpj_ioqueue_t@@PAUpj_ioqueue_key_t@@@Z 00419780 f   pjlib-i386-win32-vc8-release-static:ioqueue_select.obj
 0001:000188b0       ?ioqueue_dispatch_read_event@@YAXPAUpj_ioqueue_t@@PAUpj_ioqueue_key_t@@@Z 004198b0 f   pjlib-i386-win32-vc8-release-static:ioqueue_select.obj
 0001:00018ad0       ?ioqueue_dispatch_write_event@@YAXPAUpj_ioqueue_t@@PAUpj_ioqueue_key_t@@@Z 00419ad0 f   pjlib-i386-win32-vc8-release-static:ioqueue_select.obj
 0001:00018ed0       _pj_ioqueue_accept         00419ed0 f   pjlib-i386-win32-vc8-release-static:ioqueue_select.obj
 0001:00019020       _pj_ioqueue_connect        0041a020 f   pjlib-i386-win32-vc8-release-static:ioqueue_select.obj
 0001:00019100       _pj_ioqueue_create         0041a100 f   pjlib-i386-win32-vc8-release-static:ioqueue_select.obj
 0001:000192a0       _pj_ioqueue_destroy        0041a2a0 f   pjlib-i386-win32-vc8-release-static:ioqueue_select.obj
 0001:00019360       _pj_ioqueue_get_user_data  0041a360 f   pjlib-i386-win32-vc8-release-static:ioqueue_select.obj
 0001:00019380       _pj_ioqueue_is_pending     0041a380 f   pjlib-i386-win32-vc8-release-static:ioqueue_select.obj
 0001:00019390       _pj_ioqueue_lock_key       0041a390 f   pjlib-i386-win32-vc8-release-static:ioqueue_select.obj
 0001:000193c0       _pj_ioqueue_op_key_init    0041a3c0 f   pjlib-i386-win32-vc8-release-static:ioqueue_select.obj
 0001:000193e0       _pj_ioqueue_poll           0041a3e0 f   pjlib-i386-win32-vc8-release-static:ioqueue_select.obj
 0001:00019710       _pj_ioqueue_recv           0041a710 f   pjlib-i386-win32-vc8-release-static:ioqueue_select.obj
 0001:00019830       _pj_ioqueue_recvfrom       0041a830 f   pjlib-i386-win32-vc8-release-static:ioqueue_select.obj
 0001:00019960       _pj_ioqueue_register_sock  0041a960 f   pjlib-i386-win32-vc8-release-static:ioqueue_select.obj
 0001:00019990       _pj_ioqueue_register_sock2 0041a990 f   pjlib-i386-win32-vc8-release-static:ioqueue_select.obj
 0001:00019ab0       _pj_ioqueue_send           0041aab0 f   pjlib-i386-win32-vc8-release-static:ioqueue_select.obj
 0001:00019c50       _pj_ioqueue_sendto         0041ac50 f   pjlib-i386-win32-vc8-release-static:ioqueue_select.obj
 0001:00019df0       _pj_ioqueue_set_concurrency 0041adf0 f   pjlib-i386-win32-vc8-release-static:ioqueue_select.obj
 0001:00019e10       _pj_ioqueue_set_lock       0041ae10 f   pjlib-i386-win32-vc8-release-static:ioqueue_select.obj
 0001:00019e50       _pj_ioqueue_unlock_key     0041ae50 f   pjlib-i386-win32-vc8-release-static:ioqueue_select.obj
 0001:00019e80       _pj_ioqueue_unregister     0041ae80 f   pjlib-i386-win32-vc8-release-static:ioqueue_select.obj
 0001:00019f60       _pj_gethostip              0041af60 f   pjlib-i386-win32-vc8-release-static:sock_common.obj
 0001:0001a8f0       _pj_getipinterface         0041b8f0 f   pjlib-i386-win32-vc8-release-static:sock_common.obj
 0001:0001aad0       _pj_sock_bind_random       0041bad0 f   pjlib-i386-win32-vc8-release-static:sock_common.obj
 0001:0001ac70       _pj_sock_setsockopt_sobuf  0041bc70 f   pjlib-i386-win32-vc8-release-static:sock_common.obj
 0001:0001adb0       _pj_sockaddr_cmp           0041bdb0 f   pjlib-i386-win32-vc8-release-static:sock_common.obj
 0001:0001aed0       _pj_sockaddr_cp            0041bed0 f   pjlib-i386-win32-vc8-release-static:sock_common.obj
 0001:0001af30       _pj_sockaddr_get_addr      0041bf30 f   pjlib-i386-win32-vc8-release-static:sock_common.obj
 0001:0001af70       _pj_sockaddr_get_addr_len  0041bf70 f   pjlib-i386-win32-vc8-release-static:sock_common.obj
 0001:0001afb0       _pj_sockaddr_get_len       0041bfb0 f   pjlib-i386-win32-vc8-release-static:sock_common.obj
 0001:0001aff0       _pj_sockaddr_get_port      0041bff0 f   pjlib-i386-win32-vc8-release-static:sock_common.obj
 0001:0001b020       _pj_sockaddr_has_addr      0041c020 f   pjlib-i386-win32-vc8-release-static:sock_common.obj
 0001:0001b0d0       _pj_sockaddr_in_init       0041c0d0 f   pjlib-i386-win32-vc8-release-static:sock_common.obj
 0001:0001b120       _pj_sockaddr_in_set_str_addr 0041c120 f   pjlib-i386-win32-vc8-release-static:sock_common.obj
 0001:0001b1d0       _pj_sockaddr_init          0041c1d0 f   pjlib-i386-win32-vc8-release-static:sock_common.obj
 0001:0001b280       _pj_sockaddr_print         0041c280 f   pjlib-i386-win32-vc8-release-static:sock_common.obj
 0001:0001b390       _pj_sockaddr_set_port      0041c390 f   pjlib-i386-win32-vc8-release-static:sock_common.obj
 0001:0001b3e0       _pj_sockaddr_set_str_addr  0041c3e0 f   pjlib-i386-win32-vc8-release-static:sock_common.obj
 0001:0001b4e0       _pj_get_netos_error        0041c4e0 f   pjlib-i386-win32-vc8-release-static:os_error_win32.obj
 0001:0001b500       _platform_strerror         0041c500 f   pjlib-i386-win32-vc8-release-static:os_error_win32.obj
 0001:0001b600       _pj_errno_clear_handlers   0041c600 f   pjlib-i386-win32-vc8-release-static:errno.obj
 0001:0001b620       _pj_perror                 0041c620 f   pjlib-i386-win32-vc8-release-static:errno.obj
 0001:0001b640       _pj_perror_2               0041c640 f   pjlib-i386-win32-vc8-release-static:errno.obj
 0001:0001b660       _pj_perror_3               0041c660 f   pjlib-i386-win32-vc8-release-static:errno.obj
 0001:0001b680       _pj_perror_4               0041c680 f   pjlib-i386-win32-vc8-release-static:errno.obj
 0001:0001b740       _pj_register_strerror      0041c740 f   pjlib-i386-win32-vc8-release-static:errno.obj
 0001:0001b820       _pj_strerror               0041c820 f   pjlib-i386-win32-vc8-release-static:errno.obj
 0001:0001b970       _pj_log_write              0041c970 f   pjlib-i386-win32-vc8-release-static:log_writer_stdout.obj
 0001:0001ba10       _pj_log                    0041ca10 f   pjlib-i386-win32-vc8-release-static:log.obj
 0001:0001bf10       _pj_log_1                  0041cf10 f   pjlib-i386-win32-vc8-release-static:log.obj
 0001:0001bf30       _pj_log_3                  0041cf30 f   pjlib-i386-win32-vc8-release-static:log.obj
 0001:0001bf50       _pj_log_4                  0041cf50 f   pjlib-i386-win32-vc8-release-static:log.obj
 0001:0001bf70       _pj_log_5                  0041cf70 f   pjlib-i386-win32-vc8-release-static:log.obj
 0001:0001bf90       _pj_log_get_color          0041cf90 f   pjlib-i386-win32-vc8-release-static:log.obj
 0001:0001c000       _pj_log_get_decor          0041d000 f   pjlib-i386-win32-vc8-release-static:log.obj
 0001:0001c010       _pj_log_get_level          0041d010 f   pjlib-i386-win32-vc8-release-static:log.obj
 0001:0001c020       _pj_log_init               0041d020 f   pjlib-i386-win32-vc8-release-static:log.obj
 0001:0001c090       _pj_log_pop_indent         0041d090 f   pjlib-i386-win32-vc8-release-static:log.obj
 0001:0001c0c0       _pj_log_push_indent        0041d0c0 f   pjlib-i386-win32-vc8-release-static:log.obj
 0001:0001c0f0       _pj_log_set_log_func       0041d0f0 f   pjlib-i386-win32-vc8-release-static:log.obj
 0001:0001c100       _pj_create_random_string   0041d100 f   pjlib-i386-win32-vc8-release-static:string.obj
 0001:0001c210       _pj_str                    0041d210 f   pjlib-i386-win32-vc8-release-static:string.obj
 0001:0001c230       _pj_strcat                 0041d230 f   pjlib-i386-win32-vc8-release-static:string.obj
 0001:0001c260       _pj_strcat2                0041d260 f   pjlib-i386-win32-vc8-release-static:string.obj
 0001:0001c2a0       _pj_strcmp                 0041d2a0 f   pjlib-i386-win32-vc8-release-static:string.obj
 0001:0001c300       _pj_strcpy                 0041d300 f   pjlib-i386-win32-vc8-release-static:string.obj
 0001:0001c330       _pj_strdup                 0041d330 f   pjlib-i386-win32-vc8-release-static:string.obj
 0001:0001c370       _pj_strdup2                0041d370 f   pjlib-i386-win32-vc8-release-static:string.obj
 0001:0001c3d0       _pj_strdup2_with_null      0041d3d0 f   pjlib-i386-win32-vc8-release-static:string.obj
 0001:0001c430       _pj_stricmp                0041d430 f   pjlib-i386-win32-vc8-release-static:string.obj
 0001:0001c4a0       _pj_strncpy                0041d4a0 f   pjlib-i386-win32-vc8-release-static:string.obj
 0001:0001c4d0       _pj_strncpy_with_null      0041d4d0 f   pjlib-i386-win32-vc8-release-static:string.obj
 0001:0001c510       _pj_utoa                   0041d510 f   pjlib-i386-win32-vc8-release-static:string.obj
 0001:0001c530       _pj_utoa_pad               0041d530 f   pjlib-i386-win32-vc8-release-static:string.obj
 0001:0001c5d0       _pj_pool_alloc             0041d5d0 f   pjlib-i386-win32-vc8-release-static:pool.obj
 0001:0001c620       _pj_pool_allocate_find     0041d620 f   pjlib-i386-win32-vc8-release-static:pool.obj
 0001:0001c700       _pj_pool_calloc            0041d700 f   pjlib-i386-win32-vc8-release-static:pool.obj
 0001:0001c760       _pj_pool_create            0041d760 f   pjlib-i386-win32-vc8-release-static:pool.obj
 0001:0001c7f0       _pj_pool_create_int        0041d7f0 f   pjlib-i386-win32-vc8-release-static:pool.obj
 0001:0001c8a0       _pj_pool_destroy_int       0041d8a0 f   pjlib-i386-win32-vc8-release-static:pool.obj
 0001:0001c8e0       _pj_pool_get_capacity      0041d8e0 f   pjlib-i386-win32-vc8-release-static:pool.obj
 0001:0001c8f0       _pj_pool_get_used_size     0041d8f0 f   pjlib-i386-win32-vc8-release-static:pool.obj
 0001:0001c920       _pj_pool_getobjname        0041d920 f   pjlib-i386-win32-vc8-release-static:pool.obj
 0001:0001c930       _pj_pool_init_int          0041d930 f   pjlib-i386-win32-vc8-release-static:pool.obj
 0001:0001c9a0       _pj_pool_release           0041d9a0 f   pjlib-i386-win32-vc8-release-static:pool.obj
 0001:0001c9c0       _pj_pool_reset             0041d9c0 f   pjlib-i386-win32-vc8-release-static:pool.obj
 0001:0001cdd0       _pj_caching_pool_destroy   0041ddd0 f   pjlib-i386-win32-vc8-release-static:pool_caching.obj
 0001:0001ceb0       _pj_caching_pool_init      0041deb0 f   pjlib-i386-win32-vc8-release-static:pool_caching.obj
 0001:0001d060       _pj_timer_entry_init       0041e060 f   pjlib-i386-win32-vc8-release-static:timer.obj
 0001:0001d090       _pj_timer_heap_cancel      0041e090 f   pjlib-i386-win32-vc8-release-static:timer.obj
 0001:0001d100       _pj_timer_heap_cancel_if_active 0041e100 f   pjlib-i386-win32-vc8-release-static:timer.obj
 0001:0001d170       _pj_timer_heap_create      0041e170 f   pjlib-i386-win32-vc8-release-static:timer.obj
 0001:0001d2b0       _pj_timer_heap_destroy     0041e2b0 f   pjlib-i386-win32-vc8-release-static:timer.obj
 0001:0001d2e0       _pj_timer_heap_poll        0041e2e0 f   pjlib-i386-win32-vc8-release-static:timer.obj
 0001:0001d450       _pj_timer_heap_schedule    0041e450 f   pjlib-i386-win32-vc8-release-static:timer.obj
 0001:0001d470       _pj_timer_heap_schedule_w_grp_lock 0041e470 f   pjlib-i386-win32-vc8-release-static:timer.obj
 0001:0001d8a0       _pj_gethostname            0041e8a0 f   pjlib-i386-win32-vc8-release-static:sock_bsd.obj
 0001:0001d920       _pj_htonl                  0041e920 f   pjlib-i386-win32-vc8-release-static:sock_bsd.obj
 0001:0001d930       _pj_htons                  0041e930 f   pjlib-i386-win32-vc8-release-static:sock_bsd.obj
 0001:0001d940       _pj_inet_aton              0041e940 f   pjlib-i386-win32-vc8-release-static:sock_bsd.obj
 0001:0001d9d0       _pj_inet_ntoa              0041e9d0 f   pjlib-i386-win32-vc8-release-static:sock_bsd.obj
 0001:0001d9e0       _pj_inet_ntop              0041e9e0 f   pjlib-i386-win32-vc8-release-static:sock_bsd.obj
 0001:0001daf0       _pj_inet_pton              0041eaf0 f   pjlib-i386-win32-vc8-release-static:sock_bsd.obj
 0001:0001dc50       _pj_ntohl                  0041ec50 f   pjlib-i386-win32-vc8-release-static:sock_bsd.obj
 0001:0001dc60       _pj_ntohs                  0041ec60 f   pjlib-i386-win32-vc8-release-static:sock_bsd.obj
 0001:0001dc70       _pj_sock_accept            0041ec70 f   pjlib-i386-win32-vc8-release-static:sock_bsd.obj
 0001:0001dce0       _pj_sock_bind              0041ece0 f   pjlib-i386-win32-vc8-release-static:sock_bsd.obj
 0001:0001dd50       _pj_sock_bind_in           0041ed50 f   pjlib-i386-win32-vc8-release-static:sock_bsd.obj
 0001:0001de20       _pj_sock_close             0041ee20 f   pjlib-i386-win32-vc8-release-static:sock_bsd.obj
 0001:0001de70       _pj_sock_connect           0041ee70 f   pjlib-i386-win32-vc8-release-static:sock_bsd.obj
 0001:0001ded0       _pj_sock_getsockname       0041eed0 f   pjlib-i386-win32-vc8-release-static:sock_bsd.obj
 0001:0001df30       _pj_sock_getsockopt        0041ef30 f   pjlib-i386-win32-vc8-release-static:sock_bsd.obj
 0001:0001dfa0       _pj_sock_recv              0041efa0 f   pjlib-i386-win32-vc8-release-static:sock_bsd.obj
 0001:0001e010       _pj_sock_recvfrom          0041f010 f   pjlib-i386-win32-vc8-release-static:sock_bsd.obj
 0001:0001e080       _pj_sock_send              0041f080 f   pjlib-i386-win32-vc8-release-static:sock_bsd.obj
 0001:0001e0f0       _pj_sock_sendto            0041f0f0 f   pjlib-i386-win32-vc8-release-static:sock_bsd.obj
 0001:0001e160       _pj_sock_setsockopt        0041f160 f   pjlib-i386-win32-vc8-release-static:sock_bsd.obj
 0001:0001e1e0       _pj_sock_socket            0041f1e0 f   pjlib-i386-win32-vc8-release-static:sock_bsd.obj
 0001:0001e290       _pj_time_val_normalize     0041f290 f   pjlib-i386-win32-vc8-release-static:types.obj
 0001:0001e5d0       _pj_grp_lock_acquire       0041f5d0 f   pjlib-i386-win32-vc8-release-static:lock.obj
 0001:0001e5e0       _pj_grp_lock_add_handler   0041f5e0 f   pjlib-i386-win32-vc8-release-static:lock.obj
 0001:0001e630       _pj_grp_lock_add_ref       0041f630 f   pjlib-i386-win32-vc8-release-static:lock.obj
 0001:0001e650       _pj_grp_lock_create        0041f650 f   pjlib-i386-win32-vc8-release-static:lock.obj
 0001:0001e740       _pj_grp_lock_dec_ref       0041f740 f   pjlib-i386-win32-vc8-release-static:lock.obj
 0001:0001e770       _pj_grp_lock_get_ref       0041f770 f   pjlib-i386-win32-vc8-release-static:lock.obj
 0001:0001e790       _pj_grp_lock_release       0041f790 f   pjlib-i386-win32-vc8-release-static:lock.obj
 0001:0001e7a0       _pj_lock_acquire           0041f7a0 f   pjlib-i386-win32-vc8-release-static:lock.obj
 0001:0001e7c0       _pj_lock_create_null_mutex 0041f7c0 f   pjlib-i386-win32-vc8-release-static:lock.obj
 0001:0001e7e0       _pj_lock_create_recursive_mutex 0041f7e0 f   pjlib-i386-win32-vc8-release-static:lock.obj
 0001:0001e800       _pj_lock_create_simple_mutex 0041f800 f   pjlib-i386-win32-vc8-release-static:lock.obj
 0001:0001e820       _pj_lock_destroy           0041f820 f   pjlib-i386-win32-vc8-release-static:lock.obj
 0001:0001e840       _pj_lock_release           0041f840 f   pjlib-i386-win32-vc8-release-static:lock.obj
 0001:0001e860       _pj_list_erase             0041f860 f   pjlib-i386-win32-vc8-release-static:list.obj
 0001:0001e880       _pj_list_insert_after      0041f880 f   pjlib-i386-win32-vc8-release-static:list.obj
 0001:0001e8a0       _pj_list_insert_before     0041f8a0 f   pjlib-i386-win32-vc8-release-static:list.obj
 0001:0001e8c0       _pj_array_erase            0041f8c0 f   pjlib-i386-win32-vc8-release-static:array.obj
 0001:0001eb20       _pj_hash_calc              0041fb20 f   pjlib-i386-win32-vc8-release-static:hash.obj
 0001:0001ebb0       _pj_hash_create            0041fbb0 f   pjlib-i386-win32-vc8-release-static:hash.obj
 0001:0001ec00       _pj_hash_first             0041fc00 f   pjlib-i386-win32-vc8-release-static:hash.obj
 0001:0001ec40       _pj_hash_get               0041fc40 f   pjlib-i386-win32-vc8-release-static:hash.obj
 0001:0001ec70       _pj_hash_next              0041fc70 f   pjlib-i386-win32-vc8-release-static:hash.obj
 0001:0001ecc0       _pj_hash_set               0041fcc0 f   pjlib-i386-win32-vc8-release-static:hash.obj
 0001:0001ed20       _pj_hash_set_np            0041fd20 f   pjlib-i386-win32-vc8-release-static:hash.obj
 0001:0001ed80       _pj_hash_this              0041fd80 f   pjlib-i386-win32-vc8-release-static:hash.obj
 0001:0001eda0       _pj_rand                   0041fda0 f   pjlib-i386-win32-vc8-release-static:rand.obj
 0001:0001edd0       _pj_gettimeofday           0041fdd0 f   pjlib-i386-win32-vc8-release-static:os_time_win32.obj
 0001:0001ee80       _pj_time_decode            0041fe80 f   pjlib-i386-win32-vc8-release-static:os_time_win32.obj
 0001:0001ef30       _pj_qos_get_params         0041ff30 f   pjlib-i386-win32-vc8-release-static:sock_qos_common.obj
 0001:0001ef60       _pj_sock_apply_qos         0041ff60 f   pjlib-i386-win32-vc8-release-static:sock_qos_common.obj
 0001:0001f020       _pj_sock_apply_qos2        00420020 f   pjlib-i386-win32-vc8-release-static:sock_qos_common.obj
 0001:0001f460       _pj_activesock_cfg_default 00420460 f   pjlib-i386-win32-vc8-release-static:activesock.obj
 0001:0001f490       _pj_activesock_close       00420490 f   pjlib-i386-win32-vc8-release-static:activesock.obj
 0001:0001f4d0       _pj_activesock_create      004204d0 f   pjlib-i386-win32-vc8-release-static:activesock.obj
 0001:0001f650       _pj_activesock_get_user_data 00420650 f   pjlib-i386-win32-vc8-release-static:activesock.obj
 0001:0001f670       _pj_activesock_send        00420670 f   pjlib-i386-win32-vc8-release-static:activesock.obj
 0001:0001f740       _pj_activesock_sendto      00420740 f   pjlib-i386-win32-vc8-release-static:activesock.obj
 0001:0001f7a0       _pj_activesock_start_connect 004207a0 f   pjlib-i386-win32-vc8-release-static:activesock.obj
 0001:0001f7d0       _pj_activesock_start_read  004207d0 f   pjlib-i386-win32-vc8-release-static:activesock.obj
 0001:0001f8e0       _pj_activesock_start_recvfrom 004208e0 f   pjlib-i386-win32-vc8-release-static:activesock.obj
 0001:0001fa70       _pj_getaddrinfo            00420a70 f   pjlib-i386-win32-vc8-release-static:addr_resolv_sock.obj
 0001:0001fc40       _pj_gethostbyname          00420c40 f   pjlib-i386-win32-vc8-release-static:addr_resolv_sock.obj
 0001:00020200       _pj_enum_ip_interface      00421200 f   pjlib-i386-win32-vc8-release-static:ip_helper_win32.obj
 0001:00020300       _pj_exception_id_alloc     00421300 f   pjlib-i386-win32-vc8-release-static:except.obj
 0001:00020350       _pj_exception_id_free      00421350 f   pjlib-i386-win32-vc8-release-static:except.obj
 0001:00020390       _pj_pop_exception_handler_ 00421390 f   pjlib-i386-win32-vc8-release-static:except.obj
 0001:000203c0       _pj_push_exception_handler_ 004213c0 f   pjlib-i386-win32-vc8-release-static:except.obj
 0001:00020410       _pj_throw_exception_       00421410 f   pjlib-i386-win32-vc8-release-static:except.obj
 0001:000204b0       _pj_pool_create_on_buf     004214b0 f   pjlib-i386-win32-vc8-release-static:pool_buf.obj
 0001:000205c0       _pj_get_timestamp          004215c0 f   pjlib-i386-win32-vc8-release-static:os_timestamp_win32.obj
 0001:00020620       _pj_get_timestamp_freq     00421620 f   pjlib-i386-win32-vc8-release-static:os_timestamp_win32.obj
 0001:00020700       _pj_generate_unique_string 00421700 f   pjlib-i386-win32-vc8-release-static:guid_win32.obj
 0001:00020750       _pj_elapsed_time           00421750 f   pjlib-i386-win32-vc8-release-static:os_timestamp_common.obj
 0001:00020800       _pj_gettickcount           00421800 f   pjlib-i386-win32-vc8-release-static:os_timestamp_common.obj
 0001:00020840       _PJ_FD_CLR                 00421840 f   pjlib-i386-win32-vc8-release-static:sock_select.obj
 0001:000208c0       _PJ_FD_COUNT               004218c0 f   pjlib-i386-win32-vc8-release-static:sock_select.obj
 0001:000208d0       _PJ_FD_ISSET               004218d0 f   pjlib-i386-win32-vc8-release-static:sock_select.obj
 0001:00020900       _PJ_FD_SET                 00421900 f   pjlib-i386-win32-vc8-release-static:sock_select.obj
 0001:00020970       _PJ_FD_ZERO                00421970 f   pjlib-i386-win32-vc8-release-static:sock_select.obj
 0001:000209a0       _pj_sock_select            004219a0 f   pjlib-i386-win32-vc8-release-static:sock_select.obj
 0001:00020ad0       _pj_sock_set_qos_params    00421ad0 f   pjlib-i386-win32-vc8-release-static:sock_qos_bsd.obj
 0001:00020b70       _pj_sock_set_qos_type      00421b70 f   pjlib-i386-win32-vc8-release-static:sock_qos_bsd.obj
 0001:00020b9c       ___WSAFDIsSet@8            00421b9c f   ws2_32:WS2_32.dll
 0001:00020ba2       ___raise_securityfailure   00421ba2 f   LIBCMT:gs_report.obj
 0001:00020bca       ___report_gsfailure        00421bca f   LIBCMT:gs_report.obj
 0001:00020cc5       ___report_rangecheckfailure 00421cc5 f   LIBCMT:gs_report.obj
 0001:00020cd1       ___report_securityfailure  00421cd1 f   LIBCMT:gs_report.obj
 0001:00020da1       @__security_check_cookie@4 00421da1 f   LIBCMT:_secchk_.obj
 0001:00020fdf       _mainCRTStartup            00421fdf f   LIBCMT:exe_main.obj
 0001:00020fe9       ___isa_available_init      00421fe9 f   LIBCMT:_cpu_disp_.obj
 0001:00021190       __alldiv                   00422190 f   LIBCMT:lldiv.obj
 0001:00021240       __allmul                   00422240 f   LIBCMT:llmul.obj
 0001:00021280       __ftoui3                   00422280 f   LIBCMT:_ftol3_.obj
 0001:0002128f       __ftoul3                   0042228f f   LIBCMT:_ftol3_.obj
 0001:0002129e       __ftol3                    0042229e f   LIBCMT:_ftol3_.obj
 0001:000212ab       __ftol3_NaN                004222ab f   LIBCMT:_ftol3_.obj
 0001:000212c3       __ftol3_work               004222c3 f   LIBCMT:_ftol3_.obj
 0001:00021349       __ftol3_common             00422349 f   LIBCMT:_ftol3_.obj
 0001:0002140b       __ftol3_arg_error          0042240b f   LIBCMT:_ftol3_.obj
 0001:0002141d       __ftol3_except             0042241d f   LIBCMT:_ftol3_.obj
 0001:00021461       __dtoui3                   00422461 f   LIBCMT:_ftol3_.obj
 0001:00021470       __dtoul3                   00422470 f   LIBCMT:_ftol3_.obj
 0001:0002147f       __dtol3                    0042247f f   LIBCMT:_ftol3_.obj
 0001:0002148c       __dtol3_NaN                0042248c f   LIBCMT:_ftol3_.obj
 0001:000214a9       __dtol3_work               004224a9 f   LIBCMT:_ftol3_.obj
 0001:00021590       __ultod3                   00422590 f   LIBCMT:_ftol3_.obj
 0001:000215d0       __ltod3                    004225d0 f   LIBCMT:_ftol3_.obj
 0001:000215f7       ??$__crt_fast_encode_pointer@PAP6AXXZ@@YAPAP6AXXZQAP6AXXZ@Z 004225f7 f i LIBCMT:utility.obj
 0001:000215f7       ??$__crt_fast_encode_pointer@PAX@@YAPAXQAX@Z 004225f7 f i libvcruntime:winapi_downlevel.obj
 0001:00021658       ___scrt_acquire_startup_lock 00422658 f   LIBCMT:utility.obj
 0001:0002168d       ___scrt_initialize_crt     0042268d f   LIBCMT:utility.obj
 0001:000216c6       ___scrt_initialize_onexit_tables 004226c6 f   LIBCMT:utility.obj
 0001:0002175d       ___scrt_is_nonwritable_in_current_image 0042275d f   LIBCMT:utility.obj
 0001:000217e7       ___scrt_release_startup_lock 004227e7 f   LIBCMT:utility.obj
 0001:00021804       ___scrt_uninitialize_crt   00422804 f   LIBCMT:utility.obj
 0001:0002182c       __onexit                   0042282c f   LIBCMT:utility.obj
 0001:00021867       _atexit                    00422867 f   LIBCMT:utility.obj
 0001:0002187c       ___security_init_cookie    0042287c f   LIBCMT:gs_support.obj
 0001:00021918       __get_startup_argv_mode    00422918 f   LIBCMT:argv_mode.obj
 0001:0002191c       __get_startup_file_mode    0042291c f   LIBCMT:file_mode.obj
 0001:00021922       ?__scrt_initialize_type_info@@YAXXZ 00422922 f   LIBCMT:tncleanup.obj
 0001:0002192e       __initialize_default_precision 0042292e f   LIBCMT:default_precision.obj
 0001:0002194f       ___scrt_initialize_default_local_stdio_options 0042294f f   LIBCMT:default_local_stdio_options.obj
 0001:0002196c       ___scrt_is_user_matherr_present 0042296c f   LIBCMT:matherr_detection.obj
 0001:00021978       ___scrt_get_dyn_tls_init_callback 00422978 f   LIBCMT:dyn_tls_init.obj
 0001:0002197e       ___scrt_get_dyn_tls_dtor_callback 0042297e f   LIBCMT:dyn_tls_dtor.obj
 0001:00021984       ___scrt_fastfail           00422984 f   LIBCMT:utility_desktop.obj
 0001:00021a9f       ___scrt_is_managed_app     00422a9f f   LIBCMT:utility_desktop.obj
 0001:00021ae3       ___scrt_set_unhandled_exception_filter 00422ae3 f   LIBCMT:utility_desktop.obj
 0001:00021aef       ___scrt_unhandled_exception_filter@4 00422aef f   LIBCMT:utility_desktop.obj
 0001:00021b30       __crt_debugger_hook        00422b30 f   LIBCMT:utility_desktop.obj
 0001:00021b38       __RTC_Initialize           00422b38 f   LIBCMT:_initsect_.obj
 0001:00021b63       __RTC_Terminate            00422b63 f   LIBCMT:_initsect_.obj
 0001:00021b8e       @_guard_check_icall@4      00422b8e f i LIBCMT:checkcfg.obj
 0001:00021ba0       __SEH_prolog4              00422ba0 f   LIBCMT:_sehprolg4_.obj
 0001:00021be6       __SEH_epilog4              00422be6 f   LIBCMT:_sehprolg4_.obj
 0001:00021bfb       ___scrt_is_ucrt_dll_in_use 00422bfb f   LIBCMT:ucrt_detection.obj
 0001:00021c08       _IsProcessorFeaturePresent@4 00422c08 f   kernel32:KERNEL32.dll
 0001:00021c10       _memchr                    00422c10 f   libvcruntime:memchr.obj
 0001:00021cc0       _strchr                    00422cc0 f   libvcruntime:strchr.obj
 0001:00021d2e       ___from_strstr_to_strchr   00422d2e     libvcruntime:strchr.obj
 0001:00021df0       _memset                    00422df0 f   libvcruntime:memset.obj
 0001:00021f50       _memcpy                    00422f50 f   libvcruntime:memcpy.obj
 0001:000224d0       _memmove                   004234d0 f   libvcruntime:memmove.obj
 0001:00022a50       __setjmp3                  00423a50 f   libvcruntime:_setjmp3_.obj
 0001:00022acb       _longjmp                   00423acb f   libvcruntime:longjmpc.obj
 0001:00022b20       __except_handler4          00423b20 f   libvcruntime:_chandler4_.obj
 0001:00022c86       ___vcrt_initialize         00423c86 f   libvcruntime:initialization.obj
 0001:00022caf       ___vcrt_uninitialize       00423caf f   libvcruntime:initialization.obj
 0001:00022cd0       __global_unwind2           00423cd0 f   libvcruntime:_exsup_.obj
 0001:00022d35       __local_unwind2            00423d35 f   libvcruntime:_exsup_.obj
 0001:00022db9       __abnormal_termination     00423db9 f   libvcruntime:_exsup_.obj
 0001:00022ddc       __NLG_Notify1              00423ddc f   libvcruntime:_exsup_.obj
 0001:00022de5       __NLG_Notify               00423de5 f   libvcruntime:_exsup_.obj
 0001:00022dfc       __NLG_Dispatch2            00423dfc     libvcruntime:_exsup_.obj
 0001:00022dfc       __NLG_Dispatch             00423dfc     libvcruntime:_exsup_.obj
 0001:00022e04       __NLG_Call                 00423e04 f   libvcruntime:_exsup_.obj
 0001:00022e06       __NLG_Return2              00423e06     libvcruntime:_exsup_.obj
 0001:00022e10       ___longjmp_internal        00423e10 f   libvcruntime:_longjmp_.obj
 0001:00022ed0       ___except_validate_jump_buffer 00423ed0 f   libvcruntime:jbcxrval.obj
 0001:00022ed0       ___except_validate_context_record 00423ed0 f   libvcruntime:jbcxrval.obj
 0001:00022ed0       __initialize_denormal_control 00423ed0 f   LIBCMT:denormal_control.obj
 0001:00022ed0       __initialize_invalid_parameter_handler 00423ed0 f   LIBCMT:invalid_parameter_handler.obj
 0001:00022ed0       @_guard_check_icall_nop@4  00423ed0 f   LIBCMT:guard_support.obj
 0001:00022ee0       __local_unwind4            00423ee0 f   libvcruntime:_exsup4_.obj
 0001:00022fb6       __seh_longjmp_unwind4@4    00423fb6 f   libvcruntime:_exsup4_.obj
 0001:00022fde       @_EH4_CallFilterFunc@8     00423fde f   libvcruntime:_exsup4_.obj
 0001:00022ff5       @_EH4_TransferToHandler@8  00423ff5 f   libvcruntime:_exsup4_.obj
 0001:0002300e       @_EH4_GlobalUnwind2@8      0042400e f   libvcruntime:_exsup4_.obj
 0001:00023027       @_EH4_LocalUnwind@16       00424027 f   libvcruntime:_exsup4_.obj
 0001:0002303e       ___vcrt_freefls@4          0042403e f   libvcruntime:per_thread_data.obj
 0001:0002305a       ___vcrt_initialize_ptd     0042405a f   libvcruntime:per_thread_data.obj
 0001:0002308d       ___vcrt_uninitialize_ptd   0042408d f   libvcruntime:per_thread_data.obj
 0001:000230a8       ___vcrt_initialize_locks   004240a8 f   libvcruntime:locks.obj
 0001:000230e4       ___vcrt_uninitialize_locks 004240e4 f   libvcruntime:locks.obj
 0001:00023234       ___vcrt_FlsAlloc           00424234 f   libvcruntime:winapi_downlevel.obj
 0001:0002326e       ___vcrt_FlsFree            0042426e f   libvcruntime:winapi_downlevel.obj
 0001:000232a8       ___vcrt_FlsSetValue        004242a8 f   libvcruntime:winapi_downlevel.obj
 0001:000232e5       ___vcrt_InitializeCriticalSectionEx 004242e5 f   libvcruntime:winapi_downlevel.obj
 0001:0002332b       ___vcrt_initialize_winapi_thunks 0042432b f   libvcruntime:winapi_downlevel.obj
 0001:00023365       ___vcrt_uninitialize_winapi_thunks 00424365 f   libvcruntime:winapi_downlevel.obj
 0001:00023397       ___vcrt_initialize_pure_virtual_call_handler 00424397 f   libvcruntime:purevirt_data.obj
 0001:000233b4       __rt_probe_read4@4         004243b4 f   libvcruntime:_sehsupp_.obj
 0001:000233f8       ___acrt_initialize_stdio   004243f8 f   libucrt:_file.obj
 0001:000234c0       ___acrt_iob_func           004244c0 f   libucrt:_file.obj
 0001:000234d0       ___acrt_uninitialize_stdio 004244d0 f   libucrt:_file.obj
 0001:0002351c       __lock_file                0042451c f   libucrt:_file.obj
 0001:00023530       __unlock_file              00424530 f   libucrt:_file.obj
 0001:00023544       __fclose_nolock            00424544 f   libucrt:fclose.obj
 0001:000235ba       _fclose                    004245ba f   libucrt:fclose.obj
 0001:0002363a       ___acrt_stdio_flush_nolock 0042463a f   libucrt:fflush.obj
 0001:000236a0       __fflush_nolock            004246a0 f   libucrt:fflush.obj
 0001:000236e7       __flushall                 004246e7 f   libucrt:fflush.obj
 0001:000237c8       _fflush                    004247c8 f   libucrt:fflush.obj
 0001:000238e6       ?validate_stream_is_ansi_if_required@?$__acrt_stdio_char_traits@D@@SA_NQAU_iobuf@@@Z 004248e6 f i libucrt:fgets.obj
 0001:00023968       _fgets                     00424968 f   libucrt:fgets.obj
 0001:00023a34       _fopen                     00424a34 f   libucrt:fopen.obj
 0001:00023a4b       ??$?RV<lambda_11b4f7b0d3157825a5656a18eba1ae27>@@AAV<lambda_b51c0495177f500e782686251704ae76>@@V<lambda_cf89b47920b5017557bfe891e78aca36>@@@?$__crt_seh_guarded_call@I@@QAEI$$QAV<lambda_11b4f7b0d3157825a5656a18eba1ae27>@@AAV<lambda_b51c0495177f500e782686251704ae76>@@$$QAV<lambda_cf89b47920b5017557bfe891e78aca36>@@@Z 00424a4b f i libucrt:fwrite.obj
 0001:00023a9c       ??$__acrt_lock_stream_and_call@V<lambda_b51c0495177f500e782686251704ae76>@@@@YAIQAU_iobuf@@$$QAV<lambda_b51c0495177f500e782686251704ae76>@@@Z 00424a9c f i libucrt:fwrite.obj
 0001:00023b0a       __fwrite_nolock            00424b0a f   libucrt:fwrite.obj
 0001:00023c83       _fwrite                    00424c83 f   libucrt:fwrite.obj
 0001:00023cdb       ??$?RV<lambda_1fb4243d5e107ad4daf16ff362ca4a34>@@AAV<lambda_55f9cbce55698c0319f95c01c080475b>@@V<lambda_d740392b9cecdfa14abfd902a66ab607>@@@?$__crt_seh_guarded_call@H@@QAEH$$QAV<lambda_1fb4243d5e107ad4daf16ff362ca4a34>@@AAV<lambda_55f9cbce55698c0319f95c01c080475b>@@$$QAV<lambda_d740392b9cecdfa14abfd902a66ab607>@@@Z 00424cdb f i libucrt:puts.obj
 0001:00023d2c       ??$__acrt_lock_stream_and_call@V<lambda_55f9cbce55698c0319f95c01c080475b>@@@@YAHQAU_iobuf@@$$QAV<lambda_55f9cbce55698c0319f95c01c080475b>@@@Z 00424d2c f i libucrt:puts.obj
 0001:00023db6       _puts                      00424db6 f   libucrt:puts.obj
 0001:00023e95       ??$?RV<lambda_db08b09ef7aa9d4f8620ce68402612bc>@@AAV<lambda_4f2c1eaeead2a5fc776db5b62ea0fb9b>@@V<lambda_3ae262bc35d4ba6a3825c4f6bcaaf95c>@@@?$__crt_seh_guarded_call@H@@QAEH$$QAV<lambda_db08b09ef7aa9d4f8620ce68402612bc>@@AAV<lambda_4f2c1eaeead2a5fc776db5b62ea0fb9b>@@$$QAV<lambda_3ae262bc35d4ba6a3825c4f6bcaaf95c>@@@Z 00424e95 f i libucrt:output.obj
 0001:00023ee6       ??$__acrt_lock_stream_and_call@V<lambda_4f2c1eaeead2a5fc776db5b62ea0fb9b>@@@@YAHQAU_iobuf@@$$QAV<lambda_4f2c1eaeead2a5fc776db5b62ea0fb9b>@@@Z 00424ee6 f i libucrt:output.obj
 0001:0002408a       ??$count@D@formatting_buffer@__crt_stdio_output@@QBEIXZ 0042508a f i libucrt:output.obj
 0001:000240a2       ??$ensure_buffer_is_big_enough@D@formatting_buffer@__crt_stdio_output@@QAE_NI@Z 004250a2 f i libucrt:output.obj
 0001:00024128       ??$is_wide_character_specifier@D@__crt_stdio_output@@YA_N_KDW4length_modifier@0@@Z 00425128 f i libucrt:output.obj
 0001:00024168       ??$scratch_data@D@formatting_buffer@__crt_stdio_output@@QAEPADXZ 00425168 f i libucrt:output.obj
 0001:00024186       ??$type_case_integer_parse_into_buffer@I@?$output_processor@DV?$stream_output_adapter@D@__crt_stdio_output@@V?$standard_base@DV?$stream_output_adapter@D@__crt_stdio_output@@@2@@__crt_stdio_output@@AAEXII_N@Z 00425186 f i libucrt:output.obj
 0001:00024186       ??$type_case_integer_parse_into_buffer@I@?$output_processor@DV?$string_output_adapter@D@__crt_stdio_output@@V?$standard_base@DV?$string_output_adapter@D@__crt_stdio_output@@@2@@__crt_stdio_output@@AAEXII_N@Z 00425186 f i libucrt:output.obj
 0001:000241fb       ??$type_case_integer_parse_into_buffer@_K@?$output_processor@DV?$stream_output_adapter@D@__crt_stdio_output@@V?$standard_base@DV?$stream_output_adapter@D@__crt_stdio_output@@@2@@__crt_stdio_output@@AAEX_KI_N@Z 004251fb f i libucrt:output.obj
 0001:000241fb       ??$type_case_integer_parse_into_buffer@_K@?$output_processor@DV?$string_output_adapter@D@__crt_stdio_output@@V?$standard_base@DV?$string_output_adapter@D@__crt_stdio_output@@@2@@__crt_stdio_output@@AAEX_KI_N@Z 004251fb f i libucrt:output.obj
 0001:00024283       ??$write_multiple_characters@V?$stream_output_adapter@D@__crt_stdio_output@@D@__crt_stdio_output@@YAXABV?$stream_output_adapter@D@0@DHQAH@Z 00425283 f i libucrt:output.obj
 0001:000242af       ??$write_multiple_characters@V?$string_output_adapter@D@__crt_stdio_output@@D@__crt_stdio_output@@YAXABV?$string_output_adapter@D@0@DHQAH@Z 004252af f i libucrt:output.obj
 0001:000242db       ??0?$common_data@D@__crt_stdio_output@@IAE@XZ 004252db f i libucrt:output.obj
 0001:00024322       ??0?$output_adapter_data@DV?$string_output_adapter@D@__crt_stdio_output@@@__crt_stdio_output@@IAE@ABV?$string_output_adapter@D@1@_KQBDQAU__crt_locale_pointers@@QAD@Z 00425322 f i libucrt:output.obj
 0001:00024322       ??0?$output_adapter_data@DV?$stream_output_adapter@D@__crt_stdio_output@@@__crt_stdio_output@@IAE@ABV?$stream_output_adapter@D@1@_KQBDQAU__crt_locale_pointers@@QAD@Z 00425322 f i libucrt:output.obj
 0001:0002435e       ??0?$output_processor@DV?$stream_output_adapter@D@__crt_stdio_output@@V?$standard_base@DV?$stream_output_adapter@D@__crt_stdio_output@@@2@@__crt_stdio_output@@QAE@ABV?$stream_output_adapter@D@1@_KQBDQAU__crt_locale_pointers@@QAD@Z 0042535e f i libucrt:output.obj
 0001:0002435e       ??0?$output_processor@DV?$string_output_adapter@D@__crt_stdio_output@@V?$standard_base@DV?$string_output_adapter@D@__crt_stdio_output@@@2@@__crt_stdio_output@@QAE@ABV?$string_output_adapter@D@1@_KQBDQAU__crt_locale_pointers@@QAD@Z 0042535e f i libucrt:output.obj
 0001:00024393       ??0_LocaleUpdate@@QAE@QAU__crt_locale_pointers@@@Z 00425393 f i libucrt:output.obj
 0001:00024416       ??1formatting_buffer@__crt_stdio_output@@QAE@XZ 00425416 f i libucrt:output.obj
 0001:00024430       ??4?$__crt_unique_heap_ptr@DU__crt_internal_free_policy@@@@QAEAAV0@$$QAV0@@Z 00425430 f i libucrt:output.obj
 0001:00024511       ?crop_zeroes@__crt_stdio_output@@YAXPADQAU__crt_locale_pointers@@@Z 00425511 f i libucrt:output.obj
 0001:00024568       ?find_next_state@?$output_processor@DV?$stream_output_adapter@D@__crt_stdio_output@@V?$standard_base@DV?$stream_output_adapter@D@__crt_stdio_output@@@2@@__crt_stdio_output@@ABE?AW4state@2@DW432@@Z 00425568 f i libucrt:output.obj
 0001:00024568       ?find_next_state@?$output_processor@DV?$string_output_adapter@D@__crt_stdio_output@@V?$standard_base@DV?$string_output_adapter@D@__crt_stdio_output@@@2@@__crt_stdio_output@@ABE?AW4state@2@DW432@@Z 00425568 f i libucrt:output.obj
 0001:0002459a       ?force_decimal_point@__crt_stdio_output@@YAXPADQAU__crt_locale_pointers@@@Z 0042559a f i libucrt:output.obj
 0001:000245f6       ?parse_int_from_format_string@?$output_processor@DV?$stream_output_adapter@D@__crt_stdio_output@@V?$standard_base@DV?$stream_output_adapter@D@__crt_stdio_output@@@2@@__crt_stdio_output@@AAE_NQAH@Z 004255f6 f i libucrt:output.obj
 0001:000245f6       ?parse_int_from_format_string@?$output_processor@DV?$string_output_adapter@D@__crt_stdio_output@@V?$standard_base@DV?$string_output_adapter@D@__crt_stdio_output@@@2@@__crt_stdio_output@@AAE_NQAH@Z 004255f6 f i libucrt:output.obj
 0001:00024652       ?process@?$output_processor@DV?$stream_output_adapter@D@__crt_stdio_output@@V?$standard_base@DV?$stream_output_adapter@D@__crt_stdio_output@@@2@@__crt_stdio_output@@QAEHXZ 00425652 f i libucrt:output.obj
 0001:0002476e       ?process@?$output_processor@DV?$string_output_adapter@D@__crt_stdio_output@@V?$standard_base@DV?$string_output_adapter@D@__crt_stdio_output@@@2@@__crt_stdio_output@@QAEHXZ 0042576e f i libucrt:output.obj
 0001:0002488a       ?state_case_flag@?$output_processor@DV?$stream_output_adapter@D@__crt_stdio_output@@V?$standard_base@DV?$stream_output_adapter@D@__crt_stdio_output@@@2@@__crt_stdio_output@@AAE_NXZ 0042588a f i libucrt:output.obj
 0001:0002488a       ?state_case_flag@?$output_processor@DV?$string_output_adapter@D@__crt_stdio_output@@V?$standard_base@DV?$string_output_adapter@D@__crt_stdio_output@@@2@@__crt_stdio_output@@AAE_NXZ 0042588a f i libucrt:output.obj
 0001:000248c7       ?state_case_normal@?$output_processor@DV?$stream_output_adapter@D@__crt_stdio_output@@V?$standard_base@DV?$stream_output_adapter@D@__crt_stdio_output@@@2@@__crt_stdio_output@@AAE_NXZ 004258c7 f i libucrt:output.obj
 0001:000248e6       ?state_case_normal@?$output_processor@DV?$string_output_adapter@D@__crt_stdio_output@@V?$standard_base@DV?$string_output_adapter@D@__crt_stdio_output@@@2@@__crt_stdio_output@@AAE_NXZ 004258e6 f i libucrt:output.obj
 0001:00024905       ?state_case_normal_common@?$output_processor@DV?$stream_output_adapter@D@__crt_stdio_output@@V?$standard_base@DV?$stream_output_adapter@D@__crt_stdio_output@@@2@@__crt_stdio_output@@AAE_NXZ 00425905 f i libucrt:output.obj
 0001:0002492f       ?state_case_normal_common@?$output_processor@DV?$string_output_adapter@D@__crt_stdio_output@@V?$standard_base@DV?$string_output_adapter@D@__crt_stdio_output@@@2@@__crt_stdio_output@@AAE_NXZ 0042592f f i libucrt:output.obj
 0001:00024959       ?state_case_normal_tchar@?$output_processor@DV?$stream_output_adapter@D@__crt_stdio_output@@V?$standard_base@DV?$stream_output_adapter@D@__crt_stdio_output@@@2@@__crt_stdio_output@@AAE_ND@Z 00425959 f i libucrt:output.obj
 0001:000249ba       ?state_case_normal_tchar@?$output_processor@DV?$string_output_adapter@D@__crt_stdio_output@@V?$standard_base@DV?$string_output_adapter@D@__crt_stdio_output@@@2@@__crt_stdio_output@@AAE_ND@Z 004259ba f i libucrt:output.obj
 0001:00024a1b       ?state_case_precision@?$output_processor@DV?$string_output_adapter@D@__crt_stdio_output@@V?$standard_base@DV?$string_output_adapter@D@__crt_stdio_output@@@2@@__crt_stdio_output@@AAE_NXZ 00425a1b f i libucrt:output.obj
 0001:00024a1b       ?state_case_precision@?$output_processor@DV?$stream_output_adapter@D@__crt_stdio_output@@V?$standard_base@DV?$stream_output_adapter@D@__crt_stdio_output@@@2@@__crt_stdio_output@@AAE_NXZ 00425a1b f i libucrt:output.obj
 0001:00024a43       ?state_case_size@?$output_processor@DV?$stream_output_adapter@D@__crt_stdio_output@@V?$standard_base@DV?$stream_output_adapter@D@__crt_stdio_output@@@2@@__crt_stdio_output@@AAE_NXZ 00425a43 f i libucrt:output.obj
 0001:00024bac       ?state_case_size@?$output_processor@DV?$string_output_adapter@D@__crt_stdio_output@@V?$standard_base@DV?$string_output_adapter@D@__crt_stdio_output@@@2@@__crt_stdio_output@@AAE_NXZ 00425bac f i libucrt:output.obj
 0001:00024d15       ?state_case_type@?$output_processor@DV?$stream_output_adapter@D@__crt_stdio_output@@V?$standard_base@DV?$stream_output_adapter@D@__crt_stdio_output@@@2@@__crt_stdio_output@@AAE_NXZ 00425d15 f i libucrt:output.obj
 0001:00024f44       ?state_case_type@?$output_processor@DV?$string_output_adapter@D@__crt_stdio_output@@V?$standard_base@DV?$string_output_adapter@D@__crt_stdio_output@@@2@@__crt_stdio_output@@AAE_NXZ 00425f44 f i libucrt:output.obj
 0001:00025173       ?state_case_width@?$output_processor@DV?$stream_output_adapter@D@__crt_stdio_output@@V?$standard_base@DV?$stream_output_adapter@D@__crt_stdio_output@@@2@@__crt_stdio_output@@AAE_NXZ 00426173 f i libucrt:output.obj
 0001:00025173       ?state_case_width@?$output_processor@DV?$string_output_adapter@D@__crt_stdio_output@@V?$standard_base@DV?$string_output_adapter@D@__crt_stdio_output@@@2@@__crt_stdio_output@@AAE_NXZ 00426173 f i libucrt:output.obj
 0001:0002519e       ?to_integer_size@__crt_stdio_output@@YAIW4length_modifier@1@@Z 0042619e f i libucrt:output.obj
 0001:000251fa       ?type_case_Z@?$output_processor@DV?$string_output_adapter@D@__crt_stdio_output@@V?$standard_base@DV?$string_output_adapter@D@__crt_stdio_output@@@2@@__crt_stdio_output@@AAE_NXZ 004261fa f i libucrt:output.obj
 0001:000251fa       ?type_case_Z@?$output_processor@DV?$stream_output_adapter@D@__crt_stdio_output@@V?$standard_base@DV?$stream_output_adapter@D@__crt_stdio_output@@@2@@__crt_stdio_output@@AAE_NXZ 004261fa f i libucrt:output.obj
 0001:0002525d       ?type_case_a@?$output_processor@DV?$string_output_adapter@D@__crt_stdio_output@@V?$standard_base@DV?$string_output_adapter@D@__crt_stdio_output@@@2@@__crt_stdio_output@@AAE_NXZ 0042625d f i libucrt:output.obj
 0001:0002525d       ?type_case_a@?$output_processor@DV?$stream_output_adapter@D@__crt_stdio_output@@V?$standard_base@DV?$stream_output_adapter@D@__crt_stdio_output@@@2@@__crt_stdio_output@@AAE_NXZ 0042625d f i libucrt:output.obj
 0001:000253b7       ?type_case_c_tchar@?$output_processor@DV?$stream_output_adapter@D@__crt_stdio_output@@V?$standard_base@DV?$stream_output_adapter@D@__crt_stdio_output@@@2@@__crt_stdio_output@@AAE_ND@Z 004263b7 f i libucrt:output.obj
 0001:000253b7       ?type_case_c_tchar@?$output_processor@DV?$string_output_adapter@D@__crt_stdio_output@@V?$standard_base@DV?$string_output_adapter@D@__crt_stdio_output@@@2@@__crt_stdio_output@@AAE_ND@Z 004263b7 f i libucrt:output.obj
 0001:00025447       ?type_case_integer@?$output_processor@DV?$stream_output_adapter@D@__crt_stdio_output@@V?$standard_base@DV?$stream_output_adapter@D@__crt_stdio_output@@@2@@__crt_stdio_output@@AAE_NI_N@Z 00426447 f i libucrt:output.obj
 0001:00025447       ?type_case_integer@?$output_processor@DV?$string_output_adapter@D@__crt_stdio_output@@V?$standard_base@DV?$string_output_adapter@D@__crt_stdio_output@@@2@@__crt_stdio_output@@AAE_NI_N@Z 00426447 f i libucrt:output.obj
 0001:00025591       ?type_case_n@?$output_processor@DV?$stream_output_adapter@D@__crt_stdio_output@@V?$standard_base@DV?$stream_output_adapter@D@__crt_stdio_output@@@2@@__crt_stdio_output@@AAE_NXZ 00426591 f i libucrt:output.obj
 0001:00025591       ?type_case_n@?$output_processor@DV?$string_output_adapter@D@__crt_stdio_output@@V?$standard_base@DV?$string_output_adapter@D@__crt_stdio_output@@@2@@__crt_stdio_output@@AAE_NXZ 00426591 f i libucrt:output.obj
 0001:00025605       ?type_case_o@?$output_processor@DV?$stream_output_adapter@D@__crt_stdio_output@@V?$standard_base@DV?$stream_output_adapter@D@__crt_stdio_output@@@2@@__crt_stdio_output@@AAE_NXZ 00426605 f i libucrt:output.obj
 0001:00025605       ?type_case_o@?$output_processor@DV?$string_output_adapter@D@__crt_stdio_output@@V?$standard_base@DV?$string_output_adapter@D@__crt_stdio_output@@@2@@__crt_stdio_output@@AAE_NXZ 00426605 f i libucrt:output.obj
 0001:00025624       ?type_case_p@?$output_processor@DV?$stream_output_adapter@D@__crt_stdio_output@@V?$standard_base@DV?$stream_output_adapter@D@__crt_stdio_output@@@2@@__crt_stdio_output@@AAE_NXZ 00426624 f i libucrt:output.obj
 0001:00025624       ?type_case_p@?$output_processor@DV?$string_output_adapter@D@__crt_stdio_output@@V?$standard_base@DV?$string_output_adapter@D@__crt_stdio_output@@@2@@__crt_stdio_output@@AAE_NXZ 00426624 f i libucrt:output.obj
 0001:0002563c       ?type_case_s@?$output_processor@DV?$stream_output_adapter@D@__crt_stdio_output@@V?$standard_base@DV?$stream_output_adapter@D@__crt_stdio_output@@@2@@__crt_stdio_output@@AAE_NXZ 0042663c f i libucrt:output.obj
 0001:0002563c       ?type_case_s@?$output_processor@DV?$string_output_adapter@D@__crt_stdio_output@@V?$standard_base@DV?$string_output_adapter@D@__crt_stdio_output@@@2@@__crt_stdio_output@@AAE_NXZ 0042663c f i libucrt:output.obj
 0001:000256af       ?validate@?$stream_output_adapter@D@__crt_stdio_output@@QBE_NXZ 004266af f i libucrt:output.obj
 0001:000256d0       ?validate@?$string_output_adapter@D@__crt_stdio_output@@QBE_NXZ 004266d0 f i libucrt:output.obj
 0001:000256d0       ?validate@?$c_string_character_source@D@__crt_strtox@@QBE_NXZ 004266d0 f i libucrt:atox.obj
 0001:000256eb       ?write_character@?$stream_output_adapter@D@__crt_stdio_output@@QBEXDQAH@Z 004266eb f i libucrt:output.obj
 0001:00025728       ?write_character@?$string_output_adapter@D@__crt_stdio_output@@QBE_NDQAH@Z 00426728 f i libucrt:output.obj
 0001:0002576a       ?write_stored_string_tchar@?$output_processor@DV?$stream_output_adapter@D@__crt_stdio_output@@V?$standard_base@DV?$stream_output_adapter@D@__crt_stdio_output@@@2@@__crt_stdio_output@@AAE_ND@Z 0042676a f i libucrt:output.obj
 0001:00025811       ?write_stored_string_tchar@?$output_processor@DV?$string_output_adapter@D@__crt_stdio_output@@V?$standard_base@DV?$string_output_adapter@D@__crt_stdio_output@@@2@@__crt_stdio_output@@AAE_ND@Z 00426811 f i libucrt:output.obj
 0001:000258b8       ?write_string@?$stream_output_adapter@D@__crt_stdio_output@@QBEXQBDHQAH1@Z 004268b8 f i libucrt:output.obj
 0001:00025942       ?write_string@?$string_output_adapter@D@__crt_stdio_output@@QBEXQBDHQAH1@Z 00426942 f i libucrt:output.obj
 0001:000259d5       ___stdio_common_vfprintf   004269d5 f   libucrt:output.obj
 0001:00025a4c       ___stdio_common_vsprintf   00426a4c f   libucrt:output.obj
 0001:00025a70       ??$assemble_floating_point_ind@N@__crt_strtox@@YAXAAN@Z 00426a70 f i libucrt:input.obj
 0001:00025a9f       ??$assemble_floating_point_infinity@N@__crt_strtox@@YAX_NAAN@Z 00426a9f f i libucrt:input.obj
 0001:00025ade       ??$assemble_floating_point_qnan@N@__crt_strtox@@YAX_NAAN@Z 00426ade f i libucrt:input.obj
 0001:00025b1d       ??$assemble_floating_point_snan@N@__crt_strtox@@YAX_NAAN@Z 00426b1d f i libucrt:input.obj
 0001:00025b61       ??$assemble_floating_point_value_t@M@__crt_strtox@@YA?AW4SLD_STATUS@@_NH_KAAM@Z 00426b61 f i libucrt:input.obj
 0001:00025b91       ??$assemble_floating_point_value_t@N@__crt_strtox@@YA?AW4SLD_STATUS@@_NH_KAAN@Z 00426b91 f i libucrt:input.obj
 0001:00025bf0       ??$assemble_floating_point_zero@N@__crt_strtox@@YAX_NAAN@Z 00426bf0 f i libucrt:input.obj
 0001:00025cee       ??$convert_decimal_string_to_floating_type@M@__crt_strtox@@YA?AW4SLD_STATUS@@ABUfloating_point_string@0@AAM@Z 00426cee f i libucrt:input.obj
 0001:00025d11       ??$convert_decimal_string_to_floating_type@N@__crt_strtox@@YA?AW4SLD_STATUS@@ABUfloating_point_string@0@AAN@Z 00426d11 f i libucrt:input.obj
 0001:00025d34       ??$convert_hexadecimal_string_to_floating_type@M@__crt_strtox@@YA?AW4SLD_STATUS@@ABUfloating_point_string@0@AAM@Z 00426d34 f i libucrt:input.obj
 0001:00025d57       ??$convert_hexadecimal_string_to_floating_type@N@__crt_strtox@@YA?AW4SLD_STATUS@@ABUfloating_point_string@0@AAN@Z 00426d57 f i libucrt:input.obj
 0001:00025d7a       ??$is_overflow_condition@_K@__crt_strtox@@YA_NI_K@Z 00426d7a f i libucrt:input.obj
 0001:00025dbd       ??$make_input_adapter_character_source@V?$string_input_adapter@D@__crt_stdio_input@@@__crt_strtox@@YA?AV?$input_adapter_character_source@V?$string_input_adapter@D@__crt_stdio_input@@@0@QAV?$string_input_adapter@D@__crt_stdio_input@@_KQA_N@Z 00426dbd f i libucrt:input.obj
 0001:00025ddb       ??$parse_floating_point@V?$input_adapter_character_source@V?$string_input_adapter@D@__crt_stdio_input@@@__crt_strtox@@M@__crt_strtox@@YA?AW4SLD_STATUS@@QAU__crt_locale_pointers@@V?$input_adapter_character_source@V?$string_input_adapter@D@__crt_stdio_input@@@0@QAM@Z 00426ddb f i libucrt:input.obj
 0001:00025e56       ??$parse_floating_point@V?$input_adapter_character_source@V?$string_input_adapter@D@__crt_stdio_input@@@__crt_strtox@@N@__crt_strtox@@YA?AW4SLD_STATUS@@QAU__crt_locale_pointers@@V?$input_adapter_character_source@V?$string_input_adapter@D@__crt_stdio_input@@@0@QAN@Z 00426e56 f i libucrt:input.obj
 0001:00025ed1       ??$parse_floating_point_from_source@V?$input_adapter_character_source@V?$string_input_adapter@D@__crt_stdio_input@@@__crt_strtox@@@__crt_strtox@@YA?AW4floating_point_parse_result@0@QAU__crt_locale_pointers@@AAV?$input_adapter_character_source@V?$string_input_adapter@D@__crt_stdio_input@@@0@AAUfloating_point_string@0@@Z 00426ed1 f i libucrt:input.obj
 0001:00026338       ??$parse_floating_point_possible_infinity@DV?$input_adapter_character_source@V?$string_input_adapter@D@__crt_stdio_input@@@__crt_strtox@@_K@__crt_strtox@@YA?AW4floating_point_parse_result@0@AADAAV?$input_adapter_character_source@V?$string_input_adapter@D@__crt_stdio_input@@@0@_K@Z 00427338 f i libucrt:input.obj
 0001:000263f9       ??$parse_floating_point_possible_nan@DV?$input_adapter_character_source@V?$string_input_adapter@D@__crt_stdio_input@@@__crt_strtox@@_K@__crt_strtox@@YA?AW4floating_point_parse_result@0@AADAAV?$input_adapter_character_source@V?$string_input_adapter@D@__crt_stdio_input@@@0@_K@Z 004273f9 f i libucrt:input.obj
 0001:0002650b       ??$parse_floating_point_possible_nan_is_ind@DV?$input_adapter_character_source@V?$string_input_adapter@D@__crt_stdio_input@@@__crt_strtox@@@__crt_strtox@@YA_NAADAAV?$input_adapter_character_source@V?$string_input_adapter@D@__crt_stdio_input@@@0@@Z 0042750b f i libucrt:input.obj
 0001:00026545       ??$parse_floating_point_possible_nan_is_snan@DV?$input_adapter_character_source@V?$string_input_adapter@D@__crt_stdio_input@@@__crt_strtox@@@__crt_strtox@@YA_NAADAAV?$input_adapter_character_source@V?$string_input_adapter@D@__crt_stdio_input@@@0@@Z 00427545 f i libucrt:input.obj
 0001:0002657f       ??$parse_floating_point_write_result@M@__crt_strtox@@YA?AW4SLD_STATUS@@W4floating_point_parse_result@0@ABUfloating_point_string@0@QAM@Z 0042757f f i libucrt:input.obj
 0001:0002668f       ??$parse_floating_point_write_result@N@__crt_strtox@@YA?AW4SLD_STATUS@@W4floating_point_parse_result@0@ABUfloating_point_string@0@QAN@Z 0042768f f i libucrt:input.obj
 0001:00026793       ??$parse_integer@_KV?$input_adapter_character_source@V?$string_input_adapter@D@__crt_stdio_input@@@__crt_strtox@@@__crt_strtox@@YA_KQAU__crt_locale_pointers@@V?$input_adapter_character_source@V?$string_input_adapter@D@__crt_stdio_input@@@0@H_N@Z 00427793 f i libucrt:input.obj
 0001:00026a44       ??$process_floating_point_specifier_t@M@?$input_processor@DV?$string_input_adapter@D@__crt_stdio_input@@@__crt_stdio_input@@AAE_NXZ 00427a44 f i libucrt:input.obj
 0001:00026aac       ??$process_floating_point_specifier_t@N@?$input_processor@DV?$string_input_adapter@D@__crt_stdio_input@@@__crt_stdio_input@@AAE_NXZ 00427aac f i libucrt:input.obj
 0001:00026b14       ??$process_string_specifier_tchar@D@?$input_processor@DV?$string_input_adapter@D@__crt_stdio_input@@@__crt_stdio_input@@AAE_NW4conversion_mode@1@D@Z 00427b14 f i libucrt:input.obj
 0001:00026c76       ??$process_string_specifier_tchar@_W@?$input_processor@DV?$string_input_adapter@D@__crt_stdio_input@@@__crt_stdio_input@@AAE_NW4conversion_mode@1@_W@Z 00427c76 f i libucrt:input.obj
 0001:00026de2       ??$skip_whitespace@Vstring_input_adapter@__crt_stdio_input@@D@__crt_stdio_input@@YAHAAV?$string_input_adapter@D@0@QAU__crt_locale_pointers@@@Z 00427de2 f i libucrt:input.obj
 0001:00026e11       ??$write_floating_point@M@?$input_processor@DV?$string_input_adapter@D@__crt_stdio_input@@@__crt_stdio_input@@AAE_NABM@Z 00427e11 f i libucrt:input.obj
 0001:00026e48       ??$write_floating_point@N@?$input_processor@DV?$string_input_adapter@D@__crt_stdio_input@@@__crt_stdio_input@@AAE_NABN@Z 00427e48 f i libucrt:input.obj
 0001:00026e85       ??0?$format_string_parser@D@__crt_stdio_input@@QAE@_KQBE@Z 00427e85 f i libucrt:input.obj
 0001:00026ecf       ??0?$input_adapter_character_source@V?$string_input_adapter@D@__crt_stdio_input@@@__crt_strtox@@QAE@QAV?$string_input_adapter@D@__crt_stdio_input@@_KQA_N@Z 00427ecf f i libucrt:input.obj
 0001:00026f00       ??0?$input_processor@DV?$string_input_adapter@D@__crt_stdio_input@@@__crt_stdio_input@@QAE@ABV?$string_input_adapter@D@1@_KQBDQAU__crt_locale_pointers@@QAD@Z 00427f00 f i libucrt:input.obj
 0001:00026f72       ?advance@?$format_string_parser@D@__crt_stdio_input@@QAE_NXZ 00427f72 f i libucrt:input.obj
 0001:00027092       ?as_double@floating_point_value@__crt_strtox@@QBEAANXZ 00428092 f i libucrt:input.obj
 0001:000270b7       ?as_float@floating_point_value@__crt_strtox@@QBEAAMXZ 004280b7 f i libucrt:input.obj
 0001:000270dc       ?assemble_floating_point_infinity@__crt_strtox@@YAX_NABVfloating_point_value@1@@Z 004280dc f i libucrt:input.obj
 0001:00027116       ?assemble_floating_point_value@__crt_strtox@@YA?AW4SLD_STATUS@@_KH_N1ABVfloating_point_value@1@@Z 00428116 f i libucrt:input.obj
 0001:00027462       ?assemble_floating_point_value_from_big_integer@__crt_strtox@@YA?AW4SLD_STATUS@@ABUbig_integer@1@I_N1ABVfloating_point_value@1@@Z 00428462 f i libucrt:input.obj
[...]
 0003:000011bc       $SG16141                   004471bc     icedemo.obj
 0003:000011c4       $SG16147                   004471c4     icedemo.obj
 0003:000011c8       $SG16092                   004471c8     icedemo.obj
 0003:00001214       $SG16155                   00447214     icedemo.obj
 0003:00001218       $SG16093                   00447218     icedemo.obj
 0003:00001264       $SG16160                   00447264     icedemo.obj
 0003:00001268       $SG16094                   00447268     icedemo.obj
 0003:000012b4       $SG16164                   004472b4     icedemo.obj
 0003:000012bc       $SG16165                   004472bc     icedemo.obj
 0003:000012c0       $SG16095                   004472c0     icedemo.obj
 0003:0000130c       $SG16169                   0044730c     icedemo.obj
 0003:00001314       $SG16170                   00447314     icedemo.obj
 0003:00001318       $SG16096                   00447318     icedemo.obj
 0003:00001364       $SG16175                   00447364     icedemo.obj
 0003:00001368       $SG16097                   00447368     icedemo.obj
 0003:000013b4       $SG16180                   004473b4     icedemo.obj
 0003:000013c0       $SG16098                   004473c0     icedemo.obj
 0003:0000140c       $SG16187                   0044740c     icedemo.obj
 0003:00001410       $SG16099                   00447410     icedemo.obj
 0003:0000145c       $SG16192                   0044745c     icedemo.obj
 0003:00001460       $SG16100                   00447460     icedemo.obj
 0003:000014ac       $SG16193                   004474ac     icedemo.obj
 0003:000014c4       $SG16196                   004474c4     icedemo.obj
 0003:000014dc       $SG16197                   004474dc     icedemo.obj
 0003:000014f8       $SG16101                   004474f8     icedemo.obj
 0003:00001544       $SG16199                   00447544     icedemo.obj
 0003:00001558       $SG16102                   00447558     icedemo.obj
 0003:000015a4       $SG16200                   004475a4     icedemo.obj
 0003:000015dc       $SG16205                   004475dc     icedemo.obj
 0003:00001610       $SG16103                   00447610     icedemo.obj
 0003:0000165c       $SG16202                   0044765c     icedemo.obj
 0003:00001684       $SG16206                   00447684     icedemo.obj
 0003:000016b4       $SG16236                   004476b4     icedemo.obj
 0003:000016c0       $SG16104                   004476c0     icedemo.obj
 0003:0000170c       $SG14056                   0044770c     icedemo.obj
 0003:0000171c       $SG16127                   0044771c     icedemo.obj
 0003:00001724       $SG16146                   00447724     icedemo.obj
 0003:0000172c       $SG16150                   0044772c     icedemo.obj
 0003:00001744       $SG16154                   00447744     icedemo.obj
 0003:0000174c       $SG16159                   0044774c     icedemo.obj
 0003:00001754       $SG16174                   00447754     icedemo.obj
 0003:0000175c       $SG16179                   0044775c     icedemo.obj
 0003:0000177c       $SG16186                   0044777c     icedemo.obj
 0003:00001784       $SG16191                   00447784     icedemo.obj
 0003:0000178c       $SG16208                   0044778c     icedemo.obj
 0003:000017a4       $SG16211                   004477a4     icedemo.obj
 0003:000017e4       $SG16237                   004477e4     icedemo.obj
 0003:000017f0       $SG16201                   004477f0     icedemo.obj
 0003:00001834       $SG16238                   00447834     icedemo.obj
 0003:00001840       $SG16203                   00447840     icedemo.obj
 0003:00001884       $SG16216                   00447884     icedemo.obj
 0003:000018c4       $SG16239                   004478c4     icedemo.obj
 0003:000018d0       $SG16204                   004478d0     icedemo.obj
 0003:00001918       $SG16209                   00447918     icedemo.obj
 0003:00001968       $SG16210                   00447968     icedemo.obj
 0003:000019b4       $SG16213                   004479b4     icedemo.obj
 0003:000019cc       $SG16240                   004479cc     icedemo.obj
 0003:000019d8       $SG16214                   004479d8     icedemo.obj
 0003:00001a28       $SG16215                   00447a28     icedemo.obj
 0003:00001a74       $SG16217                   00447a74     icedemo.obj
 0003:00001ab4       $SG16241                   00447ab4     icedemo.obj
 0003:00001ac0       $SG16218                   00447ac0     icedemo.obj
 0003:00001b08       $SG16219                   00447b08     icedemo.obj
 0003:00001b4c       $SG16244                   00447b4c     icedemo.obj
 0003:00001b58       $SG16220                   00447b58     icedemo.obj
 0003:00001ba0       $SG16242                   00447ba0     icedemo.obj
 0003:00001ba8       $SG16243                   00447ba8     icedemo.obj
 0003:00001bb0       $SG16245                   00447bb0     icedemo.obj
 0003:00001bbc       $SG16246                   00447bbc     icedemo.obj
 0003:00001bc8       $SG16247                   00447bc8     icedemo.obj
 0003:00001bd4       $SG16248                   00447bd4     icedemo.obj
 0003:00001be0       $SG16249                   00447be0     icedemo.obj
 0003:00001bec       $SG16250                   00447bec     icedemo.obj
 0003:00001bfc       $SG16251                   00447bfc     icedemo.obj
 0003:00001c0c       $SG16252                   00447c0c     icedemo.obj
 0003:00001c1c       $SG16253                   00447c1c     icedemo.obj
 0003:00001c2c       $SG16254                   00447c2c     icedemo.obj
 0003:00001c40       $SG16255                   00447c40     icedemo.obj
 0003:00001c54       $SG16256                   00447c54     icedemo.obj
 0003:00001c5c       $SG16257                   00447c5c     icedemo.obj
 0003:00001c64       $SG16258                   00447c64     icedemo.obj
 0003:00001c70       $SG16259                   00447c70     icedemo.obj
 0003:00001c7c       $SG16260                   00447c7c     icedemo.obj
 0003:00001c94       $SG16264                   00447c94     icedemo.obj
 0003:00001cb4       $SG16277                   00447cb4     icedemo.obj
 0003:00001ce4       $SG16279                   00447ce4     icedemo.obj
 0003:00001cf0       _cand_type_prefs           00447cf0     pjnath-i386-win32-vc8-release-static:ice_session.obj
 0003:00001cf4       _cand_type_names           00447cf4     pjnath-i386-win32-vc8-release-static:ice_session.obj
 0003:00001d04       _check_state_name          00447d04     pjnath-i386-win32-vc8-release-static:ice_session.obj
 0003:00001d18       _clist_state_name          00447d18     pjnath-i386-win32-vc8-release-static:ice_session.obj
 0003:00001d24       _role_names                00447d24     pjnath-i386-win32-vc8-release-static:ice_session.obj
 0003:00001d30       _srflx_pref_table          00447d30     pjnath-i386-win32-vc8-release-static:ice_strans.obj
 0003:00001d38       _mandatory_attr_desc       00447d38     pjnath-i386-win32-vc8-release-static:stun_msg.obj
 0003:00002058       _extended_attr_desc        00448058     pjnath-i386-win32-vc8-release-static:stun_msg.obj
 0003:000020f8       _stun_err_msg_map          004480f8     pjnath-i386-win32-vc8-release-static:stun_msg.obj
 0003:00002188       _stun_method_names         00448188     pjnath-i386-win32-vc8-release-static:stun_msg.obj
 0003:000021b0       _tsx_cb                    004481b0     pjnath-i386-win32-vc8-release-static:stun_session.obj
 0003:000021bc       _state_names               004481bc     pjnath-i386-win32-vc8-release-static:turn_session.obj
 0003:000021e4       _state_names               004481e4     pjlib-util-i386-win32-vc8-release-static:resolver.obj
 0003:000021f4       _id                        004481f4     pjlib-i386-win32-vc8-release-static:config.obj
 0003:000021f8       _thread_tls_id             004481f8     pjlib-i386-win32-vc8-release-static:os_core_win32.obj
 0003:000021fc       _thread_suspended_tls_id   004481fc     pjlib-i386-win32-vc8-release-static:log.obj
 0003:00002200       _thread_indent_tls_id      00448200     pjlib-i386-win32-vc8-release-static:log.obj
 0003:00002204       _pj_log_max_level          00448204     pjlib-i386-win32-vc8-release-static:log.obj
 0003:00002208       _log_writer                00448208     pjlib-i386-win32-vc8-release-static:log.obj
 0003:0000220c       _log_decor                 0044820c     pjlib-i386-win32-vc8-release-static:log.obj
 0003:00002210       _PJ_LOG_COLOR_0            00448210     pjlib-i386-win32-vc8-release-static:log.obj
 0003:00002214       _PJ_LOG_COLOR_1            00448214     pjlib-i386-win32-vc8-release-static:log.obj
 0003:00002218       _PJ_LOG_COLOR_2            00448218     pjlib-i386-win32-vc8-release-static:log.obj
 0003:0000221c       _PJ_LOG_COLOR_3            0044821c     pjlib-i386-win32-vc8-release-static:log.obj
 0003:00002220       _PJ_LOG_COLOR_4            00448220     pjlib-i386-win32-vc8-release-static:log.obj
 0003:00002224       _PJ_LOG_COLOR_5            00448224     pjlib-i386-win32-vc8-release-static:log.obj
 0003:00002228       _PJ_LOG_COLOR_6            00448228     pjlib-i386-win32-vc8-release-static:log.obj
 0003:0000222c       _PJ_LOG_COLOR_77           0044822c     pjlib-i386-win32-vc8-release-static:log.obj
 0003:00002230       ?ltexts@?2??pj_log@@9@9    00448230     pjlib-i386-win32-vc8-release-static:log.obj
 0003:0000224c       ?wdays@?3??pj_log@@9@9     0044824c     pjlib-i386-win32-vc8-release-static:log.obj
 0003:00002268       _pool_sizes                00448268     pjlib-i386-win32-vc8-release-static:pool_caching.obj
 0003:000022a8       _null_lock_template        004482a8     pjlib-i386-win32-vc8-release-static:lock.obj
 0003:000022bc       _sem_lock_template         004482bc     pjlib-i386-win32-vc8-release-static:lock.obj
 0003:000022d0       _mutex_lock_template       004482d0     pjlib-i386-win32-vc8-release-static:lock.obj
 0003:000022e4       _thread_local_id           004482e4     pjlib-i386-win32-vc8-release-static:except.obj
 0003:000022e8       _tls                       004482e8     pjlib-i386-win32-vc8-release-static:pool_buf.obj
 0003:000022ec       ?hex@?1??hex2digit@@9@9    004482ec     pjlib-i386-win32-vc8-release-static:guid_win32.obj
 0003:00002340       ?__vcrt_flsindex@@3KA      00448340     libvcruntime:per_thread_data.obj
 0003:000023f4       _errno_no_memory           004483f4     libucrt:errno.obj
 0003:000023f8       _doserrno_no_memory        004483f8     libucrt:errno.obj
 0003:00002430       ___acrt_flsindex           00448430     libucrt:per_thread_data.obj
 0003:00002500       ___rgctypeflag             00448500     libucrt:mbctype.obj
 0003:00002508       ___rgcode_page_info        00448508     libucrt:mbctype.obj
 0003:00002a84       ?__DAZ_ENABLED@?1??__set_fpsr_sse2@@9@9 00448a84     libucrt:fpctrl.obj
 0003:00002ba0       $SG15797                   00448ba0     icedemo.obj
 0003:00002ba1       $SG15799                   00448ba1     icedemo.obj
 0003:00002ba2       $SG16078                   00448ba2     icedemo.obj
 0003:00002ba3       $SG16080                   00448ba3     icedemo.obj
 0003:00002ba4       $SG16083                   00448ba4     icedemo.obj
 0003:00002ba5       $SG16085                   00448ba5     icedemo.obj
 0003:00002ba6       $SG16089                   00448ba6     icedemo.obj
 0003:00002ba7       $SG16182                   00448ba7     icedemo.obj
 0003:00002ba8       $SG16198                   00448ba8     icedemo.obj
 0003:00002ba9       $SG16207                   00448ba9     icedemo.obj
 0003:00002baa       $SG16212                   00448baa     icedemo.obj
 0003:00002bab       $SG16221                   00448bab     icedemo.obj
 0003:00002bb0       _icedemo                   00448bb0     icedemo.obj
 0003:000033a8       ?buffer@?1??icedemo_show_ice@@9@9 004493a8     icedemo.obj
 0003:00003790       _padding_char              00449790     pjnath-i386-win32-vc8-release-static:stun_msg.obj
 0003:00003794       ?pj_stun_tsx_id_counter@?5??pj_stun_msg_init@@9@9 00449794     pjnath-i386-win32-vc8-release-static:stun_msg.obj
 0003:0000379c       ___getopt_initialized      0044979c     pjlib-util-i386-win32-vc8-release-static:getopt.obj
 0003:000037a0       _nextchar                  004497a0     pjlib-util-i386-win32-vc8-release-static:getopt.obj
 0003:000037a4       _ordering                  004497a4     pjlib-util-i386-win32-vc8-release-static:getopt.obj
 0003:000037a8       _posixly_correct           004497a8     pjlib-util-i386-win32-vc8-release-static:getopt.obj
 0003:000037ac       _first_nonopt              004497ac     pjlib-util-i386-win32-vc8-release-static:getopt.obj
 0003:000037b0       _last_nonopt               004497b0     pjlib-util-i386-win32-vc8-release-static:getopt.obj
 0003:000037b8       _initialized               004497b8     pjlib-i386-win32-vc8-release-static:os_core_win32.obj
 0003:000037bc       _atexit_count              004497bc     pjlib-i386-win32-vc8-release-static:os_core_win32.obj
 0003:000037c0       _main_thread               004497c0     pjlib-i386-win32-vc8-release-static:os_core_win32.obj
 0003:000038c0       _critical_section_mutex    004498c0     pjlib-i386-win32-vc8-release-static:os_core_win32.obj
 0003:000038f8       _atexit_func               004498f8     pjlib-i386-win32-vc8-release-static:os_core_win32.obj
 0003:00003978       _err_msg_hnd_cnt           00449978     pjlib-i386-win32-vc8-release-static:errno.obj
 0003:00003980       _err_msg_hnd               00449980     pjlib-i386-win32-vc8-release-static:errno.obj
 0003:000039f8       _g_last_thread             004499f8     pjlib-i386-win32-vc8-release-static:log.obj
 0003:00003a00       ?buf@?1??pj_gethostname@@9@9 00449a00     pjlib-i386-win32-vc8-release-static:sock_bsd.obj
 0003:00003a80       ?hostname@?1??pj_gethostname@@9@9 00449a80     pjlib-i386-win32-vc8-release-static:sock_bsd.obj
 0003:00003a88       _base_time                 00449a88     pjlib-i386-win32-vc8-release-static:os_time_win32.obj
 0003:00003a90       _s_hDLL                    00449a90     pjlib-i386-win32-vc8-release-static:ip_helper_win32.obj
 0003:00003a94       _s_pfnGetIpAddrTable       00449a94     pjlib-i386-win32-vc8-release-static:ip_helper_win32.obj
 0003:00003a98       _s_pfnGetAdapterAddresses  00449a98     pjlib-i386-win32-vc8-release-static:ip_helper_win32.obj
 0003:00003a9c       _s_pfnGetIpForwardTable    00449a9c     pjlib-i386-win32-vc8-release-static:ip_helper_win32.obj
 0003:00003aa0       _s_pfnGetIfEntry           00449aa0     pjlib-i386-win32-vc8-release-static:ip_helper_win32.obj
 0003:00003aa8       _exception_id_names        00449aa8     pjlib-i386-win32-vc8-release-static:except.obj
 0003:00003ae8       ?unknown_name@?1??pj_exception_id_name@@9@9 00449ae8     pjlib-i386-win32-vc8-release-static:except.obj
 0003:00003b08       _stack_based_factory       00449b08     pjlib-i386-win32-vc8-release-static:pool_buf.obj
 0003:00003b2c       _is_initialized            00449b2c     pjlib-i386-win32-vc8-release-static:pool_buf.obj
 0003:00003b30       _GS_ExceptionRecord        00449b30     LIBCMT:gs_report.obj
 0003:00003b80       _GS_ContextRecord          00449b80     LIBCMT:gs_report.obj
 0003:00003e5c       ?module_local_atexit_table@@3U_onexit_table_t@@A 00449e5c     LIBCMT:utility.obj
 0003:00003e68       ?module_local_at_quick_exit_table@@3U_onexit_table_t@@A 00449e68     LIBCMT:utility.obj
 0003:00003e74       ?is_initialized_as_dll@@3_NA 00449e74     LIBCMT:utility.obj
 0003:00003e84       ?__vcrt_startup_thread_ptd@@3U__vcrt_ptd@@A 00449e84     libvcruntime:per_thread_data.obj
 0003:00003eac       ___vcrt_lock_table         00449eac     libvcruntime:locks.obj
 0003:00003ec4       ___vcrt_locks_initialized  00449ec4     libvcruntime:locks.obj
 0003:00003ec8       ?module_handles@@3PAPAUHINSTANCE__@@A 00449ec8     libvcruntime:winapi_downlevel.obj
 0003:00003ed8       ?encoded_function_pointers@@3PAPAXA 00449ed8     libvcruntime:winapi_downlevel.obj
 0003:00003f28       ?heap@@3V_HeapManager@@A   00449f28     libvcruntime:undname.obj
 0003:00003f48       _c_termination_complete    00449f48     libucrt:exit.obj
 0003:00003f4c       _thread_local_exit_callback_func 00449f4c     libucrt:exit.obj
 0003:00003f50       ?c_exit_complete@?5??common_exit@@YAXHW4_crt_exit_cleanup_mode@@W4_crt_exit_return_mode@@@Z@4_NA 00449f50     libucrt:exit.obj
 0003:00003f54       ___acrt_app_type           00449f54     libucrt:report_runtime_error.obj
 0003:00003f58       _user_matherr              00449f58     libucrt:matherr.obj
 0003:00003f60       ?program_name@?5???$common_configure_argv@D@@YAHW4_crt_argv_mode@@@Z@4PADA 00449f60     libucrt:argv_parsing.obj
 0003:00004094       ___acrt_global_new_mode    0044a094     libucrt:new_mode.obj
 0003:000040b4       ___acrt_invalid_parameter_handler 0044a0b4     libucrt:invalid_parameter.obj
 0003:000040b8       _module_handles            0044a0b8     libucrt:winapi_thunks.obj
 0003:00004108       _encoded_function_pointers 0044a108     libucrt:winapi_thunks.obj
 0003:00004188       ?state_cache@?1??__acrt_is_packaged_app@@9@4JA 0044a188     libucrt:winapi_thunks.obj
 0003:00004398       ___acrt_lock_table         0044a398     libucrt:locks.obj
 0003:000044d0       ___acrt_locks_initialized  0044a4d0     libucrt:locks.obj
 0003:000044dc       _enable_percent_n          0044a4dc     libucrt:printf_count_output.obj
 0003:000044fc       _fSystemSet                0044a4fc     libucrt:mbctype.obj
 0003:00004500       ?initialized@?1??__acrt_initialize_multibyte@@9@4_NA 0044a500     libucrt:mbctype.obj
 0003:00004514       ___acrt_new_handler        0044a514     libucrt:new_handler.obj
 0003:00004518       _ctrlc_action              0044a518     libucrt:signal.obj
 0003:0000451c       _ctrlbreak_action          0044a51c     libucrt:signal.obj
 0003:00004520       _abort_action              0044a520     libucrt:signal.obj
 0003:00004524       _term_action               0044a524     libucrt:signal.obj
 0003:00004530       __pmatherr_set             0044a530     libucrt:libm_error.obj
 0004:00000000       __guard_fids____dcrt_uninitialize_environments_nolock 0044b000     libucrt:environment_initialization.obj
 0004:00000008       __guard_fids__             0044b008     libucrt:initialization.obj
 0004:00000068       __guard_fids__             0044b068     libucrt:stdio_initializer.obj
 0004:0000006c       __guard_fids__             0044b06c     libucrt:stdio_initializer.obj
 0004:00000070       __guard_fids____acrt_initialize_ptd 0044b070     libucrt:per_thread_data.obj
 0004:00000074       __guard_fids_??$expand_argument_wildcards@D@@YAHQAD0AAV?$argument_list@D@?A0xb0e4b824@@@Z 0044b074     libucrt:argv_wildcards.obj
 0004:00000078       __guard_fids__             0044b078     libucrt:locale_initializer.obj
 0004:0000007c       __guard_fids__             0044b07c     libucrt:multibyte_initializer.obj
 0004:00000080       __guard_fids__             0044b080     libucrt:console_output_initializer.obj
 0004:00000084       __guard_fids____libm_error_support 0044b084     libucrt:libm_error.obj
 0004:00000088       __guard_fids__             0044b088     libucrt:sse2_initializer.obj
 0004:0000008c       __guard_fids__             0044b08c     LIBCMT:exe_main.obj
 0004:00000090       __guard_fids__             0044b090     LIBCMT:exe_main.obj
 0004:00000094       __guard_fids__             0044b094     LIBCMT:exe_main.obj
 0004:00000098       __guard_fids_?pre_c_initialization@@YAHXZ 0044b098     LIBCMT:exe_main.obj
 0004:000000a0       __guard_fids____scrt_set_unhandled_exception_filter 0044b0a0     LIBCMT:utility_desktop.obj
 0004:000000a4       __guard_fids__             0044b0a4     LIBCMT:guard_support.obj
 0004:000000a8       __guard_fids____vcrt_initialize_ptd 0044b0a8     libvcruntime:per_thread_data.obj
