 auddemo

 Timestamp is 597aac63 (Fri Jul 28 11:15:47 2017)

 Preferred load address is 00400000

 Start         Length     Name                   Class
 0001:00000000 00008fb7H .text$mn                CODE
 0002:00000000 000001f4H .idata$5                DATA
 0002:000001f4 00000004H .00cfg                  DATA
 0002:000001f8 00000004H .CRT$XCA                DATA
 0002:000001fc 00000004H .CRT$XCAA               DATA
 0002:00000200 00000004H .CRT$XCZ                DATA
 0002:00000204 00000004H .CRT$XIA                DATA
 0002:00000208 00000004H .CRT$XIAA               DATA
 0002:0000020c 00000004H .CRT$XIAC               DATA
 0002:00000210 00000004H .CRT$XIZ                DATA
 0002:00000214 00000004H .CRT$XPA                DATA
 0002:00000218 00000004H .CRT$XPZ                DATA
 0002:0000021c 00000004H .CRT$XTA                DATA
 0002:00000220 00000010H .CRT$XTZ                DATA
 0002:00000230 0000a070H .rdata                  DATA
 0002:0000a2a0 00000004H .rdata$sxdata           DATA
 0002:0000a2a4 00000240H .rdata$zzzdbg           DATA
 0002:0000a4e4 00000004H .rtc$IAA                DATA
 0002:0000a4e8 00000004H .rtc$IZZ                DATA
 0002:0000a4ec 00000004H .rtc$TAA                DATA
 0002:0000a4f0 00000008H .rtc$TZZ                DATA
 0002:0000a4f8 0000003cH .xdata$x                DATA
 0002:0000a534 00000000H .edata                  DATA
 0002:0000a534 000000dcH .idata$2                DATA
 0002:0000a610 00000014H .idata$3                DATA
 0002:0000a624 000001f4H .idata$4                DATA
 0002:0000a818 000008e4H .idata$6                DATA
 0003:00000000 00000e48H .data                   DATA
 0003:00000e48 00000c84H .bss                    DATA
 0004:00000000 00000020H .gfids$y                DATA

  Address         Publics by Value              Rva+Base       Lib:Object

 0000:00000000       ___guard_longjmp_count     00000000     <absolute>
 0000:00000000       ___guard_longjmp_table     00000000     <absolute>
 0000:00000000       ___guard_fids_count        00000000     <absolute>
 0000:00000000       ___guard_iat_table         00000000     <absolute>
 0000:00000000       ___guard_iat_count         00000000     <absolute>
 0000:00000000       ___dynamic_value_reloc_table 00000000     <absolute>
 0000:00000000       ___guard_fids_table        00000000     <absolute>
 0000:00000001       ___safe_se_handler_count   00000001     <absolute>
 0000:00000100       ___guard_flags             00000100     <absolute>
 0000:00000000       ___ImageBase               00400000     <linker-defined>
 0001:00000e80       _main                      00401e80 f   auddemo.obj
 0001:00001310       ___local_stdio_printf_options 00402310 f i auddemo.obj
 0001:00001320       ___local_stdio_scanf_options 00402320 f i auddemo.obj
 0001:00001330       _printf                    00402330 f i auddemo.obj
 0001:00001360       _sprintf                   00402360 f i auddemo.obj
 0001:000013a0       _sscanf                    004023a0 f i auddemo.obj
 0001:00001790       _pjmedia_aud_dev_cap_name  00402790 f   pjmedia-audiodev-i386-win32-vc8-release:audiodev.obj
 0001:000017f0       _pjmedia_aud_dev_count     004027f0 f   pjmedia-audiodev-i386-win32-vc8-release:audiodev.obj
 0001:00001800       _pjmedia_aud_dev_default_param 00402800 f   pjmedia-audiodev-i386-win32-vc8-release:audiodev.obj
 0001:00001880       _pjmedia_aud_dev_get_info  00402880 f   pjmedia-audiodev-i386-win32-vc8-release:audiodev.obj
 0001:000018e0       _pjmedia_aud_dev_refresh   004028e0 f   pjmedia-audiodev-i386-win32-vc8-release:audiodev.obj
 0001:00001b00       _pjmedia_aud_stream_create 00402b00 f   pjmedia-audiodev-i386-win32-vc8-release:audiodev.obj
 0001:00001cb0       _pjmedia_aud_stream_destroy 00402cb0 f   pjmedia-audiodev-i386-win32-vc8-release:audiodev.obj
 0001:00001cd0       _pjmedia_aud_stream_start  00402cd0 f   pjmedia-audiodev-i386-win32-vc8-release:audiodev.obj
 0001:00001cf0       _pjmedia_aud_stream_stop   00402cf0 f   pjmedia-audiodev-i386-win32-vc8-release:audiodev.obj
 0001:00001d10       _pjmedia_aud_subsys_get_pool_factory 00402d10 f   pjmedia-audiodev-i386-win32-vc8-release:audiodev.obj
 0001:00001d20       _pjmedia_aud_subsys_init   00402d20 f   pjmedia-audiodev-i386-win32-vc8-release:audiodev.obj
 0001:00001ec0       _pjmedia_aud_test          00402ec0 f   pjmedia-audiodev-i386-win32-vc8-release:audiotest.obj
 0001:000023e0       __snprintf                 004033e0 f i pjmedia-audiodev-i386-win32-vc8-release:errno.obj
 0001:00002420       _pjmedia_audiodev_strerror 00403420 f   pjmedia-audiodev-i386-win32-vc8-release:errno.obj
 0001:00003800       _pjmedia_wmme_factory      00404800 f   pjmedia-audiodev-i386-win32-vc8-release:wmme_dev.obj
 0001:00003c90       _pjmedia_port_destroy      00404c90 f   pjmedia-i386-win32-vc8-release:port.obj
 0001:00003cc0       _pjmedia_port_get_frame    00404cc0 f   pjmedia-i386-win32-vc8-release:port.obj
 0001:00003d00       _pjmedia_port_info_init    00404d00 f   pjmedia-i386-win32-vc8-release:port.obj
 0001:00003d90       _pjmedia_port_put_frame    00404d90 f   pjmedia-i386-win32-vc8-release:port.obj
 0001:000041c0       _pjmedia_wav_player_port_create 004051c0 f   pjmedia-i386-win32-vc8-release:wav_player.obj
 0001:00004910       _pjmedia_wav_writer_port_create 00405910 f   pjmedia-i386-win32-vc8-release:wav_writer.obj
 0001:00004c10       _pjmedia_format_get_audio_format_detail 00405c10 f   pjmedia-i386-win32-vc8-release:format.obj
 0001:00004cd0       _pj_atexit                 00405cd0 f   pjlib-i386-win32-vc8-release:os_core_win32.obj
 0001:00004d00       _pj_enter_critical_section 00405d00 f   pjlib-i386-win32-vc8-release:os_core_win32.obj
 0001:00004d10       _pj_init                   00405d10 f   pjlib-i386-win32-vc8-release:os_core_win32.obj
 0001:00004e50       _pj_leave_critical_section 00405e50 f   pjlib-i386-win32-vc8-release:os_core_win32.obj
 0001:00004ea0       _pj_mutex_create           00405ea0 f   pjlib-i386-win32-vc8-release:os_core_win32.obj
 0001:00004ef0       _pj_mutex_create_simple    00405ef0 f   pjlib-i386-win32-vc8-release:os_core_win32.obj
 0001:00004f40       _pj_mutex_destroy          00405f40 f   pjlib-i386-win32-vc8-release:os_core_win32.obj
 0001:00004fa0       _pj_mutex_lock             00405fa0 f   pjlib-i386-win32-vc8-release:os_core_win32.obj
 0001:00005010       _pj_mutex_trylock          00406010 f   pjlib-i386-win32-vc8-release:os_core_win32.obj
 0001:00005090       _pj_mutex_unlock           00406090 f   pjlib-i386-win32-vc8-release:os_core_win32.obj
 0001:000050f0       _pj_sem_destroy            004060f0 f   pjlib-i386-win32-vc8-release:os_core_win32.obj
 0001:00005180       _pj_sem_post               00406180 f   pjlib-i386-win32-vc8-release:os_core_win32.obj
 0001:00005210       _pj_sem_trywait            00406210 f   pjlib-i386-win32-vc8-release:os_core_win32.obj
 0001:00005270       _pj_sem_wait               00406270 f   pjlib-i386-win32-vc8-release:os_core_win32.obj
 0001:00005380       _pj_shutdown               00406380 f   pjlib-i386-win32-vc8-release:os_core_win32.obj
 0001:000054c0       _pj_term_set_color         004064c0 f   pjlib-i386-win32-vc8-release:os_core_win32.obj
 0001:00005590       _pj_thread_check_stack     00406590 f   pjlib-i386-win32-vc8-release:os_core_win32.obj
 0001:000055d0       _pj_thread_create          004065d0 f   pjlib-i386-win32-vc8-release:os_core_win32.obj
 0001:00005710       _pj_thread_destroy         00406710 f   pjlib-i386-win32-vc8-release:os_core_win32.obj
 0001:000057a0       _pj_thread_get_name        004067a0 f   pjlib-i386-win32-vc8-release:os_core_win32.obj
 0001:000057f0       _pj_thread_init            004067f0 f   pjlib-i386-win32-vc8-release:os_core_win32.obj
 0001:00005850       _pj_thread_join            00406850 f   pjlib-i386-win32-vc8-release:os_core_win32.obj
 0001:00005910       _pj_thread_local_alloc     00406910 f   pjlib-i386-win32-vc8-release:os_core_win32.obj
 0001:00005960       _pj_thread_local_free      00406960 f   pjlib-i386-win32-vc8-release:os_core_win32.obj
 0001:000059b0       _pj_thread_local_get       004069b0 f   pjlib-i386-win32-vc8-release:os_core_win32.obj
 0001:000059c0       _pj_thread_local_set       004069c0 f   pjlib-i386-win32-vc8-release:os_core_win32.obj
 0001:00005a00       _pj_thread_register        00406a00 f   pjlib-i386-win32-vc8-release:os_core_win32.obj
 0001:00005ac0       _pj_thread_sleep           00406ac0 f   pjlib-i386-win32-vc8-release:os_core_win32.obj
 0001:00005b10       _pj_thread_this            00406b10 f   pjlib-i386-win32-vc8-release:os_core_win32.obj
 0001:00005ba0       _pj_pool_alloc             00406ba0 f   pjlib-i386-win32-vc8-release:pool.obj
 0001:00005bf0       _pj_pool_allocate_find     00406bf0 f   pjlib-i386-win32-vc8-release:pool.obj
 0001:00005cd0       _pj_pool_calloc            00406cd0 f   pjlib-i386-win32-vc8-release:pool.obj
 0001:00005d30       _pj_pool_create            00406d30 f   pjlib-i386-win32-vc8-release:pool.obj
 0001:00005dc0       _pj_pool_create_int        00406dc0 f   pjlib-i386-win32-vc8-release:pool.obj
 0001:00005e70       _pj_pool_destroy_int       00406e70 f   pjlib-i386-win32-vc8-release:pool.obj
 0001:00005eb0       _pj_pool_get_capacity      00406eb0 f   pjlib-i386-win32-vc8-release:pool.obj
 0001:00005ec0       _pj_pool_get_used_size     00406ec0 f   pjlib-i386-win32-vc8-release:pool.obj
 0001:00005ef0       _pj_pool_getobjname        00406ef0 f   pjlib-i386-win32-vc8-release:pool.obj
 0001:00005f00       _pj_pool_init_int          00406f00 f   pjlib-i386-win32-vc8-release:pool.obj
 0001:00005f70       _pj_pool_release           00406f70 f   pjlib-i386-win32-vc8-release:pool.obj
 0001:00005f90       _pj_pool_reset             00406f90 f   pjlib-i386-win32-vc8-release:pool.obj
 0001:000063a0       _pj_caching_pool_destroy   004073a0 f   pjlib-i386-win32-vc8-release:pool_caching.obj
 0001:00006480       _pj_caching_pool_init      00407480 f   pjlib-i386-win32-vc8-release:pool_caching.obj
 0001:00006560       _pj_errno_clear_handlers   00407560 f   pjlib-i386-win32-vc8-release:errno.obj
 0001:00006580       _pj_perror_4               00407580 f   pjlib-i386-win32-vc8-release:errno.obj
 0001:00006640       _pj_register_strerror      00407640 f   pjlib-i386-win32-vc8-release:errno.obj
 0001:00006720       _pj_strerror               00407720 f   pjlib-i386-win32-vc8-release:errno.obj
 0001:000068b0       _pj_log                    004078b0 f   pjlib-i386-win32-vc8-release:log.obj
 0001:00006db0       _pj_log_1                  00407db0 f   pjlib-i386-win32-vc8-release:log.obj
 0001:00006dd0       _pj_log_3                  00407dd0 f   pjlib-i386-win32-vc8-release:log.obj
 0001:00006df0       _pj_log_4                  00407df0 f   pjlib-i386-win32-vc8-release:log.obj
 0001:00006e10       _pj_log_5                  00407e10 f   pjlib-i386-win32-vc8-release:log.obj
 0001:00006e30       _pj_log_get_color          00407e30 f   pjlib-i386-win32-vc8-release:log.obj
 0001:00006ea0       _pj_log_get_decor          00407ea0 f   pjlib-i386-win32-vc8-release:log.obj
 0001:00006eb0       _pj_log_get_level          00407eb0 f   pjlib-i386-win32-vc8-release:log.obj
 0001:00006ec0       _pj_log_init               00407ec0 f   pjlib-i386-win32-vc8-release:log.obj
 0001:00006f30       _pj_log_set_decor          00407f30 f   pjlib-i386-win32-vc8-release:log.obj
 0001:00006f40       _pj_log_set_level          00407f40 f   pjlib-i386-win32-vc8-release:log.obj
 0001:00007010       _pj_get_timestamp          00408010 f   pjlib-i386-win32-vc8-release:os_timestamp_win32.obj
 0001:00007070       _pj_get_timestamp_freq     00408070 f   pjlib-i386-win32-vc8-release:os_timestamp_win32.obj
 0001:000070d0       _pj_elapsed_usec           004080d0 f   pjlib-i386-win32-vc8-release:os_timestamp_common.obj
 0001:00007150       _pj_str                    00408150 f   pjlib-i386-win32-vc8-release:string.obj
 0001:00007170       _pj_strdup2                00408170 f   pjlib-i386-win32-vc8-release:string.obj
 0001:000071d0       _pj_strncpy_with_null      004081d0 f   pjlib-i386-win32-vc8-release:string.obj
 0001:00007210       _pj_utoa                   00408210 f   pjlib-i386-win32-vc8-release:string.obj
 0001:00007230       _pj_utoa_pad               00408230 f   pjlib-i386-win32-vc8-release:string.obj
 0001:000072d0       _pj_get_os_error           004082d0 f   pjlib-i386-win32-vc8-release:os_error_win32.obj
 0001:000072f0       _platform_strerror         004082f0 f   pjlib-i386-win32-vc8-release:os_error_win32.obj
 0001:000073d0       _pj_file_exists            004083d0 f   pjlib-i386-win32-vc8-release:file_access_win32.obj
 0001:00007410       _pj_file_size              00408410 f   pjlib-i386-win32-vc8-release:file_access_win32.obj
 0001:000074a0       _pj_file_close             004084a0 f   pjlib-i386-win32-vc8-release:file_io_win32.obj
 0001:000074e0       _pj_file_getpos            004084e0 f   pjlib-i386-win32-vc8-release:file_io_win32.obj
 0001:00007540       _pj_file_open              00408540 f   pjlib-i386-win32-vc8-release:file_io_win32.obj
 0001:00007660       _pj_file_read              00408660 f   pjlib-i386-win32-vc8-release:file_io_win32.obj
 0001:000076c0       _pj_file_setpos            004086c0 f   pjlib-i386-win32-vc8-release:file_io_win32.obj
 0001:00007730       _pj_file_write             00408730 f   pjlib-i386-win32-vc8-release:file_io_win32.obj
 0001:00007810       _pj_generate_unique_string 00408810 f   pjlib-i386-win32-vc8-release:guid_win32.obj
 0001:00007860       _pj_exception_id_alloc     00408860 f   pjlib-i386-win32-vc8-release:except.obj
 0001:000078b0       _pj_exception_id_free      004088b0 f   pjlib-i386-win32-vc8-release:except.obj
 0001:000078f0       _pj_throw_exception_       004088f0 f   pjlib-i386-win32-vc8-release:except.obj
 0001:00007990       _pj_list_erase             00408990 f   pjlib-i386-win32-vc8-release:list.obj
 0001:000079b0       _pj_list_insert_after      004089b0 f   pjlib-i386-win32-vc8-release:list.obj
 0001:000079d0       _pj_list_insert_before     004089d0 f   pjlib-i386-win32-vc8-release:list.obj
 0001:00007a60       _pj_lock_acquire           00408a60 f   pjlib-i386-win32-vc8-release:lock.obj
 0001:00007a80       _pj_lock_create_null_mutex 00408a80 f   pjlib-i386-win32-vc8-release:lock.obj
 0001:00007aa0       _pj_lock_create_simple_mutex 00408aa0 f   pjlib-i386-win32-vc8-release:lock.obj
 0001:00007ac0       _pj_lock_destroy           00408ac0 f   pjlib-i386-win32-vc8-release:lock.obj
 0001:00007ae0       _pj_lock_release           00408ae0 f   pjlib-i386-win32-vc8-release:lock.obj
 0001:00007b00       _pj_pool_create_on_buf     00408b00 f   pjlib-i386-win32-vc8-release:pool_buf.obj
 0001:00007c10       _pj_log_write              00408c10 f   pjlib-i386-win32-vc8-release:log_writer_stdout.obj
 0001:00007c70       _pj_gettimeofday           00408c70 f   pjlib-i386-win32-vc8-release:os_time_win32.obj
 0001:00007d20       _pj_time_decode            00408d20 f   pjlib-i386-win32-vc8-release:os_time_win32.obj
 0001:00007dd0       _pj_ntohl                  00408dd0 f   pjlib-i386-win32-vc8-release:sock_bsd.obj
 0001:00007de0       _pj_ntohs                  00408de0 f   pjlib-i386-win32-vc8-release:sock_bsd.obj
 0001:00007dee       @__security_check_cookie@4 00408dee f   MSVCRT:_secchk_.obj
 0001:00007e00       __allmul                   00408e00 f   MSVCRT:llmul.obj
 0001:00007e40       __aulldiv                  00408e40 f   MSVCRT:ulldiv.obj
 0001:000080d5       _mainCRTStartup            004090d5 f   MSVCRT:exe_main.obj
 0001:000080e0       __ftoui3                   004090e0 f   MSVCRT:_ftol3_.obj
 0001:000080ef       __ftoul3                   004090ef f   MSVCRT:_ftol3_.obj
 0001:000080fe       __ftol3                    004090fe f   MSVCRT:_ftol3_.obj
 0001:0000810b       __ftol3_NaN                0040910b f   MSVCRT:_ftol3_.obj
 0001:00008123       __ftol3_work               00409123 f   MSVCRT:_ftol3_.obj
 0001:000081a9       __ftol3_common             004091a9 f   MSVCRT:_ftol3_.obj
 0001:0000826b       __ftol3_arg_error          0040926b f   MSVCRT:_ftol3_.obj
 0001:0000827d       __ftol3_except             0040927d f   MSVCRT:_ftol3_.obj
 0001:000082c1       __dtoui3                   004092c1 f   MSVCRT:_ftol3_.obj
 0001:000082d0       __dtoul3                   004092d0 f   MSVCRT:_ftol3_.obj
 0001:000082df       __dtol3                    004092df f   MSVCRT:_ftol3_.obj
 0001:000082ec       __dtol3_NaN                004092ec f   MSVCRT:_ftol3_.obj
 0001:00008309       __dtol3_work               00409309 f   MSVCRT:_ftol3_.obj
 0001:000083f0       __ultod3                   004093f0 f   MSVCRT:_ftol3_.obj
 0001:00008430       __ltod3                    00409430 f   MSVCRT:_ftol3_.obj
 0001:00008460       __alldiv                   00409460 f   MSVCRT:lldiv.obj
 0001:0000850a       ___raise_securityfailure   0040950a f   MSVCRT:gs_report.obj
 0001:00008532       ___report_gsfailure        00409532 f   MSVCRT:gs_report.obj
 0001:0000862d       ___report_rangecheckfailure 0040962d f   MSVCRT:gs_report.obj
 0001:00008639       ___report_securityfailure  00409639 f   MSVCRT:gs_report.obj
 0001:00008710       __allshl                   00409710 f   MSVCRT:llshl.obj
 0001:00008773       ___scrt_acquire_startup_lock 00409773 f   MSVCRT:utility.obj
 0001:000087a8       ___scrt_initialize_crt     004097a8 f   MSVCRT:utility.obj
 0001:000087e1       ___scrt_initialize_onexit_tables 004097e1 f   MSVCRT:utility.obj
 0001:00008878       ___scrt_is_nonwritable_in_current_image 00409878 f   MSVCRT:utility.obj
 0001:00008902       ___scrt_release_startup_lock 00409902 f   MSVCRT:utility.obj
 0001:0000891f       ___scrt_uninitialize_crt   0040991f f   MSVCRT:utility.obj
 0001:00008947       __onexit                   00409947 f   MSVCRT:utility.obj
 0001:00008982       _atexit                    00409982 f   MSVCRT:utility.obj
 0001:00008997       ___security_init_cookie    00409997 f   MSVCRT:gs_support.obj
 0001:00008a33       __get_startup_argv_mode    00409a33 f   MSVCRT:argv_mode.obj
 0001:00008a37       __get_startup_file_mode    00409a37 f   MSVCRT:file_mode.obj
 0001:00008a3d       ?__scrt_initialize_type_info@@YAXXZ 00409a3d f   MSVCRT:tncleanup.obj
 0001:00008a49       __initialize_default_precision 00409a49 f   MSVCRT:default_precision.obj
 0001:00008a6a       ___scrt_initialize_default_local_stdio_options 00409a6a f   MSVCRT:default_local_stdio_options.obj
 0001:00008a87       ___scrt_is_user_matherr_present 00409a87 f   MSVCRT:matherr_detection.obj
 0001:00008a93       ___scrt_get_dyn_tls_init_callback 00409a93 f   MSVCRT:dyn_tls_init.obj
 0001:00008a99       ___scrt_get_dyn_tls_dtor_callback 00409a99 f   MSVCRT:dyn_tls_dtor.obj
 0001:00008a9f       ___scrt_fastfail           00409a9f f   MSVCRT:utility_desktop.obj
 0001:00008bc0       __get_startup_commit_mode  00409bc0 f   MSVCRT:commit_mode.obj
 0001:00008bc0       __matherr                  00409bc0 f   MSVCRT:matherr.obj
 0001:00008bc0       __get_startup_thread_locale_mode 00409bc0 f   MSVCRT:thread_locale.obj
 0001:00008bc0       ___scrt_initialize_winrt   00409bc0 f   MSVCRT:utility_desktop.obj
 0001:00008bc0       __get_startup_new_mode     00409bc0 f   MSVCRT:new_mode.obj
 0001:00008bc3       ___scrt_is_managed_app     00409bc3 f   MSVCRT:utility_desktop.obj
 0001:00008c07       ___scrt_set_unhandled_exception_filter 00409c07 f   MSVCRT:utility_desktop.obj
 0001:00008c13       ___scrt_unhandled_exception_filter@4 00409c13 f   MSVCRT:utility_desktop.obj
 0001:00008c54       __RTC_Initialize           00409c54 f   MSVCRT:_initsect_.obj
 0001:00008c7f       __RTC_Terminate            00409c7f f   MSVCRT:_initsect_.obj
 0001:00008caa       @_guard_check_icall@4      00409caa f i MSVCRT:checkcfg.obj
 0001:00008cb0       __SEH_prolog4              00409cb0 f   MSVCRT:_sehprolg4_.obj
 0001:00008cf6       __SEH_epilog4              00409cf6 f   MSVCRT:_sehprolg4_.obj
 0001:00008d0b       __except_handler4          00409d0b f   MSVCRT:_chandler4gs_.obj
 0001:00008d2e       ___isa_available_init      00409d2e f   MSVCRT:_cpu_disp_.obj
 0001:00008ec8       ___scrt_is_ucrt_dll_in_use 00409ec8 f   MSVCRT:ucrt_detection.obj
 0001:00008ee0       @_guard_check_icall_nop@4  00409ee0 f i MSVCRT:guard_support.obj
 0001:00008ee0       _pjmedia_wave_hdr_file_to_host 00409ee0 f i pjmedia-i386-win32-vc8-release:wave.obj
 0001:00008ee0       _pjmedia_wave_hdr_host_to_file 00409ee0 f i pjmedia-i386-win32-vc8-release:wave.obj
 0001:00008ee0       __initialize_invalid_parameter_handler 00409ee0 f i MSVCRT:invalid_parameter_handler.obj
 0001:00008ee0       __initialize_denormal_control 00409ee0 f i MSVCRT:denormal_control.obj
 0001:00008ee2       _IsProcessorFeaturePresent@4 00409ee2 f   kernel32:KERNEL32.dll
 0001:00008ee8       _memcpy                    00409ee8 f   vcruntime:VCRUNTIME140.dll
 0001:00008eee       _memset                    00409eee f   vcruntime:VCRUNTIME140.dll
 0001:00008ef4       _strchr                    00409ef4 f   vcruntime:VCRUNTIME140.dll
 0001:00008efa       _longjmp                   00409efa f   vcruntime:VCRUNTIME140.dll
 0001:00008f00       __except_handler4_common   00409f00 f   vcruntime:VCRUNTIME140.dll
 0001:00008f06       ___stdio_common_vsprintf   00409f06 f   ucrt:api-ms-win-crt-stdio-l1-1-0.dll
 0001:00008f0c       _strncpy                   00409f0c f   ucrt:api-ms-win-crt-string-l1-1-0.dll
 0001:00008f12       _free                      00409f12 f   ucrt:api-ms-win-crt-heap-l1-1-0.dll
 0001:00008f18       _malloc                    00409f18 f   ucrt:api-ms-win-crt-heap-l1-1-0.dll
 0001:00008f1e       __seh_filter_exe           00409f1e f   ucrt:api-ms-win-crt-runtime-l1-1-0.dll
 0001:00008f24       __set_app_type             00409f24 f   ucrt:api-ms-win-crt-runtime-l1-1-0.dll
 0001:00008f2a       ___setusermatherr          00409f2a f   ucrt:api-ms-win-crt-math-l1-1-0.dll
 0001:00008f30       __configure_narrow_argv    00409f30 f   ucrt:api-ms-win-crt-runtime-l1-1-0.dll
 0001:00008f36       __initialize_narrow_environment 00409f36 f   ucrt:api-ms-win-crt-runtime-l1-1-0.dll
 0001:00008f3c       __get_initial_narrow_environment 00409f3c f   ucrt:api-ms-win-crt-runtime-l1-1-0.dll
 0001:00008f42       __initterm                 00409f42 f   ucrt:api-ms-win-crt-runtime-l1-1-0.dll
 0001:00008f48       __initterm_e               00409f48 f   ucrt:api-ms-win-crt-runtime-l1-1-0.dll
 0001:00008f4e       _exit                      00409f4e f   ucrt:api-ms-win-crt-runtime-l1-1-0.dll
 0001:00008f54       __exit                     00409f54 f   ucrt:api-ms-win-crt-runtime-l1-1-0.dll
 0001:00008f5a       __set_fmode                00409f5a f   ucrt:api-ms-win-crt-stdio-l1-1-0.dll
 0001:00008f60       ___p___argc                00409f60 f   ucrt:api-ms-win-crt-runtime-l1-1-0.dll
 0001:00008f66       ___p___argv                00409f66 f   ucrt:api-ms-win-crt-runtime-l1-1-0.dll
 0001:00008f6c       __cexit                    00409f6c f   ucrt:api-ms-win-crt-runtime-l1-1-0.dll
 0001:00008f72       __c_exit                   00409f72 f   ucrt:api-ms-win-crt-runtime-l1-1-0.dll
 0001:00008f78       __register_thread_local_exe_atexit_callback 00409f78 f   ucrt:api-ms-win-crt-runtime-l1-1-0.dll
 0001:00008f7e       __configthreadlocale       00409f7e f   ucrt:api-ms-win-crt-locale-l1-1-0.dll
 0001:00008f84       __set_new_mode             00409f84 f   ucrt:api-ms-win-crt-heap-l1-1-0.dll
 0001:00008f8a       ___p__commode              00409f8a f   ucrt:api-ms-win-crt-stdio-l1-1-0.dll
 0001:00008f90       __except1                  00409f90 f   ucrt:api-ms-win-crt-math-l1-1-0.dll
 0001:00008f96       __initialize_onexit_table  00409f96 f   ucrt:api-ms-win-crt-runtime-l1-1-0.dll
 0001:00008f9c       __register_onexit_function 00409f9c f   ucrt:api-ms-win-crt-runtime-l1-1-0.dll
 0001:00008fa2       __crt_atexit               00409fa2 f   ucrt:api-ms-win-crt-runtime-l1-1-0.dll
 0001:00008fa8       __controlfp_s              00409fa8 f   ucrt:api-ms-win-crt-runtime-l1-1-0.dll
 0001:00008fae       _terminate                 00409fae f   ucrt:api-ms-win-crt-runtime-l1-1-0.dll
 0001:00008fb4       ___scrt_stub_for_acrt_initialize 00409fb4 f   MSVCRT:ucrt_stubs.obj
 0001:00008fb4       ___scrt_stub_for_acrt_uninitialize 00409fb4 f   MSVCRT:ucrt_stubs.obj
 0001:00008fb4       ___vcrt_uninitialize       00409fb4 f   MSVCRT:ucrt_stubs.obj
 0001:00008fb4       ___acrt_uninitialize       00409fb4 f   MSVCRT:ucrt_stubs.obj
 0001:00008fb4       ___vcrt_initialize         00409fb4 f   MSVCRT:ucrt_stubs.obj
 0001:00008fb4       __should_initialize_environment 00409fb4 f   MSVCRT:env_mode.obj
 0001:00008fb4       ___acrt_initialize         00409fb4 f   MSVCRT:ucrt_stubs.obj
 0002:00000000       __imp__QueryPerformanceCounter@4 0040a000     kernel32:KERNEL32.dll
 0002:00000004       __imp__GetModuleHandleW@4  0040a004     kernel32:KERNEL32.dll
 0002:00000008       __imp__IsDebuggerPresent@0 0040a008     kernel32:KERNEL32.dll
 0002:0000000c       __imp__InitializeSListHead@4 0040a00c     kernel32:KERNEL32.dll
 0002:00000010       __imp__GetSystemTimeAsFileTime@4 0040a010     kernel32:KERNEL32.dll
 0002:00000014       __imp__IsProcessorFeaturePresent@4 0040a014     kernel32:KERNEL32.dll
 0002:00000018       __imp__TerminateProcess@8  0040a018     kernel32:KERNEL32.dll
 0002:0000001c       __imp__GetCurrentProcess@0 0040a01c     kernel32:KERNEL32.dll
 0002:00000020       __imp__SetUnhandledExceptionFilter@4 0040a020     kernel32:KERNEL32.dll
 0002:00000024       __imp__UnhandledExceptionFilter@4 0040a024     kernel32:KERNEL32.dll
 0002:00000028       __imp__SystemTimeToFileTime@8 0040a028     kernel32:KERNEL32.dll
 0002:0000002c       __imp__GetLocalTime@4      0040a02c     kernel32:KERNEL32.dll
 0002:00000030       __imp__WriteFile@20        0040a030     kernel32:KERNEL32.dll
 0002:00000034       __imp__SetFilePointer@16   0040a034     kernel32:KERNEL32.dll
 0002:00000038       __imp__ReadFile@20         0040a038     kernel32:KERNEL32.dll
 0002:0000003c       __imp__FileTimeToSystemTime@8 0040a03c     kernel32:KERNEL32.dll
 0002:00000040       __imp__GetFileSize@8       0040a040     kernel32:KERNEL32.dll
 0002:00000044       __imp__CreateFileA@28      0040a044     kernel32:KERNEL32.dll
 0002:00000048       __imp__FormatMessageA@28   0040a048     kernel32:KERNEL32.dll
 0002:0000004c       __imp__QueryPerformanceFrequency@4 0040a04c     kernel32:KERNEL32.dll
 0002:00000050       __imp__SetConsoleTextAttribute@8 0040a050     kernel32:KERNEL32.dll
 0002:00000054       __imp__TlsFree@4           0040a054     kernel32:KERNEL32.dll
 0002:00000058       __imp__TlsSetValue@8       0040a058     kernel32:KERNEL32.dll
 0002:0000005c       __imp__TlsGetValue@4       0040a05c     kernel32:KERNEL32.dll
 0002:00000060       __imp__TlsAlloc@0          0040a060     kernel32:KERNEL32.dll
 0002:00000064       __imp__GetCurrentThreadId@0 0040a064     kernel32:KERNEL32.dll
 0002:00000068       __imp__CreateThread@24     0040a068     kernel32:KERNEL32.dll
 0002:0000006c       __imp__GetCurrentProcessId@0 0040a06c     kernel32:KERNEL32.dll
 0002:00000070       __imp__Sleep@4             0040a070     kernel32:KERNEL32.dll
 0002:00000074       __imp__WaitForSingleObject@8 0040a074     kernel32:KERNEL32.dll
 0002:00000078       __imp__ReleaseSemaphore@12 0040a078     kernel32:KERNEL32.dll
 0002:0000007c       __imp__DeleteCriticalSection@4 0040a07c     kernel32:KERNEL32.dll
 0002:00000080       __imp__TryEnterCriticalSection@4 0040a080     kernel32:KERNEL32.dll
 0002:00000084       __imp__LeaveCriticalSection@4 0040a084     kernel32:KERNEL32.dll
 0002:00000088       __imp__EnterCriticalSection@4 0040a088     kernel32:KERNEL32.dll
 0002:0000008c       __imp__InitializeCriticalSection@4 0040a08c     kernel32:KERNEL32.dll
 0002:00000090       __imp__GetLastError@0      0040a090     kernel32:KERNEL32.dll
 0002:00000094       __imp__GetStdHandle@4      0040a094     kernel32:KERNEL32.dll
 0002:00000098       __imp__WaitForMultipleObjects@16 0040a098     kernel32:KERNEL32.dll
 0002:0000009c       __imp__SetThreadPriority@8 0040a09c     kernel32:KERNEL32.dll
 0002:000000a0       __imp__GetCurrentThread@0  0040a0a0     kernel32:KERNEL32.dll
 0002:000000a4       __imp__CreateEventA@16     0040a0a4     kernel32:KERNEL32.dll
 0002:000000a8       __imp__SetEvent@4          0040a0a8     kernel32:KERNEL32.dll
 0002:000000ac       __imp__CloseHandle@4       0040a0ac     kernel32:KERNEL32.dll
 0002:000000b0       \177KERNEL32_NULL_THUNK_DATA 0040a0b0     kernel32:KERNEL32.dll
 0002:000000b4       __imp___except_handler4_common 0040a0b4     vcruntime:VCRUNTIME140.dll
 0002:000000b8       __imp__memcpy              0040a0b8     vcruntime:VCRUNTIME140.dll
 0002:000000bc       __imp__memset              0040a0bc     vcruntime:VCRUNTIME140.dll
 0002:000000c0       __imp__strchr              0040a0c0     vcruntime:VCRUNTIME140.dll
 0002:000000c4       __imp__longjmp             0040a0c4     vcruntime:VCRUNTIME140.dll
 0002:000000c8       \177VCRUNTIME140_NULL_THUNK_DATA 0040a0c8     vcruntime:VCRUNTIME140.dll
 0002:000000cc       __imp__waveInOpen@24       0040a0cc     winmm:WINMM.dll
 0002:000000d0       __imp__waveInGetDevCapsA@12 0040a0d0     winmm:WINMM.dll
 0002:000000d4       __imp__waveInGetNumDevs@0  0040a0d4     winmm:WINMM.dll
 0002:000000d8       __imp__waveOutReset@4      0040a0d8     winmm:WINMM.dll
 0002:000000dc       __imp__waveOutRestart@4    0040a0dc     winmm:WINMM.dll
 0002:000000e0       __imp__waveOutPause@4      0040a0e0     winmm:WINMM.dll
 0002:000000e4       __imp__waveOutWrite@12     0040a0e4     winmm:WINMM.dll
 0002:000000e8       __imp__waveOutUnprepareHeader@12 0040a0e8     winmm:WINMM.dll
 0002:000000ec       __imp__waveInClose@4       0040a0ec     winmm:WINMM.dll
 0002:000000f0       __imp__waveOutClose@4      0040a0f0     winmm:WINMM.dll
 0002:000000f4       __imp__waveOutOpen@24      0040a0f4     winmm:WINMM.dll
 0002:000000f8       __imp__waveOutSetVolume@8  0040a0f8     winmm:WINMM.dll
 0002:000000fc       __imp__waveOutGetVolume@8  0040a0fc     winmm:WINMM.dll
 0002:00000100       __imp__waveOutGetDevCapsA@12 0040a100     winmm:WINMM.dll
 0002:00000104       __imp__waveOutGetNumDevs@0 0040a104     winmm:WINMM.dll
 0002:00000108       __imp__waveInGetErrorTextA@12 0040a108     winmm:WINMM.dll
 0002:0000010c       __imp__waveOutGetErrorTextA@12 0040a10c     winmm:WINMM.dll
 0002:00000110       __imp__waveInPrepareHeader@12 0040a110     winmm:WINMM.dll
 0002:00000114       __imp__waveInUnprepareHeader@12 0040a114     winmm:WINMM.dll
 0002:00000118       __imp__waveInAddBuffer@12  0040a118     winmm:WINMM.dll
 0002:0000011c       __imp__waveInStart@4       0040a11c     winmm:WINMM.dll
 0002:00000120       __imp__waveInStop@4        0040a120     winmm:WINMM.dll
 0002:00000124       __imp__waveInReset@4       0040a124     winmm:WINMM.dll
 0002:00000128       __imp__waveOutPrepareHeader@12 0040a128     winmm:WINMM.dll
 0002:0000012c       \177WINMM_NULL_THUNK_DATA  0040a12c     winmm:WINMM.dll
 0002:00000130       __imp__ntohs@4             0040a130     ws2_32:WS2_32.dll
 0002:00000134       __imp__ntohl@4             0040a134     ws2_32:WS2_32.dll
 0002:00000138       __imp__WSAGetLastError@0   0040a138     ws2_32:WS2_32.dll
 0002:0000013c       __imp__WSACleanup@0        0040a13c     ws2_32:WS2_32.dll
 0002:00000140       __imp__WSAStartup@8        0040a140     ws2_32:WS2_32.dll
 0002:00000144       \177WS2_32_NULL_THUNK_DATA 0040a144     ws2_32:WS2_32.dll
 0002:00000148       __imp__free                0040a148     ucrt:api-ms-win-crt-heap-l1-1-0.dll
 0002:0000014c       __imp___set_new_mode       0040a14c     ucrt:api-ms-win-crt-heap-l1-1-0.dll
 0002:00000150       __imp__malloc              0040a150     ucrt:api-ms-win-crt-heap-l1-1-0.dll
 0002:00000154       \177api-ms-win-crt-heap-l1-1-0_NULL_THUNK_DATA 0040a154     ucrt:api-ms-win-crt-heap-l1-1-0.dll
 0002:00000158       __imp___configthreadlocale 0040a158     ucrt:api-ms-win-crt-locale-l1-1-0.dll
 0002:0000015c       \177api-ms-win-crt-locale-l1-1-0_NULL_THUNK_DATA 0040a15c     ucrt:api-ms-win-crt-locale-l1-1-0.dll
 0002:00000160       __imp___except1            0040a160     ucrt:api-ms-win-crt-math-l1-1-0.dll
 0002:00000164       __imp____setusermatherr    0040a164     ucrt:api-ms-win-crt-math-l1-1-0.dll
 0002:00000168       \177api-ms-win-crt-math-l1-1-0_NULL_THUNK_DATA 0040a168     ucrt:api-ms-win-crt-math-l1-1-0.dll
 0002:0000016c       __imp___register_thread_local_exe_atexit_callback 0040a16c     ucrt:api-ms-win-crt-runtime-l1-1-0.dll
 0002:00000170       __imp___c_exit             0040a170     ucrt:api-ms-win-crt-runtime-l1-1-0.dll
 0002:00000174       __imp___cexit              0040a174     ucrt:api-ms-win-crt-runtime-l1-1-0.dll
 0002:00000178       __imp__terminate           0040a178     ucrt:api-ms-win-crt-runtime-l1-1-0.dll
 0002:0000017c       __imp___controlfp_s        0040a17c     ucrt:api-ms-win-crt-runtime-l1-1-0.dll
 0002:00000180       __imp___crt_atexit         0040a180     ucrt:api-ms-win-crt-runtime-l1-1-0.dll
 0002:00000184       __imp___register_onexit_function 0040a184     ucrt:api-ms-win-crt-runtime-l1-1-0.dll
 0002:00000188       __imp___seh_filter_exe     0040a188     ucrt:api-ms-win-crt-runtime-l1-1-0.dll
 0002:0000018c       __imp___set_app_type       0040a18c     ucrt:api-ms-win-crt-runtime-l1-1-0.dll
 0002:00000190       __imp___configure_narrow_argv 0040a190     ucrt:api-ms-win-crt-runtime-l1-1-0.dll
 0002:00000194       __imp___initialize_onexit_table 0040a194     ucrt:api-ms-win-crt-runtime-l1-1-0.dll
 0002:00000198       __imp___initialize_narrow_environment 0040a198     ucrt:api-ms-win-crt-runtime-l1-1-0.dll
 0002:0000019c       __imp___get_initial_narrow_environment 0040a19c     ucrt:api-ms-win-crt-runtime-l1-1-0.dll
 0002:000001a0       __imp___initterm           0040a1a0     ucrt:api-ms-win-crt-runtime-l1-1-0.dll
 0002:000001a4       __imp___initterm_e         0040a1a4     ucrt:api-ms-win-crt-runtime-l1-1-0.dll
 0002:000001a8       __imp__exit                0040a1a8     ucrt:api-ms-win-crt-runtime-l1-1-0.dll
 0002:000001ac       __imp___exit               0040a1ac     ucrt:api-ms-win-crt-runtime-l1-1-0.dll
 0002:000001b0       __imp____p___argv          0040a1b0     ucrt:api-ms-win-crt-runtime-l1-1-0.dll
 0002:000001b4       __imp____p___argc          0040a1b4     ucrt:api-ms-win-crt-runtime-l1-1-0.dll
 0002:000001b8       \177api-ms-win-crt-runtime-l1-1-0_NULL_THUNK_DATA 0040a1b8     ucrt:api-ms-win-crt-runtime-l1-1-0.dll
 0002:000001bc       __imp___set_fmode          0040a1bc     ucrt:api-ms-win-crt-stdio-l1-1-0.dll
 0002:000001c0       __imp__fgets               0040a1c0     ucrt:api-ms-win-crt-stdio-l1-1-0.dll
 0002:000001c4       __imp__puts                0040a1c4     ucrt:api-ms-win-crt-stdio-l1-1-0.dll
 0002:000001c8       __imp__fflush              0040a1c8     ucrt:api-ms-win-crt-stdio-l1-1-0.dll
 0002:000001cc       __imp____acrt_iob_func     0040a1cc     ucrt:api-ms-win-crt-stdio-l1-1-0.dll
 0002:000001d0       __imp____p__commode        0040a1d0     ucrt:api-ms-win-crt-stdio-l1-1-0.dll
 0002:000001d4       __imp____stdio_common_vsscanf 0040a1d4     ucrt:api-ms-win-crt-stdio-l1-1-0.dll
 0002:000001d8       __imp____stdio_common_vsprintf 0040a1d8     ucrt:api-ms-win-crt-stdio-l1-1-0.dll
 0002:000001dc       __imp____stdio_common_vfprintf 0040a1dc     ucrt:api-ms-win-crt-stdio-l1-1-0.dll
 0002:000001e0       \177api-ms-win-crt-stdio-l1-1-0_NULL_THUNK_DATA 0040a1e0     ucrt:api-ms-win-crt-stdio-l1-1-0.dll
 0002:000001e4       __imp__strncpy             0040a1e4     ucrt:api-ms-win-crt-string-l1-1-0.dll
 0002:000001e8       \177api-ms-win-crt-string-l1-1-0_NULL_THUNK_DATA 0040a1e8     ucrt:api-ms-win-crt-string-l1-1-0.dll
 0002:000001ec       __imp__CoCreateGuid@4      0040a1ec     ole32:ole32.dll
 0002:000001f0       \177ole32_NULL_THUNK_DATA  0040a1f0     ole32:ole32.dll
 0002:000001f4       ___guard_check_icall_fptr  0040a1f4     MSVCRT:guard_support.obj
 0002:000001f8       ___xc_a                    0040a1f8     MSVCRT:initializers.obj
 0002:00000200       ___xc_z                    0040a200     MSVCRT:initializers.obj
 0002:00000204       ___xi_a                    0040a204     MSVCRT:initializers.obj
 0002:00000210       ___xi_z                    0040a210     MSVCRT:initializers.obj
 0002:00000214       ___xp_a                    0040a214     MSVCRT:initializers.obj
 0002:00000218       ___xp_z                    0040a218     MSVCRT:initializers.obj
 0002:0000021c       ___xt_a                    0040a21c     MSVCRT:initializers.obj
 0002:00000220       ___xt_z                    0040a220     MSVCRT:initializers.obj
 0002:00000230       ??_C@_07GBKCPIDJ@ext?9fmt?$AA@ 0040a230     pjmedia-audiodev-i386-win32-vc8-release:audiodev.obj
 0002:00000238       ??_C@_0BI@GGHCECPI@Extended?1non?9PCM?5format?$AA@ 0040a238     pjmedia-audiodev-i386-win32-vc8-release:audiodev.obj
 0002:00000250       ??_C@_0L@IKNMBADD@latency?9in?$AA@ 0040a250     pjmedia-audiodev-i386-win32-vc8-release:audiodev.obj
 0002:0000025c       ??_C@_0CC@LIGOHOJN@Input?5latency?1buffer?5size?5settin@ 0040a25c     pjmedia-audiodev-i386-win32-vc8-release:audiodev.obj
 0002:00000280       ??_C@_0M@MBBBBCLJ@latency?9out?$AA@ 0040a280     pjmedia-audiodev-i386-win32-vc8-release:audiodev.obj
 0002:0000028c       ??_C@_0CD@GAINMBC@Output?5latency?1buffer?5size?5setti@ 0040a28c     pjmedia-audiodev-i386-win32-vc8-release:audiodev.obj
 0002:000002b0       ??_C@_06KGGLCDDG@vol?9in?$AA@ 0040a2b0     pjmedia-audiodev-i386-win32-vc8-release:audiodev.obj
 0002:000002b8       ??_C@_0BF@CCEKOJAN@Input?5volume?5setting?$AA@ 0040a2b8     pjmedia-audiodev-i386-win32-vc8-release:audiodev.obj
 0002:000002d0       ??_C@_07LBFHFBAF@vol?9out?$AA@ 0040a2d0     pjmedia-audiodev-i386-win32-vc8-release:audiodev.obj
 0002:000002d8       ??_C@_0BG@IBEHJHAD@Output?5volume?5setting?$AA@ 0040a2d8     pjmedia-audiodev-i386-win32-vc8-release:audiodev.obj
 0002:000002f0       ??_C@_08BPNDLGG@meter?9in?$AA@ 0040a2f0     pjmedia-audiodev-i386-win32-vc8-release:audiodev.obj
 0002:000002fc       ??_C@_0M@NCGIGNPG@Input?5meter?$AA@ 0040a2fc     pjmedia-audiodev-i386-win32-vc8-release:audiodev.obj
 0002:00000308       ??_C@_09NKJLJGOJ@meter?9out?$AA@ 0040a308     pjmedia-audiodev-i386-win32-vc8-release:audiodev.obj
 0002:00000314       ??_C@_0N@GBEOEOEP@Output?5meter?$AA@ 0040a314     pjmedia-audiodev-i386-win32-vc8-release:audiodev.obj
 0002:00000324       ??_C@_08FPHJDLBG@route?9in?$AA@ 0040a324     pjmedia-audiodev-i386-win32-vc8-release:audiodev.obj
 0002:00000330       ??_C@_0O@JDPFDDM@Input?5routing?$AA@ 0040a330     pjmedia-audiodev-i386-win32-vc8-release:audiodev.obj
 0002:00000340       ??_C@_09IKMAGDNF@route?9out?$AA@ 0040a340     pjmedia-audiodev-i386-win32-vc8-release:audiodev.obj
 0002:0000034c       ??_C@_0P@JOFPIEJJ@Output?5routing?$AA@ 0040a34c     pjmedia-audiodev-i386-win32-vc8-release:audiodev.obj
 0002:0000035c       ??_C@_03FNONIBCK@aec?$AA@  0040a35c     pjmedia-audiodev-i386-win32-vc8-release:audiodev.obj
 0002:00000360       ??_C@_0BM@HPDLGLFJ@Accoustic?5echo?5cancellation?$AA@ 0040a360     pjmedia-audiodev-i386-win32-vc8-release:audiodev.obj
 0002:0000037c       ??_C@_08MKAPJCJE@aec?9tail?$AA@ 0040a37c     pjmedia-audiodev-i386-win32-vc8-release:audiodev.obj
 0002:00000388       ??_C@_0BM@PBLLADJD@Tail?5length?5setting?5for?5AEC?$AA@ 0040a388     pjmedia-audiodev-i386-win32-vc8-release:audiodev.obj
 0002:000003a4       ??_C@_03NIGLNABH@vad?$AA@  0040a3a4     pjmedia-audiodev-i386-win32-vc8-release:audiodev.obj
 0002:000003a8       ??_C@_0BJ@PEELNNPF@Voice?5activity?5detection?$AA@ 0040a3a8     pjmedia-audiodev-i386-win32-vc8-release:audiodev.obj
 0002:000003c4       ??_C@_03JPNNGDEE@cng?$AA@  0040a3c4     pjmedia-audiodev-i386-win32-vc8-release:audiodev.obj
 0002:000003c8       ??_C@_0BJ@MNDOFJGN@Comfort?5noise?5generation?$AA@ 0040a3c8     pjmedia-audiodev-i386-win32-vc8-release:audiodev.obj
 0002:000003e4       ??_C@_03NOPFEPFL@plg?$AA@  0040a3e4     pjmedia-audiodev-i386-win32-vc8-release:audiodev.obj
 0002:000003e8       ??_C@_0BI@OMEMKBHH@Packet?5loss?5concealment?$AA@ 0040a3e8     pjmedia-audiodev-i386-win32-vc8-release:audiodev.obj
 0002:00000400       ??_C@_02HHFHKOHM@?$DP?$DP?$AA@ 0040a400     pjmedia-audiodev-i386-win32-vc8-release:audiodev.obj
 0002:00000408       ??_C@_0EF@NLCNMHAD@?$CFd?5device?$CIs?$CJ?5cannot?5be?5registere@ 0040a408     pjmedia-audiodev-i386-win32-vc8-release:audiodev.obj
 0002:00000450       ??_C@_0L@FGHHAHLM@audiodev?4c?$AA@ 0040a450     pjmedia-audiodev-i386-win32-vc8-release:audiodev.obj
 0002:0000045c       ??_C@_0CF@NNKJIABC@Unable?5to?5refresh?5device?5list?5fo@ 0040a45c     pjmedia-audiodev-i386-win32-vc8-release:audiodev.obj
 0002:00000484       ??_C@_0BB@BAGIMGGD@?$CFs?3?5?$CFs?5?$CIerr?$DN?$CFd?$CJ?6?$AA@ 0040a484     pjmedia-audiodev-i386-win32-vc8-release:audiotest.obj
 0002:00000498       ??_C@_07LGOHBJLG@audtest?$AA@ 0040a498     pjmedia-audiodev-i386-win32-vc8-release:audiotest.obj
 0002:000004a0       ??_C@_07ONKAOHNE@sndtest?$AA@ 0040a4a0     pjmedia-audiodev-i386-win32-vc8-release:audiotest.obj
 0002:000004a8       ??_C@_0BG@KPJALKKK@Unable?5to?5open?5device?$AA@ 0040a4a8     pjmedia-audiodev-i386-win32-vc8-release:audiotest.obj
 0002:000004c0       ??_C@_0BP@JJJOPCGH@Unable?5to?5start?5capture?5stream?$AA@ 0040a4c0     pjmedia-audiodev-i386-win32-vc8-release:audiotest.obj
 0002:000004e0       ??_C@_0DE@FBEKMONH@?5Please?5wait?5while?5test?5is?5in?5pr@ 0040a4e0     pjmedia-audiodev-i386-win32-vc8-release:audiotest.obj
 0002:00000514       ??_C@_0M@PPJNFCCP@audiotest?4c?$AA@ 0040a514     pjmedia-audiodev-i386-win32-vc8-release:audiotest.obj
 0002:00000520       __real@3fe0000000000000    0040a520     pjmedia-audiodev-i386-win32-vc8-release:audiotest.obj
 0002:00000588       ??_C@_0DC@MHBBCDGM@Unspecified?5audio?5device?5error?5?$CI@ 0040a588     pjmedia-audiodev-i386-win32-vc8-release:errno.obj
 0002:000005bc       ??_C@_0DG@FEDKLOFB@Unknown?5error?5from?5audio?5driver?5@ 0040a5bc     pjmedia-audiodev-i386-win32-vc8-release:errno.obj
 0002:000005f4       ??_C@_0DE@DOHCBKFK@Audio?5subsystem?5not?5initialized?5@ 0040a5f4     pjmedia-audiodev-i386-win32-vc8-release:errno.obj
 0002:00000628       ??_C@_0CL@NCBJPCNF@Invalid?5audio?5device?5?$CIPJMEDIA_EA@ 0040a628     pjmedia-audiodev-i386-win32-vc8-release:errno.obj
 0002:00000654       ??_C@_0CM@LOPLLMHO@Found?5no?5audio?5devices?5?$CIPJMEDIA_@ 0040a654     pjmedia-audiodev-i386-win32-vc8-release:errno.obj
 0002:00000680       ??_C@_0DM@DPDKGMIE@Unable?5to?5find?5default?5audio?5dev@ 0040a680     pjmedia-audiodev-i386-win32-vc8-release:errno.obj
 0002:000006bc       ??_C@_0CP@JIPJOIMB@Audio?5device?5not?5ready?5?$CIPJMEDIA_@ 0040a6bc     pjmedia-audiodev-i386-win32-vc8-release:errno.obj
 0002:000006ec       ??_C@_0DO@NMIGLFFA@Invalid?5or?5unsupported?5audio?5cap@ 0040a6ec     pjmedia-audiodev-i386-win32-vc8-release:errno.obj
 0002:00000730       ??_C@_0ED@PLJALPOA@Invalid?5or?5unsupported?5audio?5dev@ 0040a730     pjmedia-audiodev-i386-win32-vc8-release:errno.obj
 0002:00000774       ??_C@_0DM@JKDJGBNG@Bad?5or?5invalid?5audio?5device?5form@ 0040a774     pjmedia-audiodev-i386-win32-vc8-release:errno.obj
 0002:000007b0       ??_C@_0DN@BLAJILEA@Invalid?5audio?5device?5sample?5form@ 0040a7b0     pjmedia-audiodev-i386-win32-vc8-release:errno.obj
 0002:000007f0       ??_C@_0DE@LJJGJIEF@Bad?5audio?5latency?5setting?5?$CIPJMED@ 0040a7f0     pjmedia-audiodev-i386-win32-vc8-release:errno.obj
 0002:00000824       ??_C@_0BJ@GMHLEOAL@MMSYSTEM?5native?5error?5?$CFd?$AA@ 0040a824     pjmedia-audiodev-i386-win32-vc8-release:errno.obj
 0002:00000840       ??_C@_0CC@MFOJNIAN@Unknown?5pjmedia?9audiodev?5error?5?$CF@ 0040a840     pjmedia-audiodev-i386-win32-vc8-release:errno.obj
 0002:00000864       ??_C@_0M@KBHHDDLP@Wave?5mapper?$AA@ 0040a864     pjmedia-audiodev-i386-win32-vc8-release:wmme_dev.obj
 0002:00000870       ??_C@_04CPNMDOAK@WMME?$AA@ 0040a870     pjmedia-audiodev-i386-win32-vc8-release:wmme_dev.obj
 0002:00000878       ??_C@_0BB@EOKKHGLD@WMME?5initialized?$AA@ 0040a878     pjmedia-audiodev-i386-win32-vc8-release:wmme_dev.obj
 0002:0000088c       ??_C@_0L@HHCCMOGO@wmme_dev?4c?$AA@ 0040a88c     pjmedia-audiodev-i386-win32-vc8-release:wmme_dev.obj
 0002:00000898       ??_C@_0BM@OMJMEAMB@WMME?5found?5no?5sound?5devices?$AA@ 0040a898     pjmedia-audiodev-i386-win32-vc8-release:wmme_dev.obj
 0002:000008b4       ??_C@_11LOCGONAA@?$AA?$AA@ 0040a8b4     pjmedia-audiodev-i386-win32-vc8-release:wmme_dev.obj
 0002:000008b8       ??_C@_0BH@GEMAAOCL@WMME?5found?5?$CFd?5devices?3?$AA@ 0040a8b8     pjmedia-audiodev-i386-win32-vc8-release:wmme_dev.obj
 0002:000008d0       ??_C@_0CA@NLJGEGOG@?5dev_id?5?$CFd?3?5?$CFs?5?5?$CIin?$DN?$CFd?0?5out?$DN?$CFd?$CJ?$AA@ 0040a8d0     pjmedia-audiodev-i386-win32-vc8-release:wmme_dev.obj
 0002:000008f0       ??_C@_03CCLNCNJA@PCM?$AA@  0040a8f0     pjmedia-audiodev-i386-win32-vc8-release:wmme_dev.obj
 0002:000008f8       ??_C@_0HB@MKIBCFPJ@?5WaveAPI?5Sound?5player?5?$CC?$CFs?$CC?5initi@ 0040a8f8     pjmedia-audiodev-i386-win32-vc8-release:wmme_dev.obj
 0002:00000970       ??_C@_0HD@PIICIPL@?5WaveAPI?5Sound?5recorder?5?$CC?$CFs?$CC?5ini@ 0040a970     pjmedia-audiodev-i386-win32-vc8-release:wmme_dev.obj
 0002:000009e4       ??_C@_0BI@BEJPJEBJ@WMME?3?5thread?5stopping?4?4?$AA@ 0040a9e4     pjmedia-audiodev-i386-win32-vc8-release:wmme_dev.obj
 0002:000009fc       ??_C@_08MOOOBPLB@wmme?9dev?$AA@ 0040a9fc     pjmedia-audiodev-i386-win32-vc8-release:wmme_dev.obj
 0002:00000a08       ??_C@_04ODOGNMHC@wmme?$AA@ 0040aa08     pjmedia-audiodev-i386-win32-vc8-release:wmme_dev.obj
 0002:00000a10       ??_C@_0BN@MNACKNIN@WMME?5playback?5stream?5started?$AA@ 0040aa10     pjmedia-audiodev-i386-win32-vc8-release:wmme_dev.obj
 0002:00000a30       ??_C@_0BM@NKDLICNM@WMME?5capture?5stream?5started?$AA@ 0040aa30     pjmedia-audiodev-i386-win32-vc8-release:wmme_dev.obj
 0002:00000a4c       ??_C@_0BN@FMJNHCPG@Stopped?5WMME?5playback?5stream?$AA@ 0040aa4c     pjmedia-audiodev-i386-win32-vc8-release:wmme_dev.obj
 0002:00000a6c       ??_C@_0BM@KCHDOGNE@Stopped?5WMME?5capture?5stream?$AA@ 0040aa6c     pjmedia-audiodev-i386-win32-vc8-release:wmme_dev.obj
 0002:00000a88       ??_C@_09OFDCJLJM@WMME?5base?$AA@ 0040aa88     pjmedia-audiodev-i386-win32-vc8-release:wmme_dev.obj
 0002:00000a94       ??_C@_04DAMGJPCA@file?$AA@ 0040aa94     pjmedia-i386-win32-vc8-release:wav_player.obj
 0002:00000a9c       ??_C@_0DH@CJCCJAOK@actual?5value?$HMexpected?5riff?$DN?$CFx?$HM?$CFx@ 0040aa9c     pjmedia-i386-win32-vc8-release:wav_player.obj
 0002:00000ad4       ??_C@_0N@EAJPAIGO@wav_player?4c?$AA@ 0040aad4     pjmedia-i386-win32-vc8-release:wav_player.obj
 0002:00000ae8       ??_C@_0EO@KJDBHFL@File?5player?5?8?$CF?4?$CKs?8?5created?3?5samp@ 0040aae8     pjmedia-i386-win32-vc8-release:wav_player.obj
 0002:00000b38       ??_C@_0BD@LPPPNKOC@File?5port?5?$CF?4?$CKs?5EOF?$AA@ 0040ab38     pjmedia-i386-win32-vc8-release:wav_player.obj
 0002:00000b4c       ??_C@_0BL@OHCCHMIC@File?5port?5?$CF?4?$CKs?5rewinding?4?4?$AA@ 0040ab4c     pjmedia-i386-win32-vc8-release:wav_player.obj
 0002:00000b68       ??_C@_0DH@EDIEAILI@File?5writer?5?8?$CF?4?$CKs?8?5created?3?5samp@ 0040ab68     pjmedia-i386-win32-vc8-release:wav_writer.obj
 0002:00000ba0       ??_C@_0N@MCLOBLAH@wav_writer?4c?$AA@ 0040aba0     pjmedia-i386-win32-vc8-release:wav_writer.obj
 0002:00000bb0       _pjmedia_linear2ulaw_tab   0040abb0     pjmedia-i386-win32-vc8-release:alaw_ulaw_table.obj
 0002:00004bb0       _pjmedia_linear2alaw_tab   0040ebb0     pjmedia-i386-win32-vc8-release:alaw_ulaw_table.obj
 0002:00008bb0       _pjmedia_ulaw2linear_tab   00412bb0     pjmedia-i386-win32-vc8-release:alaw_ulaw_table.obj
 0002:00008db0       _pjmedia_alaw2linear_tab   00412db0     pjmedia-i386-win32-vc8-release:alaw_ulaw_table.obj
 0002:00008fb0       ??_C@_04IFCNACLH@pj?$CFp?$AA@ 00412fb0     pjlib-i386-win32-vc8-release:os_core_win32.obj
 0002:00008fb8       ??_C@_0BA@NGJFHJA@PJLIB?1No?5memory?$AA@ 00412fb8     pjlib-i386-win32-vc8-release:os_core_win32.obj
 0002:00008fc8       ??_C@_0BP@NGEKBPIB@pjlib?5?$CFs?5for?5win32?5initialized?$AA@ 00412fc8     pjlib-i386-win32-vc8-release:os_core_win32.obj
 0002:00008fe8       ??_C@_0BA@FNCACAIG@os_core_win32?4c?$AA@ 00412fe8     pjlib-i386-win32-vc8-release:os_core_win32.obj
 0002:00008ff8       ??_C@_0CI@EAKIIBBA@Main?5thread?5stack?5max?5usage?$DN?$CFu?5b@ 00412ff8     pjlib-i386-win32-vc8-release:os_core_win32.obj
 0002:00009020       ??_C@_0BK@BHGJHPMG@?4?4?2src?2pj?2os_core_win32?4c?$AA@ 00413020     pjlib-i386-win32-vc8-release:os_core_win32.obj
 0002:0000903c       ??_C@_05KHEDLION@thr?$CFp?$AA@ 0041303c     pjlib-i386-win32-vc8-release:os_core_win32.obj
 0002:00009044       ??_C@_0CD@GPHECFNA@Thread?5stack?5max?5usage?$DN?$CFu?5by?5?$CFs?3@ 00413044     pjlib-i386-win32-vc8-release:os_core_win32.obj
 0002:00009067       ??_C@_00CNPNBAHC@?$AA@     00413067     pjlib-i386-win32-vc8-release:os_core_win32.obj
 0002:00009068       ??_C@_05EJDHHBFJ@mtx?$CFp?$AA@ 00413068     pjlib-i386-win32-vc8-release:os_core_win32.obj
 0002:00009070       ??_C@_0BB@PKFOFEEC@?4?4?2src?2pj?2pool?4c?$AA@ 00413070     pjlib-i386-win32-vc8-release:pool.obj
 0002:00009084       ??_C@_0BJ@MJKAJPML@?4?4?2src?2pj?2pool_caching?4c?$AA@ 00413084     pjlib-i386-win32-vc8-release:pool_caching.obj
 0002:000090a0       ??_C@_0M@IGFPEOLJ@cachingpool?$AA@ 004130a0     pjlib-i386-win32-vc8-release:pool_caching.obj
 0002:000090ac       ??_C@_0DD@ECGDPCBA@Pool?5is?5not?5released?5by?5applicat@ 004130ac     pjlib-i386-win32-vc8-release:pool_caching.obj
 0002:000090e0       ??_C@_0BH@BBPHJKOA@?5Dumping?5caching?5pool?3?$AA@ 004130e0     pjlib-i386-win32-vc8-release:pool_caching.obj
 0002:000090f8       ??_C@_08COPEICHG@cachpool?$AA@ 004130f8     pjlib-i386-win32-vc8-release:pool_caching.obj
 0002:00009104       ??_C@_0CN@DOKPIIOH@?5?5?5Capacity?$DN?$CFu?0?5max_capacity?$DN?$CFu?0@ 00413104     pjlib-i386-win32-vc8-release:pool_caching.obj
 0002:00009134       ??_C@_0BM@IDLDGCC@?5?5Dumping?5all?5active?5pools?3?$AA@ 00413134     pjlib-i386-win32-vc8-release:pool_caching.obj
 0002:00009150       ??_C@_0CA@MMLIKIEG@?5?5?5?$CF16s?3?5?$CF8d?5of?5?$CF8d?5?$CI?$CFd?$CF?$CF?$CJ?5used?$AA@ 00413150     pjlib-i386-win32-vc8-release:pool_caching.obj
 0002:00009170       ??_C@_0CB@GKBJPDKG@?5?5Total?5?$CF9d?5of?5?$CF9d?5?$CI?$CFd?5?$CF?$CF?$CJ?5used?$CB@ 00413170     pjlib-i386-win32-vc8-release:pool_caching.obj
 0002:00009258       ??_C@_0BM@FLPPOGAG@Unknown?5Error?5?$CIPJ_EUNKNOWN?$CJ?$AA@ 00413258     pjlib-i386-win32-vc8-release:errno.obj
 0002:00009274       ??_C@_0CA@DCLOOJGD@Pending?5operation?5?$CIPJ_EPENDING?$CJ?$AA@ 00413274     pjlib-i386-win32-vc8-release:errno.obj
 0002:00009294       ??_C@_0CO@GABEOAFF@Too?5many?5connecting?5sockets?5?$CIPJ_@ 00413294     pjlib-i386-win32-vc8-release:errno.obj
 0002:000092c4       ??_C@_0CG@CBCJBJGD@Invalid?5value?5or?5argument?5?$CIPJ_EI@ 004132c4     pjlib-i386-win32-vc8-release:errno.obj
 0002:000092ec       ??_C@_0CA@GJABNEKD@Name?5too?5long?5?$CIPJ_ENAMETOOLONG?$CJ?$AA@ 004132ec     pjlib-i386-win32-vc8-release:errno.obj
 0002:0000930c       ??_C@_0BJ@JNKLPII@Not?5found?5?$CIPJ_ENOTFOUND?$CJ?$AA@ 0041330c     pjlib-i386-win32-vc8-release:errno.obj
 0002:00009328       ??_C@_0BO@GOLCMJKK@Not?5enough?5memory?5?$CIPJ_ENOMEM?$CJ?$AA@ 00413328     pjlib-i386-win32-vc8-release:errno.obj
 0002:00009348       ??_C@_0BI@HHGDCAID@BUG?5DETECTED?$CB?5?$CIPJ_EBUG?$CJ?$AA@ 00413348     pjlib-i386-win32-vc8-release:errno.obj
 0002:00009360       ??_C@_0CD@JOGIDHPJ@Operation?5timed?5out?5?$CIPJ_ETIMEDOU@ 00413360     pjlib-i386-win32-vc8-release:errno.obj
 0002:00009384       ??_C@_0DF@MIFNAIHL@Too?5many?5objects?5of?5the?5specifie@ 00413384     pjlib-i386-win32-vc8-release:errno.obj
 0002:000093bc       ??_C@_0BK@OMPILOH@Object?5is?5busy?5?$CIPJ_EBUSY?$CJ?$AA@ 004133bc     pjlib-i386-win32-vc8-release:errno.obj
 0002:000093d8       ??_C@_0CP@BAIBJOJE@Option?1operation?5is?5not?5supporte@ 004133d8     pjlib-i386-win32-vc8-release:errno.obj
 0002:00009408       ??_C@_0CC@OEEEEEML@Invalid?5operation?5?$CIPJ_EINVALIDOP@ 00413408     pjlib-i386-win32-vc8-release:errno.obj
 0002:0000942c       ??_C@_0CE@KDDMJLGF@Operation?5cancelled?5?$CIPJ_ECANCELL@ 0041342c     pjlib-i386-win32-vc8-release:errno.obj
 0002:00009450       ??_C@_0CD@LODOFNLC@Object?5already?5exists?5?$CIPJ_EEXIST@ 00413450     pjlib-i386-win32-vc8-release:errno.obj
 0002:00009474       ??_C@_0BG@GMBDFNLN@End?5of?5file?5?$CIPJ_EEOF?$CJ?$AA@ 00413474     pjlib-i386-win32-vc8-release:errno.obj
 0002:0000948c       ??_C@_0BN@PCCNBFLN@Size?5is?5too?5big?5?$CIPJ_ETOOBIG?$CJ?$AA@ 0041348c     pjlib-i386-win32-vc8-release:errno.obj
 0002:000094ac       ??_C@_0DB@FDCHLEID@gethostbyname?$CI?$CJ?5has?5returned?5err@ 004134ac     pjlib-i386-win32-vc8-release:errno.obj
 0002:000094e0       ??_C@_0CB@MGGLJMNO@Size?5is?5too?5short?5?$CIPJ_ETOOSMALL?$CJ@ 004134e0     pjlib-i386-win32-vc8-release:errno.obj
 0002:00009504       ??_C@_0BG@NBDJGAFI@Ignored?5?$CIPJ_EIGNORED?$CJ?$AA@ 00413504     pjlib-i386-win32-vc8-release:errno.obj
 0002:0000951c       ??_C@_0CH@OGOOBJBE@IPv6?5is?5not?5supported?5?$CIPJ_EIPV6N@ 0041351c     pjlib-i386-win32-vc8-release:errno.obj
 0002:00009544       ??_C@_0CK@DJAHHNOI@Unsupported?5address?5family?5?$CIPJ_E@ 00413544     pjlib-i386-win32-vc8-release:errno.obj
 0002:00009570       ??_C@_0CD@PDGCJOJH@Object?5no?5longer?5exists?5?$CIPJ_EGON@ 00413570     pjlib-i386-win32-vc8-release:errno.obj
 0002:00009594       ??_C@_0CI@LBHALONI@Socket?5is?5in?5bad?5state?5?$CIPJ_ESOCK@ 00413594     pjlib-i386-win32-vc8-release:errno.obj
 0002:000095bc       ??_C@_0BH@ONDLFCEA@Unknown?5pjlib?5error?5?$CFd?$AA@ 004135bc     pjlib-i386-win32-vc8-release:errno.obj
 0002:000095d4       ??_C@_07PBILKAFL@Success?$AA@ 004135d4     pjlib-i386-win32-vc8-release:errno.obj
 0002:000095dc       ??_C@_0BB@BIKLJNJD@Unknown?5error?5?$CFd?$AA@ 004135dc     pjlib-i386-win32-vc8-release:errno.obj
 0002:000095f0       ??_C@_05NAOIJFC@Error?$AA@ 004135f0     pjlib-i386-win32-vc8-release:errno.obj
 0002:000095f8       ??_C@_06DJHOIPC@?$CFs?3?5?$CFs?$AA@ 004135f8     pjlib-i386-win32-vc8-release:errno.obj
 0002:00009600       ??_C@_0BA@CLLJDBF@?4?4?2src?2pj?2log?4c?$AA@ 00413600     pjlib-i386-win32-vc8-release:log.obj
 0002:00009610       ??_C@_06DDFOEFIF@FATAL?3?$AA@ 00413610     pjlib-i386-win32-vc8-release:log.obj
 0002:00009618       ??_C@_06PONDCDME@ERROR?3?$AA@ 00413618     pjlib-i386-win32-vc8-release:log.obj
 0002:00009620       ??_C@_06OHJPOJDB@?5WARN?3?$AA@ 00413620     pjlib-i386-win32-vc8-release:log.obj
 0002:00009628       ??_C@_06ICKKLHPE@?5INFO?3?$AA@ 00413628     pjlib-i386-win32-vc8-release:log.obj
 0002:00009630       ??_C@_06DNOFLLB@DEBUG?3?$AA@ 00413630     pjlib-i386-win32-vc8-release:log.obj
 0002:00009638       ??_C@_06ELIFFDKB@TRACE?3?$AA@ 00413638     pjlib-i386-win32-vc8-release:log.obj
 0002:00009640       ??_C@_06HGKAKJPG@DETRC?3?$AA@ 00413640     pjlib-i386-win32-vc8-release:log.obj
 0002:00009648       ??_C@_03KOEHGMDN@Sun?$AA@  00413648     pjlib-i386-win32-vc8-release:log.obj
 0002:0000964c       ??_C@_03PDAGKDH@Mon?$AA@   0041364c     pjlib-i386-win32-vc8-release:log.obj
 0002:00009650       ??_C@_03NAGEINEP@Tue?$AA@  00413650     pjlib-i386-win32-vc8-release:log.obj
 0002:00009654       ??_C@_03MHOMLAJA@Wed?$AA@  00413654     pjlib-i386-win32-vc8-release:log.obj
 0002:00009658       ??_C@_03IOFIKPDN@Thu?$AA@  00413658     pjlib-i386-win32-vc8-release:log.obj
 0002:0000965c       ??_C@_03IDIOELNC@Fri?$AA@  0041365c     pjlib-i386-win32-vc8-release:log.obj
 0002:00009660       ??_C@_03FEFJNEK@Sat?$AA@   00413660     pjlib-i386-win32-vc8-release:log.obj
 0002:00009664       ??_C@_0BO@BGMDCDKP@?$DMlogging?5error?3?5msg?5too?5long?$DO?$AA@ 00413664     pjlib-i386-win32-vc8-release:log.obj
 0002:00009684       ??_C@_0BP@JMMENEAD@?4?4?2src?2pj?2pool_policy_malloc?4c?$AA@ 00413684     pjlib-i386-win32-vc8-release:pool_policy_malloc.obj
 0002:000096a8       __real@0000000000000000    004136a8     pjlib-i386-win32-vc8-release:os_timestamp_common.obj
 0002:000096b0       __real@3ff0000000000000    004136b0     pjlib-i386-win32-vc8-release:os_timestamp_common.obj
 0002:000096b8       __real@412e848000000000    004136b8     pjlib-i386-win32-vc8-release:os_timestamp_common.obj
 0002:000096c0       ??_C@_0BD@ELEDKDKB@?4?4?2src?2pj?2string?4c?$AA@ 004136c0     pjlib-i386-win32-vc8-release:string.obj
 0002:00009868       ??_C@_0CD@FNMHLHMI@Interrupted?5system?5call?5?$CIWSAEINT@ 00413868     pjlib-i386-win32-vc8-release:os_error_win32.obj
 0002:0000988c       ??_C@_0BL@OKPDNKLH@Bad?5file?5number?5?$CIWSAEBADF?$CJ?$AA@ 0041388c     pjlib-i386-win32-vc8-release:os_error_win32.obj
 0002:000098a8       ??_C@_0BO@BMBEEPBP@Permission?5denied?5?$CIWSAEACCES?$CJ?$AA@ 004138a8     pjlib-i386-win32-vc8-release:os_error_win32.obj
 0002:000098c8       ??_C@_0BI@LAKHPJJ@Bad?5address?5?$CIWSAEFAULT?$CJ?$AA@ 004138c8     pjlib-i386-win32-vc8-release:os_error_win32.obj
 0002:000098e0       ??_C@_0BN@FEIDINKH@Invalid?5argument?5?$CIWSAEINVAL?$CJ?$AA@ 004138e0     pjlib-i386-win32-vc8-release:os_error_win32.obj
 0002:00009900       ??_C@_0CC@HMKKNDGL@Too?5many?5open?5sockets?5?$CIWSAEMFILE@ 00413900     pjlib-i386-win32-vc8-release:os_error_win32.obj
 0002:00009924       ??_C@_0CH@GCPPFMGM@Operation?5would?5block?5?$CIWSAEWOULD@ 00413924     pjlib-i386-win32-vc8-release:os_error_win32.obj
 0002:0000994c       ??_C@_0CL@DKGHEPCD@Operation?5now?5in?5progress?5?$CIWSAEI@ 0041394c     pjlib-i386-win32-vc8-release:os_error_win32.obj
 0002:00009978       ??_C@_0CM@BEMCBKDH@Operation?5already?5in?5progress?5?$CIW@ 00413978     pjlib-i386-win32-vc8-release:os_error_win32.obj
 0002:000099a4       ??_C@_0CN@PAFKDEBN@Socket?5operation?5on?5non?9socket?5?$CI@ 004139a4     pjlib-i386-win32-vc8-release:os_error_win32.obj
 0002:000099d4       ??_C@_0CP@HCDICECK@Destination?5address?5required?5?$CIWS@ 004139d4     pjlib-i386-win32-vc8-release:os_error_win32.obj
 0002:00009a04       ??_C@_0BP@LNFPBFEK@Message?5too?5long?5?$CIWSAEMSGSIZE?$CJ?$AA@ 00413a04     pjlib-i386-win32-vc8-release:os_error_win32.obj
 0002:00009a24       ??_C@_0CP@MMIMIEMF@Protocol?5wrong?5type?5for?5socket?5?$CI@ 00413a24     pjlib-i386-win32-vc8-release:os_error_win32.obj
 0002:00009a54       ??_C@_0CF@HNFLHOHA@Bad?5protocol?5option?5?$CIWSAENOPROTO@ 00413a54     pjlib-i386-win32-vc8-release:os_error_win32.obj
 0002:00009a7c       ??_C@_0CM@HPGHEHCE@Protocol?5not?5supported?5?$CIWSAEPROT@ 00413a7c     pjlib-i386-win32-vc8-release:os_error_win32.obj
 0002:00009aa8       ??_C@_0CP@JLBNHCOL@Socket?5type?5not?5supported?5?$CIWSAES@ 00413aa8     pjlib-i386-win32-vc8-release:os_error_win32.obj
 0002:00009ad8       ??_C@_0DC@GJMFANID@Operation?5not?5supported?5on?5socke@ 00413ad8     pjlib-i386-win32-vc8-release:os_error_win32.obj
 0002:00009b0c       ??_C@_0DA@GFNBENIG@Protocol?5family?5not?5supported?5?$CIW@ 00413b0c     pjlib-i386-win32-vc8-release:os_error_win32.obj
 0002:00009b3c       ??_C@_0CP@MMKHGIFC@Address?5family?5not?5supported?5?$CIWS@ 00413b3c     pjlib-i386-win32-vc8-release:os_error_win32.obj
 0002:00009b6c       ??_C@_0CH@OCKNFBKE@Address?5already?5in?5use?5?$CIWSAEADDR@ 00413b6c     pjlib-i386-win32-vc8-release:os_error_win32.obj
 0002:00009b94       ??_C@_0DC@FJJPJPOD@Can?8t?5assign?5requested?5address?5?$CI@ 00413b94     pjlib-i386-win32-vc8-release:os_error_win32.obj
 0002:00009bc8       ??_C@_0BO@IICKDHLJ@Network?5is?5down?5?$CIWSAENETDOWN?$CJ?$AA@ 00413bc8     pjlib-i386-win32-vc8-release:os_error_win32.obj
 0002:00009be8       ??_C@_0CI@NKJAACME@Network?5is?5unreachable?5?$CIWSAENETU@ 00413be8     pjlib-i386-win32-vc8-release:os_error_win32.obj
 0002:00009c10       ??_C@_0CE@LJEEEFEC@Net?5connection?5reset?5?$CIWSAENETRES@ 00413c10     pjlib-i386-win32-vc8-release:os_error_win32.obj
 0002:00009c34       ??_C@_0DD@PGDIHOBG@Software?5caused?5connection?5abort@ 00413c34     pjlib-i386-win32-vc8-release:os_error_win32.obj
 0002:00009c68       ??_C@_0CJ@PJHCFAAN@Connection?5reset?5by?5peer?5?$CIWSAECO@ 00413c68     pjlib-i386-win32-vc8-release:os_error_win32.obj
 0002:00009c94       ??_C@_0CH@EKNGIMKN@No?5buffer?5space?5available?5?$CIWSAEN@ 00413c94     pjlib-i386-win32-vc8-release:os_error_win32.obj
 0002:00009cbc       ??_C@_0CJ@JOPBNNOD@Socket?5is?5already?5connected?5?$CIWSA@ 00413cbc     pjlib-i386-win32-vc8-release:os_error_win32.obj
 0002:00009ce8       ??_C@_0CG@CECDMHLL@Socket?5is?5not?5connected?5?$CIWSAENOT@ 00413ce8     pjlib-i386-win32-vc8-release:os_error_win32.obj
 0002:00009d10       ??_C@_0DA@JGJMJPNM@Can?8t?5send?5after?5socket?5shutdown@ 00413d10     pjlib-i386-win32-vc8-release:os_error_win32.obj
 0002:00009d40       ??_C@_0DE@CAILNFFE@Too?5many?5references?0?5can?8t?5splic@ 00413d40     pjlib-i386-win32-vc8-release:os_error_win32.obj
 0002:00009d74       ??_C@_0CE@IIKHBGF@Connection?5timed?5out?5?$CIWSAETIMEDO@ 00413d74     pjlib-i386-win32-vc8-release:os_error_win32.obj
 0002:00009d98       ??_C@_0CF@JMKFBJH@Connection?5refused?5?$CIWSAECONNREFU@ 00413d98     pjlib-i386-win32-vc8-release:os_error_win32.obj
 0002:00009dc0       ??_C@_0CN@FCKBNFMB@Too?5many?5levels?5of?5symbolic?5link@ 00413dc0     pjlib-i386-win32-vc8-release:os_error_win32.obj
 0002:00009df0       ??_C@_0CF@MOFKOMBB@File?5name?5too?5long?5?$CIWSAENAMETOOL@ 00413df0     pjlib-i386-win32-vc8-release:os_error_win32.obj
 0002:00009e18       ??_C@_0BM@NCJCEEDP@Host?5is?5down?5?$CIWSAEHOSTDOWN?$CJ?$AA@ 00413e18     pjlib-i386-win32-vc8-release:os_error_win32.obj
 0002:00009e34       ??_C@_0CD@ECJOJHBH@No?5route?5to?5host?5?$CIWSAEHOSTUNREAC@ 00413e34     pjlib-i386-win32-vc8-release:os_error_win32.obj
 0002:00009e58       ??_C@_0CD@NEFLEHEG@Directory?5not?5empty?5?$CIWSAENOTEMPT@ 00413e58     pjlib-i386-win32-vc8-release:os_error_win32.obj
 0002:00009e7c       ??_C@_0CB@GPCGLHOJ@Too?5many?5processes?5?$CIWSAEPROCLIM?$CJ@ 00413e7c     pjlib-i386-win32-vc8-release:os_error_win32.obj
 0002:00009ea0       ??_C@_0BL@IGHJMJKO@Too?5many?5users?5?$CIWSAEUSERS?$CJ?$AA@ 00413ea0     pjlib-i386-win32-vc8-release:os_error_win32.obj
 0002:00009ebc       ??_C@_0CA@MIOFDKMA@Disc?5quota?5exceeded?5?$CIWSAEDQUOT?$CJ?$AA@ 00413ebc     pjlib-i386-win32-vc8-release:os_error_win32.obj
 0002:00009edc       ??_C@_0CC@IMLIDHNH@Stale?5NFS?5file?5handle?5?$CIWSAESTALE@ 00413edc     pjlib-i386-win32-vc8-release:os_error_win32.obj
 0002:00009f00       ??_C@_0CP@MLAFGPOA@Too?5many?5levels?5of?5remote?5in?5pat@ 00413f00     pjlib-i386-win32-vc8-release:os_error_win32.obj
 0002:00009f30       ??_C@_0CP@IBAEMKGH@Network?5system?5is?5unavailable?5?$CIW@ 00413f30     pjlib-i386-win32-vc8-release:os_error_win32.obj
 0002:00009f60       ??_C@_0DC@BLAKHMMJ@Winsock?5version?5out?5of?5range?5?$CIWS@ 00413f60     pjlib-i386-win32-vc8-release:os_error_win32.obj
 0002:00009f94       ??_C@_0CO@HPDHHDHA@WSAStartup?5not?5yet?5called?5?$CIWSANO@ 00413f94     pjlib-i386-win32-vc8-release:os_error_win32.obj
 0002:00009fc4       ??_C@_0CL@GFDHEKLB@Graceful?5shutdown?5in?5progress?5?$CIW@ 00413fc4     pjlib-i386-win32-vc8-release:os_error_win32.obj
 0002:00009ff0       ??_C@_0CD@OEALOMDH@Host?5not?5found?5?$CIWSAHOST_NOT_FOUN@ 00413ff0     pjlib-i386-win32-vc8-release:os_error_win32.obj
 0002:0000a014       ??_C@_0DB@KFPHELLI@No?5host?5data?5of?5that?5type?5was?5fo@ 00414014     pjlib-i386-win32-vc8-release:os_error_win32.obj
 0002:0000a048       ??_C@_0BE@JPHLLAEM@Win32?5error?5code?5?$CFu?$AA@ 00414048     pjlib-i386-win32-vc8-release:os_error_win32.obj
 0002:0000a05c       _PJ_GUID_STRING_LENGTH     0041405c     pjlib-i386-win32-vc8-release:guid_win32.obj
 0002:0000a060       ??_C@_0BH@DLOCENPK@?4?4?2src?2pj?2guid_win32?4c?$AA@ 00414060     pjlib-i386-win32-vc8-release:guid_win32.obj
 0002:0000a078       ??_C@_0CD@KFHCCJFN@?$CB?$CB?$CBFATAL?3?5unhandled?5exception?5?$CFs@ 00414078     pjlib-i386-win32-vc8-release:except.obj
 0002:0000a09c       ??_C@_08PDFMOJIE@except?4c?$AA@ 0041409c     pjlib-i386-win32-vc8-release:except.obj
 0002:0000a0a8       ??_C@_0N@GJOLEKJC@?$DMInvalid?5ID?$DO?$AA@ 004140a8     pjlib-i386-win32-vc8-release:except.obj
 0002:0000a0b8       ??_C@_0N@LJPLLMIL@exception?5?$CFd?$AA@ 004140b8     pjlib-i386-win32-vc8-release:except.obj
 0002:0000a0c8       ??_C@_03NGAIINE@2?44?$AA@  004140c8     pjlib-i386-win32-vc8-release:config.obj
 0002:0000a0cc       ??_C@_08DOCHLGNA@config?4c?$AA@ 004140cc     pjlib-i386-win32-vc8-release:config.obj
 0002:0000a0d8       ??_C@_0BO@KBBNBAFA@?4?4?2src?2pj?2log_writer_stdout?4c?$AA@ 004140d8     pjlib-i386-win32-vc8-release:log_writer_stdout.obj
 0002:0000a0f8       ??_C@_02DKCKIIND@?$CFs?$AA@ 004140f8     pjlib-i386-win32-vc8-release:log_writer_stdout.obj
 0002:0000a0fc       _PJ_AF_UNSPEC              004140fc     pjlib-i386-win32-vc8-release:sock_bsd.obj
 0002:0000a100       _PJ_AF_UNIX                00414100     pjlib-i386-win32-vc8-release:sock_bsd.obj
 0002:0000a104       _PJ_AF_INET                00414104     pjlib-i386-win32-vc8-release:sock_bsd.obj
 0002:0000a108       _PJ_AF_INET6               00414108     pjlib-i386-win32-vc8-release:sock_bsd.obj
 0002:0000a10c       _PJ_AF_PACKET              0041410c     pjlib-i386-win32-vc8-release:sock_bsd.obj
 0002:0000a110       _PJ_AF_IRDA                00414110     pjlib-i386-win32-vc8-release:sock_bsd.obj
 0002:0000a114       _PJ_SOCK_STREAM            00414114     pjlib-i386-win32-vc8-release:sock_bsd.obj
 0002:0000a118       _PJ_SOCK_DGRAM             00414118     pjlib-i386-win32-vc8-release:sock_bsd.obj
 0002:0000a11c       _PJ_SOCK_RAW               0041411c     pjlib-i386-win32-vc8-release:sock_bsd.obj
 0002:0000a120       _PJ_SOCK_RDM               00414120     pjlib-i386-win32-vc8-release:sock_bsd.obj
 0002:0000a124       _PJ_SOL_SOCKET             00414124     pjlib-i386-win32-vc8-release:sock_bsd.obj
 0002:0000a128       _PJ_SOL_IP                 00414128     pjlib-i386-win32-vc8-release:sock_bsd.obj
 0002:0000a12c       _PJ_SOL_TCP                0041412c     pjlib-i386-win32-vc8-release:sock_bsd.obj
 0002:0000a130       _PJ_SOL_UDP                00414130     pjlib-i386-win32-vc8-release:sock_bsd.obj
 0002:0000a134       _PJ_SOL_IPV6               00414134     pjlib-i386-win32-vc8-release:sock_bsd.obj
 0002:0000a138       _PJ_IP_TOS                 00414138     pjlib-i386-win32-vc8-release:sock_bsd.obj
 0002:0000a13c       _PJ_IPTOS_LOWDELAY         0041413c     pjlib-i386-win32-vc8-release:sock_bsd.obj
 0002:0000a140       _PJ_IPTOS_THROUGHPUT       00414140     pjlib-i386-win32-vc8-release:sock_bsd.obj
 0002:0000a144       _PJ_IPTOS_RELIABILITY      00414144     pjlib-i386-win32-vc8-release:sock_bsd.obj
 0002:0000a148       _PJ_IPTOS_MINCOST          00414148     pjlib-i386-win32-vc8-release:sock_bsd.obj
 0002:0000a14c       _PJ_SO_TYPE                0041414c     pjlib-i386-win32-vc8-release:sock_bsd.obj
 0002:0000a150       _PJ_SO_RCVBUF              00414150     pjlib-i386-win32-vc8-release:sock_bsd.obj
 0002:0000a154       _PJ_SO_SNDBUF              00414154     pjlib-i386-win32-vc8-release:sock_bsd.obj
 0002:0000a158       _PJ_TCP_NODELAY            00414158     pjlib-i386-win32-vc8-release:sock_bsd.obj
 0002:0000a15c       _PJ_SO_REUSEADDR           0041415c     pjlib-i386-win32-vc8-release:sock_bsd.obj
 0002:0000a160       _PJ_SO_NOSIGPIPE           00414160     pjlib-i386-win32-vc8-release:sock_bsd.obj
 0002:0000a164       _PJ_SO_PRIORITY            00414164     pjlib-i386-win32-vc8-release:sock_bsd.obj
 0002:0000a168       _PJ_IP_MULTICAST_IF        00414168     pjlib-i386-win32-vc8-release:sock_bsd.obj
 0002:0000a16c       _PJ_IP_MULTICAST_TTL       0041416c     pjlib-i386-win32-vc8-release:sock_bsd.obj
 0002:0000a170       _PJ_IP_MULTICAST_LOOP      00414170     pjlib-i386-win32-vc8-release:sock_bsd.obj
 0002:0000a174       _PJ_IP_ADD_MEMBERSHIP      00414174     pjlib-i386-win32-vc8-release:sock_bsd.obj
 0002:0000a178       _PJ_IP_DROP_MEMBERSHIP     00414178     pjlib-i386-win32-vc8-release:sock_bsd.obj
 0002:0000a17c       _PJ_MSG_OOB                0041417c     pjlib-i386-win32-vc8-release:sock_bsd.obj
 0002:0000a180       _PJ_MSG_PEEK               00414180     pjlib-i386-win32-vc8-release:sock_bsd.obj
 0002:0000a184       _PJ_MSG_DONTROUTE          00414184     pjlib-i386-win32-vc8-release:sock_bsd.obj
 0002:0000a240       __load_config_used         00414240     MSVCRT:loadcfg.obj
 0002:0000a2a0       ___safe_se_handler_table   004142a0     <linker-defined>
 0002:0000a4e4       ___rtc_iaa                 004144e4     MSVCRT:_initsect_.obj
 0002:0000a4e8       ___rtc_izz                 004144e8     MSVCRT:_initsect_.obj
 0002:0000a4ec       ___rtc_taa                 004144ec     MSVCRT:_initsect_.obj
 0002:0000a4f0       ___rtc_tzz                 004144f0     MSVCRT:_initsect_.obj
 0002:0000a534       __IMPORT_DESCRIPTOR_ole32  00414534     ole32:ole32.dll
 0002:0000a548       __IMPORT_DESCRIPTOR_WS2_32 00414548     ws2_32:WS2_32.dll
 0002:0000a55c       __IMPORT_DESCRIPTOR_WINMM  0041455c     winmm:WINMM.dll
 0002:0000a570       __IMPORT_DESCRIPTOR_KERNEL32 00414570     kernel32:KERNEL32.dll
 0002:0000a584       __IMPORT_DESCRIPTOR_VCRUNTIME140 00414584     vcruntime:VCRUNTIME140.dll
 0002:0000a598       __IMPORT_DESCRIPTOR_api-ms-win-crt-stdio-l1-1-0 00414598     ucrt:api-ms-win-crt-stdio-l1-1-0.dll
 0002:0000a5ac       __IMPORT_DESCRIPTOR_api-ms-win-crt-string-l1-1-0 004145ac     ucrt:api-ms-win-crt-string-l1-1-0.dll
 0002:0000a5c0       __IMPORT_DESCRIPTOR_api-ms-win-crt-heap-l1-1-0 004145c0     ucrt:api-ms-win-crt-heap-l1-1-0.dll
 0002:0000a5d4       __IMPORT_DESCRIPTOR_api-ms-win-crt-math-l1-1-0 004145d4     ucrt:api-ms-win-crt-math-l1-1-0.dll
 0002:0000a5e8       __IMPORT_DESCRIPTOR_api-ms-win-crt-runtime-l1-1-0 004145e8     ucrt:api-ms-win-crt-runtime-l1-1-0.dll
 0002:0000a5fc       __IMPORT_DESCRIPTOR_api-ms-win-crt-locale-l1-1-0 004145fc     ucrt:api-ms-win-crt-locale-l1-1-0.dll
 0002:0000a610       __NULL_IMPORT_DESCRIPTOR   00414610     ole32:ole32.dll
 0003:00000d9c       _pj_pool_factory_default_policy 00416d9c     pjlib-i386-win32-vc8-release:pool_policy_malloc.obj
 0003:00000dc0       _PJ_VERSION                00416dc0     pjlib-i386-win32-vc8-release:config.obj
 0003:00000e10       ___security_cookie_complement 00416e10     MSVCRT:gs_cookie.obj
 0003:00000e14       ___security_cookie         00416e14     MSVCRT:gs_cookie.obj
 0003:00000e20       __fltused                  00416e20     MSVCRT:fltused.obj
 0003:00000e30       ___scrt_native_dllmain_reason 00416e30     MSVCRT:utility.obj
 0003:00000e34       ___scrt_default_matherr    00416e34     MSVCRT:matherr.obj
 0003:00000e40       ___isa_enabled             00416e40     MSVCRT:_cpu_disp_.obj
 0003:00000e44       ___scrt_ucrt_dll_is_in_use 00416e44     MSVCRT:ucrt_stubs.obj
 0003:00001a74       ___scrt_current_native_startup_state 00417a74     MSVCRT:utility.obj
 0003:00001a78       ___scrt_native_startup_lock 00417a78     MSVCRT:utility.obj
 0003:00001a98       ?__type_info_root_node@@3U__type_info_node@@A 00417a98     MSVCRT:tncleanup.obj
 0003:00001aa0       ___scrt_debugger_hook_flag 00417aa0     MSVCRT:utility_desktop.obj
 0003:00001aa4       ___isa_available           00417aa4     MSVCRT:_cpu_disp_.obj
 0003:00001aa8       ___favor                   00417aa8     MSVCRT:_cpu_disp_.obj
 0003:00001ab0       ?_OptionsStorage@?1??__local_stdio_scanf_options@@9@9 00417ab0     <common>
 0003:00001ab8       ?_OptionsStorage@?1??__local_stdio_printf_options@@9@9 00417ab8     <common>
 0003:00001ac0       _PJ_NO_MEMORY_EXCEPTION    00417ac0     <common>
 0003:00001ac4       ___dyn_tls_dtor_callback   00417ac4     <common>
 0003:00001ac8       ___dyn_tls_init_callback   00417ac8     <common>

 entry point at        0001:000080d5

 Static symbols

 0002:ffff6000       .idata$6                   00400000     ucrt:api-ms-win-crt-utility-l1-1-0.dll
 0001:00000000       _PJMEDIA_SPF               00401000 f   auddemo.obj
 0001:00000030       _PJMEDIA_AFD_SPF           00401030 f   auddemo.obj
 0001:00000060       _PJMEDIA_PIA_SRATE         00401060 f   auddemo.obj
 0001:00000070       _PJMEDIA_PIA_CCNT          00401070 f   auddemo.obj
 0001:00000080       _PJMEDIA_PIA_BITS          00401080 f   auddemo.obj
 0001:00000090       _PJMEDIA_PIA_SPF           00401090 f   auddemo.obj
 0001:000000c0       _app_perror                004010c0 f   auddemo.obj
 0001:00000110       _list_devices              00401110 f   auddemo.obj
 0001:00000200       _decode_caps               00401200 f   auddemo.obj
 0001:000002a0       _show_dev_info             004012a0 f   auddemo.obj
 0001:000006b0       _test_device               004016b0 f   auddemo.obj
 0001:00000940       _wav_rec_cb                00401940 f   auddemo.obj
 0001:00000950       _record                    00401950 f   auddemo.obj
 0001:00000b80       _wav_play_cb               00401b80 f   auddemo.obj
 0001:00000b90       _play_file                 00401b90 f   auddemo.obj
 0001:00000dc0       _print_menu                00401dc0 f   auddemo.obj
 0001:000012c0       $LN60                      004022c0     auddemo.obj
 0001:000012e8       $LN56                      004022e8     auddemo.obj
 0001:000013d0       _init_driver               004023d0 f   pjmedia-audiodev-i386-win32-vc8-release:audiodev.obj
 0001:00001650       _lookup_dev                00402650 f   pjmedia-audiodev-i386-win32-vc8-release:audiodev.obj
 0001:00001740       _make_global_index         00402740 f   pjmedia-audiodev-i386-win32-vc8-release:audiodev.obj
 0001:00001df0       _pj_isqrt                  00402df0 f   pjmedia-audiodev-i386-win32-vc8-release:audiotest.obj
 0001:00001e30       _pj_math_stat_update       00402e30 f   pjmedia-audiodev-i386-win32-vc8-release:audiotest.obj
 0001:00002270       _play_cb                   00403270 f   pjmedia-audiodev-i386-win32-vc8-release:audiotest.obj
 0001:00002330       _rec_cb                    00403330 f   pjmedia-audiodev-i386-win32-vc8-release:audiotest.obj
 0001:00002580       _factory_init              00403580 f   pjmedia-audiodev-i386-win32-vc8-release:wmme_dev.obj
 0001:000025c0       _factory_destroy           004035c0 f   pjmedia-audiodev-i386-win32-vc8-release:wmme_dev.obj
 0001:000025f0       _factory_refresh           004035f0 f   pjmedia-audiodev-i386-win32-vc8-release:wmme_dev.obj
 0001:000028a0       _factory_get_dev_count     004038a0 f   pjmedia-audiodev-i386-win32-vc8-release:wmme_dev.obj
 0001:000028b0       _factory_get_dev_info      004038b0 f   pjmedia-audiodev-i386-win32-vc8-release:wmme_dev.obj
 0001:000028f0       _factory_default_param     004038f0 f   pjmedia-audiodev-i386-win32-vc8-release:wmme_dev.obj
 0001:000029c0       _factory_create_stream     004039c0 f   pjmedia-audiodev-i386-win32-vc8-release:wmme_dev.obj
 0001:00002c20       _stream_get_param          00403c20 f   pjmedia-audiodev-i386-win32-vc8-release:wmme_dev.obj
 0001:00002ca0       _stream_get_cap            00403ca0 f   pjmedia-audiodev-i386-win32-vc8-release:wmme_dev.obj
 0001:00002d30       _stream_set_cap            00403d30 f   pjmedia-audiodev-i386-win32-vc8-release:wmme_dev.obj
 0001:00002dc0       _stream_start              00403dc0 f   pjmedia-audiodev-i386-win32-vc8-release:wmme_dev.obj
 0001:00002e40       _stream_stop               00403e40 f   pjmedia-audiodev-i386-win32-vc8-release:wmme_dev.obj
 0001:00002ee0       _stream_destroy            00403ee0 f   pjmedia-audiodev-i386-win32-vc8-release:wmme_dev.obj
 0001:00003050       _build_dev_info            00404050 f   pjmedia-audiodev-i386-win32-vc8-release:wmme_dev.obj
 0001:000031d0       _init_capture_stream       004041d0 f   pjmedia-audiodev-i386-win32-vc8-release:wmme_dev.obj
 0001:000033f0       _init_player_stream        004043f0 f   pjmedia-audiodev-i386-win32-vc8-release:wmme_dev.obj
 0001:00003630       _init_waveformatex         00404630 f   pjmedia-audiodev-i386-win32-vc8-release:wmme_dev.obj
 0001:00003710       _pjmedia_frame_ext_append_subframe 00404710 f   pjmedia-audiodev-i386-win32-vc8-release:wmme_dev.obj
 0001:00003770       _pjmedia_frame_ext_copy_payload 00404770 f   pjmedia-audiodev-i386-win32-vc8-release:wmme_dev.obj
 0001:00003840       _wmme_dev_thread           00404840 f   pjmedia-audiodev-i386-win32-vc8-release:wmme_dev.obj
 0001:00003dc0       _create_file_port          00404dc0 f   pjmedia-i386-win32-vc8-release:wav_player.obj
 0001:00003e30       _file_get_frame            00404e30 f   pjmedia-i386-win32-vc8-release:wav_player.obj
 0001:00004080       _file_on_destroy           00405080 f   pjmedia-i386-win32-vc8-release:wav_player.obj
 0001:000040a0       _fill_buffer               004050a0 f   pjmedia-i386-win32-vc8-release:wav_player.obj
 0001:000046a0       _file_get_frame            004056a0 f   pjmedia-i386-win32-vc8-release:wav_writer.obj
 0001:000046b0       _file_on_destroy           004056b0 f   pjmedia-i386-win32-vc8-release:wav_writer.obj
 0001:00004800       _file_put_frame            00405800 f   pjmedia-i386-win32-vc8-release:wav_writer.obj
 0001:00004c30       _init_mutex                00405c30 f   pjlib-i386-win32-vc8-release:os_core_win32.obj
 0001:000052d0       _pj_sem_wait_for           004062d0 f   pjlib-i386-win32-vc8-release:os_core_win32.obj
 0001:00005b20       _thread_main@4             00406b20 f   pjlib-i386-win32-vc8-release:os_core_win32.obj
 0001:00005d40       _pj_pool_create_block      00406d40 f   pjlib-i386-win32-vc8-release:pool.obj
 0001:00005fa0       _reset_pool                00406fa0 f   pjlib-i386-win32-vc8-release:pool.obj
 0001:00006020       _cpool_create_pool         00407020 f   pjlib-i386-win32-vc8-release:pool_caching.obj
 0001:00006150       _cpool_dump_status         00407150 f   pjlib-i386-win32-vc8-release:pool_caching.obj
 0001:000062a0       _cpool_on_block_alloc      004072a0 f   pjlib-i386-win32-vc8-release:pool_caching.obj
 0001:000062c0       _cpool_on_block_free       004072c0 f   pjlib-i386-win32-vc8-release:pool_caching.obj
 0001:000062d0       _cpool_release_pool        004072d0 f   pjlib-i386-win32-vc8-release:pool_caching.obj
 0001:00006540       _invoke_log                00407540 f   pjlib-i386-win32-vc8-release:errno.obj
 0001:000065a0       _pj_perror_imp             004075a0 f   pjlib-i386-win32-vc8-release:errno.obj
 0001:000067f0       _pjlib_error               004077f0 f   pjlib-i386-win32-vc8-release:errno.obj
 0001:00006870       _logging_shutdown          00407870 f   pjlib-i386-win32-vc8-release:log.obj
 0001:00006e7c       $LN14                      00407e7c     pjlib-i386-win32-vc8-release:log.obj
 0001:00006f50       _default_block_alloc       00407f50 f   pjlib-i386-win32-vc8-release:pool_policy_malloc.obj
 0001:00006fb0       _default_block_free        00407fb0 f   pjlib-i386-win32-vc8-release:pool_policy_malloc.obj
 0001:00006ff0       _default_pool_callback     00407ff0 f   pjlib-i386-win32-vc8-release:pool_policy_malloc.obj
 0001:00007790       _guid_to_str               00408790 f   pjlib-i386-win32-vc8-release:guid_win32.obj
 0001:000079f0       _create_mutex_lock         004089f0 f   pjlib-i386-win32-vc8-release:lock.obj
 0001:00007ba0       _pool_buf_cleanup          00408ba0 f   pjlib-i386-win32-vc8-release:pool_buf.obj
 0001:00007bd0       _stack_alloc               00408bd0 f   pjlib-i386-win32-vc8-release:pool_buf.obj
 0001:00007e00       $$000000                   00408e00     MSVCRT:llmul.obj
 0001:00007e40       $$000000                   00408e40     MSVCRT:ulldiv.obj
 0001:00007ea8       ?pre_c_initialization@@YAHXZ 00408ea8 f   MSVCRT:exe_main.obj
 0001:00007f4c       ?post_pgo_initialization@@YAHXZ 00408f4c f   MSVCRT:exe_main.obj
 0001:00007f54       ?pre_cpp_initialization@@YAXXZ 00408f54 f   MSVCRT:exe_main.obj
 0001:00007f66       ?__scrt_common_main_seh@@YAHXZ 00408f66 f   MSVCRT:exe_main.obj
 0001:000080e0       $$000000                   004090e0     MSVCRT:_ftol3_.obj
 0001:00008460       $$000000                   00409460     MSVCRT:lldiv.obj
 0001:00008710       $$000000                   00409710     MSVCRT:llshl.obj
 0001:0000872f       ?find_pe_section@@YAPAU_IMAGE_SECTION_HEADER@@QAEI@Z 0040972f f   MSVCRT:utility.obj
 0001:00008bc0       _null_op                   00409bc0 f   pjlib-i386-win32-vc8-release:lock.obj
 0001:00008cb0       $$000000                   00409cb0     MSVCRT:_sehprolg4_.obj
 0002:000001fc       ?pre_cpp_initializer@@3P6AXXZA 0040a1fc     MSVCRT:exe_main.obj
 0002:00000208       ?pre_c_initializer@@3P6AHXZA 0040a208     MSVCRT:exe_main.obj
 0002:0000020c       ?post_pgo_initializer@@3P6AHXZA 0040a20c     MSVCRT:exe_main.obj
 0002:00000528       _err_str                   0040a528     pjmedia-audiodev-i386-win32-vc8-release:errno.obj
 0002:00009198       _err_str                   00413198     pjlib-i386-win32-vc8-release:errno.obj
 0002:000096d8       _gaErrorList               004136d8     pjlib-i386-win32-vc8-release:os_error_win32.obj
 0002:0000a190       _Int32ToUInt32             00414190     MSVCRT:_ftol3_.obj
 0002:0000a198       _DP2to32                   00414198     MSVCRT:_ftol3_.obj
 0002:0000a1a0       _MantissaMask              004141a0     MSVCRT:_ftol3_.obj
 0002:0000a1a8       _IntegerBit                004141a8     MSVCRT:_ftol3_.obj
 0002:0000a1b0       _SignBit64                 004141b0     MSVCRT:_ftol3_.obj
 0002:0000a1b8       _MinFP64                   004141b8     MSVCRT:_ftol3_.obj
 0002:0000a1c0       _MinInt64                  004141c0     MSVCRT:_ftol3_.obj
 0002:0000a1c8       _MaxInt64                  004141c8     MSVCRT:_ftol3_.obj
 0002:0000a1d0       _MaxUInt64                 004141d0     MSVCRT:_ftol3_.obj
 0002:0000a1d8       _MaxFP32                   004141d8     MSVCRT:_ftol3_.obj
 0002:0000a1e0       _MinFP32                   004141e0     MSVCRT:_ftol3_.obj
 0002:0000a1e8       _MinSubInexact             004141e8     MSVCRT:_ftol3_.obj
 0002:0000a1f0       _FpExcptTable              004141f0     MSVCRT:_ftol3_.obj
 0002:0000a200       _i1075                     00414200     MSVCRT:_ftol3_.obj
 0002:0000a204       _i1087                     00414204     MSVCRT:_ftol3_.obj
 0002:0000a208       _x0800                     00414208     MSVCRT:_ftol3_.obj
 0002:0000a20c       _x17FF                     0041420c     MSVCRT:_ftol3_.obj
 0002:0000a210       _CWMask                    00414210     MSVCRT:_ftol3_.obj
 0002:0000a214       _GS_ExceptionPointers      00414214     MSVCRT:gs_report.obj
 0002:0000a4f8       __sehtable$?__scrt_common_main_seh@@YAHXZ 004144f8     MSVCRT:exe_main.obj
 0002:0000a518       __sehtable$___scrt_is_nonwritable_in_current_image 00414518     MSVCRT:utility.obj
 0002:0000a828       .idata$6                   00414828     ole32:ole32.dll
 0002:0000a832       .idata$6                   00414832     ws2_32:WS2_32.dll
 0002:0000a9fe       .idata$6                   004149fe     winmm:WINMM.dll
 0002:0000ad70       .idata$6                   00414d70     kernel32:KERNEL32.dll
 0002:0000adc0       .idata$6                   00414dc0     vcruntime:VCRUNTIME140.dll
 0002:0000b036       .idata$6                   00415036     ucrt:api-ms-win-crt-stdio-l1-1-0.dll
 0002:0000b056       .idata$6                   00415056     ucrt:api-ms-win-crt-string-l1-1-0.dll
 0002:0000b078       .idata$6                   00415078     ucrt:api-ms-win-crt-heap-l1-1-0.dll
 0002:0000b098       .idata$6                   00415098     ucrt:api-ms-win-crt-math-l1-1-0.dll
 0002:0000b0b8       .idata$6                   004150b8     ucrt:api-ms-win-crt-runtime-l1-1-0.dll
 0002:0000b0da       .idata$6                   004150da     ucrt:api-ms-win-crt-locale-l1-1-0.dll
 0003:00000000       $SG18636                   00416000     auddemo.obj
 0003:00000014       $SG18637                   00416014     auddemo.obj
 0003:00000028       _playback_lat              00416028     auddemo.obj
 0003:0000002c       _capture_lat               0041602c     auddemo.obj
 0003:00000030       $SG20921                   00416030     auddemo.obj
 0003:00000044       $SG20942                   00416044     auddemo.obj
 0003:00000058       $SG20943                   00416058     auddemo.obj
 0003:00000064       $SG20945                   00416064     auddemo.obj
 0003:00000078       $SG20946                   00416078     auddemo.obj
 0003:00000084       $SG20949                   00416084     auddemo.obj
 0003:0000009c       $SG20950                   0041609c     auddemo.obj
 0003:000000a8       $SG20966                   004160a8     auddemo.obj
 0003:000000ac       $SG21014                   004160ac     auddemo.obj
 0003:000000c4       $SG21015                   004160c4     auddemo.obj
 0003:000000d0       $SG21017                   004160d0     auddemo.obj
 0003:000000f4       $SG21019                   004160f4     auddemo.obj
 0003:00000108       $SG21020                   00416108     auddemo.obj
 0003:00000114       $SG21022                   00416114     auddemo.obj
 0003:00000130       $SG21023                   00416130     auddemo.obj
 0003:0000013c       $SG21025                   0041613c     auddemo.obj
 0003:00000140       $SG21026                   00416140     auddemo.obj
 0003:00000154       $SG21027                   00416154     auddemo.obj
 0003:00000160       $SG21029                   00416160     auddemo.obj
 0003:00000168       $SG21030                   00416168     auddemo.obj
 0003:00000174       $SG21031                   00416174     auddemo.obj
 0003:00000180       $SG21033                   00416180     auddemo.obj
 0003:00000188       $SG21034                   00416188     auddemo.obj
 0003:00000194       $SG21035                   00416194     auddemo.obj
 0003:000001a0       $SG21037                   004161a0     auddemo.obj
 0003:000001b0       $SG21038                   004161b0     auddemo.obj
 0003:000001bc       $SG21039                   004161bc     auddemo.obj
 0003:000001c8       $SG21041                   004161c8     auddemo.obj
 0003:000001d8       $SG21042                   004161d8     auddemo.obj
 0003:000001e4       $SG21043                   004161e4     auddemo.obj
 0003:000001f0       $SG21045                   004161f0     auddemo.obj
 0003:00000200       $SG21046                   00416200     auddemo.obj
 0003:0000020c       $SG21047                   0041620c     auddemo.obj
 0003:00000218       $SG21050                   00416218     auddemo.obj
 0003:00000220       $SG21052                   00416220     auddemo.obj
 0003:00000228       $SG21054                   00416228     auddemo.obj
 0003:00000230       $SG21056                   00416230     auddemo.obj
 0003:00000238       $SG21058                   00416238     auddemo.obj
 0003:00000240       $SG21060                   00416240     auddemo.obj
 0003:00000248       $SG21062                   00416248     auddemo.obj
 0003:00000254       $SG21063                   00416254     auddemo.obj
 0003:00000258       $SG21064                   00416258     auddemo.obj
 0003:0000025c       $SG21066                   0041625c     auddemo.obj
 0003:00000270       $SG21067                   00416270     auddemo.obj
 0003:0000027c       $SG21068                   0041627c     auddemo.obj
 0003:00000288       $SG21115                   00416288     auddemo.obj
 0003:000002a8       $SG21117                   004162a8     auddemo.obj
 0003:000002bc       $SG21118                   004162bc     auddemo.obj
 0003:000002c8       $SG21120                   004162c8     auddemo.obj
 0003:000002e8       $SG21122                   004162e8     auddemo.obj
 0003:000002f8       $SG21123                   004162f8     auddemo.obj
 0003:00000304       $SG21128                   00416304     auddemo.obj
 0003:00000320       $SG21129                   00416320     auddemo.obj
 0003:0000032c       $SG21131                   0041632c     auddemo.obj
 0003:00000340       $SG21132                   00416340     auddemo.obj
 0003:0000037c       $SG21133                   0041637c     auddemo.obj
 0003:00000388       $SG21138                   00416388     auddemo.obj
 0003:0000039c       $SG21139                   0041639c     auddemo.obj
 0003:000003a8       $SG21141                   004163a8     auddemo.obj
 0003:000003b8       $SG21142                   004163b8     auddemo.obj
 0003:000003f4       $SG21143                   004163f4     auddemo.obj
 0003:00000400       $SG21148                   00416400     auddemo.obj
 0003:0000041c       $SG21149                   0041641c     auddemo.obj
 0003:00000428       $SG21150                   00416428     auddemo.obj
 0003:00000430       $SG21151                   00416430     auddemo.obj
 0003:00000438       $SG21153                   00416438     auddemo.obj
 0003:0000049c       $SG21154                   0041649c     auddemo.obj
 0003:000004a8       $SG15015                   004164a8     auddemo.obj
 0003:000004b8       $SG21186                   004164b8     auddemo.obj
 0003:000004c4       $SG21187                   004164c4     auddemo.obj
 0003:000004c8       $SG21189                   004164c8     auddemo.obj
 0003:000004e0       $SG21191                   004164e0     auddemo.obj
 0003:00000500       $SG21193                   00416500     auddemo.obj
 0003:00000520       $SG21195                   00416520     auddemo.obj
 0003:00000540       $SG21197                   00416540     auddemo.obj
 0003:00000568       $SG21198                   00416568     auddemo.obj
 0003:00000574       $SG21233                   00416574     auddemo.obj
 0003:00000580       $SG21234                   00416580     auddemo.obj
 0003:00000584       $SG21236                   00416584     auddemo.obj
 0003:0000059c       $SG21238                   0041659c     auddemo.obj
 0003:000005bc       $SG21240                   004165bc     auddemo.obj
 0003:000005dc       $SG21242                   004165dc     auddemo.obj
 0003:000005fc       $SG21244                   004165fc     auddemo.obj
 0003:00000624       $SG21245                   00416624     auddemo.obj
 0003:00000630       $SG21253                   00416630     auddemo.obj
 0003:00000644       $SG21254                   00416644     auddemo.obj
 0003:00000664       $SG21255                   00416664     auddemo.obj
 0003:0000068c       $SG21256                   0041668c     auddemo.obj
 0003:000006b8       $SG21257                   004166b8     auddemo.obj
 0003:000006f4       $SG21258                   004166f4     auddemo.obj
 0003:0000072c       $SG21263                   0041672c     auddemo.obj
 0003:00000760       $SG21259                   00416760     auddemo.obj
 0003:000007a0       $SG21260                   004167a0     auddemo.obj
 0003:000007e4       $SG21261                   004167e4     auddemo.obj
 0003:00000814       $SG21262                   00416814     auddemo.obj
 0003:00000844       $SG21270                   00416844     auddemo.obj
 0003:00000874       $SG21273                   00416874     auddemo.obj
 0003:00000888       $SG21264                   00416888     auddemo.obj
 0003:000008cc       $SG21265                   004168cc     auddemo.obj
 0003:0000090c       $SG21271                   0041690c     auddemo.obj
 0003:0000092c       $SG21314                   0041692c     auddemo.obj
 0003:00000948       $SG21266                   00416948     auddemo.obj
 0003:0000098c       $SG21321                   0041698c     auddemo.obj
 0003:00000990       $SG21267                   00416990     auddemo.obj
 0003:000009e0       $SG21268                   004169e0     auddemo.obj
 0003:00000a24       $SG21322                   00416a24     auddemo.obj
 0003:00000a40       $SG21269                   00416a40     auddemo.obj
 0003:00000a88       $SG21318                   00416a88     auddemo.obj
 0003:00000aa8       $SG21324                   00416aa8     auddemo.obj
 0003:00000ab8       $SG21326                   00416ab8     auddemo.obj
 0003:00000ad8       $SG21329                   00416ad8     auddemo.obj
 0003:00000af4       $SG21332                   00416af4     auddemo.obj
 0003:00000b0c       $SG21337                   00416b0c     auddemo.obj
 0003:00000b30       $SG21344                   00416b30     auddemo.obj
 0003:00000b60       $SG21346                   00416b60     auddemo.obj
 0003:00000b68       $SG21351                   00416b68     auddemo.obj
 0003:00000b88       $SG21353                   00416b88     auddemo.obj
 0003:00000b90       $SG21358                   00416b90     auddemo.obj
 0003:00000bb0       $SG21362                   00416bb0     auddemo.obj
 0003:00000bb8       $SG21363                   00416bb8     auddemo.obj
 0003:00000be8       $SG21364                   00416be8     auddemo.obj
 0003:00000c18       $SG21369                   00416c18     auddemo.obj
 0003:00000c30       $SG21370                   00416c30     auddemo.obj
 0003:00000c48       _cap_infos                 00416c48     pjmedia-audiodev-i386-win32-vc8-release:audiodev.obj
 0003:00000cb8       _factory_op                00416cb8     pjmedia-audiodev-i386-win32-vc8-release:wmme_dev.obj
 0003:00000cd4       _stream_op                 00416cd4     pjmedia-audiodev-i386-win32-vc8-release:wmme_dev.obj
 0003:00000cec       _thread_tls_id             00416cec     pjlib-i386-win32-vc8-release:os_core_win32.obj
 0003:00000cf0       _pool_sizes                00416cf0     pjlib-i386-win32-vc8-release:pool_caching.obj
 0003:00000d30       _thread_suspended_tls_id   00416d30     pjlib-i386-win32-vc8-release:log.obj
 0003:00000d34       _thread_indent_tls_id      00416d34     pjlib-i386-win32-vc8-release:log.obj
 0003:00000d38       _pj_log_max_level          00416d38     pjlib-i386-win32-vc8-release:log.obj
 0003:00000d3c       _log_writer                00416d3c     pjlib-i386-win32-vc8-release:log.obj
 0003:00000d40       _log_decor                 00416d40     pjlib-i386-win32-vc8-release:log.obj
 0003:00000d44       _PJ_LOG_COLOR_0            00416d44     pjlib-i386-win32-vc8-release:log.obj
 0003:00000d48       _PJ_LOG_COLOR_1            00416d48     pjlib-i386-win32-vc8-release:log.obj
 0003:00000d4c       _PJ_LOG_COLOR_2            00416d4c     pjlib-i386-win32-vc8-release:log.obj
 0003:00000d50       _PJ_LOG_COLOR_3            00416d50     pjlib-i386-win32-vc8-release:log.obj
 0003:00000d54       _PJ_LOG_COLOR_4            00416d54     pjlib-i386-win32-vc8-release:log.obj
 0003:00000d58       _PJ_LOG_COLOR_5            00416d58     pjlib-i386-win32-vc8-release:log.obj
 0003:00000d5c       _PJ_LOG_COLOR_6            00416d5c     pjlib-i386-win32-vc8-release:log.obj
 0003:00000d60       _PJ_LOG_COLOR_77           00416d60     pjlib-i386-win32-vc8-release:log.obj
 0003:00000d64       ?ltexts@?2??pj_log@@9@9    00416d64     pjlib-i386-win32-vc8-release:log.obj
 0003:00000d80       ?wdays@?3??pj_log@@9@9     00416d80     pjlib-i386-win32-vc8-release:log.obj
 0003:00000dac       ?hex@?1??hex2digit@@9@9    00416dac     pjlib-i386-win32-vc8-release:guid_win32.obj
 0003:00000dbc       _thread_local_id           00416dbc     pjlib-i386-win32-vc8-release:except.obj
 0003:00000dc4       _id                        00416dc4     pjlib-i386-win32-vc8-release:config.obj
 0003:00000dc8       _null_lock_template        00416dc8     pjlib-i386-win32-vc8-release:lock.obj
 0003:00000ddc       _sem_lock_template         00416ddc     pjlib-i386-win32-vc8-release:lock.obj
 0003:00000df0       _mutex_lock_template       00416df0     pjlib-i386-win32-vc8-release:lock.obj
 0003:00000e04       _tls                       00416e04     pjlib-i386-win32-vc8-release:pool_buf.obj
 0003:00000e48       $SG21252                   00416e48     auddemo.obj
 0003:00000e49       $SG21272                   00416e49     auddemo.obj
 0003:00000e4a       $SG21365                   00416e4a     auddemo.obj
 0003:00000e4c       _dev_count                 00416e4c     auddemo.obj
 0003:00000e50       ?text@?1??decode_caps@@9@9 00416e50     auddemo.obj
 0003:00000f18       _aud_subsys                00416f18     pjmedia-audiodev-i386-win32-vc8-release:audiodev.obj
 0003:000013e8       ?name@?1??get_fmt_name@@9@9 004173e8     pjmedia-audiodev-i386-win32-vc8-release:wmme_dev.obj
 0003:000013f0       ?rec_cnt@?1??wmme_dev_thread@@9@9 004173f0     pjmedia-audiodev-i386-win32-vc8-release:wmme_dev.obj
 0003:000013f4       ?play_cnt@?1??wmme_dev_thread@@9@9 004173f4     pjmedia-audiodev-i386-win32-vc8-release:wmme_dev.obj
 0003:000013f8       _initialized               004173f8     pjlib-i386-win32-vc8-release:os_core_win32.obj
 0003:000013fc       _atexit_count              004173fc     pjlib-i386-win32-vc8-release:os_core_win32.obj
 0003:00001400       _main_thread               00417400     pjlib-i386-win32-vc8-release:os_core_win32.obj
 0003:00001500       _critical_section_mutex    00417500     pjlib-i386-win32-vc8-release:os_core_win32.obj
 0003:00001538       _atexit_func               00417538     pjlib-i386-win32-vc8-release:os_core_win32.obj
 0003:000015b8       _err_msg_hnd_cnt           004175b8     pjlib-i386-win32-vc8-release:errno.obj
 0003:000015c0       _err_msg_hnd               004175c0     pjlib-i386-win32-vc8-release:errno.obj
 0003:00001638       _g_last_thread             00417638     pjlib-i386-win32-vc8-release:log.obj
 0003:00001640       _exception_id_names        00417640     pjlib-i386-win32-vc8-release:except.obj
 0003:00001680       ?unknown_name@?1??pj_exception_id_name@@9@9 00417680     pjlib-i386-win32-vc8-release:except.obj
 0003:000016a0       _stack_based_factory       004176a0     pjlib-i386-win32-vc8-release:pool_buf.obj
 0003:000016c4       _is_initialized            004176c4     pjlib-i386-win32-vc8-release:pool_buf.obj
 0003:000016c8       _base_time                 004176c8     pjlib-i386-win32-vc8-release:os_time_win32.obj
 0003:000016d0       ?buf@?1??pj_gethostname@@9@9 004176d0     pjlib-i386-win32-vc8-release:sock_bsd.obj
 0003:00001750       ?hostname@?1??pj_gethostname@@9@9 00417750     pjlib-i386-win32-vc8-release:sock_bsd.obj
 0003:00001758       _GS_ExceptionRecord        00417758     MSVCRT:gs_report.obj
 0003:000017a8       _GS_ContextRecord          004177a8     MSVCRT:gs_report.obj
 0003:00001a7c       ?module_local_atexit_table@@3U_onexit_table_t@@A 00417a7c     MSVCRT:utility.obj
 0003:00001a88       ?module_local_at_quick_exit_table@@3U_onexit_table_t@@A 00417a88     MSVCRT:utility.obj
 0003:00001a94       ?is_initialized_as_dll@@3_NA 00417a94     MSVCRT:utility.obj
 0004:00000000       __guard_fids__             00418000     MSVCRT:exe_main.obj
 0004:00000004       __guard_fids__             00418004     MSVCRT:exe_main.obj
 0004:00000008       __guard_fids__             00418008     MSVCRT:exe_main.obj
 0004:0000000c       __guard_fids_?pre_c_initialization@@YAHXZ 0041800c     MSVCRT:exe_main.obj
 0004:00000014       __guard_fids____scrt_set_unhandled_exception_filter 00418014     MSVCRT:utility_desktop.obj
 0004:00000018       __guard_fids___except_handler4 00418018     MSVCRT:_chandler4gs_.obj
 0004:0000001c       __guard_fids__             0041801c     MSVCRT:guard_support.obj
