 confsample

 Timestamp is 597aac68 (Fri Jul 28 11:15:52 2017)

 Preferred load address is 00400000

 Start         Length     Name                   Class
 0001:00000000 00022134H .text$mn                CODE
 0002:00000000 00000280H .idata$5                DATA
 0002:00000280 00000004H .00cfg                  DATA
 0002:00000284 00000004H .CRT$XCA                DATA
 0002:00000288 00000004H .CRT$XCAA               DATA
 0002:0000028c 00000004H .CRT$XCZ                DATA
 0002:00000290 00000004H .CRT$XIA                DATA
 0002:00000294 00000004H .CRT$XIAA               DATA
 0002:00000298 00000004H .CRT$XIAC               DATA
 0002:0000029c 00000004H .CRT$XIZ                DATA
 0002:000002a0 00000004H .CRT$XPA                DATA
 0002:000002a4 00000004H .CRT$XPZ                DATA
 0002:000002a8 00000004H .CRT$XTA                DATA
 0002:000002ac 00000004H .CRT$XTZ                DATA
 0002:000002b0 00017840H .rdata                  DATA
 0002:00017af0 00000004H .rdata$sxdata           DATA
 0002:00017af4 00000250H .rdata$zzzdbg           DATA
 0002:00017d44 00000004H .rtc$IAA                DATA
 0002:00017d48 00000004H .rtc$IZZ                DATA
 0002:00017d4c 00000004H .rtc$TAA                DATA
 0002:00017d50 00000008H .rtc$TZZ                DATA
 0002:00017d58 0000003cH .xdata$x                DATA
 0002:00017d94 00000000H .edata                  DATA
 0002:00017d94 000000f0H .idata$2                DATA
 0002:00017e84 00000014H .idata$3                DATA
 0002:00017e98 00000280H .idata$4                DATA
 0002:00018118 00000a48H .idata$6                DATA
 0003:00000000 00003c40H .data                   DATA
 0003:00003c40 00001640H .bss                    DATA
 0004:00000000 00000020H .gfids$y                DATA
 0005:00000000 000005e0H _RDATA                  DATA

  Address         Publics by Value              Rva+Base       Lib:Object

 0000:00000000       ___guard_longjmp_count     00000000     <absolute>
 0000:00000000       ___guard_longjmp_table     00000000     <absolute>
 0000:00000000       ___guard_iat_table         00000000     <absolute>
 0000:00000000       ___guard_iat_count         00000000     <absolute>
 0000:00000000       ___guard_fids_count        00000000     <absolute>
 0000:00000000       ___guard_fids_table        00000000     <absolute>
 0000:00000000       ___dynamic_value_reloc_table 00000000     <absolute>
 0000:00000001       ___safe_se_handler_count   00000001     <absolute>
 0000:00000100       ___guard_flags             00000100     <absolute>
 0000:00000000       ___ImageBase               00400000     <linker-defined>
 0001:00000070       _get_snd_options           00401070 f   confsample.obj
 0001:00000460       _dump_pool_usage           00401460 f   confsample.obj
 0001:00000890       _main                      00401890 f   confsample.obj
 0001:00001260       ___local_stdio_printf_options 00402260 f i confsample.obj
 0001:00001270       _printf                    00402270 f i confsample.obj
 0001:000012a0       _sprintf                   004022a0 f i confsample.obj
 0001:000012e0       _pjmedia_port_destroy      004022e0 f   pjmedia-i386-win32-vc8-release:port.obj
 0001:00001310       _pjmedia_port_get_frame    00402310 f   pjmedia-i386-win32-vc8-release:port.obj
 0001:00001350       _pjmedia_port_info_init    00402350 f   pjmedia-i386-win32-vc8-release:port.obj
 0001:000013e0       _pjmedia_port_put_frame    004023e0 f   pjmedia-i386-win32-vc8-release:port.obj
 0001:00001410       __snprintf                 00402410 f i pjmedia-i386-win32-vc8-release:conference.obj
 0001:00001b40       _pjmedia_conf_add_port     00402b40 f   pjmedia-i386-win32-vc8-release:conference.obj
 0001:00001c40       _pjmedia_conf_adjust_rx_level 00402c40 f   pjmedia-i386-win32-vc8-release:conference.obj
 0001:00001cb0       _pjmedia_conf_adjust_tx_level 00402cb0 f   pjmedia-i386-win32-vc8-release:conference.obj
 0001:00001d20       _pjmedia_conf_connect_port 00402d20 f   pjmedia-i386-win32-vc8-release:conference.obj
 0001:00001e00       _pjmedia_conf_create       00402e00 f   pjmedia-i386-win32-vc8-release:conference.obj
 0001:00001f80       _pjmedia_conf_destroy      00402f80 f   pjmedia-i386-win32-vc8-release:conference.obj
 0001:00002000       _pjmedia_conf_disconnect_port 00403000 f   pjmedia-i386-win32-vc8-release:conference.obj
 0001:00002100       _pjmedia_conf_get_port_info 00403100 f   pjmedia-i386-win32-vc8-release:conference.obj
 0001:000021b0       _pjmedia_conf_get_ports_info 004031b0 f   pjmedia-i386-win32-vc8-release:conference.obj
 0001:00002230       _pjmedia_conf_get_signal_level 00403230 f   pjmedia-i386-win32-vc8-release:conference.obj
 0001:00002a30       _pjmedia_endpt_create      00403a30 f   pjmedia-i386-win32-vc8-release:endpoint.obj
 0001:00002c10       _pjmedia_endpt_destroy     00403c10 f   pjmedia-i386-win32-vc8-release:endpoint.obj
 0001:00002ca0       _pjmedia_endpt_stop_threads 00403ca0 f   pjmedia-i386-win32-vc8-release:endpoint.obj
 0001:00003150       _pjmedia_wav_player_port_create 00404150 f   pjmedia-i386-win32-vc8-release:wav_player.obj
 0001:000038a0       _pjmedia_wav_writer_port_create 004048a0 f   pjmedia-i386-win32-vc8-release:wav_writer.obj
 0001:00003ba0       _pjmedia_format_get_audio_format_detail 00404ba0 f   pjmedia-i386-win32-vc8-release:format.obj
 0001:00003dc0       _pjmedia_delay_buf_create  00404dc0 f   pjmedia-i386-win32-vc8-release:delaybuf.obj
 0001:00003ef0       _pjmedia_delay_buf_destroy 00404ef0 f   pjmedia-i386-win32-vc8-release:delaybuf.obj
 0001:00003f50       _pjmedia_delay_buf_get     00404f50 f   pjmedia-i386-win32-vc8-release:delaybuf.obj
 0001:00004090       _pjmedia_delay_buf_put     00405090 f   pjmedia-i386-win32-vc8-release:delaybuf.obj
 0001:00004190       _pjmedia_delay_buf_reset   00405190 f   pjmedia-i386-win32-vc8-release:delaybuf.obj
 0001:00004370       _pjmedia_resample_create   00405370 f   pjmedia-i386-win32-vc8-release:resample_resample.obj
 0001:000045a0       _pjmedia_resample_run      004055a0 f   pjmedia-i386-win32-vc8-release:resample_resample.obj
 0001:00004790       _pjmedia_snd_port_connect  00405790 f   pjmedia-i386-win32-vc8-release:sound_port.obj
 0001:00004850       _pjmedia_snd_port_create   00405850 f   pjmedia-i386-win32-vc8-release:sound_port.obj
 0001:00004900       _pjmedia_snd_port_create2  00405900 f   pjmedia-i386-win32-vc8-release:sound_port.obj
 0001:00004a30       _pjmedia_snd_port_create_player 00405a30 f   pjmedia-i386-win32-vc8-release:sound_port.obj
 0001:00004ad0       _pjmedia_snd_port_destroy  00405ad0 f   pjmedia-i386-win32-vc8-release:sound_port.obj
 0001:00004b30       _pjmedia_snd_port_get_snd_stream 00405b30 f   pjmedia-i386-win32-vc8-release:sound_port.obj
 0001:00004b50       _pjmedia_snd_port_set_ec   00405b50 f   pjmedia-i386-win32-vc8-release:sound_port.obj
 0001:000051c0       _pjmedia_codec_mgr_destroy 004061c0 f   pjmedia-i386-win32-vc8-release:codec.obj
 0001:00005250       _pjmedia_codec_mgr_init    00406250 f   pjmedia-i386-win32-vc8-release:codec.obj
 0001:000052c0       _pjmedia_sdp_attr_create   004062c0 f   pjmedia-i386-win32-vc8-release:sdp.obj
 0001:00005320       _pjmedia_sdp_attr_find     00406320 f   pjmedia-i386-win32-vc8-release:sdp.obj
 0001:000053a0       _pjmedia_sdp_media_deactivate 004063a0 f   pjmedia-i386-win32-vc8-release:sdp.obj
 0001:000053d0       _pjmedia_sdp_media_find_attr 004063d0 f   pjmedia-i386-win32-vc8-release:sdp.obj
 0001:00005400       _pjmedia_strerror          00406400 f   pjmedia-i386-win32-vc8-release:errno.obj
 0001:00006020       _pjmedia_wsola_create      00407020 f   pjmedia-i386-win32-vc8-release:wsola.obj
 0001:000061e0       _pjmedia_wsola_discard     004071e0 f   pjmedia-i386-win32-vc8-release:wsola.obj
 0001:00006430       _pjmedia_wsola_generate    00407430 f   pjmedia-i386-win32-vc8-release:wsola.obj
 0001:000064f0       _pjmedia_wsola_reset       004074f0 f   pjmedia-i386-win32-vc8-release:wsola.obj
 0001:00006550       _pjmedia_wsola_save        00407550 f   pjmedia-i386-win32-vc8-release:wsola.obj
 0001:00006920       _pjmedia_clock_src_init    00407920 f   pjmedia-i386-win32-vc8-release:clock_thread.obj
 0001:00006960       _pjmedia_clock_src_update  00407960 f   pjmedia-i386-win32-vc8-release:clock_thread.obj
 0001:000069a0       _pjmedia_echo_capture      004079a0 f   pjmedia-i386-win32-vc8-release:echo_common.obj
 0001:00006a60       _pjmedia_echo_create2      00407a60 f   pjmedia-i386-win32-vc8-release:echo_common.obj
 0001:00006c40       _pjmedia_echo_destroy      00407c40 f   pjmedia-i386-win32-vc8-release:echo_common.obj
 0001:00006c80       _pjmedia_echo_playback     00407c80 f   pjmedia-i386-win32-vc8-release:echo_common.obj
 0001:00007f60       _get_libsrtp_errstr        00408f60 f   pjmedia-i386-win32-vc8-release:transport_srtp.obj
 0001:000081d0       _pjmedia_transport_srtp_start 004091d0 f   pjmedia-i386-win32-vc8-release:transport_srtp.obj
 0001:00008870       _pjmedia_transport_srtp_stop 00409870 f   pjmedia-i386-win32-vc8-release:transport_srtp.obj
 0001:00008ca0       _echo_supp_cancel_echo     00409ca0 f   pjmedia-i386-win32-vc8-release:echo_suppress.obj
 0001:00008f90       _echo_supp_create          00409f90 f   pjmedia-i386-win32-vc8-release:echo_suppress.obj
 0001:000090c0       _echo_supp_reset           0040a0c0 f   pjmedia-i386-win32-vc8-release:echo_suppress.obj
 0001:00009180       _echo_supp_soft_reset      0040a180 f   pjmedia-i386-win32-vc8-release:echo_suppress.obj
 0001:00009880       _speex_aec_cancel_echo     0040a880 f   pjmedia-i386-win32-vc8-release:echo_speex.obj
 0001:000098e0       _speex_aec_capture         0040a8e0 f   pjmedia-i386-win32-vc8-release:echo_speex.obj
 0001:00009930       _speex_aec_create          0040a930 f   pjmedia-i386-win32-vc8-release:echo_speex.obj
 0001:00009a40       _speex_aec_destroy         0040aa40 f   pjmedia-i386-win32-vc8-release:echo_speex.obj
 0001:00009a90       _speex_aec_playback        0040aa90 f   pjmedia-i386-win32-vc8-release:echo_speex.obj
 0001:00009ac0       _speex_aec_reset           0040aac0 f   pjmedia-i386-win32-vc8-release:echo_speex.obj
 0001:00009ae0       _pjmedia_calc_avg_signal   0040aae0 f   pjmedia-i386-win32-vc8-release:silencedet.obj
 0001:0000a3f0       _pj_getopt_long            0040b3f0 f   pjlib-util-i386-win32-vc8-release:getopt.obj
 0001:0000a410       _pj_base64_decode          0040b410 f   pjlib-util-i386-win32-vc8-release:base64.obj
 0001:0000a610       _pj_base64_encode          0040b610 f   pjlib-util-i386-win32-vc8-release:base64.obj
 0001:0000a850       _pj_atexit                 0040b850 f   pjlib-i386-win32-vc8-release:os_core_win32.obj
 0001:0000a880       _pj_atomic_dec_and_get     0040b880 f   pjlib-i386-win32-vc8-release:os_core_win32.obj
 0001:0000a8d0       _pj_atomic_destroy         0040b8d0 f   pjlib-i386-win32-vc8-release:os_core_win32.obj
 0001:0000a8f0       _pj_atomic_inc             0040b8f0 f   pjlib-i386-win32-vc8-release:os_core_win32.obj
 0001:0000a940       _pj_enter_critical_section 0040b940 f   pjlib-i386-win32-vc8-release:os_core_win32.obj
 0001:0000a950       _pj_init                   0040b950 f   pjlib-i386-win32-vc8-release:os_core_win32.obj
 0001:0000aa90       _pj_leave_critical_section 0040ba90 f   pjlib-i386-win32-vc8-release:os_core_win32.obj
 0001:0000aae0       _pj_mutex_create           0040bae0 f   pjlib-i386-win32-vc8-release:os_core_win32.obj
 0001:0000ab30       _pj_mutex_create_recursive 0040bb30 f   pjlib-i386-win32-vc8-release:os_core_win32.obj
 0001:0000ab30       _pj_mutex_create_simple    0040bb30 f   pjlib-i386-win32-vc8-release:os_core_win32.obj
 0001:0000ab80       _pj_mutex_destroy          0040bb80 f   pjlib-i386-win32-vc8-release:os_core_win32.obj
 0001:0000abe0       _pj_mutex_lock             0040bbe0 f   pjlib-i386-win32-vc8-release:os_core_win32.obj
 0001:0000ac50       _pj_mutex_trylock          0040bc50 f   pjlib-i386-win32-vc8-release:os_core_win32.obj
 0001:0000acd0       _pj_mutex_unlock           0040bcd0 f   pjlib-i386-win32-vc8-release:os_core_win32.obj
 0001:0000ad30       _pj_sem_destroy            0040bd30 f   pjlib-i386-win32-vc8-release:os_core_win32.obj
 0001:0000adc0       _pj_sem_post               0040bdc0 f   pjlib-i386-win32-vc8-release:os_core_win32.obj
 0001:0000ae50       _pj_sem_trywait            0040be50 f   pjlib-i386-win32-vc8-release:os_core_win32.obj
 0001:0000aeb0       _pj_sem_wait               0040beb0 f   pjlib-i386-win32-vc8-release:os_core_win32.obj
 0001:0000afc0       _pj_shutdown               0040bfc0 f   pjlib-i386-win32-vc8-release:os_core_win32.obj
 0001:0000b100       _pj_term_set_color         0040c100 f   pjlib-i386-win32-vc8-release:os_core_win32.obj
 0001:0000b1d0       _pj_thread_check_stack     0040c1d0 f   pjlib-i386-win32-vc8-release:os_core_win32.obj
 0001:0000b210       _pj_thread_create          0040c210 f   pjlib-i386-win32-vc8-release:os_core_win32.obj
 0001:0000b350       _pj_thread_destroy         0040c350 f   pjlib-i386-win32-vc8-release:os_core_win32.obj
 0001:0000b3e0       _pj_thread_get_name        0040c3e0 f   pjlib-i386-win32-vc8-release:os_core_win32.obj
 0001:0000b430       _pj_thread_init            0040c430 f   pjlib-i386-win32-vc8-release:os_core_win32.obj
 0001:0000b490       _pj_thread_join            0040c490 f   pjlib-i386-win32-vc8-release:os_core_win32.obj
 0001:0000b550       _pj_thread_local_alloc     0040c550 f   pjlib-i386-win32-vc8-release:os_core_win32.obj
 0001:0000b5a0       _pj_thread_local_free      0040c5a0 f   pjlib-i386-win32-vc8-release:os_core_win32.obj
 0001:0000b5f0       _pj_thread_local_get       0040c5f0 f   pjlib-i386-win32-vc8-release:os_core_win32.obj
 0001:0000b600       _pj_thread_local_set       0040c600 f   pjlib-i386-win32-vc8-release:os_core_win32.obj
 0001:0000b640       _pj_thread_register        0040c640 f   pjlib-i386-win32-vc8-release:os_core_win32.obj
 0001:0000b700       _pj_thread_sleep           0040c700 f   pjlib-i386-win32-vc8-release:os_core_win32.obj
 0001:0000b750       _pj_thread_this            0040c750 f   pjlib-i386-win32-vc8-release:os_core_win32.obj
 0001:0000b7e0       _pj_errno_clear_handlers   0040c7e0 f   pjlib-i386-win32-vc8-release:errno.obj
 0001:0000b800       _pj_register_strerror      0040c800 f   pjlib-i386-win32-vc8-release:errno.obj
 0001:0000b8e0       _pj_strerror               0040c8e0 f   pjlib-i386-win32-vc8-release:errno.obj
 0001:0000ba30       _pj_pool_alloc             0040ca30 f   pjlib-i386-win32-vc8-release:pool.obj
 0001:0000ba80       _pj_pool_allocate_find     0040ca80 f   pjlib-i386-win32-vc8-release:pool.obj
 0001:0000bb60       _pj_pool_calloc            0040cb60 f   pjlib-i386-win32-vc8-release:pool.obj
 0001:0000bbc0       _pj_pool_create            0040cbc0 f   pjlib-i386-win32-vc8-release:pool.obj
 0001:0000bc50       _pj_pool_create_int        0040cc50 f   pjlib-i386-win32-vc8-release:pool.obj
 0001:0000bd00       _pj_pool_destroy_int       0040cd00 f   pjlib-i386-win32-vc8-release:pool.obj
 0001:0000bd40       _pj_pool_get_capacity      0040cd40 f   pjlib-i386-win32-vc8-release:pool.obj
 0001:0000bd50       _pj_pool_get_used_size     0040cd50 f   pjlib-i386-win32-vc8-release:pool.obj
 0001:0000bd80       _pj_pool_getobjname        0040cd80 f   pjlib-i386-win32-vc8-release:pool.obj
 0001:0000bd90       _pj_pool_init_int          0040cd90 f   pjlib-i386-win32-vc8-release:pool.obj
 0001:0000be00       _pj_pool_release           0040ce00 f   pjlib-i386-win32-vc8-release:pool.obj
 0001:0000be20       _pj_pool_reset             0040ce20 f   pjlib-i386-win32-vc8-release:pool.obj
 0001:0000c230       _pj_caching_pool_destroy   0040d230 f   pjlib-i386-win32-vc8-release:pool_caching.obj
 0001:0000c310       _pj_caching_pool_init      0040d310 f   pjlib-i386-win32-vc8-release:pool_caching.obj
 0001:0000c410       _pj_log                    0040d410 f   pjlib-i386-win32-vc8-release:log.obj
 0001:0000c910       _pj_log_1                  0040d910 f   pjlib-i386-win32-vc8-release:log.obj
 0001:0000c930       _pj_log_2                  0040d930 f   pjlib-i386-win32-vc8-release:log.obj
 0001:0000c950       _pj_log_3                  0040d950 f   pjlib-i386-win32-vc8-release:log.obj
 0001:0000c970       _pj_log_4                  0040d970 f   pjlib-i386-win32-vc8-release:log.obj
 0001:0000c990       _pj_log_5                  0040d990 f   pjlib-i386-win32-vc8-release:log.obj
 0001:0000c9b0       _pj_log_get_color          0040d9b0 f   pjlib-i386-win32-vc8-release:log.obj
 0001:0000ca20       _pj_log_get_decor          0040da20 f   pjlib-i386-win32-vc8-release:log.obj
 0001:0000ca30       _pj_log_get_level          0040da30 f   pjlib-i386-win32-vc8-release:log.obj
 0001:0000ca40       _pj_log_init               0040da40 f   pjlib-i386-win32-vc8-release:log.obj
 0001:0000cbe0       _pj_str                    0040dbe0 f   pjlib-i386-win32-vc8-release:string.obj
 0001:0000cc00       _pj_strcmp                 0040dc00 f   pjlib-i386-win32-vc8-release:string.obj
 0001:0000cc60       _pj_strdup2                0040dc60 f   pjlib-i386-win32-vc8-release:string.obj
 0001:0000ccc0       _pj_strdup2_with_null      0040dcc0 f   pjlib-i386-win32-vc8-release:string.obj
 0001:0000cd20       _pj_strdup_with_null       0040dd20 f   pjlib-i386-win32-vc8-release:string.obj
 0001:0000cd70       _pj_stricmp                0040dd70 f   pjlib-i386-win32-vc8-release:string.obj
 0001:0000cde0       _pj_stricmp2               0040dde0 f   pjlib-i386-win32-vc8-release:string.obj
 0001:0000ce40       _pj_strncpy_with_null      0040de40 f   pjlib-i386-win32-vc8-release:string.obj
 0001:0000ce80       _pj_strtoul                0040de80 f   pjlib-i386-win32-vc8-release:string.obj
 0001:0000cee0       _pj_strtoul2               0040dee0 f   pjlib-i386-win32-vc8-release:string.obj
 0001:0000cf90       _pj_utoa                   0040df90 f   pjlib-i386-win32-vc8-release:string.obj
 0001:0000cfb0       _pj_utoa_pad               0040dfb0 f   pjlib-i386-win32-vc8-release:string.obj
 0001:0000d050       _pj_array_erase            0040e050 f   pjlib-i386-win32-vc8-release:array.obj
 0001:0000d090       _pj_ntohl                  0040e090 f   pjlib-i386-win32-vc8-release:sock_bsd.obj
 0001:0000d0a0       _pj_ntohs                  0040e0a0 f   pjlib-i386-win32-vc8-release:sock_bsd.obj
 0001:0000d0b0       _pj_sock_accept            0040e0b0 f   pjlib-i386-win32-vc8-release:sock_bsd.obj
 0001:0000d120       _pj_sock_getsockname       0040e120 f   pjlib-i386-win32-vc8-release:sock_bsd.obj
 0001:0000d180       _pj_sock_getsockopt        0040e180 f   pjlib-i386-win32-vc8-release:sock_bsd.obj
 0001:0000d1f0       _pj_sock_recv              0040e1f0 f   pjlib-i386-win32-vc8-release:sock_bsd.obj
 0001:0000d260       _pj_sock_recvfrom          0040e260 f   pjlib-i386-win32-vc8-release:sock_bsd.obj
 0001:0000d2d0       _pj_sock_send              0040e2d0 f   pjlib-i386-win32-vc8-release:sock_bsd.obj
 0001:0000d340       _pj_sock_sendto            0040e340 f   pjlib-i386-win32-vc8-release:sock_bsd.obj
 0001:0000d3b0       _pj_gettimeofday           0040e3b0 f   pjlib-i386-win32-vc8-release:os_time_win32.obj
 0001:0000d460       _pj_time_decode            0040e460 f   pjlib-i386-win32-vc8-release:os_time_win32.obj
 0001:0000d510       _pj_list_erase             0040e510 f   pjlib-i386-win32-vc8-release:list.obj
 0001:0000d530       _pj_list_insert_after      0040e530 f   pjlib-i386-win32-vc8-release:list.obj
 0001:0000d550       _pj_list_insert_before     0040e550 f   pjlib-i386-win32-vc8-release:list.obj
 0001:0000d630       ?ioqueue_dispatch_exception_event@@YAXPAUpj_ioqueue_t@@PAUpj_ioqueue_key_t@@@Z 0040e630 f   pjlib-i386-win32-vc8-release:ioqueue_select.obj
 0001:0000d760       ?ioqueue_dispatch_read_event@@YAXPAUpj_ioqueue_t@@PAUpj_ioqueue_key_t@@@Z 0040e760 f   pjlib-i386-win32-vc8-release:ioqueue_select.obj
 0001:0000d980       ?ioqueue_dispatch_write_event@@YAXPAUpj_ioqueue_t@@PAUpj_ioqueue_key_t@@@Z 0040e980 f   pjlib-i386-win32-vc8-release:ioqueue_select.obj
 0001:0000dcd0       _pj_ioqueue_create         0040ecd0 f   pjlib-i386-win32-vc8-release:ioqueue_select.obj
 0001:0000de70       _pj_ioqueue_destroy        0040ee70 f   pjlib-i386-win32-vc8-release:ioqueue_select.obj
 0001:0000df30       _pj_ioqueue_poll           0040ef30 f   pjlib-i386-win32-vc8-release:ioqueue_select.obj
 0001:0000e260       _pj_ioqueue_set_lock       0040f260 f   pjlib-i386-win32-vc8-release:ioqueue_select.obj
 0001:0000e2a0       _pj_ioqueue_unlock_key     0040f2a0 f   pjlib-i386-win32-vc8-release:ioqueue_select.obj
 0001:0000e2d0       _pj_file_exists            0040f2d0 f   pjlib-i386-win32-vc8-release:file_access_win32.obj
 0001:0000e310       _pj_file_size              0040f310 f   pjlib-i386-win32-vc8-release:file_access_win32.obj
 0001:0000e3a0       _pj_file_close             0040f3a0 f   pjlib-i386-win32-vc8-release:file_io_win32.obj
 0001:0000e3e0       _pj_file_getpos            0040f3e0 f   pjlib-i386-win32-vc8-release:file_io_win32.obj
 0001:0000e440       _pj_file_open              0040f440 f   pjlib-i386-win32-vc8-release:file_io_win32.obj
 0001:0000e560       _pj_file_read              0040f560 f   pjlib-i386-win32-vc8-release:file_io_win32.obj
 0001:0000e5c0       _pj_file_setpos            0040f5c0 f   pjlib-i386-win32-vc8-release:file_io_win32.obj
 0001:0000e630       _pj_file_write             0040f630 f   pjlib-i386-win32-vc8-release:file_io_win32.obj
 0001:0000e890       _pj_grp_lock_acquire       0040f890 f   pjlib-i386-win32-vc8-release:lock.obj
 0001:0000e8a0       _pj_grp_lock_add_ref       0040f8a0 f   pjlib-i386-win32-vc8-release:lock.obj
 0001:0000e8c0       _pj_grp_lock_dec_ref       0040f8c0 f   pjlib-i386-win32-vc8-release:lock.obj
 0001:0000e8f0       _pj_grp_lock_release       0040f8f0 f   pjlib-i386-win32-vc8-release:lock.obj
 0001:0000e900       _pj_lock_acquire           0040f900 f   pjlib-i386-win32-vc8-release:lock.obj
 0001:0000e920       _pj_lock_create_null_mutex 0040f920 f   pjlib-i386-win32-vc8-release:lock.obj
 0001:0000e940       _pj_lock_create_recursive_mutex 0040f940 f   pjlib-i386-win32-vc8-release:lock.obj
 0001:0000e960       _pj_lock_create_simple_mutex 0040f960 f   pjlib-i386-win32-vc8-release:lock.obj
 0001:0000e980       _pj_lock_destroy           0040f980 f   pjlib-i386-win32-vc8-release:lock.obj
 0001:0000e9a0       _pj_lock_release           0040f9a0 f   pjlib-i386-win32-vc8-release:lock.obj
 0001:0000e9c0       _pj_exception_id_alloc     0040f9c0 f   pjlib-i386-win32-vc8-release:except.obj
 0001:0000ea10       _pj_exception_id_free      0040fa10 f   pjlib-i386-win32-vc8-release:except.obj
 0001:0000ea50       _pj_throw_exception_       0040fa50 f   pjlib-i386-win32-vc8-release:except.obj
 0001:0000eaf0       _pj_get_timestamp          0040faf0 f   pjlib-i386-win32-vc8-release:os_timestamp_win32.obj
 0001:0000eb50       _pj_get_timestamp_freq     0040fb50 f   pjlib-i386-win32-vc8-release:os_timestamp_win32.obj
 0001:0000ebb0       _pj_elapsed_time           0040fbb0 f   pjlib-i386-win32-vc8-release:os_timestamp_common.obj
 0001:0000ec60       _pj_gettickcount           0040fc60 f   pjlib-i386-win32-vc8-release:os_timestamp_common.obj
 0001:0000ed20       _pj_generate_unique_string 0040fd20 f   pjlib-i386-win32-vc8-release:guid_win32.obj
 0001:0000ed70       _pj_get_netos_error        0040fd70 f   pjlib-i386-win32-vc8-release:os_error_win32.obj
 0001:0000ed90       _pj_get_os_error           0040fd90 f   pjlib-i386-win32-vc8-release:os_error_win32.obj
 0001:0000edb0       _platform_strerror         0040fdb0 f   pjlib-i386-win32-vc8-release:os_error_win32.obj
 0001:0000ee90       _pj_pool_create_on_buf     0040fe90 f   pjlib-i386-win32-vc8-release:pool_buf.obj
 0001:0000efa0       _pj_log_write              0040ffa0 f   pjlib-i386-win32-vc8-release:log_writer_stdout.obj
 0001:0000f000       _pj_time_val_normalize     00410000 f   pjlib-i386-win32-vc8-release:types.obj
 0001:0000f090       _PJ_FD_CLR                 00410090 f   pjlib-i386-win32-vc8-release:sock_select.obj
 0001:0000f110       _PJ_FD_COUNT               00410110 f   pjlib-i386-win32-vc8-release:sock_select.obj
 0001:0000f110       _rdb_get_value             00410110 f   libsrtp-i386-win32-vc8-release:rdb.obj
 0001:0000f120       _PJ_FD_ISSET               00410120 f   pjlib-i386-win32-vc8-release:sock_select.obj
 0001:0000f150       _PJ_FD_ZERO                00410150 f   pjlib-i386-win32-vc8-release:sock_select.obj
 0001:0000f180       _pj_sock_select            00410180 f   pjlib-i386-win32-vc8-release:sock_select.obj
 0001:0000f790       _res_GetXOFF               00410790 f   libresample-i386-win32-vc8-release:resamplesubs.obj
 0001:0000f7d0       _res_Resample              004107d0 f   libresample-i386-win32-vc8-release:resamplesubs.obj
 0001:0000f8b0       _res_SrcLinear             004108b0 f   libresample-i386-win32-vc8-release:resamplesubs.obj
 0001:0000fc90       _speex_echo_cancellation   00410c90 f   libspeex-i386-win32-vc8-release:mdf.obj
 0001:00011040       _speex_echo_capture        00412040 f   libspeex-i386-win32-vc8-release:mdf.obj
 0001:00011130       _speex_echo_ctl            00412130 f   libspeex-i386-win32-vc8-release:mdf.obj
 0001:00011220       _speex_echo_get_residual   00412220 f   libspeex-i386-win32-vc8-release:mdf.obj
 0001:00011470       _speex_echo_playback       00412470 f   libspeex-i386-win32-vc8-release:mdf.obj
 0001:00011560       _speex_echo_state_destroy  00412560 f   libspeex-i386-win32-vc8-release:mdf.obj
 0001:00011650       _speex_echo_state_init     00412650 f   libspeex-i386-win32-vc8-release:mdf.obj
 0001:00011ba0       _speex_echo_state_reset    00412ba0 f   libspeex-i386-win32-vc8-release:mdf.obj
 0001:00012bc0       _speex_preprocess_ctl      00413bc0 f   libspeex-i386-win32-vc8-release:preprocess.obj
 0001:00013250       _speex_preprocess_run      00414250 f   libspeex-i386-win32-vc8-release:preprocess.obj
 0001:00014ae0       _speex_preprocess_state_destroy 00415ae0 f   libspeex-i386-win32-vc8-release:preprocess.obj
 0001:00014bd0       _speex_preprocess_state_init 00415bd0 f   libspeex-i386-win32-vc8-release:preprocess.obj
 0001:00015b00       _spx_fft                   00416b00 f   libspeex-i386-win32-vc8-release:fftwrap.obj
 0001:00015bd0       _spx_fft_destroy           00416bd0 f   libspeex-i386-win32-vc8-release:fftwrap.obj
 0001:00015bf0       _spx_fft_init              00416bf0 f   libspeex-i386-win32-vc8-release:fftwrap.obj
 0001:00015c10       _spx_ifft                  00416c10 f   libspeex-i386-win32-vc8-release:fftwrap.obj
 0001:00015c80       _filterbank_compute_bank32 00416c80 f   libspeex-i386-win32-vc8-release:filterbank.obj
 0001:00015d00       _filterbank_compute_psd16  00416d00 f   libspeex-i386-win32-vc8-release:filterbank.obj
 0001:00015d50       _filterbank_destroy        00416d50 f   libspeex-i386-win32-vc8-release:filterbank.obj
 0001:00015d90       _filterbank_new            00416d90 f   libspeex-i386-win32-vc8-release:filterbank.obj
 0001:000193e0       _spx_drft_backward         0041a3e0 f   libspeex-i386-win32-vc8-release:smallft.obj
 0001:00019410       _spx_drft_clear            0041a410 f   libspeex-i386-win32-vc8-release:smallft.obj
 0001:00019440       _spx_drft_forward          0041a440 f   libspeex-i386-win32-vc8-release:smallft.obj
 0001:00019470       _spx_drft_init             0041a470 f   libspeex-i386-win32-vc8-release:smallft.obj
 0001:000194c0       _crypto_get_random         0041a4c0 f   libsrtp-i386-win32-vc8-release:crypto_kernel.obj
 0001:000194e0       _crypto_kernel_alloc_auth  0041a4e0 f   libsrtp-i386-win32-vc8-release:crypto_kernel.obj
 0001:00019530       _crypto_kernel_alloc_cipher 0041a530 f   libsrtp-i386-win32-vc8-release:crypto_kernel.obj
 0001:000195b0       _srtp_add_stream           0041a5b0 f   libsrtp-i386-win32-vc8-release:srtp.obj
 0001:00019680       _srtp_create               0041a680 f   libsrtp-i386-win32-vc8-release:srtp.obj
 0001:00019700       _srtp_dealloc              0041a700 f   libsrtp-i386-win32-vc8-release:srtp.obj
 0001:00019860       _srtp_event_reporter       0041a860 f   libsrtp-i386-win32-vc8-release:srtp.obj
 0001:000198f0       _srtp_protect              0041a8f0 f   libsrtp-i386-win32-vc8-release:srtp.obj
 0001:00019d30       _srtp_protect_rtcp         0041ad30 f   libsrtp-i386-win32-vc8-release:srtp.obj
 0001:0001a030       _srtp_stream_alloc         0041b030 f   libsrtp-i386-win32-vc8-release:srtp.obj
 0001:0001a1a0       _srtp_stream_clone         0041b1a0 f   libsrtp-i386-win32-vc8-release:srtp.obj
 0001:0001a250       _srtp_stream_init          0041b250 f   libsrtp-i386-win32-vc8-release:srtp.obj
 0001:0001a2d0       _srtp_stream_init_keys     0041b2d0 f   libsrtp-i386-win32-vc8-release:srtp.obj
 0001:0001a760       _srtp_unprotect            0041b760 f   libsrtp-i386-win32-vc8-release:srtp.obj
 0001:0001ae60       _srtp_unprotect_rtcp       0041be60 f   libsrtp-i386-win32-vc8-release:srtp.obj
 0001:0001b1d0       _crypto_alloc              0041c1d0 f   libsrtp-i386-win32-vc8-release:alloc.obj
 0001:0001b230       _crypto_free               0041c230 f   libsrtp-i386-win32-vc8-release:alloc.obj
 0001:0001b260       _err_report                0041c260 f   libsrtp-i386-win32-vc8-release:srtp_err.obj
 0001:0001b290       _cipher_output             0041c290 f   libsrtp-i386-win32-vc8-release:cipher.obj
 0001:0001b2c0       _ctr_prng_get_octet_string 0041c2c0 f   libsrtp-i386-win32-vc8-release:ctr_prng.obj
 0001:0001b350       _auth_get_key_length       0041c350 f   libsrtp-i386-win32-vc8-release:auth.obj
 0001:0001b360       _auth_get_prefix_length    0041c360 f   libsrtp-i386-win32-vc8-release:auth.obj
 0001:0001b370       _auth_get_tag_length       0041c370 f   libsrtp-i386-win32-vc8-release:auth.obj
 0001:0001b370       _cipher_get_key_length     0041c370 f   libsrtp-i386-win32-vc8-release:cipher.obj
 0001:0001b380       _null_cipher_init          0041c380 f   libsrtp-i386-win32-vc8-release:null_cipher.obj
 0001:0001b3b0       _null_cipher_alloc         0041c3b0 f   libsrtp-i386-win32-vc8-release:null_cipher.obj
 0001:0001b410       _null_cipher_dealloc       0041c410 f   libsrtp-i386-win32-vc8-release:null_cipher.obj
 0001:0001b440       _aes_icm_context_init      0041c440 f   libsrtp-i386-win32-vc8-release:aes_icm.obj
 0001:0001b510       _aes_icm_set_iv            0041c510 f   libsrtp-i386-win32-vc8-release:aes_icm.obj
 0001:0001b5a0       _aes_icm_encrypt           0041c5a0 f   libsrtp-i386-win32-vc8-release:aes_icm.obj
 0001:0001b5c0       _aes_icm_dealloc           0041c5c0 f   libsrtp-i386-win32-vc8-release:aes_icm.obj
 0001:0001b5f0       _aes_icm_alloc             0041c5f0 f   libsrtp-i386-win32-vc8-release:aes_icm.obj
 0001:0001b710       _aes_icm_encrypt_ismacryp  0041c710 f   libsrtp-i386-win32-vc8-release:aes_icm.obj
 0001:0001b8f0       _aes_icm_output            0041c8f0 f   libsrtp-i386-win32-vc8-release:aes_icm.obj
 0001:0001b920       _aes_cbc_context_init      0041c920 f   libsrtp-i386-win32-vc8-release:aes_cbc.obj
 0001:0001b9d0       _aes_cbc_set_iv            0041c9d0 f   libsrtp-i386-win32-vc8-release:aes_cbc.obj
 0001:0001ba20       _aes_cbc_nist_encrypt      0041ca20 f   libsrtp-i386-win32-vc8-release:aes_cbc.obj
 0001:0001bb60       _aes_cbc_nist_decrypt      0041cb60 f   libsrtp-i386-win32-vc8-release:aes_cbc.obj
 0001:0001bbb0       _aes_cbc_alloc             0041cbb0 f   libsrtp-i386-win32-vc8-release:aes_cbc.obj
 0001:0001bc20       _aes_cbc_dealloc           0041cc20 f   libsrtp-i386-win32-vc8-release:aes_cbc.obj
 0001:0001bc50       _aes_cbc_decrypt           0041cc50 f   libsrtp-i386-win32-vc8-release:aes_cbc.obj
 0001:0001bdd0       _lpc_alloc                 0041cdd0 f   libsrtp-i386-win32-vc8-release:lpc_algo.obj
 0001:0001be20       _lpc_dealloc               0041ce20 f   libsrtp-i386-win32-vc8-release:lpc_algo.obj
 0001:0001be50       _lpc_context_init          0041ce50 f   libsrtp-i386-win32-vc8-release:lpc_algo.obj
 0001:0001bec0       _lpc_set_iv                0041cec0 f   libsrtp-i386-win32-vc8-release:lpc_algo.obj
 0001:0001bf00       _null_auth_alloc           0041cf00 f   libsrtp-i386-win32-vc8-release:null_auth.obj
 0001:0001bf90       _null_auth_dealloc         0041cf90 f   libsrtp-i386-win32-vc8-release:null_auth.obj
 0001:0001bfc0       _hmac_alloc                0041cfc0 f   libsrtp-i386-win32-vc8-release:hmac.obj
 0001:0001c070       _hmac_dealloc              0041d070 f   libsrtp-i386-win32-vc8-release:hmac.obj
 0001:0001c0a0       _hmac_init                 0041d0a0 f   libsrtp-i386-win32-vc8-release:hmac.obj
 0001:0001c310       _hmac_start                0041d310 f   libsrtp-i386-win32-vc8-release:hmac.obj
 0001:0001c330       _hmac_update               0041d330 f   libsrtp-i386-win32-vc8-release:hmac.obj
 0001:0001c380       _hmac_compute              0041d380 f   libsrtp-i386-win32-vc8-release:hmac.obj
 0001:0001c4b0       _octet_string_hex_string   0041d4b0 f   libsrtp-i386-win32-vc8-release:datatypes.obj
 0001:0001c550       _octet_string_is_eq        0041d550 f   libsrtp-i386-win32-vc8-release:datatypes.obj
 0001:0001c590       _octet_string_set_to_zero  0041d590 f   libsrtp-i386-win32-vc8-release:datatypes.obj
 0001:0001c5b0       _v128_copy_octet_string    0041d5b0 f   libsrtp-i386-win32-vc8-release:datatypes.obj
 0001:0001c630       _v128_hex_string           0041d630 f   libsrtp-i386-win32-vc8-release:datatypes.obj
 0001:0001c6c0       _v128_left_shift           0041d6c0 f   libsrtp-i386-win32-vc8-release:datatypes.obj
 0001:0001c7a0       _index_guess               0041d7a0 f   libsrtp-i386-win32-vc8-release:rdbx.obj
 0001:0001c830       _rdbx_add_index            0041d830 f   libsrtp-i386-win32-vc8-release:rdbx.obj
 0001:0001c880       _rdbx_check                0041d880 f   libsrtp-i386-win32-vc8-release:rdbx.obj
 0001:0001c8c0       _rdbx_estimate_index       0041d8c0 f   libsrtp-i386-win32-vc8-release:rdbx.obj
 0001:0001c900       _rdbx_init                 0041d900 f   libsrtp-i386-win32-vc8-release:rdbx.obj
 0001:0001c940       _key_limit_clone           0041d940 f   libsrtp-i386-win32-vc8-release:key.obj
 0001:0001c960       _key_limit_set             0041d960 f   libsrtp-i386-win32-vc8-release:key.obj
 0001:0001c9a0       _key_limit_update          0041d9a0 f   libsrtp-i386-win32-vc8-release:key.obj
 0001:0001c9f0       _rdb_add_index             0041d9f0 f   libsrtp-i386-win32-vc8-release:rdb.obj
 0001:0001ca40       _rdb_check                 0041da40 f   libsrtp-i386-win32-vc8-release:rdb.obj
 0001:0001ca90       _rdb_increment             0041da90 f   libsrtp-i386-win32-vc8-release:rdb.obj
 0001:0001cab0       _rdb_init                  0041dab0 f   libsrtp-i386-win32-vc8-release:rdb.obj
 0001:0001cae0       _aes_decrypt               0041dae0 f   libsrtp-i386-win32-vc8-release:aes.obj
 0001:0001cb80       _aes_encrypt               0041db80 f   libsrtp-i386-win32-vc8-release:aes.obj
 0001:0001cc20       _aes_expand_decryption_key 0041dc20 f   libsrtp-i386-win32-vc8-release:aes.obj
 0001:0001ce00       _aes_expand_encryption_key 0041de00 f   libsrtp-i386-win32-vc8-release:aes.obj
 0001:0001d5e0       _sha1_core                 0041e5e0 f   libsrtp-i386-win32-vc8-release:sha1.obj
 0001:0001daf0       _sha1_final                0041eaf0 f   libsrtp-i386-win32-vc8-release:sha1.obj
 0001:0001e100       _sha1_init                 0041f100 f   libsrtp-i386-win32-vc8-release:sha1.obj
 0001:0001e140       _sha1_update               0041f140 f   libsrtp-i386-win32-vc8-release:sha1.obj
 0001:0001e210       ___WSAFDIsSet@8            0041f210 f   ws2_32:WS2_32.dll
 0001:0001e216       @__security_check_cookie@4 0041f216 f   MSVCRT:_secchk_.obj
 0001:0001e454       _mainCRTStartup            0041f454 f   MSVCRT:exe_main.obj
 0001:0001e460       __aulldiv                  0041f460 f   MSVCRT:ulldiv.obj
 0001:0001e4d0       __allmul                   0041f4d0 f   MSVCRT:llmul.obj
 0001:0001e510       __ftoui3                   0041f510 f   MSVCRT:_ftol3_.obj
 0001:0001e51f       __ftoul3                   0041f51f f   MSVCRT:_ftol3_.obj
 0001:0001e52e       __ftol3                    0041f52e f   MSVCRT:_ftol3_.obj
 0001:0001e53b       __ftol3_NaN                0041f53b f   MSVCRT:_ftol3_.obj
 0001:0001e553       __ftol3_work               0041f553 f   MSVCRT:_ftol3_.obj
 0001:0001e5d9       __ftol3_common             0041f5d9 f   MSVCRT:_ftol3_.obj
 0001:0001e69b       __ftol3_arg_error          0041f69b f   MSVCRT:_ftol3_.obj
 0001:0001e6ad       __ftol3_except             0041f6ad f   MSVCRT:_ftol3_.obj
 0001:0001e6f1       __dtoui3                   0041f6f1 f   MSVCRT:_ftol3_.obj
 0001:0001e700       __dtoul3                   0041f700 f   MSVCRT:_ftol3_.obj
 0001:0001e70f       __dtol3                    0041f70f f   MSVCRT:_ftol3_.obj
 0001:0001e71c       __dtol3_NaN                0041f71c f   MSVCRT:_ftol3_.obj
 0001:0001e739       __dtol3_work               0041f739 f   MSVCRT:_ftol3_.obj
 0001:0001e820       __ultod3                   0041f820 f   MSVCRT:_ftol3_.obj
 0001:0001e860       __ltod3                    0041f860 f   MSVCRT:_ftol3_.obj
 0001:0001e890       __alldiv                   0041f890 f   MSVCRT:lldiv.obj
 0001:0001e940       ___vdecl_cos2              0041f940 f   MSVCRT:_svml_dcos2_dispatch_.obj
 0001:0001e945       ___raise_securityfailure   0041f945 f   MSVCRT:gs_report.obj
 0001:0001e96d       ___report_gsfailure        0041f96d f   MSVCRT:gs_report.obj
 0001:0001ea68       ___report_rangecheckfailure 0041fa68 f   MSVCRT:gs_report.obj
 0001:0001ea74       ___report_securityfailure  0041fa74 f   MSVCRT:gs_report.obj
 0001:0001eb50       __allshl                   0041fb50 f   MSVCRT:llshl.obj
 0001:0001eb70       __ftol2_sse                0041fb70 f   MSVCRT:_ftol2_.obj
 0001:0001eb79       __ftol2_pentium4           0041fb79 f   MSVCRT:_ftol2_.obj
 0001:0001eb8c       __ftol2_sse_excpt          0041fb8c f   MSVCRT:_ftol2_.obj
 0001:0001ebb0       __ftol2                    0041fbb0 f   MSVCRT:_ftol2_.obj
 0001:0001ec69       ___scrt_acquire_startup_lock 0041fc69 f   MSVCRT:utility.obj
 0001:0001ec9e       ___scrt_initialize_crt     0041fc9e f   MSVCRT:utility.obj
 0001:0001ecd7       ___scrt_initialize_onexit_tables 0041fcd7 f   MSVCRT:utility.obj
 0001:0001ed6e       ___scrt_is_nonwritable_in_current_image 0041fd6e f   MSVCRT:utility.obj
 0001:0001edf8       ___scrt_release_startup_lock 0041fdf8 f   MSVCRT:utility.obj
 0001:0001ee15       ___scrt_uninitialize_crt   0041fe15 f   MSVCRT:utility.obj
 0001:0001ee3d       __onexit                   0041fe3d f   MSVCRT:utility.obj
 0001:0001ee78       _atexit                    0041fe78 f   MSVCRT:utility.obj
 0001:0001ee8d       ___security_init_cookie    0041fe8d f   MSVCRT:gs_support.obj
 0001:0001ef29       __get_startup_argv_mode    0041ff29 f   MSVCRT:argv_mode.obj
 0001:0001ef30       _echo_supp_destroy         0041ff30 f   pjmedia-i386-win32-vc8-release:echo_suppress.obj
 0001:0001ef30       ___scrt_initialize_winrt   0041ff30 f   MSVCRT:utility_desktop.obj
 0001:0001ef30       _null_auth_update          0041ff30 f   libsrtp-i386-win32-vc8-release:null_auth.obj
 0001:0001ef30       _pjmedia_wsola_destroy     0041ff30 f   pjmedia-i386-win32-vc8-release:wsola.obj
 0001:0001ef30       _lpc_encrypt               0041ff30 f   libsrtp-i386-win32-vc8-release:lpc_algo.obj
 0001:0001ef30       _null_auth_init            0041ff30 f   libsrtp-i386-win32-vc8-release:null_auth.obj
 0001:0001ef30       _null_cipher_encrypt       0041ff30 f   libsrtp-i386-win32-vc8-release:null_cipher.obj
 0001:0001ef30       _null_auth_compute         0041ff30 f   libsrtp-i386-win32-vc8-release:null_auth.obj
 0001:0001ef30       __get_startup_thread_locale_mode 0041ff30 f   MSVCRT:thread_locale.obj
 0001:0001ef30       __get_startup_new_mode     0041ff30 f   MSVCRT:new_mode.obj
 0001:0001ef30       _null_auth_start           0041ff30 f   libsrtp-i386-win32-vc8-release:null_auth.obj
 0001:0001ef30       _null_cipher_set_iv        0041ff30 f   libsrtp-i386-win32-vc8-release:null_cipher.obj
 0001:0001ef30       __get_startup_commit_mode  0041ff30 f   MSVCRT:commit_mode.obj
 0001:0001ef30       __matherr                  0041ff30 f   MSVCRT:matherr.obj
 0001:0001ef33       __get_startup_file_mode    0041ff33 f   MSVCRT:file_mode.obj
 0001:0001ef39       ?__scrt_initialize_type_info@@YAXXZ 0041ff39 f   MSVCRT:tncleanup.obj
 0001:0001ef45       ___acrt_initialize         0041ff45 f   MSVCRT:ucrt_stubs.obj
 0001:0001ef45       ___vcrt_uninitialize       0041ff45 f   MSVCRT:ucrt_stubs.obj
 0001:0001ef45       ___scrt_stub_for_acrt_initialize 0041ff45 f   MSVCRT:ucrt_stubs.obj
 0001:0001ef45       __should_initialize_environment 0041ff45 f   MSVCRT:env_mode.obj
 0001:0001ef45       ___scrt_stub_for_acrt_uninitialize 0041ff45 f   MSVCRT:ucrt_stubs.obj
 0001:0001ef45       ___vcrt_initialize         0041ff45 f   MSVCRT:ucrt_stubs.obj
 0001:0001ef45       ___acrt_uninitialize       0041ff45 f   MSVCRT:ucrt_stubs.obj
 0001:0001ef48       __initialize_default_precision 0041ff48 f   MSVCRT:default_precision.obj
 0001:0001ef69       ___local_stdio_scanf_options 0041ff69 f i MSVCRT:default_local_stdio_options.obj
 0001:0001ef6f       ___scrt_initialize_default_local_stdio_options 0041ff6f f   MSVCRT:default_local_stdio_options.obj
 0001:0001ef8c       ___scrt_is_user_matherr_present 0041ff8c f   MSVCRT:matherr_detection.obj
 0001:0001ef98       ___scrt_get_dyn_tls_init_callback 0041ff98 f   MSVCRT:dyn_tls_init.obj
 0001:0001ef9e       ___scrt_get_dyn_tls_dtor_callback 0041ff9e f   MSVCRT:dyn_tls_dtor.obj
 0001:0001efa4       ___scrt_fastfail           0041ffa4 f   MSVCRT:utility_desktop.obj
 0001:0001f0bf       ___scrt_is_managed_app     004200bf f   MSVCRT:utility_desktop.obj
 0001:0001f103       ___scrt_set_unhandled_exception_filter 00420103 f   MSVCRT:utility_desktop.obj
 0001:0001f10f       ___scrt_unhandled_exception_filter@4 0042010f f   MSVCRT:utility_desktop.obj
 0001:0001f150       __RTC_Initialize           00420150 f   MSVCRT:_initsect_.obj
 0001:0001f17b       __RTC_Terminate            0042017b f   MSVCRT:_initsect_.obj
 0001:0001f1a6       @_guard_check_icall@4      004201a6 f i MSVCRT:checkcfg.obj
 0001:0001f1b0       __SEH_prolog4              004201b0 f   MSVCRT:_sehprolg4_.obj
 0001:0001f1f6       __SEH_epilog4              004201f6 f   MSVCRT:_sehprolg4_.obj
 0001:0001f20b       __except_handler4          0042020b f   MSVCRT:_chandler4gs_.obj
 0001:0001f230       ___sse2_cos2               00420230 f   MSVCRT:_svml_dcos2_sse2_.obj
 0001:0001f3d0       ___isa_available_init      004203d0 f   MSVCRT:_cpu_disp_.obj
 0001:0001f56a       ___scrt_is_ucrt_dll_in_use 0042056a f   MSVCRT:ucrt_detection.obj
 0001:0001f580       __initialize_denormal_control 00420580 f i MSVCRT:denormal_control.obj
 0001:0001f580       __initialize_invalid_parameter_handler 00420580 f i MSVCRT:invalid_parameter_handler.obj
 0001:0001f580       _pjmedia_wave_hdr_file_to_host 00420580 f i pjmedia-i386-win32-vc8-release:wave.obj
 0001:0001f580       @_guard_check_icall_nop@4  00420580 f i MSVCRT:guard_support.obj
 0001:0001f580       _pjmedia_wave_hdr_host_to_file 00420580 f i pjmedia-i386-win32-vc8-release:wave.obj
 0001:0001f590       ___common_sin_reduction_LA 00420590 f   MSVCRT:_svml_dtrig_.obj
 0001:0001f8e0       ___common_cos_reduction_LA 004208e0 f   MSVCRT:_svml_dtrig_.obj
 0001:0001fbd0       ___common_pi04_reduction_LA 00420bd0 f   MSVCRT:_svml_dtrig_.obj
 0001:0001fee0       _IsProcessorFeaturePresent@4 00420ee0 f   kernel32:KERNEL32.dll
 0001:0001fee6       _memset                    00420ee6 f   vcruntime:VCRUNTIME140.dll
 0001:0001feec       _memmove                   00420eec f   vcruntime:VCRUNTIME140.dll
 0001:0001fef2       _memcpy                    00420ef2 f   vcruntime:VCRUNTIME140.dll
 0001:0001fef8       _strchr                    00420ef8 f   vcruntime:VCRUNTIME140.dll
 0001:0001fefe       _longjmp                   00420efe f   vcruntime:VCRUNTIME140.dll
 0001:0001ff04       __except_handler4_common   00420f04 f   vcruntime:VCRUNTIME140.dll
 0001:0001ff0a       ___stdio_common_vsprintf   00420f0a f   ucrt:api-ms-win-crt-stdio-l1-1-0.dll
 0001:0001ff10       _strncpy                   00420f10 f   ucrt:api-ms-win-crt-string-l1-1-0.dll
 0001:0001ff16       __stricmp                  00420f16 f   ucrt:api-ms-win-crt-string-l1-1-0.dll
 0001:0001ff1c       _isdigit                   00420f1c f   ucrt:api-ms-win-crt-string-l1-1-0.dll
 0001:0001ff22       __libm_sse2_cos_precise    00420f22 f   ucrt:api-ms-win-crt-math-l1-1-0.dll
 0001:0001ff28       _strtok                    00420f28 f   ucrt:api-ms-win-crt-string-l1-1-0.dll
 0001:0001ff2e       _atoi                      00420f2e f   ucrt:api-ms-win-crt-convert-l1-1-0.dll
 0001:0001ff34       _strncmp                   00420f34 f   ucrt:api-ms-win-crt-string-l1-1-0.dll
 0001:0001ff3a       _isxdigit                  00420f3a f   ucrt:api-ms-win-crt-string-l1-1-0.dll
 0001:0001ff40       __strnicmp                 00420f40 f   ucrt:api-ms-win-crt-string-l1-1-0.dll
 0001:0001ff46       _free                      00420f46 f   ucrt:api-ms-win-crt-heap-l1-1-0.dll
 0001:0001ff4c       _malloc                    00420f4c f   ucrt:api-ms-win-crt-heap-l1-1-0.dll
 0001:0001ff52       __CIfmod                   00420f52 f   ucrt:api-ms-win-crt-math-l1-1-0.dll
 0001:0001ff58       _calloc                    00420f58 f   ucrt:api-ms-win-crt-heap-l1-1-0.dll
 0001:0001ff5e       __libm_sse2_exp_precise    00420f5e f   ucrt:api-ms-win-crt-math-l1-1-0.dll
 0001:0001ff64       __libm_sse2_sqrt_precise   00420f64 f   ucrt:api-ms-win-crt-math-l1-1-0.dll
 0001:0001ff6a       __libm_sse2_log_precise    00420f6a f   ucrt:api-ms-win-crt-math-l1-1-0.dll
 0001:0001ff70       __libm_sse2_pow_precise    00420f70 f   ucrt:api-ms-win-crt-math-l1-1-0.dll
 0001:0001ff76       _floor                     00420f76 f   ucrt:api-ms-win-crt-math-l1-1-0.dll
 0001:0001ff7c       __libm_sse2_atan_precise   00420f7c f   ucrt:api-ms-win-crt-math-l1-1-0.dll
 0001:0001ff82       __libm_sse2_sin_precise    00420f82 f   ucrt:api-ms-win-crt-math-l1-1-0.dll
 0001:0001ff88       _exit                      00420f88 f   ucrt:api-ms-win-crt-runtime-l1-1-0.dll
 0001:0001ff8e       _perror                    00420f8e f   ucrt:api-ms-win-crt-runtime-l1-1-0.dll
 0001:0001ff94       _fclose                    00420f94 f   ucrt:api-ms-win-crt-stdio-l1-1-0.dll
 0001:0001ff9a       _fopen                     00420f9a f   ucrt:api-ms-win-crt-stdio-l1-1-0.dll
 0001:0001ffa0       _fputs                     00420fa0 f   ucrt:api-ms-win-crt-stdio-l1-1-0.dll
 0001:0001ffa6       _fseek                     00420fa6 f   ucrt:api-ms-win-crt-stdio-l1-1-0.dll
 0001:0001ffac       __seh_filter_exe           00420fac f   ucrt:api-ms-win-crt-runtime-l1-1-0.dll
 0001:0001ffb2       __set_app_type             00420fb2 f   ucrt:api-ms-win-crt-runtime-l1-1-0.dll
 0001:0001ffb8       ___setusermatherr          00420fb8 f   ucrt:api-ms-win-crt-math-l1-1-0.dll
 0001:0001ffbe       __configure_narrow_argv    00420fbe f   ucrt:api-ms-win-crt-runtime-l1-1-0.dll
 0001:0001ffc4       __initialize_narrow_environment 00420fc4 f   ucrt:api-ms-win-crt-runtime-l1-1-0.dll
 0001:0001ffca       __get_initial_narrow_environment 00420fca f   ucrt:api-ms-win-crt-runtime-l1-1-0.dll
 0001:0001ffd0       __initterm                 00420fd0 f   ucrt:api-ms-win-crt-runtime-l1-1-0.dll
 0001:0001ffd6       __initterm_e               00420fd6 f   ucrt:api-ms-win-crt-runtime-l1-1-0.dll
 0001:0001ffdc       __exit                     00420fdc f   ucrt:api-ms-win-crt-runtime-l1-1-0.dll
 0001:0001ffe2       __set_fmode                00420fe2 f   ucrt:api-ms-win-crt-stdio-l1-1-0.dll
 0001:0001ffe8       ___p___argc                00420fe8 f   ucrt:api-ms-win-crt-runtime-l1-1-0.dll
 0001:0001ffee       ___p___argv                00420fee f   ucrt:api-ms-win-crt-runtime-l1-1-0.dll
 0001:0001fff4       __cexit                    00420ff4 f   ucrt:api-ms-win-crt-runtime-l1-1-0.dll
 0001:0001fffa       __c_exit                   00420ffa f   ucrt:api-ms-win-crt-runtime-l1-1-0.dll
 0001:00020000       __register_thread_local_exe_atexit_callback 00421000 f   ucrt:api-ms-win-crt-runtime-l1-1-0.dll
 0001:00020006       __configthreadlocale       00421006 f   ucrt:api-ms-win-crt-locale-l1-1-0.dll
 0001:0002000c       __set_new_mode             0042100c f   ucrt:api-ms-win-crt-heap-l1-1-0.dll
 0001:00020012       ___p__commode              00421012 f   ucrt:api-ms-win-crt-stdio-l1-1-0.dll
 0001:00020018       __except1                  00421018 f   ucrt:api-ms-win-crt-math-l1-1-0.dll
 0001:0002001e       __initialize_onexit_table  0042101e f   ucrt:api-ms-win-crt-runtime-l1-1-0.dll
 0001:00020024       __register_onexit_function 00421024 f   ucrt:api-ms-win-crt-runtime-l1-1-0.dll
 0001:0002002a       __crt_atexit               0042102a f   ucrt:api-ms-win-crt-runtime-l1-1-0.dll
 0001:00020030       __controlfp_s              00421030 f   ucrt:api-ms-win-crt-runtime-l1-1-0.dll
 0001:00020036       _terminate                 00421036 f   ucrt:api-ms-win-crt-runtime-l1-1-0.dll
 0001:00020400       _pjmedia_aud_dev_default_param 00421400 f   pjmedia-audiodev-i386-win32-vc8-release:audiodev.obj
 0001:00020480       _pjmedia_aud_dev_get_info  00421480 f   pjmedia-audiodev-i386-win32-vc8-release:audiodev.obj
 0001:000204e0       _pjmedia_aud_stream_create 004214e0 f   pjmedia-audiodev-i386-win32-vc8-release:audiodev.obj
 0001:00020690       _pjmedia_aud_stream_destroy 00421690 f   pjmedia-audiodev-i386-win32-vc8-release:audiodev.obj
 0001:000206b0       _pjmedia_aud_stream_get_cap 004216b0 f   pjmedia-audiodev-i386-win32-vc8-release:audiodev.obj
 0001:000206d0       _pjmedia_aud_stream_get_param 004216d0 f   pjmedia-audiodev-i386-win32-vc8-release:audiodev.obj
 0001:00020730       _pjmedia_aud_stream_set_cap 00421730 f   pjmedia-audiodev-i386-win32-vc8-release:audiodev.obj
 0001:00020750       _pjmedia_aud_stream_start  00421750 f   pjmedia-audiodev-i386-win32-vc8-release:audiodev.obj
 0001:00020770       _pjmedia_aud_stream_stop   00421770 f   pjmedia-audiodev-i386-win32-vc8-release:audiodev.obj
 0001:00020790       _pjmedia_aud_subsys_init   00421790 f   pjmedia-audiodev-i386-win32-vc8-release:audiodev.obj
 0001:00020860       _pjmedia_aud_subsys_shutdown 00421860 f   pjmedia-audiodev-i386-win32-vc8-release:audiodev.obj
 0001:000208e0       _pjmedia_audiodev_strerror 004218e0 f   pjmedia-audiodev-i386-win32-vc8-release:errno.obj
 0001:00021cb0       _pjmedia_wmme_factory      00422cb0 f   pjmedia-audiodev-i386-win32-vc8-release:wmme_dev.obj
 0002:00000000       __imp__CreateEventA@16     00424000     kernel32:KERNEL32.dll
 0002:00000004       __imp__GetModuleHandleW@4  00424004     kernel32:KERNEL32.dll
 0002:00000008       __imp__IsDebuggerPresent@0 00424008     kernel32:KERNEL32.dll
 0002:0000000c       __imp__InitializeSListHead@4 0042400c     kernel32:KERNEL32.dll
 0002:00000010       __imp__GetSystemTimeAsFileTime@4 00424010     kernel32:KERNEL32.dll
 0002:00000014       __imp__IsProcessorFeaturePresent@4 00424014     kernel32:KERNEL32.dll
 0002:00000018       __imp__TerminateProcess@8  00424018     kernel32:KERNEL32.dll
 0002:0000001c       __imp__GetCurrentProcess@0 0042401c     kernel32:KERNEL32.dll
 0002:00000020       __imp__SetUnhandledExceptionFilter@4 00424020     kernel32:KERNEL32.dll
 0002:00000024       __imp__UnhandledExceptionFilter@4 00424024     kernel32:KERNEL32.dll
 0002:00000028       __imp__FormatMessageA@28   00424028     kernel32:KERNEL32.dll
 0002:0000002c       __imp__QueryPerformanceFrequency@4 0042402c     kernel32:KERNEL32.dll
 0002:00000030       __imp__QueryPerformanceCounter@4 00424030     kernel32:KERNEL32.dll
 0002:00000034       __imp__WriteFile@20        00424034     kernel32:KERNEL32.dll
 0002:00000038       __imp__SetFilePointer@16   00424038     kernel32:KERNEL32.dll
 0002:0000003c       __imp__ReadFile@20         0042403c     kernel32:KERNEL32.dll
 0002:00000040       __imp__GetFileSize@8       00424040     kernel32:KERNEL32.dll
 0002:00000044       __imp__WaitForMultipleObjects@16 00424044     kernel32:KERNEL32.dll
 0002:00000048       __imp__CreateFileA@28      00424048     kernel32:KERNEL32.dll
 0002:0000004c       __imp__SystemTimeToFileTime@8 0042404c     kernel32:KERNEL32.dll
 0002:00000050       __imp__FileTimeToSystemTime@8 00424050     kernel32:KERNEL32.dll
 0002:00000054       __imp__GetLocalTime@4      00424054     kernel32:KERNEL32.dll
 0002:00000058       __imp__SetConsoleTextAttribute@8 00424058     kernel32:KERNEL32.dll
 0002:0000005c       __imp__GetStdHandle@4      0042405c     kernel32:KERNEL32.dll
 0002:00000060       __imp__CloseHandle@4       00424060     kernel32:KERNEL32.dll
 0002:00000064       __imp__GetLastError@0      00424064     kernel32:KERNEL32.dll
 0002:00000068       __imp__InitializeCriticalSection@4 00424068     kernel32:KERNEL32.dll
 0002:0000006c       __imp__EnterCriticalSection@4 0042406c     kernel32:KERNEL32.dll
 0002:00000070       __imp__LeaveCriticalSection@4 00424070     kernel32:KERNEL32.dll
 0002:00000074       __imp__TryEnterCriticalSection@4 00424074     kernel32:KERNEL32.dll
 0002:00000078       __imp__DeleteCriticalSection@4 00424078     kernel32:KERNEL32.dll
 0002:0000007c       __imp__SetEvent@4          0042407c     kernel32:KERNEL32.dll
 0002:00000080       __imp__ReleaseSemaphore@12 00424080     kernel32:KERNEL32.dll
 0002:00000084       __imp__WaitForSingleObject@8 00424084     kernel32:KERNEL32.dll
 0002:00000088       __imp__Sleep@4             00424088     kernel32:KERNEL32.dll
 0002:0000008c       __imp__GetCurrentProcessId@0 0042408c     kernel32:KERNEL32.dll
 0002:00000090       __imp__CreateThread@24     00424090     kernel32:KERNEL32.dll
 0002:00000094       __imp__GetCurrentThread@0  00424094     kernel32:KERNEL32.dll
 0002:00000098       __imp__GetCurrentThreadId@0 00424098     kernel32:KERNEL32.dll
 0002:0000009c       __imp__SetThreadPriority@8 0042409c     kernel32:KERNEL32.dll
 0002:000000a0       __imp__TlsAlloc@0          004240a0     kernel32:KERNEL32.dll
 0002:000000a4       __imp__TlsGetValue@4       004240a4     kernel32:KERNEL32.dll
 0002:000000a8       __imp__TlsSetValue@8       004240a8     kernel32:KERNEL32.dll
 0002:000000ac       __imp__TlsFree@4           004240ac     kernel32:KERNEL32.dll
 0002:000000b0       \177KERNEL32_NULL_THUNK_DATA 004240b0     kernel32:KERNEL32.dll
 0002:000000b4       __imp__memset              004240b4     vcruntime:VCRUNTIME140.dll
 0002:000000b8       __imp__memmove             004240b8     vcruntime:VCRUNTIME140.dll
 0002:000000bc       __imp__memcpy              004240bc     vcruntime:VCRUNTIME140.dll
 0002:000000c0       __imp__strchr              004240c0     vcruntime:VCRUNTIME140.dll
 0002:000000c4       __imp__longjmp             004240c4     vcruntime:VCRUNTIME140.dll
 0002:000000c8       __imp___except_handler4_common 004240c8     vcruntime:VCRUNTIME140.dll
 0002:000000cc       \177VCRUNTIME140_NULL_THUNK_DATA 004240cc     vcruntime:VCRUNTIME140.dll
 0002:000000d0       __imp__waveOutGetErrorTextA@12 004240d0     winmm:WINMM.dll
 0002:000000d4       __imp__waveInGetErrorTextA@12 004240d4     winmm:WINMM.dll
 0002:000000d8       __imp__waveOutGetNumDevs@0 004240d8     winmm:WINMM.dll
 0002:000000dc       __imp__waveOutGetDevCapsA@12 004240dc     winmm:WINMM.dll
 0002:000000e0       __imp__waveOutGetVolume@8  004240e0     winmm:WINMM.dll
 0002:000000e4       __imp__waveOutSetVolume@8  004240e4     winmm:WINMM.dll
 0002:000000e8       __imp__waveOutOpen@24      004240e8     winmm:WINMM.dll
 0002:000000ec       __imp__waveOutPrepareHeader@12 004240ec     winmm:WINMM.dll
 0002:000000f0       __imp__waveOutUnprepareHeader@12 004240f0     winmm:WINMM.dll
 0002:000000f4       __imp__waveOutWrite@12     004240f4     winmm:WINMM.dll
 0002:000000f8       __imp__waveOutPause@4      004240f8     winmm:WINMM.dll
 0002:000000fc       __imp__waveOutRestart@4    004240fc     winmm:WINMM.dll
 0002:00000100       __imp__waveOutReset@4      00424100     winmm:WINMM.dll
 0002:00000104       __imp__waveInGetNumDevs@0  00424104     winmm:WINMM.dll
 0002:00000108       __imp__waveInGetDevCapsA@12 00424108     winmm:WINMM.dll
 0002:0000010c       __imp__waveInOpen@24       0042410c     winmm:WINMM.dll
 0002:00000110       __imp__waveInClose@4       00424110     winmm:WINMM.dll
 0002:00000114       __imp__waveInPrepareHeader@12 00424114     winmm:WINMM.dll
 0002:00000118       __imp__waveInUnprepareHeader@12 00424118     winmm:WINMM.dll
 0002:0000011c       __imp__waveInAddBuffer@12  0042411c     winmm:WINMM.dll
 0002:00000120       __imp__waveInStart@4       00424120     winmm:WINMM.dll
 0002:00000124       __imp__waveInStop@4        00424124     winmm:WINMM.dll
 0002:00000128       __imp__waveInReset@4       00424128     winmm:WINMM.dll
 0002:0000012c       __imp__waveOutClose@4      0042412c     winmm:WINMM.dll
 0002:00000130       \177WINMM_NULL_THUNK_DATA  00424130     winmm:WINMM.dll
 0002:00000134       __imp__select@20           00424134     ws2_32:WS2_32.dll
 0002:00000138       __imp____WSAFDIsSet@8      00424138     ws2_32:WS2_32.dll
 0002:0000013c       __imp__WSAStartup@8        0042413c     ws2_32:WS2_32.dll
 0002:00000140       __imp__WSACleanup@0        00424140     ws2_32:WS2_32.dll
 0002:00000144       __imp__WSAGetLastError@0   00424144     ws2_32:WS2_32.dll
 0002:00000148       __imp__accept@12           00424148     ws2_32:WS2_32.dll
 0002:0000014c       __imp__recv@16             0042414c     ws2_32:WS2_32.dll
 0002:00000150       __imp__getsockname@12      00424150     ws2_32:WS2_32.dll
 0002:00000154       __imp__recvfrom@24         00424154     ws2_32:WS2_32.dll
 0002:00000158       __imp__getsockopt@20       00424158     ws2_32:WS2_32.dll
 0002:0000015c       __imp__send@16             0042415c     ws2_32:WS2_32.dll
 0002:00000160       __imp__htonl@4             00424160     ws2_32:WS2_32.dll
 0002:00000164       __imp__htons@4             00424164     ws2_32:WS2_32.dll
 0002:00000168       __imp__sendto@24           00424168     ws2_32:WS2_32.dll
 0002:0000016c       __imp__ntohl@4             0042416c     ws2_32:WS2_32.dll
 0002:00000170       __imp__ntohs@4             00424170     ws2_32:WS2_32.dll
 0002:00000174       \177WS2_32_NULL_THUNK_DATA 00424174     ws2_32:WS2_32.dll
 0002:00000178       __imp__strtol              00424178     ucrt:api-ms-win-crt-convert-l1-1-0.dll
 0002:0000017c       __imp__atoi                0042417c     ucrt:api-ms-win-crt-convert-l1-1-0.dll
 0002:00000180       \177api-ms-win-crt-convert-l1-1-0_NULL_THUNK_DATA 00424180     ucrt:api-ms-win-crt-convert-l1-1-0.dll
 0002:00000184       __imp__malloc              00424184     ucrt:api-ms-win-crt-heap-l1-1-0.dll
 0002:00000188       __imp___set_new_mode       00424188     ucrt:api-ms-win-crt-heap-l1-1-0.dll
 0002:0000018c       __imp__calloc              0042418c     ucrt:api-ms-win-crt-heap-l1-1-0.dll
 0002:00000190       __imp__free                00424190     ucrt:api-ms-win-crt-heap-l1-1-0.dll
 0002:00000194       \177api-ms-win-crt-heap-l1-1-0_NULL_THUNK_DATA 00424194     ucrt:api-ms-win-crt-heap-l1-1-0.dll
 0002:00000198       __imp___configthreadlocale 00424198     ucrt:api-ms-win-crt-locale-l1-1-0.dll
 0002:0000019c       \177api-ms-win-crt-locale-l1-1-0_NULL_THUNK_DATA 0042419c     ucrt:api-ms-win-crt-locale-l1-1-0.dll
 0002:000001a0       __imp___libm_sse2_atan_precise 004241a0     ucrt:api-ms-win-crt-math-l1-1-0.dll
 0002:000001a4       __imp__floor               004241a4     ucrt:api-ms-win-crt-math-l1-1-0.dll
 0002:000001a8       __imp___libm_sse2_pow_precise 004241a8     ucrt:api-ms-win-crt-math-l1-1-0.dll
 0002:000001ac       __imp___libm_sse2_cos_precise 004241ac     ucrt:api-ms-win-crt-math-l1-1-0.dll
 0002:000001b0       __imp___CIfmod             004241b0     ucrt:api-ms-win-crt-math-l1-1-0.dll
 0002:000001b4       __imp____setusermatherr    004241b4     ucrt:api-ms-win-crt-math-l1-1-0.dll
 0002:000001b8       __imp___except1            004241b8     ucrt:api-ms-win-crt-math-l1-1-0.dll
 0002:000001bc       __imp___libm_sse2_exp_precise 004241bc     ucrt:api-ms-win-crt-math-l1-1-0.dll
 0002:000001c0       __imp___libm_sse2_sqrt_precise 004241c0     ucrt:api-ms-win-crt-math-l1-1-0.dll
 0002:000001c4       __imp___libm_sse2_sin_precise 004241c4     ucrt:api-ms-win-crt-math-l1-1-0.dll
 0002:000001c8       __imp___libm_sse2_log_precise 004241c8     ucrt:api-ms-win-crt-math-l1-1-0.dll
 0002:000001cc       \177api-ms-win-crt-math-l1-1-0_NULL_THUNK_DATA 004241cc     ucrt:api-ms-win-crt-math-l1-1-0.dll
 0002:000001d0       __imp___exit               004241d0     ucrt:api-ms-win-crt-runtime-l1-1-0.dll
 0002:000001d4       __imp____p___argc          004241d4     ucrt:api-ms-win-crt-runtime-l1-1-0.dll
 0002:000001d8       __imp____p___argv          004241d8     ucrt:api-ms-win-crt-runtime-l1-1-0.dll
 0002:000001dc       __imp___cexit              004241dc     ucrt:api-ms-win-crt-runtime-l1-1-0.dll
 0002:000001e0       __imp___initterm_e         004241e0     ucrt:api-ms-win-crt-runtime-l1-1-0.dll
 0002:000001e4       __imp___register_thread_local_exe_atexit_callback 004241e4     ucrt:api-ms-win-crt-runtime-l1-1-0.dll
 0002:000001e8       __imp___initterm           004241e8     ucrt:api-ms-win-crt-runtime-l1-1-0.dll
 0002:000001ec       __imp___get_initial_narrow_environment 004241ec     ucrt:api-ms-win-crt-runtime-l1-1-0.dll
 0002:000001f0       __imp___initialize_narrow_environment 004241f0     ucrt:api-ms-win-crt-runtime-l1-1-0.dll
 0002:000001f4       __imp___configure_narrow_argv 004241f4     ucrt:api-ms-win-crt-runtime-l1-1-0.dll
 0002:000001f8       __imp___initialize_onexit_table 004241f8     ucrt:api-ms-win-crt-runtime-l1-1-0.dll
 0002:000001fc       __imp___register_onexit_function 004241fc     ucrt:api-ms-win-crt-runtime-l1-1-0.dll
 0002:00000200       __imp___crt_atexit         00424200     ucrt:api-ms-win-crt-runtime-l1-1-0.dll
 0002:00000204       __imp___controlfp_s        00424204     ucrt:api-ms-win-crt-runtime-l1-1-0.dll
 0002:00000208       __imp__terminate           00424208     ucrt:api-ms-win-crt-runtime-l1-1-0.dll
 0002:0000020c       __imp___set_app_type       0042420c     ucrt:api-ms-win-crt-runtime-l1-1-0.dll
 0002:00000210       __imp___seh_filter_exe     00424210     ucrt:api-ms-win-crt-runtime-l1-1-0.dll
 0002:00000214       __imp__exit                00424214     ucrt:api-ms-win-crt-runtime-l1-1-0.dll
 0002:00000218       __imp___c_exit             00424218     ucrt:api-ms-win-crt-runtime-l1-1-0.dll
 0002:0000021c       __imp__perror              0042421c     ucrt:api-ms-win-crt-runtime-l1-1-0.dll
 0002:00000220       \177api-ms-win-crt-runtime-l1-1-0_NULL_THUNK_DATA 00424220     ucrt:api-ms-win-crt-runtime-l1-1-0.dll
 0002:00000224       __imp____acrt_iob_func     00424224     ucrt:api-ms-win-crt-stdio-l1-1-0.dll
 0002:00000228       __imp__fflush              00424228     ucrt:api-ms-win-crt-stdio-l1-1-0.dll
 0002:0000022c       __imp____stdio_common_vfprintf 0042422c     ucrt:api-ms-win-crt-stdio-l1-1-0.dll
 0002:00000230       __imp____p__commode        00424230     ucrt:api-ms-win-crt-stdio-l1-1-0.dll
 0002:00000234       __imp___set_fmode          00424234     ucrt:api-ms-win-crt-stdio-l1-1-0.dll
 0002:00000238       __imp__fgets               00424238     ucrt:api-ms-win-crt-stdio-l1-1-0.dll
 0002:0000023c       __imp__fseek               0042423c     ucrt:api-ms-win-crt-stdio-l1-1-0.dll
 0002:00000240       __imp__fputs               00424240     ucrt:api-ms-win-crt-stdio-l1-1-0.dll
 0002:00000244       __imp__fopen               00424244     ucrt:api-ms-win-crt-stdio-l1-1-0.dll
 0002:00000248       __imp__fclose              00424248     ucrt:api-ms-win-crt-stdio-l1-1-0.dll
 0002:0000024c       __imp__puts                0042424c     ucrt:api-ms-win-crt-stdio-l1-1-0.dll
 0002:00000250       __imp____stdio_common_vsprintf 00424250     ucrt:api-ms-win-crt-stdio-l1-1-0.dll
 0002:00000254       \177api-ms-win-crt-stdio-l1-1-0_NULL_THUNK_DATA 00424254     ucrt:api-ms-win-crt-stdio-l1-1-0.dll
 0002:00000258       __imp__isxdigit            00424258     ucrt:api-ms-win-crt-string-l1-1-0.dll
 0002:0000025c       __imp__strncmp             0042425c     ucrt:api-ms-win-crt-string-l1-1-0.dll
 0002:00000260       __imp__strtok              00424260     ucrt:api-ms-win-crt-string-l1-1-0.dll
 0002:00000264       __imp__isdigit             00424264     ucrt:api-ms-win-crt-string-l1-1-0.dll
 0002:00000268       __imp___stricmp            00424268     ucrt:api-ms-win-crt-string-l1-1-0.dll
 0002:0000026c       __imp__strncpy             0042426c     ucrt:api-ms-win-crt-string-l1-1-0.dll
 0002:00000270       __imp___strnicmp           00424270     ucrt:api-ms-win-crt-string-l1-1-0.dll
 0002:00000274       \177api-ms-win-crt-string-l1-1-0_NULL_THUNK_DATA 00424274     ucrt:api-ms-win-crt-string-l1-1-0.dll
 0002:00000278       __imp__CoCreateGuid@4      00424278     ole32:ole32.dll
 0002:0000027c       \177ole32_NULL_THUNK_DATA  0042427c     ole32:ole32.dll
 0002:00000280       ___guard_check_icall_fptr  00424280     MSVCRT:guard_support.obj
 0002:00000284       ___xc_a                    00424284     MSVCRT:initializers.obj
 0002:0000028c       ___xc_z                    0042428c     MSVCRT:initializers.obj
 0002:00000290       ___xi_a                    00424290     MSVCRT:initializers.obj
 0002:0000029c       ___xi_z                    0042429c     MSVCRT:initializers.obj
 0002:000002a0       ___xp_a                    004242a0     MSVCRT:initializers.obj
 0002:000002a4       ___xp_z                    004242a4     MSVCRT:initializers.obj
 0002:000002a8       ___xt_a                    004242a8     MSVCRT:initializers.obj
 0002:000002ac       ___xt_z                    004242ac     MSVCRT:initializers.obj
 0002:000002b0       __xmm@00000000000000620000000000000001 004242b0     confsample.obj
 0002:000002c0       ??_C@_0N@GJCGOFHI@Master?1sound?$AA@ 004242c0     pjmedia-i386-win32-vc8-release:conference.obj
 0002:000002d0       ??_C@_0CN@NGHGIGLE@Sound?5device?5successfully?5create@ 004242d0     pjmedia-i386-win32-vc8-release:conference.obj
 0002:00000300       ??_C@_0N@HKLHDDNB@conference?4c?$AA@ 00424300     pjmedia-i386-win32-vc8-release:conference.obj
 0002:00000310       ??_C@_04DECFOHCF@Conf?$AA@ 00424310     pjmedia-i386-win32-vc8-release:conference.obj
 0002:00000318       ??_C@_0CJ@CCNOOKCI@Creating?5conference?5bridge?5with?5@ 00424318     pjmedia-i386-win32-vc8-release:conference.obj
 0002:00000344       ??_C@_04PFOEMICB@conf?$AA@ 00424344     pjmedia-i386-win32-vc8-release:conference.obj
 0002:0000034c       ??_C@_0CO@BCCAEBCC@Port?5?$CFd?5?$CI?$CF?4?$CKs?$CJ?5transmitting?5to?5p@ 0042434c     pjmedia-i386-win32-vc8-release:conference.obj
 0002:0000037c       ??_C@_0DD@HEHPDBFJ@Port?5?$CFd?5?$CI?$CF?4?$CKs?$CJ?5stop?5transmitting@ 0042437c     pjmedia-i386-win32-vc8-release:conference.obj
 0002:000003b0       __real@3fe0000000000000    004243b0     pjmedia-i386-win32-vc8-release:conference.obj
 0002:000003c0       __xmm@41f00000000000000000000000000000 004243c0     pjmedia-i386-win32-vc8-release:conference.obj
 0002:00000400       ??_C@_07OEHJJJKF@RTP?1AVP?$AA@ 00424400     pjmedia-i386-win32-vc8-release:endpoint.obj
 0002:00000408       ??_C@_02BBAPPCCJ@IN?$AA@   00424408     pjmedia-i386-win32-vc8-release:endpoint.obj
 0002:0000040c       ??_C@_03OPDBOKBD@IP4?$AA@  0042440c     pjmedia-i386-win32-vc8-release:endpoint.obj
 0002:00000410       ??_C@_03NNAHIIJB@IP6?$AA@  00424410     pjmedia-i386-win32-vc8-release:endpoint.obj
 0002:00000414       ??_C@_07HDFHIMAJ@pjmedia?$AA@ 00424414     pjmedia-i386-win32-vc8-release:endpoint.obj
 0002:0000041c       ??_C@_08LMCBNPPN@sendrecv?$AA@ 0042441c     pjmedia-i386-win32-vc8-release:endpoint.obj
 0002:00000428       ??_C@_07LBNDIDNE@med?9ept?$AA@ 00424428     pjmedia-i386-win32-vc8-release:endpoint.obj
 0002:00000430       ??_C@_0EL@BIFHLACC@Warning?3?5no?5worker?5thread?5is?5cre@ 00424430     pjmedia-i386-win32-vc8-release:endpoint.obj
 0002:0000047c       ??_C@_0L@DLFDMOGF@endpoint?4c?$AA@ 0042447c     pjmedia-i386-win32-vc8-release:endpoint.obj
 0002:00000488       ??_C@_05CECBHAPI@media?$AA@ 00424488     pjmedia-i386-win32-vc8-release:endpoint.obj
 0002:0000048e       ??_C@_00CNPNBAHC@?$AA@     0042448e     pjmedia-i386-win32-vc8-release:endpoint.obj
 0002:00000490       ??_C@_01CLKCMJKC@?5?$AA@   00424490     pjmedia-i386-win32-vc8-release:endpoint.obj
 0002:00000494       ??_C@_04DAMGJPCA@file?$AA@ 00424494     pjmedia-i386-win32-vc8-release:wav_player.obj
 0002:0000049c       ??_C@_0DH@CJCCJAOK@actual?5value?$HMexpected?5riff?$DN?$CFx?$HM?$CFx@ 0042449c     pjmedia-i386-win32-vc8-release:wav_player.obj
 0002:000004d4       ??_C@_0N@EAJPAIGO@wav_player?4c?$AA@ 004244d4     pjmedia-i386-win32-vc8-release:wav_player.obj
 0002:000004e8       ??_C@_0EO@KJDBHFL@File?5player?5?8?$CF?4?$CKs?8?5created?3?5samp@ 004244e8     pjmedia-i386-win32-vc8-release:wav_player.obj
 0002:00000538       ??_C@_0BD@LPPPNKOC@File?5port?5?$CF?4?$CKs?5EOF?$AA@ 00424538     pjmedia-i386-win32-vc8-release:wav_player.obj
 0002:0000054c       ??_C@_0BL@OHCCHMIC@File?5port?5?$CF?4?$CKs?5rewinding?4?4?$AA@ 0042454c     pjmedia-i386-win32-vc8-release:wav_player.obj
 0002:00000568       ??_C@_0DH@EDIEAILI@File?5writer?5?8?$CF?4?$CKs?8?5created?3?5samp@ 00424568     pjmedia-i386-win32-vc8-release:wav_writer.obj
 0002:000005a0       ??_C@_0N@MCLOBLAH@wav_writer?4c?$AA@ 004245a0     pjmedia-i386-win32-vc8-release:wav_writer.obj
 0002:000005b0       ??_C@_08LLMLEOE@delaybuf?$AA@ 004245b0     pjmedia-i386-win32-vc8-release:delaybuf.obj
 0002:000005bc       ??_C@_0BP@CKANIKAH@Using?5delay?5buffer?5with?5WSOLA?4?$AA@ 004245bc     pjmedia-i386-win32-vc8-release:delaybuf.obj
 0002:000005dc       ??_C@_0CA@BKBNPCON@Using?5simple?5FIFO?5delay?5buffer?4?$AA@ 004245dc     pjmedia-i386-win32-vc8-release:delaybuf.obj
 0002:000005fc       ??_C@_0BP@JJBHJNOO@?$CFd?5samples?5reduced?0?5buf_cnt?$DN?$CFd?$AA@ 004245fc     pjmedia-i386-win32-vc8-release:delaybuf.obj
 0002:0000061c       ??_C@_0DA@FPCBOFHC@Buffer?5size?5adjusted?5from?5?$CFd?5to?5@ 0042461c     pjmedia-i386-win32-vc8-release:delaybuf.obj
 0002:0000064c       ??_C@_0CD@DJOCKALK@Shrinking?5failed?5or?5insufficient@ 0042464c     pjmedia-i386-win32-vc8-release:delaybuf.obj
 0002:00000670       ??_C@_0CJ@KJHKGIAO@?$CFsDropping?5?$CFd?5eldest?5samples?0?5bu@ 00424670     pjmedia-i386-win32-vc8-release:delaybuf.obj
 0002:0000069c       ??_C@_0CN@FEOJBHHF@Underflow?0?5buf_cnt?$DN?$CFd?0?5will?5gene@ 0042469c     pjmedia-i386-win32-vc8-release:delaybuf.obj
 0002:000006cc       ??_C@_0CC@NNEAKFHB@Error?5generating?5frame?0?5status?$DN?$CF@ 004246cc     pjmedia-i386-win32-vc8-release:delaybuf.obj
 0002:000006f0       ??_C@_0BG@OCJPAJA@Delay?5buffer?5is?5reset?$AA@ 004246f0     pjmedia-i386-win32-vc8-release:delaybuf.obj
 0002:00000708       ??_C@_05BHNOFNA@large?$AA@ 00424708     pjmedia-i386-win32-vc8-release:resample_resample.obj
 0002:00000710       ??_C@_05KJDGBEEG@small?$AA@ 00424710     pjmedia-i386-win32-vc8-release:resample_resample.obj
 0002:00000718       ??_C@_04DGANLAON@high?$AA@ 00424718     pjmedia-i386-win32-vc8-release:resample_resample.obj
 0002:00000720       ??_C@_03IMLOALHE@low?$AA@  00424720     pjmedia-i386-win32-vc8-release:resample_resample.obj
 0002:00000724       ??_C@_0DK@LBFHIBFM@resample?5created?3?5?$CFs?5qualiy?0?5?$CFs?5@ 00424724     pjmedia-i386-win32-vc8-release:resample_resample.obj
 0002:00000760       ??_C@_0L@BNONNLDH@resample?4c?$AA@ 00424760     pjmedia-i386-win32-vc8-release:resample_resample.obj
 0002:0000076c       ??_C@_0N@COEOBFOD@EC?5activated?$AA@ 0042476c     pjmedia-i386-win32-vc8-release:sound_port.obj
 0002:0000077c       ??_C@_0N@GOCHBLLA@sound_port?4c?$AA@ 0042477c     pjmedia-i386-win32-vc8-release:sound_port.obj
 0002:0000078c       ??_C@_0CD@IGHBIGGN@EC?5suspended?5because?5of?5inactivi@ 0042478c     pjmedia-i386-win32-vc8-release:sound_port.obj
 0002:000007b0       ??_C@_0CB@KICGINBD@AEC?5tail?5is?5set?5to?5default?5?$CFu?5ms@ 004247b0     pjmedia-i386-win32-vc8-release:sound_port.obj
 0002:000007d4       ??_C@_0DJ@PNINHBGM@pjmedia_snd_port_set_ec?$CI?$CJ?5ignore@ 004247d4     pjmedia-i386-win32-vc8-release:sound_port.obj
 0002:00000810       ??_C@_0DB@KDEIEFDK@Echo?5canceller?5is?5now?5disabled?5i@ 00424810     pjmedia-i386-win32-vc8-release:sound_port.obj
 0002:00000848       _pjmedia_linear2ulaw_tab   00424848     pjmedia-i386-win32-vc8-release:alaw_ulaw_table.obj
 0002:00004848       _pjmedia_linear2alaw_tab   00428848     pjmedia-i386-win32-vc8-release:alaw_ulaw_table.obj
 0002:00008848       _pjmedia_ulaw2linear_tab   0042c848     pjmedia-i386-win32-vc8-release:alaw_ulaw_table.obj
 0002:00008a48       _pjmedia_alaw2linear_tab   0042ca48     pjmedia-i386-win32-vc8-release:alaw_ulaw_table.obj
 0002:00008c48       ??_C@_09GLMNEMC@codec?9mgr?$AA@ 0042cc48     pjmedia-i386-win32-vc8-release:codec.obj
 0002:00008c64       ??_C@_08MPIAKENM@RTP?1SAVP?$AA@ 0042cc64     pjmedia-i386-win32-vc8-release:sdp.obj
 0002:00008c70       ??_C@_08INHMCBAE@inactive?$AA@ 0042cc70     pjmedia-i386-win32-vc8-release:sdp.obj
 0002:00008f90       ??_C@_0CK@HBHLALIF@Unspecified?5PJMEDIA?5error?5?$CIPJMED@ 0042cf90     pjmedia-i386-win32-vc8-release:errno.obj
 0002:00008fbc       ??_C@_0CM@KFAONKNJ@Invalid?5SDP?5descriptor?5?$CIPJMEDIA_@ 0042cfbc     pjmedia-i386-win32-vc8-release:errno.obj
 0002:00008fe8       ??_C@_0CO@ONPCFICA@Invalid?5SDP?5version?5line?5?$CIPJMEDI@ 0042cfe8     pjmedia-i386-win32-vc8-release:errno.obj
 0002:00009018       ??_C@_0DA@DIKNJOEJ@Invalid?5SDP?5origin?5line?5?$CIPJMEDIA@ 0042d018     pjmedia-i386-win32-vc8-release:errno.obj
 0002:00009048       ??_C@_0CM@DLEAGODI@Invalid?5SDP?5time?5line?5?$CIPJMEDIA_S@ 0042d048     pjmedia-i386-win32-vc8-release:errno.obj
 0002:00009074       ??_C@_0DF@HNDCDPJF@SDP?5name?1subject?5line?5is?5empty?5?$CI@ 0042d074     pjmedia-i386-win32-vc8-release:errno.obj
 0002:000090ac       ??_C@_0DC@KNNPDHKA@Invalid?5SDP?5connection?5line?5?$CIPJM@ 0042d0ac     pjmedia-i386-win32-vc8-release:errno.obj
 0002:000090e0       ??_C@_0DM@NEDHCJGL@Missing?5SDP?5connection?5info?5line@ 0042d0e0     pjmedia-i386-win32-vc8-release:errno.obj
 0002:0000911c       ??_C@_0CN@JHLMEODJ@Invalid?5SDP?5attributes?5?$CIPJMEDIA_@ 0042d11c     pjmedia-i386-win32-vc8-release:errno.obj
 0002:0000914c       ??_C@_0DF@BJAALDOM@Invalid?5SDP?5rtpmap?5attribute?5?$CIPJ@ 0042d14c     pjmedia-i386-win32-vc8-release:errno.obj
 0002:00009184       ??_C@_0DL@HCOGNPAF@SDP?5rtpmap?5attribute?5too?5long?5?$CIP@ 0042d184     pjmedia-i386-win32-vc8-release:errno.obj
 0002:000091c0       ??_C@_0EJ@IDNJACOO@Missing?5SDP?5rtpmap?5for?5dynamic?5p@ 0042d1c0     pjmedia-i386-win32-vc8-release:errno.obj
 0002:0000920c       ??_C@_0CO@DIKFNJOF@Invalid?5SDP?5media?5line?5?$CIPJMEDIA_@ 0042d20c     pjmedia-i386-win32-vc8-release:errno.obj
 0002:0000923c       ??_C@_0DN@GADAENKO@No?5SDP?5payload?5format?5in?5the?5med@ 0042d23c     pjmedia-i386-win32-vc8-release:errno.obj
 0002:0000927c       ??_C@_0DL@KAILPDC@Invalid?5SDP?5payload?5type?5in?5medi@ 0042d27c     pjmedia-i386-win32-vc8-release:errno.obj
 0002:000092b8       ??_C@_0DB@BJCACDID@Invalid?5SDP?5fmtp?5attribute?5?$CIPJME@ 0042d2b8     pjmedia-i386-win32-vc8-release:errno.obj
 0002:000092ec       ??_C@_0DB@BKKJGGKM@Invalid?5SDP?5rtcp?5attribyte?5?$CIPJME@ 0042d2ec     pjmedia-i386-win32-vc8-release:errno.obj
 0002:00009320       ??_C@_0DM@JFGCNJLM@Invalid?5SDP?5media?5transport?5prot@ 0042d320     pjmedia-i386-win32-vc8-release:errno.obj
 0002:0000935c       ??_C@_0DH@PCNCDMKM@Invalid?5SDP?5bandwidth?5info?5line?5@ 0042d35c     pjmedia-i386-win32-vc8-release:errno.obj
 0002:00009398       ??_C@_0EF@CJNFLCEL@Invalid?5SDP?5negotiator?5state?5for@ 0042d398     pjmedia-i386-win32-vc8-release:errno.obj
 0002:000093e0       ??_C@_0ED@IFOJJHNO@No?5initial?5local?5SDP?5in?5SDP?5nego@ 0042d3e0     pjmedia-i386-win32-vc8-release:errno.obj
 0002:00009424       ??_C@_0DL@MFMHOMBE@No?5active?5SDP?5in?5SDP?5negotiator?5@ 0042d424     pjmedia-i386-win32-vc8-release:errno.obj
 0002:00009460       ??_C@_0DN@JGPGLEOH@No?5current?5local?1remote?5offer?1an@ 0042d460     pjmedia-i386-win32-vc8-release:errno.obj
 0002:000094a0       ??_C@_0EE@BLNHOMNC@SDP?5media?5count?5mismatch?5in?5offe@ 0042d4a0     pjmedia-i386-win32-vc8-release:errno.obj
 0002:000094e8       ??_C@_0EG@MJOIPNIH@SDP?5media?5type?5mismatch?5in?5offer@ 0042d4e8     pjmedia-i386-win32-vc8-release:errno.obj
 0002:00009530       ??_C@_0EN@OPFCIOMP@SDP?5media?5transport?5type?5mismatc@ 0042d530     pjmedia-i386-win32-vc8-release:errno.obj
 0002:00009580       ??_C@_0ED@NGHPALDD@No?5common?5SDP?5media?5payload?5in?5a@ 0042d580     pjmedia-i386-win32-vc8-release:errno.obj
 0002:000095c8       ??_C@_0ED@HELGJJGO@No?5active?5media?5stream?5after?5neg@ 0042d5c8     pjmedia-i386-win32-vc8-release:errno.obj
 0002:0000960c       ??_C@_0DP@KIMEPBPF@No?5suitable?5codec?5for?5remote?5off@ 0042d60c     pjmedia-i386-win32-vc8-release:errno.obj
 0002:00009650       ??_C@_0EM@LLMPLGCO@No?5suitable?5telephone?9event?5for?5@ 0042d650     pjmedia-i386-win32-vc8-release:errno.obj
 0002:000096a0       ??_C@_0EK@LPNBCGHG@No?5suitable?5answer?5for?5unknown?5r@ 0042d6a0     pjmedia-i386-win32-vc8-release:errno.obj
 0002:000096ec       ??_C@_0DM@JMBBJEKO@SDP?5media?5descriptor?5not?5equal?5?$CI@ 0042d6ec     pjmedia-i386-win32-vc8-release:errno.obj
 0002:00009728       ??_C@_0ED@KAALGBMF@Port?5in?5SDP?5media?5descriptor?5not@ 0042d728     pjmedia-i386-win32-vc8-release:errno.obj
 0002:00009770       ??_C@_0EJ@FJOJLJDF@Transport?5in?5SDP?5media?5descripto@ 0042d770     pjmedia-i386-win32-vc8-release:errno.obj
 0002:000097c0       ??_C@_0EH@FMIFCFBA@Format?5in?5SDP?5media?5descriptor?5n@ 0042d7c0     pjmedia-i386-win32-vc8-release:errno.obj
 0002:00009808       ??_C@_0DK@MAHAOAHF@SDP?5connection?5line?5not?5equal?5?$CIP@ 0042d808     pjmedia-i386-win32-vc8-release:errno.obj
 0002:00009844       ??_C@_0DF@HHCJAGLJ@SDP?5attributes?5not?5equal?5?$CIPJMEDI@ 0042d844     pjmedia-i386-win32-vc8-release:errno.obj
 0002:0000987c       ??_C@_0DJ@GGABIHGL@SDP?5media?5direction?5not?5equal?5?$CIP@ 0042d87c     pjmedia-i386-win32-vc8-release:errno.obj
 0002:000098b8       ??_C@_0DJ@FFGHKCEG@SDP?5fmtp?5attribute?5not?5equal?5?$CIPJ@ 0042d8b8     pjmedia-i386-win32-vc8-release:errno.obj
 0002:000098f4       ??_C@_0DN@HLKACHFN@SDP?5rtpmap?5attribute?5not?5equal?5?$CI@ 0042d8f4     pjmedia-i386-win32-vc8-release:errno.obj
 0002:00009934       ??_C@_0DN@EALGPLFN@SDP?5session?5descriptor?5not?5equal@ 0042d934     pjmedia-i386-win32-vc8-release:errno.obj
 0002:00009974       ??_C@_0DI@BLKBMMGO@SDP?5origin?5line?5not?5equal?5?$CIPJMED@ 0042d974     pjmedia-i386-win32-vc8-release:errno.obj
 0002:000099ac       ??_C@_0DM@HCOBINN@SDP?5name?1subject?5line?5not?5equal?5@ 0042d9ac     pjmedia-i386-win32-vc8-release:errno.obj
 0002:000099e8       ??_C@_0DE@PFJJJNGL@SDP?5time?5line?5not?5equal?5?$CIPJMEDIA@ 0042d9e8     pjmedia-i386-win32-vc8-release:errno.obj
 0002:00009a1c       ??_C@_0CP@ODMIIAEN@Unsupported?5media?5codec?5?$CIPJMEDIA@ 0042da1c     pjmedia-i386-win32-vc8-release:errno.obj
 0002:00009a4c       ??_C@_0DG@KJBEJCIE@Codec?5internal?5creation?5error?5?$CIP@ 0042da4c     pjmedia-i386-win32-vc8-release:errno.obj
 0002:00009a84       ??_C@_0DG@FOGENKNL@Codec?5frame?5is?5too?5short?5?$CIPJMEDI@ 0042da84     pjmedia-i386-win32-vc8-release:errno.obj
 0002:00009abc       ??_C@_0DE@OLKJHMCL@PCM?5frame?5is?5too?5short?5?$CIPJMEDIA_@ 0042dabc     pjmedia-i386-win32-vc8-release:errno.obj
 0002:00009af0       ??_C@_0DF@JDAOLAOM@Invalid?5codec?5frame?5length?5?$CIPJME@ 0042daf0     pjmedia-i386-win32-vc8-release:errno.obj
[...]
 0002:00018894       .idata$6                   0043c894     ucrt:api-ms-win-crt-stdio-l1-1-0.dll
 0002:000188b4       .idata$6                   0043c8b4     ucrt:api-ms-win-crt-convert-l1-1-0.dll
 0002:000188d6       .idata$6                   0043c8d6     ucrt:api-ms-win-crt-string-l1-1-0.dll
 0002:000188f8       .idata$6                   0043c8f8     ucrt:api-ms-win-crt-math-l1-1-0.dll
 0002:00018918       .idata$6                   0043c918     ucrt:api-ms-win-crt-heap-l1-1-0.dll
 0002:00018938       .idata$6                   0043c938     ucrt:api-ms-win-crt-runtime-l1-1-0.dll
 0002:0001895a       .idata$6                   0043c95a     ucrt:api-ms-win-crt-locale-l1-1-0.dll
 0002:00018b56       .idata$6                   0043cb56     winmm:WINMM.dll
 0003:00000000       $SG20906                   0043d000     confsample.obj
 0003:00000014       $SG20953                   0043d014     confsample.obj
 0003:00000018       $SG20954                   0043d018     confsample.obj
 0003:0000001c       $SG20955                   0043d01c     confsample.obj
 0003:00000024       $SG20956                   0043d024     confsample.obj
 0003:0000002c       $SG20957                   0043d02c     confsample.obj
 0003:00000034       $SG20958                   0043d034     confsample.obj
 0003:0000003c       $SG20959                   0043d03c     confsample.obj
 0003:00000044       $SG20960                   0043d044     confsample.obj
 0003:0000004c       $SG20961                   0043d04c     confsample.obj
 0003:00000050       $SG20962                   0043d050     confsample.obj
 0003:00000054       $SG20963                   0043d054     confsample.obj
 0003:00000060       $SG19942                   0043d060     confsample.obj
 0003:00000074       $SG20967                   0043d074     confsample.obj
 0003:00000098       $SG19943                   0043d098     confsample.obj
 0003:000000ac       $SG20971                   0043d0ac     confsample.obj
 0003:000000d0       $SG20975                   0043d0d0     confsample.obj
 0003:000000f0       $SG20979                   0043d0f0     confsample.obj
 0003:00000114       $SG20983                   0043d114     confsample.obj
 0003:0000013c       $SG20986                   0043d13c     confsample.obj
 0003:00000158       $SG21004                   0043d158     confsample.obj
 0003:00000188       _desc                      0043d188     confsample.obj
 0003:0000018c       $SG21117                   0043d18c     confsample.obj
 0003:00000190       $SG21006                   0043d190     confsample.obj
 0003:000006e4       $SG21039                   0043d6e4     confsample.obj
 0003:000006fc       $SG21115                   0043d6fc     confsample.obj
 0003:0000070c       $SG21119                   0043d70c     confsample.obj
 0003:00000730       $SG21120                   0043d730     confsample.obj
 0003:00000740       $SG21121                   0043d740     confsample.obj
 0003:00000750       $SG21123                   0043d750     confsample.obj
 0003:0000076c       $SG21124                   0043d76c     confsample.obj
 0003:0000077c       $SG21126                   0043d77c     confsample.obj
 0003:00000790       $SG21127                   0043d790     confsample.obj
 0003:000007a0       $SG21129                   0043d7a0     confsample.obj
 0003:000007c0       $SG21130                   0043d7c0     confsample.obj
 0003:000007d0       $SG21131                   0043d7d0     confsample.obj
 0003:000007e0       $SG21134                   0043d7e0     confsample.obj
 0003:000007e8       $SG21135                   0043d7e8     confsample.obj
 0003:00000804       $SG21136                   0043d804     confsample.obj
 0003:00000828       $SG21137                   0043d828     confsample.obj
 0003:0000084c       $SG21138                   0043d84c     confsample.obj
 0003:00000884       $SG21139                   0043d884     confsample.obj
 0003:000008bc       $SG21140                   0043d8bc     confsample.obj
 0003:000008ec       $SG14996                   0043d8ec     confsample.obj
 0003:000008fc       $SG21141                   0043d8fc     confsample.obj
 0003:00000908       $SG21143                   0043d908     confsample.obj
 0003:0000091c       $SG21149                   0043d91c     confsample.obj
 0003:00000944       $SG21151                   0043d944     confsample.obj
 0003:00000960       $SG21154                   0043d960     confsample.obj
 0003:00000974       $SG21156                   0043d974     confsample.obj
 0003:00000994       $SG21159                   0043d994     confsample.obj
 0003:000009a8       $SG21161                   0043d9a8     confsample.obj
 0003:000009c0       $SG21162                   0043d9c0     confsample.obj
 0003:000009d0       $SG21165                   0043d9d0     confsample.obj
 0003:000009ec       $SG21167                   0043d9ec     confsample.obj
 0003:00000a08       $SG21170                   0043da08     confsample.obj
 0003:00000a1c       $SG21172                   0043da1c     confsample.obj
 0003:00000a3c       $SG21175                   0043da3c     confsample.obj
 0003:00000a50       $SG21177                   0043da50     confsample.obj
 0003:00000a68       $SG21178                   0043da68     confsample.obj
 0003:00000a78       $SG21181                   0043da78     confsample.obj
 0003:00000a98       $SG21183                   0043da98     confsample.obj
 0003:00000aac       $SG21186                   0043daac     confsample.obj
 0003:00000ac0       $SG21188                   0043dac0     confsample.obj
 0003:00000aec       $SG21191                   0043daec     confsample.obj
 0003:00000afc       $SG21193                   0043dafc     confsample.obj
 0003:00000b14       $SG21194                   0043db14     confsample.obj
 0003:00000b24       $SG21197                   0043db24     confsample.obj
 0003:00000b44       $SG21199                   0043db44     confsample.obj
 0003:00000b58       $SG21202                   0043db58     confsample.obj
 0003:00000b6c       $SG21204                   0043db6c     confsample.obj
 0003:00000b98       $SG21207                   0043db98     confsample.obj
 0003:00000ba8       $SG21209                   0043dba8     confsample.obj
 0003:00000bc0       $SG21210                   0043dbc0     confsample.obj
 0003:00000bd0       $SG21213                   0043dbd0     confsample.obj
 0003:00000be4       $SG21215                   0043dbe4     confsample.obj
 0003:00000c04       $SG21218                   0043dc04     confsample.obj
 0003:00000c18       $SG21220                   0043dc18     confsample.obj
 0003:00000c40       $SG21222                   0043dc40     confsample.obj
 0003:00000c50       $SG21224                   0043dc50     confsample.obj
 0003:00000c74       $SG21226                   0043dc74     confsample.obj
 0003:00000c8c       $SG21229                   0043dc8c     confsample.obj
 0003:00000cac       $SG21259                   0043dcac     confsample.obj
 0003:00000cc0       $SG21260                   0043dcc0     confsample.obj
 0003:00000cc8       $SG21264                   0043dcc8     confsample.obj
 0003:00000cf4       $SG21300                   0043dcf4     confsample.obj
 0003:00000d2c       $SG21305                   0043dd2c     confsample.obj
 0003:00000d50       $SG21265                   0043dd50     confsample.obj
 0003:00000e54       $SG21302                   0043de54     confsample.obj
 0003:00000e6c       $SG21303                   0043de6c     confsample.obj
 0003:00000e84       _echo_supp_op              0043de84     pjmedia-i386-win32-vc8-release:echo_common.obj
 0003:00000ea0       _speex_aec_op              0043dea0     pjmedia-i386-win32-vc8-release:echo_common.obj
 0003:00000ec0       _crypto_suites             0043dec0     pjmedia-i386-win32-vc8-release:transport_srtp.obj
 0003:00000f20       _transport_srtp_op         0043df20     pjmedia-i386-win32-vc8-release:transport_srtp.obj
 0003:00000f50       ?liberr@?1??get_libsrtp_errstr@@9@9 0043df50     pjmedia-i386-win32-vc8-release:transport_srtp.obj
 0003:00000fbc       _thread_tls_id             0043dfbc     pjlib-i386-win32-vc8-release:os_core_win32.obj
 0003:00000fc0       _pool_sizes                0043dfc0     pjlib-i386-win32-vc8-release:pool_caching.obj
 0003:00001000       _thread_suspended_tls_id   0043e000     pjlib-i386-win32-vc8-release:log.obj
 0003:00001004       _thread_indent_tls_id      0043e004     pjlib-i386-win32-vc8-release:log.obj
 0003:00001008       _pj_log_max_level          0043e008     pjlib-i386-win32-vc8-release:log.obj
 0003:0000100c       _log_writer                0043e00c     pjlib-i386-win32-vc8-release:log.obj
 0003:00001010       _log_decor                 0043e010     pjlib-i386-win32-vc8-release:log.obj
 0003:00001014       _PJ_LOG_COLOR_0            0043e014     pjlib-i386-win32-vc8-release:log.obj
 0003:00001018       _PJ_LOG_COLOR_1            0043e018     pjlib-i386-win32-vc8-release:log.obj
 0003:0000101c       _PJ_LOG_COLOR_2            0043e01c     pjlib-i386-win32-vc8-release:log.obj
 0003:00001020       _PJ_LOG_COLOR_3            0043e020     pjlib-i386-win32-vc8-release:log.obj
 0003:00001024       _PJ_LOG_COLOR_4            0043e024     pjlib-i386-win32-vc8-release:log.obj
 0003:00001028       _PJ_LOG_COLOR_5            0043e028     pjlib-i386-win32-vc8-release:log.obj
 0003:0000102c       _PJ_LOG_COLOR_6            0043e02c     pjlib-i386-win32-vc8-release:log.obj
 0003:00001030       _PJ_LOG_COLOR_77           0043e030     pjlib-i386-win32-vc8-release:log.obj
 0003:00001034       ?ltexts@?2??pj_log@@9@9    0043e034     pjlib-i386-win32-vc8-release:log.obj
 0003:00001050       ?wdays@?3??pj_log@@9@9     0043e050     pjlib-i386-win32-vc8-release:log.obj
 0003:0000107c       _null_lock_template        0043e07c     pjlib-i386-win32-vc8-release:lock.obj
 0003:00001090       _sem_lock_template         0043e090     pjlib-i386-win32-vc8-release:lock.obj
 0003:000010a4       _mutex_lock_template       0043e0a4     pjlib-i386-win32-vc8-release:lock.obj
 0003:000010b8       _thread_local_id           0043e0b8     pjlib-i386-win32-vc8-release:except.obj
 0003:000010bc       ?hex@?1??hex2digit@@9@9    0043e0bc     pjlib-i386-win32-vc8-release:guid_win32.obj
 0003:000010d0       _id                        0043e0d0     pjlib-i386-win32-vc8-release:config.obj
 0003:000010d4       _tls                       0043e0d4     pjlib-i386-win32-vc8-release:pool_buf.obj
 0003:000010d8       ?ntryh@?1??drfti1@@9@9     0043e0d8     libspeex-i386-win32-vc8-release:smallft.obj
 0003:000010e8       ?tpi@?1??drfti1@@9@9       0043e0e8     libspeex-i386-win32-vc8-release:smallft.obj
 0003:000010ec       ?hsqt2@?1??dradf4@@9@9     0043e0ec     libspeex-i386-win32-vc8-release:smallft.obj
 0003:000010f0       ?tpi@?1??dradfg@@9@9       0043e0f0     libspeex-i386-win32-vc8-release:smallft.obj
 0003:000010f4       ?taur@?1??dradb3@@9@9      0043e0f4     libspeex-i386-win32-vc8-release:smallft.obj
 0003:000010f8       ?taui@?1??dradb3@@9@9      0043e0f8     libspeex-i386-win32-vc8-release:smallft.obj
 0003:000010fc       ?sqrt2@?1??dradb4@@9@9     0043e0fc     libspeex-i386-win32-vc8-release:smallft.obj
 0003:00001100       ?tpi@?1??dradbg@@9@9       0043e100     libspeex-i386-win32-vc8-release:smallft.obj
 0003:00001114       _srtp_event_handler        0043e114     libsrtp-i386-win32-vc8-release:srtp.obj
 0003:00001124       _dev_random_fdes           0043e124     libsrtp-i386-win32-vc8-release:rand_source.obj
 0003:00001938       _T0                        0043e938     libsrtp-i386-win32-vc8-release:aes.obj
 0003:00001d38       _T1                        0043ed38     libsrtp-i386-win32-vc8-release:aes.obj
 0003:00002138       _T2                        0043f138     libsrtp-i386-win32-vc8-release:aes.obj
 0003:00002538       _T3                        0043f538     libsrtp-i386-win32-vc8-release:aes.obj
 0003:00002938       _U0                        0043f938     libsrtp-i386-win32-vc8-release:aes.obj
 0003:00002d38       _U1                        0043fd38     libsrtp-i386-win32-vc8-release:aes.obj
 0003:00003138       _U2                        00440138     libsrtp-i386-win32-vc8-release:aes.obj
 0003:00003538       _U3                        00440538     libsrtp-i386-win32-vc8-release:aes.obj
 0003:00003938       _aes_sbox                  00440938     libsrtp-i386-win32-vc8-release:aes.obj
 0003:00003a38       _aes_inv_sbox              00440a38     libsrtp-i386-win32-vc8-release:aes.obj
 0003:00003b90       _cap_infos                 00440b90     pjmedia-audiodev-i386-win32-vc8-release:audiodev.obj
 0003:00003c00       _factory_op                00440c00     pjmedia-audiodev-i386-win32-vc8-release:wmme_dev.obj
 0003:00003c1c       _stream_op                 00440c1c     pjmedia-audiodev-i386-win32-vc8-release:wmme_dev.obj
 0003:00003c40       $SG21024                   00440c40     confsample.obj
 0003:00003c41       $SG21132                   00440c41     confsample.obj
 0003:00003c42       $SG21133                   00440c42     confsample.obj
 0003:00003c43       $SG21142                   00440c43     confsample.obj
 0003:00003c44       $SG21146                   00440c44     confsample.obj
 0003:00003c45       $SG21148                   00440c45     confsample.obj
 0003:00003c46       $SG21164                   00440c46     confsample.obj
 0003:00003c47       $SG21180                   00440c47     confsample.obj
 0003:00003c48       $SG21196                   00440c48     confsample.obj
 0003:00003c49       $SG21212                   00440c49     confsample.obj
 0003:00003c4a       $SG21266                   00440c4a     confsample.obj
 0003:00003c4b       $SG21299                   00440c4b     confsample.obj
 0003:00003c4c       $SG21306                   00440c4c     confsample.obj
 0003:00003c50       _is_initialized            00440c50     pjmedia-i386-win32-vc8-release:sdp.obj
 0003:00003c58       _cis_buf                   00440c58     pjmedia-i386-win32-vc8-release:sdp.obj
 0003:0000405c       _cs_digit                  0044105c     pjmedia-i386-win32-vc8-release:sdp.obj
 0003:00004064       _cs_token                  00441064     pjmedia-i386-win32-vc8-release:sdp.obj
 0003:0000406c       ?msg@?3??get_libsrtp_errstr@@9@9 0044106c     pjmedia-i386-win32-vc8-release:transport_srtp.obj
 0003:0000408c       _libsrtp_initialized       0044108c     pjmedia-i386-win32-vc8-release:transport_srtp.obj
 0003:00004094       ___getopt_initialized      00441094     pjlib-util-i386-win32-vc8-release:getopt.obj
 0003:00004098       _nextchar                  00441098     pjlib-util-i386-win32-vc8-release:getopt.obj
 0003:0000409c       _ordering                  0044109c     pjlib-util-i386-win32-vc8-release:getopt.obj
 0003:000040a0       _posixly_correct           004410a0     pjlib-util-i386-win32-vc8-release:getopt.obj
 0003:000040a4       _first_nonopt              004410a4     pjlib-util-i386-win32-vc8-release:getopt.obj
 0003:000040a8       _last_nonopt               004410a8     pjlib-util-i386-win32-vc8-release:getopt.obj
 0003:000040b0       _initialized               004410b0     pjlib-i386-win32-vc8-release:os_core_win32.obj
 0003:000040b4       _atexit_count              004410b4     pjlib-i386-win32-vc8-release:os_core_win32.obj
 0003:000040b8       _main_thread               004410b8     pjlib-i386-win32-vc8-release:os_core_win32.obj
 0003:000041b8       _critical_section_mutex    004411b8     pjlib-i386-win32-vc8-release:os_core_win32.obj
 0003:000041f0       _atexit_func               004411f0     pjlib-i386-win32-vc8-release:os_core_win32.obj
 0003:00004270       _err_msg_hnd_cnt           00441270     pjlib-i386-win32-vc8-release:errno.obj
 0003:00004278       _err_msg_hnd               00441278     pjlib-i386-win32-vc8-release:errno.obj
 0003:000042f0       _g_last_thread             004412f0     pjlib-i386-win32-vc8-release:log.obj
 0003:000042f8       ?buf@?1??pj_gethostname@@9@9 004412f8     pjlib-i386-win32-vc8-release:sock_bsd.obj
 0003:00004378       ?hostname@?1??pj_gethostname@@9@9 00441378     pjlib-i386-win32-vc8-release:sock_bsd.obj
 0003:00004380       _base_time                 00441380     pjlib-i386-win32-vc8-release:os_time_win32.obj
 0003:00004388       _exception_id_names        00441388     pjlib-i386-win32-vc8-release:except.obj
 0003:000043c8       ?unknown_name@?1??pj_exception_id_name@@9@9 004413c8     pjlib-i386-win32-vc8-release:except.obj
 0003:000043e8       _stack_based_factory       004413e8     pjlib-i386-win32-vc8-release:pool_buf.obj
 0003:0000440c       _is_initialized            0044140c     pjlib-i386-win32-vc8-release:pool_buf.obj
 0003:00004410       _s_hDLL                    00441410     pjlib-i386-win32-vc8-release:ip_helper_win32.obj
 0003:00004414       _s_pfnGetIpAddrTable       00441414     pjlib-i386-win32-vc8-release:ip_helper_win32.obj
 0003:00004418       _s_pfnGetAdapterAddresses  00441418     pjlib-i386-win32-vc8-release:ip_helper_win32.obj
 0003:0000441c       _s_pfnGetIpForwardTable    0044141c     pjlib-i386-win32-vc8-release:ip_helper_win32.obj
 0003:00004420       _s_pfnGetIfEntry           00441420     pjlib-i386-win32-vc8-release:ip_helper_win32.obj
 0003:00004528       _GS_ExceptionRecord        00441528     MSVCRT:gs_report.obj
 0003:00004578       _GS_ContextRecord          00441578     MSVCRT:gs_report.obj
 0003:0000484c       ?module_local_atexit_table@@3U_onexit_table_t@@A 0044184c     MSVCRT:utility.obj
 0003:00004858       ?module_local_at_quick_exit_table@@3U_onexit_table_t@@A 00441858     MSVCRT:utility.obj
 0003:00004864       ?is_initialized_as_dll@@3_NA 00441864     MSVCRT:utility.obj
 0003:00004888       _aud_subsys                00441888     pjmedia-audiodev-i386-win32-vc8-release:audiodev.obj
 0003:00004d58       ?name@?1??get_fmt_name@@9@9 00441d58     pjmedia-audiodev-i386-win32-vc8-release:wmme_dev.obj
 0003:00004d60       ?rec_cnt@?1??wmme_dev_thread@@9@9 00441d60     pjmedia-audiodev-i386-win32-vc8-release:wmme_dev.obj
 0003:00004d64       ?play_cnt@?1??wmme_dev_thread@@9@9 00441d64     pjmedia-audiodev-i386-win32-vc8-release:wmme_dev.obj
 0004:00000000       __guard_fids__             00443000     MSVCRT:exe_main.obj
 0004:00000004       __guard_fids__             00443004     MSVCRT:exe_main.obj
 0004:00000008       __guard_fids__             00443008     MSVCRT:exe_main.obj
 0004:0000000c       __guard_fids_?pre_c_initialization@@YAHXZ 0044300c     MSVCRT:exe_main.obj
 0004:00000014       __guard_fids____scrt_set_unhandled_exception_filter 00443014     MSVCRT:utility_desktop.obj
 0004:00000018       __guard_fids___except_handler4 00443018     MSVCRT:_chandler4gs_.obj
 0004:0000001c       __guard_fids__             0044301c     MSVCRT:guard_support.obj
 0005:00000000       _static_const_table        00444000     MSVCRT:_svml_dcos2_sse2_.obj
 0005:00000200       __e02PI                    00444200     MSVCRT:_svml_dtrig_.obj
 0005:000003a0       __e04PI                    004443a0     MSVCRT:_svml_dtrig_.obj
 0005:00000530       _2il0floatpacket_2         00444530     MSVCRT:_svml_dtrig_.obj
 0005:00000540       _2il0floatpacket_9         00444540     MSVCRT:_svml_dtrig_.obj
 0005:00000550       _2il0floatpacket_12        00444550     MSVCRT:_svml_dtrig_.obj
 0005:00000560       __dPI02                    00444560     MSVCRT:_svml_dtrig_.obj
 0005:00000570       __d02PI                    00444570     MSVCRT:_svml_dtrig_.obj
 0005:00000580       __DP4                      00444580     MSVCRT:_svml_dtrig_.obj
 0005:000005a0       __dPI04                    004445a0     MSVCRT:_svml_dtrig_.obj
 0005:000005b0       __d04PI                    004445b0     MSVCRT:_svml_dtrig_.obj
 0005:000005c0       __QP4                      004445c0     MSVCRT:_svml_dtrig_.obj
