 encdec

 Timestamp is 597aac6b (Fri Jul 28 11:15:55 2017)

 Preferred load address is 00400000

 Start         Length     Name                   Class
 0001:00000000 000363a4H .text$mn                CODE
 0002:00000000 0000027cH .idata$5                DATA
 0002:0000027c 00000004H .00cfg                  DATA
 0002:00000280 00000004H .CRT$XCA                DATA
 0002:00000284 00000004H .CRT$XCAA               DATA
 0002:00000288 00000004H .CRT$XCZ                DATA
 0002:0000028c 00000004H .CRT$XIA                DATA
 0002:00000290 00000004H .CRT$XIAA               DATA
 0002:00000294 00000004H .CRT$XIAC               DATA
 0002:00000298 00000004H .CRT$XIZ                DATA
 0002:0000029c 00000004H .CRT$XPA                DATA
 0002:000002a0 00000004H .CRT$XPZ                DATA
 0002:000002a4 00000004H .CRT$XTA                DATA
 0002:000002a8 00000008H .CRT$XTZ                DATA
 0002:000002b0 00011380H .rdata                  DATA
 0002:00011630 00000004H .rdata$sxdata           DATA
 0002:00011634 00000250H .rdata$zzzdbg           DATA
 0002:00011884 00000004H .rtc$IAA                DATA
 0002:00011888 00000004H .rtc$IZZ                DATA
 0002:0001188c 00000004H .rtc$TAA                DATA
 0002:00011890 00000008H .rtc$TZZ                DATA
 0002:00011898 0000003cH .xdata$x                DATA
 0002:000118d4 00000000H .edata                  DATA
 0002:000118d4 00000104H .idata$2                DATA
 0002:000119d8 00000014H .idata$3                DATA
 0002:000119ec 0000027cH .idata$4                DATA
 0002:00011c68 00000a58H .idata$6                DATA
 0003:00000000 000051e0H .data                   DATA
 0003:000051e0 000017a0H .bss                    DATA
 0004:00000000 00000020H .gfids$y                DATA
 0005:00000000 000005e0H _RDATA                  DATA

  Address         Publics by Value              Rva+Base       Lib:Object

 0000:00000000       ___guard_longjmp_count     00000000     <absolute>
 0000:00000000       ___guard_longjmp_table     00000000     <absolute>
 0000:00000000       ___guard_iat_table         00000000     <absolute>
 0000:00000000       ___guard_iat_count         00000000     <absolute>
 0000:00000000       ___guard_fids_table        00000000     <absolute>
 0000:00000000       ___guard_fids_count        00000000     <absolute>
 0000:00000000       ___dynamic_value_reloc_table 00000000     <absolute>
 0000:00000001       ___safe_se_handler_count   00000001     <absolute>
 0000:00000100       ___guard_flags             00000100     <absolute>
 0000:00000000       ___ImageBase               00400000     <linker-defined>
 0001:00000630       _main                      00401630 f   encdec.obj
 0001:00000840       ___local_stdio_printf_options 00401840 f i encdec.obj
 0001:00000850       _printf                    00401850 f i encdec.obj
 0001:00000880       _pjmedia_codec_register_audio_codecs 00401880 f   pjmedia-codec-i386-win32-vc8-release:audio_codecs.obj
 0001:00000fc0       _pjmedia_codec_l16_deinit  00401fc0 f   pjmedia-codec-i386-win32-vc8-release:l16.obj
 0001:00001060       _pjmedia_codec_l16_init    00402060 f   pjmedia-codec-i386-win32-vc8-release:l16.obj
 0001:00001790       _pjmedia_codec_gsm_deinit  00402790 f   pjmedia-codec-i386-win32-vc8-release:gsm.obj
 0001:00001810       _pjmedia_codec_gsm_init    00402810 f   pjmedia-codec-i386-win32-vc8-release:gsm.obj
 0001:000018e0       _pjmedia_codec_speex_deinit 004028e0 f   pjmedia-codec-i386-win32-vc8-release:speex_codec.obj
 0001:000023b0       _pjmedia_codec_speex_init  004033b0 f   pjmedia-codec-i386-win32-vc8-release:speex_codec.obj
 0001:000025c0       _pjmedia_codec_ilbc_deinit 004035c0 f   pjmedia-codec-i386-win32-vc8-release:ilbc.obj
 0001:00002e00       __snprintf                 00403e00 f i pjmedia-codec-i386-win32-vc8-release:ilbc.obj
 0001:00002e40       _pjmedia_codec_ilbc_init   00403e40 f   pjmedia-codec-i386-win32-vc8-release:ilbc.obj
 0001:00002ed0       _pjmedia_codec_g722_deinit 00403ed0 f   pjmedia-codec-i386-win32-vc8-release:g722.obj
 0001:00003690       _pjmedia_codec_g722_init   00404690 f   pjmedia-codec-i386-win32-vc8-release:g722.obj
 0001:00004120       _g722_enc_encode           00405120 f   pjmedia-codec-i386-win32-vc8-release:g722_enc.obj
 0001:00004980       _g722_dec_decode           00405980 f   pjmedia-codec-i386-win32-vc8-release:g722_dec.obj
 0001:00004b10       _g722_enc_init             00405b10 f   pjmedia-codec-i386-win32-vc8-release:g722_enc.obj
 0001:00004b10       _g722_dec_init             00405b10 f   pjmedia-codec-i386-win32-vc8-release:g722_dec.obj
 0001:00004ce0       _pjmedia_port_destroy      00405ce0 f   pjmedia-i386-win32-vc8-release:port.obj
 0001:00004d10       _pjmedia_port_get_frame    00405d10 f   pjmedia-i386-win32-vc8-release:port.obj
 0001:00004d50       _pjmedia_port_info_init    00405d50 f   pjmedia-i386-win32-vc8-release:port.obj
 0001:00004de0       _pjmedia_port_put_frame    00405de0 f   pjmedia-i386-win32-vc8-release:port.obj
 0001:00004e10       _pjmedia_codec_mgr_alloc_codec 00405e10 f   pjmedia-i386-win32-vc8-release:codec.obj
 0001:00004eb0       _pjmedia_codec_mgr_dealloc_codec 00405eb0 f   pjmedia-i386-win32-vc8-release:codec.obj
 0001:00004ee0       _pjmedia_codec_mgr_destroy 00405ee0 f   pjmedia-i386-win32-vc8-release:codec.obj
 0001:00004f70       _pjmedia_codec_mgr_find_codecs_by_id 00405f70 f   pjmedia-i386-win32-vc8-release:codec.obj
 0001:00005050       _pjmedia_codec_mgr_get_default_param 00406050 f   pjmedia-i386-win32-vc8-release:codec.obj
 0001:000051c0       _pjmedia_codec_mgr_init    004061c0 f   pjmedia-i386-win32-vc8-release:codec.obj
 0001:00005230       _pjmedia_codec_mgr_register_factory 00406230 f   pjmedia-i386-win32-vc8-release:codec.obj
 0001:000053f0       _pjmedia_codec_mgr_unregister_factory 004063f0 f   pjmedia-i386-win32-vc8-release:codec.obj
 0001:000055a0       _pjmedia_endpt_create      004065a0 f   pjmedia-i386-win32-vc8-release:endpoint.obj
 0001:00005780       _pjmedia_endpt_create_pool 00406780 f   pjmedia-i386-win32-vc8-release:endpoint.obj
 0001:000057a0       _pjmedia_endpt_destroy     004067a0 f   pjmedia-i386-win32-vc8-release:endpoint.obj
 0001:00005830       _pjmedia_endpt_stop_threads 00406830 f   pjmedia-i386-win32-vc8-release:endpoint.obj
 0001:00005890       _sprintf                   00406890 f i pjmedia-i386-win32-vc8-release:endpoint.obj
 0001:00005d20       _pjmedia_wav_player_port_create 00406d20 f   pjmedia-i386-win32-vc8-release:wav_player.obj
 0001:00006470       _pjmedia_wav_writer_port_create 00407470 f   pjmedia-i386-win32-vc8-release:wav_writer.obj
 0001:00006db0       _pjmedia_codec_g711_deinit 00407db0 f   pjmedia-i386-win32-vc8-release:g711.obj
 0001:00006e50       _pjmedia_codec_g711_init   00407e50 f   pjmedia-i386-win32-vc8-release:g711.obj
 0001:00006fd0       _pjmedia_plc_create        00407fd0 f   pjmedia-i386-win32-vc8-release:plc_common.obj
 0001:00007030       _pjmedia_plc_generate      00408030 f   pjmedia-i386-win32-vc8-release:plc_common.obj
 0001:00007060       _pjmedia_plc_save          00408060 f   pjmedia-i386-win32-vc8-release:plc_common.obj
 0001:00007090       _pjmedia_silence_det_apply 00408090 f   pjmedia-i386-win32-vc8-release:silencedet.obj
 0001:00007260       _pjmedia_silence_det_create 00408260 f   pjmedia-i386-win32-vc8-release:silencedet.obj
 0001:000072e0       _pjmedia_silence_det_detect 004082e0 f   pjmedia-i386-win32-vc8-release:silencedet.obj
 0001:00007340       _pjmedia_format_get_audio_format_detail 00408340 f   pjmedia-i386-win32-vc8-release:format.obj
 0001:00007360       _pjmedia_sdp_attr_create   00408360 f   pjmedia-i386-win32-vc8-release:sdp.obj
 0001:000073c0       _pjmedia_sdp_attr_find     004083c0 f   pjmedia-i386-win32-vc8-release:sdp.obj
 0001:00007440       _pjmedia_sdp_media_deactivate 00408440 f   pjmedia-i386-win32-vc8-release:sdp.obj
 0001:00007470       _pjmedia_sdp_media_find_attr 00408470 f   pjmedia-i386-win32-vc8-release:sdp.obj
 0001:000074a0       _pjmedia_strerror          004084a0 f   pjmedia-i386-win32-vc8-release:errno.obj
 0001:00008080       _pjmedia_wsola_create      00409080 f   pjmedia-i386-win32-vc8-release:wsola.obj
 0001:00008240       _pjmedia_wsola_generate    00409240 f   pjmedia-i386-win32-vc8-release:wsola.obj
 0001:00008300       _pjmedia_wsola_save        00409300 f   pjmedia-i386-win32-vc8-release:wsola.obj
 0001:00009900       _get_libsrtp_errstr        0040a900 f   pjmedia-i386-win32-vc8-release:transport_srtp.obj
 0001:00009b70       _pjmedia_transport_srtp_start 0040ab70 f   pjmedia-i386-win32-vc8-release:transport_srtp.obj
 0001:0000a210       _pjmedia_transport_srtp_stop 0040b210 f   pjmedia-i386-win32-vc8-release:transport_srtp.obj
 0001:0000a640       _pj_base64_decode          0040b640 f   pjlib-util-i386-win32-vc8-release:base64.obj
 0001:0000a840       _pj_base64_encode          0040b840 f   pjlib-util-i386-win32-vc8-release:base64.obj
 0001:0000aa80       _pj_atexit                 0040ba80 f   pjlib-i386-win32-vc8-release:os_core_win32.obj
 0001:0000aab0       _pj_atomic_dec_and_get     0040bab0 f   pjlib-i386-win32-vc8-release:os_core_win32.obj
 0001:0000ab00       _pj_atomic_destroy         0040bb00 f   pjlib-i386-win32-vc8-release:os_core_win32.obj
 0001:0000ab20       _pj_atomic_inc             0040bb20 f   pjlib-i386-win32-vc8-release:os_core_win32.obj
 0001:0000ab70       _pj_enter_critical_section 0040bb70 f   pjlib-i386-win32-vc8-release:os_core_win32.obj
 0001:0000ab80       _pj_init                   0040bb80 f   pjlib-i386-win32-vc8-release:os_core_win32.obj
 0001:0000acc0       _pj_leave_critical_section 0040bcc0 f   pjlib-i386-win32-vc8-release:os_core_win32.obj
 0001:0000ad10       _pj_mutex_create           0040bd10 f   pjlib-i386-win32-vc8-release:os_core_win32.obj
 0001:0000ad60       _pj_mutex_create_simple    0040bd60 f   pjlib-i386-win32-vc8-release:os_core_win32.obj
 0001:0000ad60       _pj_mutex_create_recursive 0040bd60 f   pjlib-i386-win32-vc8-release:os_core_win32.obj
 0001:0000adb0       _pj_mutex_destroy          0040bdb0 f   pjlib-i386-win32-vc8-release:os_core_win32.obj
 0001:0000ae10       _pj_mutex_lock             0040be10 f   pjlib-i386-win32-vc8-release:os_core_win32.obj
 0001:0000ae80       _pj_mutex_trylock          0040be80 f   pjlib-i386-win32-vc8-release:os_core_win32.obj
 0001:0000af00       _pj_mutex_unlock           0040bf00 f   pjlib-i386-win32-vc8-release:os_core_win32.obj
 0001:0000af60       _pj_sem_destroy            0040bf60 f   pjlib-i386-win32-vc8-release:os_core_win32.obj
 0001:0000aff0       _pj_sem_post               0040bff0 f   pjlib-i386-win32-vc8-release:os_core_win32.obj
 0001:0000b080       _pj_sem_trywait            0040c080 f   pjlib-i386-win32-vc8-release:os_core_win32.obj
 0001:0000b0e0       _pj_sem_wait               0040c0e0 f   pjlib-i386-win32-vc8-release:os_core_win32.obj
 0001:0000b1f0       _pj_shutdown               0040c1f0 f   pjlib-i386-win32-vc8-release:os_core_win32.obj
 0001:0000b330       _pj_term_set_color         0040c330 f   pjlib-i386-win32-vc8-release:os_core_win32.obj
 0001:0000b400       _pj_thread_check_stack     0040c400 f   pjlib-i386-win32-vc8-release:os_core_win32.obj
 0001:0000b440       _pj_thread_create          0040c440 f   pjlib-i386-win32-vc8-release:os_core_win32.obj
 0001:0000b580       _pj_thread_destroy         0040c580 f   pjlib-i386-win32-vc8-release:os_core_win32.obj
 0001:0000b610       _pj_thread_get_name        0040c610 f   pjlib-i386-win32-vc8-release:os_core_win32.obj
 0001:0000b660       _pj_thread_init            0040c660 f   pjlib-i386-win32-vc8-release:os_core_win32.obj
 0001:0000b6c0       _pj_thread_join            0040c6c0 f   pjlib-i386-win32-vc8-release:os_core_win32.obj
 0001:0000b780       _pj_thread_local_alloc     0040c780 f   pjlib-i386-win32-vc8-release:os_core_win32.obj
 0001:0000b7d0       _pj_thread_local_free      0040c7d0 f   pjlib-i386-win32-vc8-release:os_core_win32.obj
 0001:0000b820       _pj_thread_local_get       0040c820 f   pjlib-i386-win32-vc8-release:os_core_win32.obj
 0001:0000b830       _pj_thread_local_set       0040c830 f   pjlib-i386-win32-vc8-release:os_core_win32.obj
 0001:0000b870       _pj_thread_register        0040c870 f   pjlib-i386-win32-vc8-release:os_core_win32.obj
 0001:0000b930       _pj_thread_sleep           0040c930 f   pjlib-i386-win32-vc8-release:os_core_win32.obj
 0001:0000b980       _pj_thread_this            0040c980 f   pjlib-i386-win32-vc8-release:os_core_win32.obj
 0001:0000ba10       _pj_time_val_normalize     0040ca10 f   pjlib-i386-win32-vc8-release:types.obj
 0001:0000baa0       _pj_errno_clear_handlers   0040caa0 f   pjlib-i386-win32-vc8-release:errno.obj
 0001:0000bac0       _pj_register_strerror      0040cac0 f   pjlib-i386-win32-vc8-release:errno.obj
 0001:0000bba0       _pj_strerror               0040cba0 f   pjlib-i386-win32-vc8-release:errno.obj
 0001:0000bd30       _pj_log                    0040cd30 f   pjlib-i386-win32-vc8-release:log.obj
 0001:0000c230       _pj_log_1                  0040d230 f   pjlib-i386-win32-vc8-release:log.obj
 0001:0000c250       _pj_log_3                  0040d250 f   pjlib-i386-win32-vc8-release:log.obj
 0001:0000c270       _pj_log_4                  0040d270 f   pjlib-i386-win32-vc8-release:log.obj
 0001:0000c290       _pj_log_5                  0040d290 f   pjlib-i386-win32-vc8-release:log.obj
 0001:0000c2b0       _pj_log_get_color          0040d2b0 f   pjlib-i386-win32-vc8-release:log.obj
 0001:0000c320       _pj_log_get_decor          0040d320 f   pjlib-i386-win32-vc8-release:log.obj
 0001:0000c330       _pj_log_get_level          0040d330 f   pjlib-i386-win32-vc8-release:log.obj
 0001:0000c340       _pj_log_init               0040d340 f   pjlib-i386-win32-vc8-release:log.obj
 0001:0000c3b0       _pj_gettimeofday           0040d3b0 f   pjlib-i386-win32-vc8-release:os_time_win32.obj
 0001:0000c460       _pj_time_decode            0040d460 f   pjlib-i386-win32-vc8-release:os_time_win32.obj
 0001:0000c510       _pj_pool_alloc             0040d510 f   pjlib-i386-win32-vc8-release:pool.obj
 0001:0000c560       _pj_pool_allocate_find     0040d560 f   pjlib-i386-win32-vc8-release:pool.obj
 0001:0000c640       _pj_pool_calloc            0040d640 f   pjlib-i386-win32-vc8-release:pool.obj
 0001:0000c6a0       _pj_pool_create            0040d6a0 f   pjlib-i386-win32-vc8-release:pool.obj
 0001:0000c730       _pj_pool_create_int        0040d730 f   pjlib-i386-win32-vc8-release:pool.obj
 0001:0000c7e0       _pj_pool_destroy_int       0040d7e0 f   pjlib-i386-win32-vc8-release:pool.obj
 0001:0000c820       _pj_pool_get_capacity      0040d820 f   pjlib-i386-win32-vc8-release:pool.obj
 0001:0000c830       _pj_pool_get_used_size     0040d830 f   pjlib-i386-win32-vc8-release:pool.obj
 0001:0000c860       _pj_pool_getobjname        0040d860 f   pjlib-i386-win32-vc8-release:pool.obj
 0001:0000c860       _pjmedia_endpt_get_codec_mgr 0040d860 f   pjmedia-i386-win32-vc8-release:endpoint.obj
 0001:0000c870       _pj_pool_init_int          0040d870 f   pjlib-i386-win32-vc8-release:pool.obj
 0001:0000c8e0       _pj_pool_release           0040d8e0 f   pjlib-i386-win32-vc8-release:pool.obj
 0001:0000c900       _pj_pool_reset             0040d900 f   pjlib-i386-win32-vc8-release:pool.obj
 0001:0000cd10       _pj_caching_pool_destroy   0040dd10 f   pjlib-i386-win32-vc8-release:pool_caching.obj
 0001:0000cdf0       _pj_caching_pool_init      0040ddf0 f   pjlib-i386-win32-vc8-release:pool_caching.obj
 0001:0000ceb0       _pj_rand                   0040deb0 f   pjlib-i386-win32-vc8-release:rand.obj
 0001:0000cee0       _pj_htons                  0040dee0 f   pjlib-i386-win32-vc8-release:sock_bsd.obj
 0001:0000cef0       _pj_ntohl                  0040def0 f   pjlib-i386-win32-vc8-release:sock_bsd.obj
 0001:0000cf00       _pj_ntohs                  0040df00 f   pjlib-i386-win32-vc8-release:sock_bsd.obj
 0001:0000cf10       _pj_sock_accept            0040df10 f   pjlib-i386-win32-vc8-release:sock_bsd.obj
 0001:0000cf80       _pj_sock_getsockname       0040df80 f   pjlib-i386-win32-vc8-release:sock_bsd.obj
 0001:0000cfe0       _pj_sock_getsockopt        0040dfe0 f   pjlib-i386-win32-vc8-release:sock_bsd.obj
 0001:0000d050       _pj_sock_recv              0040e050 f   pjlib-i386-win32-vc8-release:sock_bsd.obj
 0001:0000d0c0       _pj_sock_recvfrom          0040e0c0 f   pjlib-i386-win32-vc8-release:sock_bsd.obj
 0001:0000d130       _pj_sock_send              0040e130 f   pjlib-i386-win32-vc8-release:sock_bsd.obj
 0001:0000d1a0       _pj_sock_sendto            0040e1a0 f   pjlib-i386-win32-vc8-release:sock_bsd.obj
 0001:0000d280       _pj_str                    0040e280 f   pjlib-i386-win32-vc8-release:string.obj
 0001:0000d2a0       _pj_strcmp                 0040e2a0 f   pjlib-i386-win32-vc8-release:string.obj
 0001:0000d300       _pj_strdup2                0040e300 f   pjlib-i386-win32-vc8-release:string.obj
 0001:0000d360       _pj_strdup_with_null       0040e360 f   pjlib-i386-win32-vc8-release:string.obj
 0001:0000d3b0       _pj_stricmp                0040e3b0 f   pjlib-i386-win32-vc8-release:string.obj
 0001:0000d420       _pj_stricmp2               0040e420 f   pjlib-i386-win32-vc8-release:string.obj
 0001:0000d480       _pj_strncpy_with_null      0040e480 f   pjlib-i386-win32-vc8-release:string.obj
 0001:0000d4c0       _pj_strnicmp2              0040e4c0 f   pjlib-i386-win32-vc8-release:string.obj
 0001:0000d520       _pj_strtoul                0040e520 f   pjlib-i386-win32-vc8-release:string.obj
 0001:0000d580       _pj_strtoul2               0040e580 f   pjlib-i386-win32-vc8-release:string.obj
 0001:0000d630       _pj_utoa                   0040e630 f   pjlib-i386-win32-vc8-release:string.obj
 0001:0000d650       _pj_utoa_pad               0040e650 f   pjlib-i386-win32-vc8-release:string.obj
 0001:0000d6f0       _pj_list_erase             0040e6f0 f   pjlib-i386-win32-vc8-release:list.obj
 0001:0000d710       _pj_list_find_node         0040e710 f   pjlib-i386-win32-vc8-release:list.obj
 0001:0000d740       _pj_list_insert_after      0040e740 f   pjlib-i386-win32-vc8-release:list.obj
 0001:0000d760       _pj_list_insert_before     0040e760 f   pjlib-i386-win32-vc8-release:list.obj
 0001:0000d780       _pj_array_erase            0040e780 f   pjlib-i386-win32-vc8-release:array.obj
 0001:0000d880       ?ioqueue_dispatch_exception_event@@YAXPAUpj_ioqueue_t@@PAUpj_ioqueue_key_t@@@Z 0040e880 f   pjlib-i386-win32-vc8-release:ioqueue_select.obj
 0001:0000d9b0       ?ioqueue_dispatch_read_event@@YAXPAUpj_ioqueue_t@@PAUpj_ioqueue_key_t@@@Z 0040e9b0 f   pjlib-i386-win32-vc8-release:ioqueue_select.obj
 0001:0000dbd0       ?ioqueue_dispatch_write_event@@YAXPAUpj_ioqueue_t@@PAUpj_ioqueue_key_t@@@Z 0040ebd0 f   pjlib-i386-win32-vc8-release:ioqueue_select.obj
 0001:0000df20       _pj_ioqueue_create         0040ef20 f   pjlib-i386-win32-vc8-release:ioqueue_select.obj
 0001:0000e0c0       _pj_ioqueue_destroy        0040f0c0 f   pjlib-i386-win32-vc8-release:ioqueue_select.obj
 0001:0000e180       _pj_ioqueue_poll           0040f180 f   pjlib-i386-win32-vc8-release:ioqueue_select.obj
 0001:0000e4b0       _pj_ioqueue_set_lock       0040f4b0 f   pjlib-i386-win32-vc8-release:ioqueue_select.obj
 0001:0000e4f0       _pj_ioqueue_unlock_key     0040f4f0 f   pjlib-i386-win32-vc8-release:ioqueue_select.obj
 0001:0000e520       _pj_file_exists            0040f520 f   pjlib-i386-win32-vc8-release:file_access_win32.obj
 0001:0000e560       _pj_file_size              0040f560 f   pjlib-i386-win32-vc8-release:file_access_win32.obj
 0001:0000e5f0       _pj_file_close             0040f5f0 f   pjlib-i386-win32-vc8-release:file_io_win32.obj
 0001:0000e630       _pj_file_getpos            0040f630 f   pjlib-i386-win32-vc8-release:file_io_win32.obj
 0001:0000e690       _pj_file_open              0040f690 f   pjlib-i386-win32-vc8-release:file_io_win32.obj
 0001:0000e7b0       _pj_file_read              0040f7b0 f   pjlib-i386-win32-vc8-release:file_io_win32.obj
 0001:0000e810       _pj_file_setpos            0040f810 f   pjlib-i386-win32-vc8-release:file_io_win32.obj
 0001:0000e880       _pj_file_write             0040f880 f   pjlib-i386-win32-vc8-release:file_io_win32.obj
 0001:0000e8e0       _pj_exception_id_alloc     0040f8e0 f   pjlib-i386-win32-vc8-release:except.obj
 0001:0000e930       _pj_exception_id_free      0040f930 f   pjlib-i386-win32-vc8-release:except.obj
 0001:0000e970       _pj_throw_exception_       0040f970 f   pjlib-i386-win32-vc8-release:except.obj
 0001:0000ec10       _pj_grp_lock_acquire       0040fc10 f   pjlib-i386-win32-vc8-release:lock.obj
 0001:0000ec20       _pj_grp_lock_add_ref       0040fc20 f   pjlib-i386-win32-vc8-release:lock.obj
 0001:0000ec40       _pj_grp_lock_dec_ref       0040fc40 f   pjlib-i386-win32-vc8-release:lock.obj
 0001:0000ec70       _pj_grp_lock_release       0040fc70 f   pjlib-i386-win32-vc8-release:lock.obj
 0001:0000ec80       _pj_lock_acquire           0040fc80 f   pjlib-i386-win32-vc8-release:lock.obj
 0001:0000eca0       _pj_lock_create_null_mutex 0040fca0 f   pjlib-i386-win32-vc8-release:lock.obj
 0001:0000ecc0       _pj_lock_create_recursive_mutex 0040fcc0 f   pjlib-i386-win32-vc8-release:lock.obj
 0001:0000ece0       _pj_lock_create_simple_mutex 0040fce0 f   pjlib-i386-win32-vc8-release:lock.obj
 0001:0000ed00       _pj_lock_destroy           0040fd00 f   pjlib-i386-win32-vc8-release:lock.obj
 0001:0000ed20       _pj_lock_release           0040fd20 f   pjlib-i386-win32-vc8-release:lock.obj
 0001:0000ed40       _pj_get_timestamp          0040fd40 f   pjlib-i386-win32-vc8-release:os_timestamp_win32.obj
 0001:0000eda0       _pj_get_timestamp_freq     0040fda0 f   pjlib-i386-win32-vc8-release:os_timestamp_win32.obj
 0001:0000ee80       _pj_generate_unique_string 0040fe80 f   pjlib-i386-win32-vc8-release:guid_win32.obj
 0001:0000eed0       _pj_get_netos_error        0040fed0 f   pjlib-i386-win32-vc8-release:os_error_win32.obj
 0001:0000eef0       _pj_get_os_error           0040fef0 f   pjlib-i386-win32-vc8-release:os_error_win32.obj
 0001:0000ef10       _platform_strerror         0040ff10 f   pjlib-i386-win32-vc8-release:os_error_win32.obj
 0001:0000eff0       _pj_log_write              0040fff0 f   pjlib-i386-win32-vc8-release:log_writer_stdout.obj
 0001:0000f050       _pj_pool_create_on_buf     00410050 f   pjlib-i386-win32-vc8-release:pool_buf.obj
 0001:0000f220       _pj_elapsed_time           00410220 f   pjlib-i386-win32-vc8-release:os_timestamp_common.obj
 0001:0000f2d0       _pj_gettickcount           004102d0 f   pjlib-i386-win32-vc8-release:os_timestamp_common.obj
 0001:0000f310       _PJ_FD_CLR                 00410310 f   pjlib-i386-win32-vc8-release:sock_select.obj
 0001:0000f390       _PJ_FD_COUNT               00410390 f   pjlib-i386-win32-vc8-release:sock_select.obj
 0001:0000f390       _rdb_get_value             00410390 f   libsrtp-i386-win32-vc8-release:rdb.obj
 0001:0000f3a0       _PJ_FD_ISSET               004103a0 f   pjlib-i386-win32-vc8-release:sock_select.obj
 0001:0000f3d0       _PJ_FD_ZERO                004103d0 f   pjlib-i386-win32-vc8-release:sock_select.obj
 0001:0000f400       _pj_sock_select            00410400 f   pjlib-i386-win32-vc8-release:sock_select.obj
 0001:0000f470       _gsm_create                00410470 f   libgsmcodec-i386-win32-vc8-release:gsm_create.obj
 0001:0000f4b0       _gsm_destroy               004104b0 f   libgsmcodec-i386-win32-vc8-release:gsm_destroy.obj
 0001:0000f4d0       _gsm_encode                004104d0 f   libgsmcodec-i386-win32-vc8-release:gsm_encode.obj
 0001:0000f920       _gsm_decode                00410920 f   libgsmcodec-i386-win32-vc8-release:gsm_decode.obj
 0001:0000ff00       _Gsm_Coder                 00410f00 f   libgsmcodec-i386-win32-vc8-release:code.obj
 0001:00010100       _Gsm_Decoder               00411100 f   libgsmcodec-i386-win32-vc8-release:decode.obj
 0001:00010850       _Gsm_Long_Term_Predictor   00411850 f   libgsmcodec-i386-win32-vc8-release:long_term.obj
 0001:00010890       _Gsm_Long_Term_Synthesis_Filtering 00411890 f   libgsmcodec-i386-win32-vc8-release:long_term.obj
 0001:000112c0       _Gsm_LPC_Analysis          004122c0 f   libgsmcodec-i386-win32-vc8-release:lpc.obj
 0001:00011c30       _Gsm_Preprocess            00412c30 f   libgsmcodec-i386-win32-vc8-release:preprocess.obj
 0001:00012470       _Gsm_Short_Term_Analysis_Filter 00413470 f   libgsmcodec-i386-win32-vc8-release:short_term.obj
 0001:00012570       _Gsm_Short_Term_Synthesis_Filter 00413570 f   libgsmcodec-i386-win32-vc8-release:short_term.obj
 0001:00012df0       _Gsm_RPE_Decoding          00413df0 f   libgsmcodec-i386-win32-vc8-release:rpe.obj
 0001:00012e50       _Gsm_RPE_Encoding          00413e50 f   libgsmcodec-i386-win32-vc8-release:rpe.obj
 0001:00013520       _gsm_add                   00414520 f   libgsmcodec-i386-win32-vc8-release:add.obj
 0001:00013550       _gsm_asl                   00414550 f   libgsmcodec-i386-win32-vc8-release:add.obj
 0001:00013590       _gsm_asr                   00414590 f   libgsmcodec-i386-win32-vc8-release:add.obj
 0001:000135d0       _gsm_div                   004145d0 f   libgsmcodec-i386-win32-vc8-release:add.obj
 0001:00013610       _gsm_mult                  00414610 f   libgsmcodec-i386-win32-vc8-release:add.obj
 0001:00013650       _gsm_norm                  00414650 f   libgsmcodec-i386-win32-vc8-release:add.obj
 0001:000136c0       _gsm_sub                   004146c0 f   libgsmcodec-i386-win32-vc8-release:add.obj
 0001:000136f0       _iLBC_encode               004146f0 f   libilbccodec-i386-win32-vc8-release:iLBC_encode.obj
 0001:000146c0       _initEncode                004156c0 f   libilbccodec-i386-win32-vc8-release:iLBC_encode.obj
 0001:000147d0       _Decode                    004157d0 f   libilbccodec-i386-win32-vc8-release:iLBC_decode.obj
 0001:00014e50       _iLBC_decode               00415e50 f   libilbccodec-i386-win32-vc8-release:iLBC_decode.obj
 0001:00015910       _initDecode                00416910 f   libilbccodec-i386-win32-vc8-release:iLBC_decode.obj
 0001:00015b00       _iLBCDecode                00416b00 f   libilbccodec-i386-win32-vc8-release:iLBC.obj
 0001:00015bc0       _iLBCEncode                00416bc0 f   libilbccodec-i386-win32-vc8-release:iLBC.obj
 0001:00015c80       _LPCencode                 00416c80 f   libilbccodec-i386-win32-vc8-release:LPCencode.obj
 0001:00015d60       _SimpleAnalysis            00416d60 f   libilbccodec-i386-win32-vc8-release:LPCencode.obj
 0001:00015e90       _SimpleInterpolateLSF      00416e90 f   libilbccodec-i386-win32-vc8-release:LPCencode.obj
 0001:00016160       _FrameClassify             00417160 f   libilbccodec-i386-win32-vc8-release:FrameClassify.obj
 0001:00016620       _AbsQuantW                 00417620 f   libilbccodec-i386-win32-vc8-release:StateSearchW.obj
 0001:000167d0       _StateSearchW              004177d0 f   libilbccodec-i386-win32-vc8-release:StateSearchW.obj
 0001:00016c50       _StateConstructW           00417c50 f   libilbccodec-i386-win32-vc8-release:StateConstructW.obj
 0001:00016f20       _dopack                    00417f20 f   libilbccodec-i386-win32-vc8-release:packing.obj
 0001:00016f90       _packcombine               00417f90 f   libilbccodec-i386-win32-vc8-release:packing.obj
 0001:00016fb0       _packsplit                 00417fb0 f   libilbccodec-i386-win32-vc8-release:packing.obj
 0001:00016fe0       _unpack                    00417fe0 f   libilbccodec-i386-win32-vc8-release:packing.obj
 0001:00017080       _iCBSearch                 00418080 f   libilbccodec-i386-win32-vc8-release:iCBSearch.obj
 0001:00018030       _iCBConstruct              00419030 f   libilbccodec-i386-win32-vc8-release:iCBConstruct.obj
 0001:000184d0       _index_conv_dec            004194d0 f   libilbccodec-i386-win32-vc8-release:iCBConstruct.obj
 0001:00018530       _index_conv_enc            00419530 f   libilbccodec-i386-win32-vc8-release:iCBConstruct.obj
 0001:00018580       _hpInput                   00419580 f   libilbccodec-i386-win32-vc8-release:hpInput.obj
 0001:00018650       _anaFilter                 00419650 f   libilbccodec-i386-win32-vc8-release:anaFilter.obj
 0001:00018920       _getbit                    00419920 f   libilbccodec-i386-win32-vc8-release:bitstream.obj
 0001:00018960       _putbit                    00419960 f   libilbccodec-i386-win32-vc8-release:bitstream.obj
 0001:000189a0       _DecoderInterpolateLSF     004199a0 f   libilbccodec-i386-win32-vc8-release:LPCdecode.obj
 0001:00018b80       _SimplelsfDEQ              00419b80 f   libilbccodec-i386-win32-vc8-release:LPCdecode.obj
 0001:00018c90       _compCorr                  00419c90 f   libilbccodec-i386-win32-vc8-release:doCPLC.obj
 0001:00018dc0       _doThePLC                  00419dc0 f   libilbccodec-i386-win32-vc8-release:doCPLC.obj
 0001:000191e0       _LSF_check                 0041a1e0 f   libilbccodec-i386-win32-vc8-release:helpfun.obj
 0001:000192d0       _SplitVQ                   0041a2d0 f   libilbccodec-i386-win32-vc8-release:helpfun.obj
 0001:000194e0       _autocorr                  0041a4e0 f   libilbccodec-i386-win32-vc8-release:helpfun.obj
 0001:000195c0       _bwexpand                  0041a5c0 f   libilbccodec-i386-win32-vc8-release:helpfun.obj
 0001:000196b0       _interpolate               0041a6b0 f   libilbccodec-i386-win32-vc8-release:helpfun.obj
 0001:000198c0       _levdurb                   0041a8c0 f   libilbccodec-i386-win32-vc8-release:helpfun.obj
 0001:00019b10       _sort_sq                   0041ab10 f   libilbccodec-i386-win32-vc8-release:helpfun.obj
 0001:00019b90       _sort_sq_ste               0041ab90 f   libilbccodec-i386-win32-vc8-release:helpfun.obj
 0001:00019c10       _window                    0041ac10 f   libilbccodec-i386-win32-vc8-release:helpfun.obj
 0001:00019db0       _NearestNeighbor           0041adb0 f   libilbccodec-i386-win32-vc8-release:enhancer.obj
 0001:00019e90       _enh_upsample              0041ae90 f   libilbccodec-i386-win32-vc8-release:enhancer.obj
 0001:0001a210       _enhancerInterface         0041b210 f   libilbccodec-i386-win32-vc8-release:enhancer.obj
 0001:0001aa80       _getsseq                   0041ba80 f   libilbccodec-i386-win32-vc8-release:enhancer.obj
 0001:0001aec0       _refiner                   0041bec0 f   libilbccodec-i386-win32-vc8-release:enhancer.obj
 0001:0001b2d0       _smath                     0041c2d0 f   libilbccodec-i386-win32-vc8-release:enhancer.obj
 0001:0001bb00       _xCorrCoef                 0041cb00 f   libilbccodec-i386-win32-vc8-release:enhancer.obj
 0001:0001bb70       _hpOutput                  0041cb70 f   libilbccodec-i386-win32-vc8-release:hpOutput.obj
 0001:0001bc40       _syntFilter                0041cc40 f   libilbccodec-i386-win32-vc8-release:syntFilter.obj
 0001:0001bef0       _a2lsf                     0041cef0 f   libilbccodec-i386-win32-vc8-release:lsf.obj
 0001:0001c200       _lsf2a                     0041d200 f   libilbccodec-i386-win32-vc8-release:lsf.obj
 0001:0001c670       _AllPoleFilter             0041d670 f   libilbccodec-i386-win32-vc8-release:filter.obj
 0001:0001c790       _AllZeroFilter             0041d790 f   libilbccodec-i386-win32-vc8-release:filter.obj
 0001:0001c880       _DownSample                0041d880 f   libilbccodec-i386-win32-vc8-release:filter.obj
 0001:0001cb80       _ZeroPoleFilter            0041db80 f   libilbccodec-i386-win32-vc8-release:filter.obj
 0001:0001cbb0       _gaindequant               0041dbb0 f   libilbccodec-i386-win32-vc8-release:gainquant.obj
 0001:0001cc30       _gainquant                 0041dc30 f   libilbccodec-i386-win32-vc8-release:gainquant.obj
 0001:0001ccf0       _createAugmentedVec        0041dcf0 f   libilbccodec-i386-win32-vc8-release:createCB.obj
 0001:0001cd90       _filteredCBvecs            0041dd90 f   libilbccodec-i386-win32-vc8-release:createCB.obj
 0001:0001cee0       _searchAugmentedCB         0041dee0 f   libilbccodec-i386-win32-vc8-release:createCB.obj
 0001:0001d210       _getCBvec                  0041e210 f   libilbccodec-i386-win32-vc8-release:getCBvec.obj
 0001:0001d6d0       _speex_mode_query          0041e6d0 f   libspeex-i386-win32-vc8-release:modes.obj
 0001:0001d6f0       _fprintf                   0041e6f0 f i libspeex-i386-win32-vc8-release:bits.obj
 0001:0001d720       _speex_bits_advance        0041e720 f   libspeex-i386-win32-vc8-release:bits.obj
 0001:0001d770       _speex_bits_destroy        0041e770 f   libspeex-i386-win32-vc8-release:bits.obj
 0001:0001d790       _speex_bits_init           0041e790 f   libspeex-i386-win32-vc8-release:bits.obj
 0001:0001d7e0       _speex_bits_insert_terminator 0041e7e0 f   libspeex-i386-win32-vc8-release:bits.obj
 0001:0001d8e0       _speex_bits_pack           0041e8e0 f   libspeex-i386-win32-vc8-release:bits.obj
 0001:0001d9f0       _speex_bits_peek           0041e9f0 f   libspeex-i386-win32-vc8-release:bits.obj
 0001:0001da30       _speex_bits_read_from      0041ea30 f   libspeex-i386-win32-vc8-release:bits.obj
 0001:0001db10       _speex_bits_remaining      0041eb10 f   libspeex-i386-win32-vc8-release:bits.obj
 0001:0001db40       _speex_bits_reset          0041eb40 f   libspeex-i386-win32-vc8-release:bits.obj
 0001:0001db70       _speex_bits_unpack_unsigned 0041eb70 f   libspeex-i386-win32-vc8-release:bits.obj
 0001:0001dbf0       _speex_bits_write          0041ebf0 f   libspeex-i386-win32-vc8-release:bits.obj
 0001:0001dc50       _nb_mode_query             0041ec50 f   libspeex-i386-win32-vc8-release:speex.obj
 0001:0001dcd0       _speex_decode_int          0041ecd0 f   libspeex-i386-win32-vc8-release:speex.obj
 0001:0001ddc0       _speex_decode_native       0041edc0 f   libspeex-i386-win32-vc8-release:speex.obj
 0001:0001dde0       _speex_decoder_ctl         0041ede0 f   libspeex-i386-win32-vc8-release:speex.obj
 0001:0001de00       _speex_decoder_destroy     0041ee00 f   libspeex-i386-win32-vc8-release:speex.obj
 0001:0001de20       _speex_decoder_init        0041ee20 f   libspeex-i386-win32-vc8-release:speex.obj
 0001:0001de30       _speex_encode_int          0041ee30 f   libspeex-i386-win32-vc8-release:speex.obj
 0001:0001deb0       _speex_encode_native       0041eeb0 f   libspeex-i386-win32-vc8-release:speex.obj
 0001:0001ded0       _speex_encoder_ctl         0041eed0 f   libspeex-i386-win32-vc8-release:speex.obj
 0001:0001def0       _speex_encoder_destroy     0041eef0 f   libspeex-i386-win32-vc8-release:speex.obj
 0001:0001df10       _speex_encoder_init        0041ef10 f   libspeex-i386-win32-vc8-release:speex.obj
 0001:0001df20       _wb_mode_query             0041ef20 f   libspeex-i386-win32-vc8-release:modes_wb.obj
 0001:0001dfa0       _speex_lib_get_mode        0041efa0 f   libspeex-i386-win32-vc8-release:modes_wb.obj
 0001:0001dff0       _nb_decode                 0041eff0 f   libspeex-i386-win32-vc8-release:nb_celp.obj
 0001:0001f000       _nb_decoder_ctl            00420000 f   libspeex-i386-win32-vc8-release:nb_celp.obj
 0001:0001f420       _nb_decoder_destroy        00420420 f   libspeex-i386-win32-vc8-release:nb_celp.obj
 0001:0001f460       _nb_decoder_init           00420460 f   libspeex-i386-win32-vc8-release:nb_celp.obj
 0001:0001f600       _nb_encode                 00420600 f   libspeex-i386-win32-vc8-release:nb_celp.obj
 0001:000209d0       _nb_encoder_ctl            004219d0 f   libspeex-i386-win32-vc8-release:nb_celp.obj
 0001:00021080       _nb_encoder_destroy        00422080 f   libspeex-i386-win32-vc8-release:nb_celp.obj
 0001:00021110       _nb_encoder_init           00422110 f   libspeex-i386-win32-vc8-release:nb_celp.obj
 0001:000213a0       _forced_pitch_quant        004223a0 f   libspeex-i386-win32-vc8-release:ltp.obj
 0001:00021750       _forced_pitch_unquant      00422750 f   libspeex-i386-win32-vc8-release:ltp.obj
 0001:00021890       _inner_prod                00422890 f   libspeex-i386-win32-vc8-release:ltp.obj
 0001:00021910       _open_loop_nbest_pitch     00422910 f   libspeex-i386-win32-vc8-release:ltp.obj
 0001:00022bf0       _pitch_search_3tap         00423bf0 f   libspeex-i386-win32-vc8-release:ltp.obj
 0001:00022e50       _pitch_unquant_3tap        00423e50 f   libspeex-i386-win32-vc8-release:ltp.obj
 0001:00023470       _lsp_quant_high            00424470 f   libspeex-i386-win32-vc8-release:quant_lsp.obj
 0001:00023a70       _lsp_quant_lbr             00424a70 f   libspeex-i386-win32-vc8-release:quant_lsp.obj
 0001:000241d0       _lsp_quant_nb              004251d0 f   libspeex-i386-win32-vc8-release:quant_lsp.obj
 0001:00024b90       _lsp_unquant_high          00425b90 f   libspeex-i386-win32-vc8-release:quant_lsp.obj
 0001:00024eb0       _lsp_unquant_lbr           00425eb0 f   libspeex-i386-win32-vc8-release:quant_lsp.obj
 0001:000252f0       _lsp_unquant_nb            004262f0 f   libspeex-i386-win32-vc8-release:quant_lsp.obj
 0001:00025c20       _noise_codebook_quant      00426c20 f   libspeex-i386-win32-vc8-release:cb_search.obj
 0001:00025db0       _noise_codebook_unquant    00426db0 f   libspeex-i386-win32-vc8-release:cb_search.obj
 0001:00025e30       _split_cb_search_shape_sign 00426e30 f   libspeex-i386-win32-vc8-release:cb_search.obj
 0001:00027620       _split_cb_shape_sign_unquant 00428620 f   libspeex-i386-win32-vc8-release:cb_search.obj
 0001:00027900       _sb_decode                 00428900 f   libspeex-i386-win32-vc8-release:sb_celp.obj
 0001:000280b0       _sb_decoder_ctl            004290b0 f   libspeex-i386-win32-vc8-release:sb_celp.obj
 0001:000285f0       _sb_decoder_destroy        004295f0 f   libspeex-i386-win32-vc8-release:sb_celp.obj
 0001:00028650       _sb_decoder_init           00429650 f   libspeex-i386-win32-vc8-release:sb_celp.obj
 0001:000287a0       _sb_encode                 004297a0 f   libspeex-i386-win32-vc8-release:sb_celp.obj
 0001:000294c0       _sb_encoder_ctl            0042a4c0 f   libspeex-i386-win32-vc8-release:sb_celp.obj
 0001:00029db0       _sb_encoder_destroy        0042adb0 f   libspeex-i386-win32-vc8-release:sb_celp.obj
 0001:00029e30       _sb_encoder_init           0042ae30 f   libspeex-i386-win32-vc8-release:sb_celp.obj
 0001:0002a070       _vbr_analysis              0042b070 f   libspeex-i386-win32-vc8-release:vbr.obj
 0001:0002a860       @_guard_check_icall_nop@4  0042b860 f   MSVCRT:guard_support.obj
 0001:0002a860       _vbr_destroy               0042b860 f   libspeex-i386-win32-vc8-release:vbr.obj
 0001:0002a860       __initialize_denormal_control 0042b860 f   MSVCRT:denormal_control.obj
 0001:0002a860       _pjmedia_wave_hdr_host_to_file 0042b860 f   pjmedia-i386-win32-vc8-release:wave.obj
 0001:0002a860       __initialize_invalid_parameter_handler 0042b860 f   MSVCRT:invalid_parameter_handler.obj
 0001:0002a860       _pjmedia_wave_hdr_file_to_host 0042b860 f   pjmedia-i386-win32-vc8-release:wave.obj
 0001:0002a870       _vbr_init                  0042b870 f   libspeex-i386-win32-vc8-release:vbr.obj
 0001:0002a920       _speex_default_user_handler 0042b920 f   libspeex-i386-win32-vc8-release:speex_callbacks.obj
 0001:0002a950       _speex_inband_handler      0042b950 f   libspeex-i386-win32-vc8-release:speex_callbacks.obj
 0001:0002aa10       _bw_lpc                    0042ba10 f   libspeex-i386-win32-vc8-release:filters.obj
 0001:0002aad0       _compute_impulse_response  0042bad0 f   libspeex-i386-win32-vc8-release:filters.obj
 0001:0002aec0       _compute_rms16             0042bec0 f   libspeex-i386-win32-vc8-release:filters.obj
 0001:0002aec0       _compute_rms               0042bec0 f   libspeex-i386-win32-vc8-release:filters.obj
 0001:0002af80       _filter_mem16              0042bf80 f   libspeex-i386-win32-vc8-release:filters.obj
 0001:0002b130       _fir_mem16                 0042c130 f   libspeex-i386-win32-vc8-release:filters.obj
 0001:0002b2f0       _highpass                  0042c2f0 f   libspeex-i386-win32-vc8-release:filters.obj
 0001:0002b420       _iir_mem16                 0042c420 f   libspeex-i386-win32-vc8-release:filters.obj
 0001:0002b5f0       _interp_pitch              0042c5f0 f   libspeex-i386-win32-vc8-release:filters.obj
 0001:0002b920       _multicomb                 0042c920 f   libspeex-i386-win32-vc8-release:filters.obj
 0001:0002bdc0       _qmf_decomp                0042cdc0 f   libspeex-i386-win32-vc8-release:filters.obj
 0001:0002c0b0       _qmf_synth                 0042d0b0 f   libspeex-i386-win32-vc8-release:filters.obj
 0001:0002c550       _residue_percep_zero16     0042d550 f   libspeex-i386-win32-vc8-release:filters.obj
 0001:0002c5f0       _sanitize_values32         0042d5f0 f   libspeex-i386-win32-vc8-release:filters.obj
 0001:0002c650       _signal_div                0042d650 f   libspeex-i386-win32-vc8-release:filters.obj
 0001:0002c790       _signal_mul                0042d790 f   libspeex-i386-win32-vc8-release:filters.obj
 0001:0002c8d0       _syn_percep_zero16         0042d8d0 f   libspeex-i386-win32-vc8-release:filters.obj
 0001:0002c970       __spx_autocorr             0042d970 f   libspeex-i386-win32-vc8-release:lpc.obj
 0001:0002ca70       __spx_lpc                  0042da70 f   libspeex-i386-win32-vc8-release:lpc.obj
 0001:0002cc30       _lpc_to_lsp                0042dc30 f   libspeex-i386-win32-vc8-release:lsp.obj
 0001:0002d370       _lsp_enforce_margin        0042e370 f   libspeex-i386-win32-vc8-release:lsp.obj
 0001:0002d410       _lsp_interpolate           0042e410 f   libspeex-i386-win32-vc8-release:lsp.obj
 0001:0002d640       _lsp_to_lpc                0042e640 f   libspeex-i386-win32-vc8-release:lsp.obj
 0001:0002d850       _scal_quant                0042e850 f   libspeex-i386-win32-vc8-release:vq.obj
 0001:0002d8c0       _vq_nbest                  0042e8c0 f   libspeex-i386-win32-vc8-release:vq.obj
 0001:0002da10       _vq_nbest_sign             0042ea10 f   libspeex-i386-win32-vc8-release:vq.obj
 0001:0002dba0       _crypto_get_random         0042eba0 f   libsrtp-i386-win32-vc8-release:crypto_kernel.obj
 0001:0002dbc0       _crypto_kernel_alloc_auth  0042ebc0 f   libsrtp-i386-win32-vc8-release:crypto_kernel.obj
 0001:0002dc10       _crypto_kernel_alloc_cipher 0042ec10 f   libsrtp-i386-win32-vc8-release:crypto_kernel.obj
 0001:0002dc90       _srtp_add_stream           0042ec90 f   libsrtp-i386-win32-vc8-release:srtp.obj
 0001:0002dd60       _srtp_create               0042ed60 f   libsrtp-i386-win32-vc8-release:srtp.obj
 0001:0002dde0       _srtp_dealloc              0042ede0 f   libsrtp-i386-win32-vc8-release:srtp.obj
 0001:0002df40       _srtp_event_reporter       0042ef40 f   libsrtp-i386-win32-vc8-release:srtp.obj
 0001:0002dfd0       _srtp_protect              0042efd0 f   libsrtp-i386-win32-vc8-release:srtp.obj
 0001:0002e410       _srtp_protect_rtcp         0042f410 f   libsrtp-i386-win32-vc8-release:srtp.obj
 0001:0002e710       _srtp_stream_alloc         0042f710 f   libsrtp-i386-win32-vc8-release:srtp.obj
 0001:0002e880       _srtp_stream_clone         0042f880 f   libsrtp-i386-win32-vc8-release:srtp.obj
 0001:0002e930       _srtp_stream_init          0042f930 f   libsrtp-i386-win32-vc8-release:srtp.obj
 0001:0002e9b0       _srtp_stream_init_keys     0042f9b0 f   libsrtp-i386-win32-vc8-release:srtp.obj
 0001:0002ee40       _srtp_unprotect            0042fe40 f   libsrtp-i386-win32-vc8-release:srtp.obj
 0001:0002f540       _srtp_unprotect_rtcp       00430540 f   libsrtp-i386-win32-vc8-release:srtp.obj
 0001:0002f8b0       _crypto_alloc              004308b0 f   libsrtp-i386-win32-vc8-release:alloc.obj
 0001:0002f910       _crypto_free               00430910 f   libsrtp-i386-win32-vc8-release:alloc.obj
 0001:0002f940       _err_report                00430940 f   libsrtp-i386-win32-vc8-release:srtp_err.obj
 0001:0002f970       _auth_get_tag_length       00430970 f   libsrtp-i386-win32-vc8-release:auth.obj
 0001:0002f970       _cipher_get_key_length     00430970 f   libsrtp-i386-win32-vc8-release:cipher.obj
 0001:0002f980       _cipher_output             00430980 f   libsrtp-i386-win32-vc8-release:cipher.obj
 0001:0002f9b0       _ctr_prng_get_octet_string 004309b0 f   libsrtp-i386-win32-vc8-release:ctr_prng.obj
 0001:0002fa40       _auth_get_key_length       00430a40 f   libsrtp-i386-win32-vc8-release:auth.obj
 0001:0002fa50       _auth_get_prefix_length    00430a50 f   libsrtp-i386-win32-vc8-release:auth.obj
 0001:0002fa60       _null_cipher_init          00430a60 f   libsrtp-i386-win32-vc8-release:null_cipher.obj
 0001:0002fa90       _null_cipher_alloc         00430a90 f   libsrtp-i386-win32-vc8-release:null_cipher.obj
 0001:0002faf0       _null_cipher_dealloc       00430af0 f   libsrtp-i386-win32-vc8-release:null_cipher.obj
 0001:0002fb20       _aes_icm_context_init      00430b20 f   libsrtp-i386-win32-vc8-release:aes_icm.obj
 0001:0002fbf0       _aes_icm_set_iv            00430bf0 f   libsrtp-i386-win32-vc8-release:aes_icm.obj
 0001:0002fc80       _aes_icm_encrypt           00430c80 f   libsrtp-i386-win32-vc8-release:aes_icm.obj
 0001:0002fca0       _aes_icm_dealloc           00430ca0 f   libsrtp-i386-win32-vc8-release:aes_icm.obj
 0001:0002fcd0       _aes_icm_alloc             00430cd0 f   libsrtp-i386-win32-vc8-release:aes_icm.obj
 0001:0002fdf0       _aes_icm_encrypt_ismacryp  00430df0 f   libsrtp-i386-win32-vc8-release:aes_icm.obj
 0001:0002ffd0       _aes_icm_output            00430fd0 f   libsrtp-i386-win32-vc8-release:aes_icm.obj
 0001:00030000       _aes_cbc_context_init      00431000 f   libsrtp-i386-win32-vc8-release:aes_cbc.obj
 0001:000300b0       _aes_cbc_set_iv            004310b0 f   libsrtp-i386-win32-vc8-release:aes_cbc.obj
 0001:00030100       _aes_cbc_nist_encrypt      00431100 f   libsrtp-i386-win32-vc8-release:aes_cbc.obj
 0001:00030240       _aes_cbc_nist_decrypt      00431240 f   libsrtp-i386-win32-vc8-release:aes_cbc.obj
 0001:00030290       _aes_cbc_alloc             00431290 f   libsrtp-i386-win32-vc8-release:aes_cbc.obj
 0001:00030300       _aes_cbc_dealloc           00431300 f   libsrtp-i386-win32-vc8-release:aes_cbc.obj
 0001:00030330       _aes_cbc_decrypt           00431330 f   libsrtp-i386-win32-vc8-release:aes_cbc.obj
 0001:000304b0       _lpc_alloc                 004314b0 f   libsrtp-i386-win32-vc8-release:lpc_algo.obj
 0001:00030500       _lpc_dealloc               00431500 f   libsrtp-i386-win32-vc8-release:lpc_algo.obj
 0001:00030530       _lpc_context_init          00431530 f   libsrtp-i386-win32-vc8-release:lpc_algo.obj
 0001:000305a0       _lpc_set_iv                004315a0 f   libsrtp-i386-win32-vc8-release:lpc_algo.obj
 0001:000305e0       _null_auth_alloc           004315e0 f   libsrtp-i386-win32-vc8-release:null_auth.obj
 0001:00030670       _null_auth_dealloc         00431670 f   libsrtp-i386-win32-vc8-release:null_auth.obj
 0001:000306a0       _hmac_alloc                004316a0 f   libsrtp-i386-win32-vc8-release:hmac.obj
 0001:00030750       _hmac_dealloc              00431750 f   libsrtp-i386-win32-vc8-release:hmac.obj
 0001:00030780       _hmac_init                 00431780 f   libsrtp-i386-win32-vc8-release:hmac.obj
 0001:000309f0       _hmac_start                004319f0 f   libsrtp-i386-win32-vc8-release:hmac.obj
 0001:00030a10       _hmac_update               00431a10 f   libsrtp-i386-win32-vc8-release:hmac.obj
 0001:00030a60       _hmac_compute              00431a60 f   libsrtp-i386-win32-vc8-release:hmac.obj
 0001:00030b90       _octet_string_hex_string   00431b90 f   libsrtp-i386-win32-vc8-release:datatypes.obj
 0001:00030c30       _octet_string_is_eq        00431c30 f   libsrtp-i386-win32-vc8-release:datatypes.obj
 0001:00030c70       _octet_string_set_to_zero  00431c70 f   libsrtp-i386-win32-vc8-release:datatypes.obj
 0001:00030c90       _v128_copy_octet_string    00431c90 f   libsrtp-i386-win32-vc8-release:datatypes.obj
 0001:00030d10       _v128_hex_string           00431d10 f   libsrtp-i386-win32-vc8-release:datatypes.obj
 0001:00030da0       _v128_left_shift           00431da0 f   libsrtp-i386-win32-vc8-release:datatypes.obj
 0001:00030e80       _index_guess               00431e80 f   libsrtp-i386-win32-vc8-release:rdbx.obj
 0001:00030f10       _rdbx_add_index            00431f10 f   libsrtp-i386-win32-vc8-release:rdbx.obj
 0001:00030f60       _rdbx_check                00431f60 f   libsrtp-i386-win32-vc8-release:rdbx.obj
 0001:00030fa0       _rdbx_estimate_index       00431fa0 f   libsrtp-i386-win32-vc8-release:rdbx.obj
 0001:00030fe0       _rdbx_init                 00431fe0 f   libsrtp-i386-win32-vc8-release:rdbx.obj
 0001:00031020       _key_limit_clone           00432020 f   libsrtp-i386-win32-vc8-release:key.obj
 0001:00031040       _key_limit_set             00432040 f   libsrtp-i386-win32-vc8-release:key.obj
 0001:00031080       _key_limit_update          00432080 f   libsrtp-i386-win32-vc8-release:key.obj
 0001:000310d0       _rdb_add_index             004320d0 f   libsrtp-i386-win32-vc8-release:rdb.obj
 0001:00031120       _rdb_check                 00432120 f   libsrtp-i386-win32-vc8-release:rdb.obj
 0001:00031170       _rdb_increment             00432170 f   libsrtp-i386-win32-vc8-release:rdb.obj
 0001:00031190       _rdb_init                  00432190 f   libsrtp-i386-win32-vc8-release:rdb.obj
 0001:000311c0       _aes_decrypt               004321c0 f   libsrtp-i386-win32-vc8-release:aes.obj
 0001:00031260       _aes_encrypt               00432260 f   libsrtp-i386-win32-vc8-release:aes.obj
 0001:00031300       _aes_expand_decryption_key 00432300 f   libsrtp-i386-win32-vc8-release:aes.obj
 0001:000314e0       _aes_expand_encryption_key 004324e0 f   libsrtp-i386-win32-vc8-release:aes.obj
 0001:00031cc0       _sha1_core                 00432cc0 f   libsrtp-i386-win32-vc8-release:sha1.obj
 0001:000321d0       _sha1_final                004331d0 f   libsrtp-i386-win32-vc8-release:sha1.obj
 0001:000327e0       _sha1_init                 004337e0 f   libsrtp-i386-win32-vc8-release:sha1.obj
 0001:00032820       _sha1_update               00433820 f   libsrtp-i386-win32-vc8-release:sha1.obj
 0001:000328f0       ___WSAFDIsSet@8            004338f0 f   ws2_32:WS2_32.dll
 0001:000328f6       @__security_check_cookie@4 004338f6 f   MSVCRT:_secchk_.obj
 0001:00032b34       _mainCRTStartup            00433b34 f   MSVCRT:exe_main.obj
 0001:00032b40       __aulldiv                  00433b40 f   MSVCRT:ulldiv.obj
 0001:00032bb0       __alldiv                   00433bb0 f   MSVCRT:lldiv.obj
 0001:00032c60       ___vdecl_cos2              00433c60 f   MSVCRT:_svml_dcos2_dispatch_.obj
 0001:00032c65       ___raise_securityfailure   00433c65 f   MSVCRT:gs_report.obj
 0001:00032c8d       ___report_gsfailure        00433c8d f   MSVCRT:gs_report.obj
 0001:00032d88       ___report_rangecheckfailure 00433d88 f   MSVCRT:gs_report.obj
 0001:00032d94       ___report_securityfailure  00433d94 f   MSVCRT:gs_report.obj
 0001:00032e70       __allmul                   00433e70 f   MSVCRT:llmul.obj
 0001:00032eb0       __allshl                   00433eb0 f   MSVCRT:llshl.obj
 0001:00032ed0       __ftoui3                   00433ed0 f   MSVCRT:_ftol3_.obj
 0001:00032edf       __ftoul3                   00433edf f   MSVCRT:_ftol3_.obj
 0001:00032eee       __ftol3                    00433eee f   MSVCRT:_ftol3_.obj
 0001:00032efb       __ftol3_NaN                00433efb f   MSVCRT:_ftol3_.obj
 0001:00032f13       __ftol3_work               00433f13 f   MSVCRT:_ftol3_.obj
 0001:00032f99       __ftol3_common             00433f99 f   MSVCRT:_ftol3_.obj
 0001:0003305b       __ftol3_arg_error          0043405b f   MSVCRT:_ftol3_.obj
 0001:0003306d       __ftol3_except             0043406d f   MSVCRT:_ftol3_.obj
 0001:000330b1       __dtoui3                   004340b1 f   MSVCRT:_ftol3_.obj
 0001:000330c0       __dtoul3                   004340c0 f   MSVCRT:_ftol3_.obj
 0001:000330cf       __dtol3                    004340cf f   MSVCRT:_ftol3_.obj
 0001:000330dc       __dtol3_NaN                004340dc f   MSVCRT:_ftol3_.obj
 0001:000330f9       __dtol3_work               004340f9 f   MSVCRT:_ftol3_.obj
 0001:000331e0       __ultod3                   004341e0 f   MSVCRT:_ftol3_.obj
 0001:00033220       __ltod3                    00434220 f   MSVCRT:_ftol3_.obj
 0001:00033250       __chkstk                   00434250 f   MSVCRT:chkstk.obj
 0001:00033250       __alloca_probe             00434250 f   MSVCRT:chkstk.obj
 0001:00033280       __ftol2_sse                00434280 f   MSVCRT:_ftol2_.obj
 0001:00033289       __ftol2_pentium4           00434289 f   MSVCRT:_ftol2_.obj
 0001:0003329c       __ftol2_sse_excpt          0043429c f   MSVCRT:_ftol2_.obj
 0001:000332c0       __ftol2                    004342c0 f   MSVCRT:_ftol2_.obj
 0001:00033340       __alloca_probe_16          00434340 f   MSVCRT:alloca16.obj
 0001:00033356       __alloca_probe_8           00434356     MSVCRT:alloca16.obj
 0001:0003336c       ___isa_available_init      0043436c f   MSVCRT:_cpu_disp_.obj
 0001:0003354a       ___scrt_acquire_startup_lock 0043454a f   MSVCRT:utility.obj
 0001:0003357f       ___scrt_initialize_crt     0043457f f   MSVCRT:utility.obj
 0001:000335b8       ___scrt_initialize_onexit_tables 004345b8 f   MSVCRT:utility.obj
 0001:0003364f       ___scrt_is_nonwritable_in_current_image 0043464f f   MSVCRT:utility.obj
 0001:000336d9       ___scrt_release_startup_lock 004346d9 f   MSVCRT:utility.obj
 0001:000336f6       ___scrt_uninitialize_crt   004346f6 f   MSVCRT:utility.obj
 0001:0003371e       __onexit                   0043471e f   MSVCRT:utility.obj
 0001:00033759       _atexit                    00434759 f   MSVCRT:utility.obj
 0001:0003376e       ___security_init_cookie    0043476e f   MSVCRT:gs_support.obj
 0001:0003380a       __get_startup_argv_mode    0043480a f   MSVCRT:argv_mode.obj
 0001:00033810       __get_startup_new_mode     00434810 f   MSVCRT:new_mode.obj
 0001:00033810       _null_auth_init            00434810 f   libsrtp-i386-win32-vc8-release:null_auth.obj
 0001:00033810       __get_startup_thread_locale_mode 00434810 f   MSVCRT:thread_locale.obj
 0001:00033810       _null_cipher_encrypt       00434810 f   libsrtp-i386-win32-vc8-release:null_cipher.obj
 0001:00033810       __matherr                  00434810 f   MSVCRT:matherr.obj
 0001:00033810       __get_startup_commit_mode  00434810 f   MSVCRT:commit_mode.obj
 0001:00033810       _null_auth_compute         00434810 f   libsrtp-i386-win32-vc8-release:null_auth.obj
 0001:00033810       _null_auth_update          00434810 f   libsrtp-i386-win32-vc8-release:null_auth.obj
 0001:00033810       ___scrt_initialize_winrt   00434810 f   MSVCRT:utility_desktop.obj
 0001:00033810       _lpc_encrypt               00434810 f   libsrtp-i386-win32-vc8-release:lpc_algo.obj
 0001:00033810       _null_cipher_set_iv        00434810 f   libsrtp-i386-win32-vc8-release:null_cipher.obj
 0001:00033810       _null_auth_start           00434810 f   libsrtp-i386-win32-vc8-release:null_auth.obj
 0001:00033813       __get_startup_file_mode    00434813 f   MSVCRT:file_mode.obj
 0001:00033819       ?__scrt_initialize_type_info@@YAXXZ 00434819 f   MSVCRT:tncleanup.obj
 0001:00033825       __should_initialize_environment 00434825 f   MSVCRT:env_mode.obj
 0001:00033825       ___vcrt_uninitialize       00434825 f   MSVCRT:ucrt_stubs.obj
 0001:00033825       ___acrt_initialize         00434825 f   MSVCRT:ucrt_stubs.obj
 0001:00033825       ___acrt_uninitialize       00434825 f   MSVCRT:ucrt_stubs.obj
 0001:00033825       ___vcrt_initialize         00434825 f   MSVCRT:ucrt_stubs.obj
 0001:00033825       ___scrt_stub_for_acrt_initialize 00434825 f   MSVCRT:ucrt_stubs.obj
 0001:00033825       ___scrt_stub_for_acrt_uninitialize 00434825 f   MSVCRT:ucrt_stubs.obj
 0001:00033828       __initialize_default_precision 00434828 f   MSVCRT:default_precision.obj
 0001:00033849       ___local_stdio_scanf_options 00434849 f i MSVCRT:default_local_stdio_options.obj
 0001:0003384f       ___scrt_initialize_default_local_stdio_options 0043484f f   MSVCRT:default_local_stdio_options.obj
 0001:0003386c       ___scrt_is_user_matherr_present 0043486c f   MSVCRT:matherr_detection.obj
 0001:00033878       ___scrt_get_dyn_tls_init_callback 00434878 f   MSVCRT:dyn_tls_init.obj
 0001:0003387e       ___scrt_get_dyn_tls_dtor_callback 0043487e f   MSVCRT:dyn_tls_dtor.obj
 0001:00033884       ___scrt_fastfail           00434884 f   MSVCRT:utility_desktop.obj
 0001:0003399f       ___scrt_is_managed_app     0043499f f   MSVCRT:utility_desktop.obj
 0001:000339e3       ___scrt_set_unhandled_exception_filter 004349e3 f   MSVCRT:utility_desktop.obj
 0001:000339ef       ___scrt_unhandled_exception_filter@4 004349ef f   MSVCRT:utility_desktop.obj
 0001:00033a30       __RTC_Initialize           00434a30 f   MSVCRT:_initsect_.obj
 0001:00033a5b       __RTC_Terminate            00434a5b f   MSVCRT:_initsect_.obj
 0001:00033a86       @_guard_check_icall@4      00434a86 f i MSVCRT:checkcfg.obj
 0001:00033a90       __SEH_prolog4              00434a90 f   MSVCRT:_sehprolg4_.obj
 0001:00033ad6       __SEH_epilog4              00434ad6 f   MSVCRT:_sehprolg4_.obj
 0001:00033aeb       __except_handler4          00434aeb f   MSVCRT:_chandler4gs_.obj
 0001:00033b10       ___sse2_cos2               00434b10 f   MSVCRT:_svml_dcos2_sse2_.obj
 0001:00033cb0       ___scrt_is_ucrt_dll_in_use 00434cb0 f   MSVCRT:ucrt_detection.obj
 0001:00033cc0       ___common_sin_reduction_LA 00434cc0 f   MSVCRT:_svml_dtrig_.obj
 0001:00034010       ___common_cos_reduction_LA 00435010 f   MSVCRT:_svml_dtrig_.obj
 0001:00034300       ___common_pi04_reduction_LA 00435300 f   MSVCRT:_svml_dtrig_.obj
 0001:00034610       _IsProcessorFeaturePresent@4 00435610 f   kernel32:KERNEL32.dll
 0001:00034616       _memset                    00435616 f   vcruntime:VCRUNTIME140.dll
 0001:0003461c       _memmove                   0043561c f   vcruntime:VCRUNTIME140.dll
 0001:00034622       _memcpy                    00435622 f   vcruntime:VCRUNTIME140.dll
 0001:00034628       _strchr                    00435628 f   vcruntime:VCRUNTIME140.dll
 0001:0003462e       _longjmp                   0043562e f   vcruntime:VCRUNTIME140.dll
 0001:00034634       __except_handler4_common   00435634 f   vcruntime:VCRUNTIME140.dll
 0001:0003463a       ___acrt_iob_func           0043563a f   ucrt:api-ms-win-crt-stdio-l1-1-0.dll
 0001:00034640       ___stdio_common_vfprintf   00435640 f   ucrt:api-ms-win-crt-stdio-l1-1-0.dll
 0001:00034646       ___stdio_common_vsprintf   00435646 f   ucrt:api-ms-win-crt-stdio-l1-1-0.dll
 0001:0003464c       __stricmp                  0043564c f   ucrt:api-ms-win-crt-string-l1-1-0.dll
 0001:00034652       _isdigit                   00435652 f   ucrt:api-ms-win-crt-string-l1-1-0.dll
 0001:00034658       __libm_sse2_cos_precise    00435658 f   ucrt:api-ms-win-crt-math-l1-1-0.dll
 0001:0003465e       _strtok                    0043565e f   ucrt:api-ms-win-crt-string-l1-1-0.dll
 0001:00034664       _atoi                      00435664 f   ucrt:api-ms-win-crt-convert-l1-1-0.dll
 0001:0003466a       _isxdigit                  0043566a f   ucrt:api-ms-win-crt-string-l1-1-0.dll
 0001:00034670       __strnicmp                 00435670 f   ucrt:api-ms-win-crt-string-l1-1-0.dll
 0001:00034676       _strncpy                   00435676 f   ucrt:api-ms-win-crt-string-l1-1-0.dll
 0001:0003467c       _rand                      0043567c f   ucrt:api-ms-win-crt-utility-l1-1-0.dll
 0001:00034682       _free                      00435682 f   ucrt:api-ms-win-crt-heap-l1-1-0.dll
 0001:00034688       _malloc                    00435688 f   ucrt:api-ms-win-crt-heap-l1-1-0.dll
 0001:0003468e       __CIfmod                   0043568e f   ucrt:api-ms-win-crt-math-l1-1-0.dll
 0001:00034694       _exit                      00435694 f   ucrt:api-ms-win-crt-runtime-l1-1-0.dll
 0001:0003469a       __libm_sse2_log10_precise  0043569a f   ucrt:api-ms-win-crt-math-l1-1-0.dll
 0001:000346a0       __libm_sse2_pow_precise    004356a0 f   ucrt:api-ms-win-crt-math-l1-1-0.dll
 0001:000346a6       __libm_sse2_sqrt_precise   004356a6 f   ucrt:api-ms-win-crt-math-l1-1-0.dll
 0001:000346ac       _calloc                    004356ac f   ucrt:api-ms-win-crt-heap-l1-1-0.dll
 0001:000346b2       _realloc                   004356b2 f   ucrt:api-ms-win-crt-heap-l1-1-0.dll
 0001:000346b8       _floor                     004356b8 f   ucrt:api-ms-win-crt-math-l1-1-0.dll
 0001:000346be       __libm_sse2_exp_precise    004356be f   ucrt:api-ms-win-crt-math-l1-1-0.dll
 0001:000346c4       __libm_sse2_log_precise    004356c4 f   ucrt:api-ms-win-crt-math-l1-1-0.dll
 0001:000346ca       __libm_sse2_acos_precise   004356ca f   ucrt:api-ms-win-crt-math-l1-1-0.dll
 0001:000346d0       _perror                    004356d0 f   ucrt:api-ms-win-crt-runtime-l1-1-0.dll
 0001:000346d6       _fclose                    004356d6 f   ucrt:api-ms-win-crt-stdio-l1-1-0.dll
 0001:000346dc       _fopen                     004356dc f   ucrt:api-ms-win-crt-stdio-l1-1-0.dll
 0001:000346e2       _fputs                     004356e2 f   ucrt:api-ms-win-crt-stdio-l1-1-0.dll
 0001:000346e8       _fseek                     004356e8 f   ucrt:api-ms-win-crt-stdio-l1-1-0.dll
 0001:000346ee       __seh_filter_exe           004356ee f   ucrt:api-ms-win-crt-runtime-l1-1-0.dll
 0001:000346f4       __set_app_type             004356f4 f   ucrt:api-ms-win-crt-runtime-l1-1-0.dll
 0001:000346fa       ___setusermatherr          004356fa f   ucrt:api-ms-win-crt-math-l1-1-0.dll
 0001:00034700       __configure_narrow_argv    00435700 f   ucrt:api-ms-win-crt-runtime-l1-1-0.dll
 0001:00034706       __initialize_narrow_environment 00435706 f   ucrt:api-ms-win-crt-runtime-l1-1-0.dll
 0001:0003470c       __get_initial_narrow_environment 0043570c f   ucrt:api-ms-win-crt-runtime-l1-1-0.dll
 0001:00034712       __initterm                 00435712 f   ucrt:api-ms-win-crt-runtime-l1-1-0.dll
 0001:00034718       __initterm_e               00435718 f   ucrt:api-ms-win-crt-runtime-l1-1-0.dll
 0001:0003471e       __exit                     0043571e f   ucrt:api-ms-win-crt-runtime-l1-1-0.dll
 0001:00034724       __set_fmode                00435724 f   ucrt:api-ms-win-crt-stdio-l1-1-0.dll
 0001:0003472a       ___p___argc                0043572a f   ucrt:api-ms-win-crt-runtime-l1-1-0.dll
 0001:00034730       ___p___argv                00435730 f   ucrt:api-ms-win-crt-runtime-l1-1-0.dll
 0001:00034736       __cexit                    00435736 f   ucrt:api-ms-win-crt-runtime-l1-1-0.dll
 0001:0003473c       __c_exit                   0043573c f   ucrt:api-ms-win-crt-runtime-l1-1-0.dll
 0001:00034742       __register_thread_local_exe_atexit_callback 00435742 f   ucrt:api-ms-win-crt-runtime-l1-1-0.dll
 0001:00034748       __configthreadlocale       00435748 f   ucrt:api-ms-win-crt-locale-l1-1-0.dll
 0001:0003474e       __set_new_mode             0043574e f   ucrt:api-ms-win-crt-heap-l1-1-0.dll
 0001:00034754       ___p__commode              00435754 f   ucrt:api-ms-win-crt-stdio-l1-1-0.dll
 0001:0003475a       __except1                  0043575a f   ucrt:api-ms-win-crt-math-l1-1-0.dll
 0001:00034760       __initialize_onexit_table  00435760 f   ucrt:api-ms-win-crt-runtime-l1-1-0.dll
 0001:00034766       __register_onexit_function 00435766 f   ucrt:api-ms-win-crt-runtime-l1-1-0.dll
 0001:0003476c       __crt_atexit               0043576c f   ucrt:api-ms-win-crt-runtime-l1-1-0.dll
 0001:00034772       __controlfp_s              00435772 f   ucrt:api-ms-win-crt-runtime-l1-1-0.dll
 0001:00034778       _terminate                 00435778 f   ucrt:api-ms-win-crt-runtime-l1-1-0.dll
 0001:00034a00       _pjmedia_aud_subsys_init   00435a00 f   pjmedia-audiodev-i386-win32-vc8-release:audiodev.obj
 0001:00034ad0       _pjmedia_aud_subsys_shutdown 00435ad0 f   pjmedia-audiodev-i386-win32-vc8-release:audiodev.obj
 0001:00034b50       _pjmedia_audiodev_strerror 00435b50 f   pjmedia-audiodev-i386-win32-vc8-release:errno.obj
 0001:00035f20       _pjmedia_wmme_factory      00436f20 f   pjmedia-audiodev-i386-win32-vc8-release:wmme_dev.obj
 0002:00000000       __imp__CreateEventA@16     00438000     kernel32:KERNEL32.dll
 0002:00000004       __imp__GetModuleHandleW@4  00438004     kernel32:KERNEL32.dll
 0002:00000008       __imp__IsDebuggerPresent@0 00438008     kernel32:KERNEL32.dll
 0002:0000000c       __imp__InitializeSListHead@4 0043800c     kernel32:KERNEL32.dll
 0002:00000010       __imp__GetSystemTimeAsFileTime@4 00438010     kernel32:KERNEL32.dll
 0002:00000014       __imp__IsProcessorFeaturePresent@4 00438014     kernel32:KERNEL32.dll
 0002:00000018       __imp__TerminateProcess@8  00438018     kernel32:KERNEL32.dll
 0002:0000001c       __imp__GetCurrentProcess@0 0043801c     kernel32:KERNEL32.dll
 0002:00000020       __imp__SetUnhandledExceptionFilter@4 00438020     kernel32:KERNEL32.dll
 0002:00000024       __imp__UnhandledExceptionFilter@4 00438024     kernel32:KERNEL32.dll
 0002:00000028       __imp__FormatMessageA@28   00438028     kernel32:KERNEL32.dll
 0002:0000002c       __imp__QueryPerformanceFrequency@4 0043802c     kernel32:KERNEL32.dll
 0002:00000030       __imp__QueryPerformanceCounter@4 00438030     kernel32:KERNEL32.dll
 0002:00000034       __imp__WriteFile@20        00438034     kernel32:KERNEL32.dll
 0002:00000038       __imp__SetFilePointer@16   00438038     kernel32:KERNEL32.dll
 0002:0000003c       __imp__ReadFile@20         0043803c     kernel32:KERNEL32.dll
 0002:00000040       __imp__GetFileSize@8       00438040     kernel32:KERNEL32.dll
 0002:00000044       __imp__WaitForMultipleObjects@16 00438044     kernel32:KERNEL32.dll
 0002:00000048       __imp__CreateFileA@28      00438048     kernel32:KERNEL32.dll
 0002:0000004c       __imp__SystemTimeToFileTime@8 0043804c     kernel32:KERNEL32.dll
 0002:00000050       __imp__FileTimeToSystemTime@8 00438050     kernel32:KERNEL32.dll
 0002:00000054       __imp__GetLocalTime@4      00438054     kernel32:KERNEL32.dll
 0002:00000058       __imp__SetConsoleTextAttribute@8 00438058     kernel32:KERNEL32.dll
 0002:0000005c       __imp__GetStdHandle@4      0043805c     kernel32:KERNEL32.dll
 0002:00000060       __imp__CloseHandle@4       00438060     kernel32:KERNEL32.dll
 0002:00000064       __imp__GetLastError@0      00438064     kernel32:KERNEL32.dll
 0002:00000068       __imp__InitializeCriticalSection@4 00438068     kernel32:KERNEL32.dll
 0002:0000006c       __imp__EnterCriticalSection@4 0043806c     kernel32:KERNEL32.dll
 0002:00000070       __imp__LeaveCriticalSection@4 00438070     kernel32:KERNEL32.dll
 0002:00000074       __imp__TryEnterCriticalSection@4 00438074     kernel32:KERNEL32.dll
 0002:00000078       __imp__DeleteCriticalSection@4 00438078     kernel32:KERNEL32.dll
 0002:0000007c       __imp__SetEvent@4          0043807c     kernel32:KERNEL32.dll
 0002:00000080       __imp__ReleaseSemaphore@12 00438080     kernel32:KERNEL32.dll
 0002:00000084       __imp__WaitForSingleObject@8 00438084     kernel32:KERNEL32.dll
 0002:00000088       __imp__Sleep@4             00438088     kernel32:KERNEL32.dll
 0002:0000008c       __imp__GetCurrentProcessId@0 0043808c     kernel32:KERNEL32.dll
 0002:00000090       __imp__CreateThread@24     00438090     kernel32:KERNEL32.dll
 0002:00000094       __imp__GetCurrentThread@0  00438094     kernel32:KERNEL32.dll
 0002:00000098       __imp__GetCurrentThreadId@0 00438098     kernel32:KERNEL32.dll
 0002:0000009c       __imp__SetThreadPriority@8 0043809c     kernel32:KERNEL32.dll
 0002:000000a0       __imp__TlsAlloc@0          004380a0     kernel32:KERNEL32.dll
 0002:000000a4       __imp__TlsGetValue@4       004380a4     kernel32:KERNEL32.dll
 0002:000000a8       __imp__TlsSetValue@8       004380a8     kernel32:KERNEL32.dll
 0002:000000ac       __imp__TlsFree@4           004380ac     kernel32:KERNEL32.dll
 0002:000000b0       \177KERNEL32_NULL_THUNK_DATA 004380b0     kernel32:KERNEL32.dll
 0002:000000b4       __imp__memset              004380b4     vcruntime:VCRUNTIME140.dll
 0002:000000b8       __imp__memmove             004380b8     vcruntime:VCRUNTIME140.dll
 0002:000000bc       __imp__memcpy              004380bc     vcruntime:VCRUNTIME140.dll
 0002:000000c0       __imp__strchr              004380c0     vcruntime:VCRUNTIME140.dll
 0002:000000c4       __imp__longjmp             004380c4     vcruntime:VCRUNTIME140.dll
 0002:000000c8       __imp___except_handler4_common 004380c8     vcruntime:VCRUNTIME140.dll
 0002:000000cc       \177VCRUNTIME140_NULL_THUNK_DATA 004380cc     vcruntime:VCRUNTIME140.dll
 0002:000000d0       __imp__waveOutGetErrorTextA@12 004380d0     winmm:WINMM.dll
 0002:000000d4       __imp__waveInGetErrorTextA@12 004380d4     winmm:WINMM.dll
 0002:000000d8       __imp__waveOutGetNumDevs@0 004380d8     winmm:WINMM.dll
 0002:000000dc       __imp__waveOutGetDevCapsA@12 004380dc     winmm:WINMM.dll
 0002:000000e0       __imp__waveOutGetVolume@8  004380e0     winmm:WINMM.dll
 0002:000000e4       __imp__waveOutSetVolume@8  004380e4     winmm:WINMM.dll
 0002:000000e8       __imp__waveOutOpen@24      004380e8     winmm:WINMM.dll
 0002:000000ec       __imp__waveOutPrepareHeader@12 004380ec     winmm:WINMM.dll
 0002:000000f0       __imp__waveOutUnprepareHeader@12 004380f0     winmm:WINMM.dll
 0002:000000f4       __imp__waveOutWrite@12     004380f4     winmm:WINMM.dll
 0002:000000f8       __imp__waveOutPause@4      004380f8     winmm:WINMM.dll
 0002:000000fc       __imp__waveOutRestart@4    004380fc     winmm:WINMM.dll
 0002:00000100       __imp__waveOutReset@4      00438100     winmm:WINMM.dll
 0002:00000104       __imp__waveInGetNumDevs@0  00438104     winmm:WINMM.dll
 0002:00000108       __imp__waveInGetDevCapsA@12 00438108     winmm:WINMM.dll
 0002:0000010c       __imp__waveInOpen@24       0043810c     winmm:WINMM.dll
 0002:00000110       __imp__waveInClose@4       00438110     winmm:WINMM.dll
 0002:00000114       __imp__waveInPrepareHeader@12 00438114     winmm:WINMM.dll
 0002:00000118       __imp__waveInUnprepareHeader@12 00438118     winmm:WINMM.dll
 0002:0000011c       __imp__waveInAddBuffer@12  0043811c     winmm:WINMM.dll
 0002:00000120       __imp__waveInStart@4       00438120     winmm:WINMM.dll
 0002:00000124       __imp__waveInStop@4        00438124     winmm:WINMM.dll
 0002:00000128       __imp__waveInReset@4       00438128     winmm:WINMM.dll
 0002:0000012c       __imp__waveOutClose@4      0043812c     winmm:WINMM.dll
 0002:00000130       \177WINMM_NULL_THUNK_DATA  00438130     winmm:WINMM.dll
 0002:00000134       __imp__select@20           00438134     ws2_32:WS2_32.dll
 0002:00000138       __imp____WSAFDIsSet@8      00438138     ws2_32:WS2_32.dll
 0002:0000013c       __imp__WSAStartup@8        0043813c     ws2_32:WS2_32.dll
 0002:00000140       __imp__WSACleanup@0        00438140     ws2_32:WS2_32.dll
 0002:00000144       __imp__WSAGetLastError@0   00438144     ws2_32:WS2_32.dll
 0002:00000148       __imp__accept@12           00438148     ws2_32:WS2_32.dll
 0002:0000014c       __imp__getsockname@12      0043814c     ws2_32:WS2_32.dll
 0002:00000150       __imp__getsockopt@20       00438150     ws2_32:WS2_32.dll
 0002:00000154       __imp__htonl@4             00438154     ws2_32:WS2_32.dll
 0002:00000158       __imp__htons@4             00438158     ws2_32:WS2_32.dll
 0002:0000015c       __imp__sendto@24           0043815c     ws2_32:WS2_32.dll
 0002:00000160       __imp__send@16             00438160     ws2_32:WS2_32.dll
 0002:00000164       __imp__recvfrom@24         00438164     ws2_32:WS2_32.dll
 0002:00000168       __imp__recv@16             00438168     ws2_32:WS2_32.dll
 0002:0000016c       __imp__ntohs@4             0043816c     ws2_32:WS2_32.dll
 0002:00000170       __imp__ntohl@4             00438170     ws2_32:WS2_32.dll
 0002:00000174       \177WS2_32_NULL_THUNK_DATA 00438174     ws2_32:WS2_32.dll
 0002:00000178       __imp__atoi                00438178     ucrt:api-ms-win-crt-convert-l1-1-0.dll
 0002:0000017c       \177api-ms-win-crt-convert-l1-1-0_NULL_THUNK_DATA 0043817c     ucrt:api-ms-win-crt-convert-l1-1-0.dll
 0002:00000180       __imp__free                00438180     ucrt:api-ms-win-crt-heap-l1-1-0.dll
 0002:00000184       __imp__malloc              00438184     ucrt:api-ms-win-crt-heap-l1-1-0.dll
 0002:00000188       __imp__calloc              00438188     ucrt:api-ms-win-crt-heap-l1-1-0.dll
 0002:0000018c       __imp___set_new_mode       0043818c     ucrt:api-ms-win-crt-heap-l1-1-0.dll
 0002:00000190       __imp__realloc             00438190     ucrt:api-ms-win-crt-heap-l1-1-0.dll
 0002:00000194       \177api-ms-win-crt-heap-l1-1-0_NULL_THUNK_DATA 00438194     ucrt:api-ms-win-crt-heap-l1-1-0.dll
 0002:00000198       __imp___configthreadlocale 00438198     ucrt:api-ms-win-crt-locale-l1-1-0.dll
 0002:0000019c       \177api-ms-win-crt-locale-l1-1-0_NULL_THUNK_DATA 0043819c     ucrt:api-ms-win-crt-locale-l1-1-0.dll
 0002:000001a0       __imp___libm_sse2_sqrt_precise 004381a0     ucrt:api-ms-win-crt-math-l1-1-0.dll
 0002:000001a4       __imp___libm_sse2_cos_precise 004381a4     ucrt:api-ms-win-crt-math-l1-1-0.dll
 0002:000001a8       __imp___libm_sse2_exp_precise 004381a8     ucrt:api-ms-win-crt-math-l1-1-0.dll
 0002:000001ac       __imp____setusermatherr    004381ac     ucrt:api-ms-win-crt-math-l1-1-0.dll
 0002:000001b0       __imp___libm_sse2_log_precise 004381b0     ucrt:api-ms-win-crt-math-l1-1-0.dll
 0002:000001b4       __imp___libm_sse2_acos_precise 004381b4     ucrt:api-ms-win-crt-math-l1-1-0.dll
 0002:000001b8       __imp___except1            004381b8     ucrt:api-ms-win-crt-math-l1-1-0.dll
 0002:000001bc       __imp__floor               004381bc     ucrt:api-ms-win-crt-math-l1-1-0.dll
 0002:000001c0       __imp___libm_sse2_pow_precise 004381c0     ucrt:api-ms-win-crt-math-l1-1-0.dll
 0002:000001c4       __imp___CIfmod             004381c4     ucrt:api-ms-win-crt-math-l1-1-0.dll
 0002:000001c8       __imp___libm_sse2_log10_precise 004381c8     ucrt:api-ms-win-crt-math-l1-1-0.dll
 0002:000001cc       \177api-ms-win-crt-math-l1-1-0_NULL_THUNK_DATA 004381cc     ucrt:api-ms-win-crt-math-l1-1-0.dll
 0002:000001d0       __imp____p___argv          004381d0     ucrt:api-ms-win-crt-runtime-l1-1-0.dll
 0002:000001d4       __imp____p___argc          004381d4     ucrt:api-ms-win-crt-runtime-l1-1-0.dll
 0002:000001d8       __imp___c_exit             004381d8     ucrt:api-ms-win-crt-runtime-l1-1-0.dll
 0002:000001dc       __imp___register_thread_local_exe_atexit_callback 004381dc     ucrt:api-ms-win-crt-runtime-l1-1-0.dll
 0002:000001e0       __imp___exit               004381e0     ucrt:api-ms-win-crt-runtime-l1-1-0.dll
 0002:000001e4       __imp___initterm_e         004381e4     ucrt:api-ms-win-crt-runtime-l1-1-0.dll
 0002:000001e8       __imp__perror              004381e8     ucrt:api-ms-win-crt-runtime-l1-1-0.dll
 0002:000001ec       __imp___initterm           004381ec     ucrt:api-ms-win-crt-runtime-l1-1-0.dll
 0002:000001f0       __imp___initialize_onexit_table 004381f0     ucrt:api-ms-win-crt-runtime-l1-1-0.dll
 0002:000001f4       __imp___register_onexit_function 004381f4     ucrt:api-ms-win-crt-runtime-l1-1-0.dll
 0002:000001f8       __imp___crt_atexit         004381f8     ucrt:api-ms-win-crt-runtime-l1-1-0.dll
 0002:000001fc       __imp___controlfp_s        004381fc     ucrt:api-ms-win-crt-runtime-l1-1-0.dll
 0002:00000200       __imp__terminate           00438200     ucrt:api-ms-win-crt-runtime-l1-1-0.dll
 0002:00000204       __imp___get_initial_narrow_environment 00438204     ucrt:api-ms-win-crt-runtime-l1-1-0.dll
 0002:00000208       __imp___initialize_narrow_environment 00438208     ucrt:api-ms-win-crt-runtime-l1-1-0.dll
 0002:0000020c       __imp___configure_narrow_argv 0043820c     ucrt:api-ms-win-crt-runtime-l1-1-0.dll
 0002:00000210       __imp___set_app_type       00438210     ucrt:api-ms-win-crt-runtime-l1-1-0.dll
 0002:00000214       __imp___seh_filter_exe     00438214     ucrt:api-ms-win-crt-runtime-l1-1-0.dll
 0002:00000218       __imp__exit                00438218     ucrt:api-ms-win-crt-runtime-l1-1-0.dll
 0002:0000021c       __imp___cexit              0043821c     ucrt:api-ms-win-crt-runtime-l1-1-0.dll
 0002:00000220       \177api-ms-win-crt-runtime-l1-1-0_NULL_THUNK_DATA 00438220     ucrt:api-ms-win-crt-runtime-l1-1-0.dll
 0002:00000224       __imp____acrt_iob_func     00438224     ucrt:api-ms-win-crt-stdio-l1-1-0.dll
 0002:00000228       __imp__puts                00438228     ucrt:api-ms-win-crt-stdio-l1-1-0.dll
 0002:0000022c       __imp____stdio_common_vfprintf 0043822c     ucrt:api-ms-win-crt-stdio-l1-1-0.dll
 0002:00000230       __imp____p__commode        00438230     ucrt:api-ms-win-crt-stdio-l1-1-0.dll
 0002:00000234       __imp___set_fmode          00438234     ucrt:api-ms-win-crt-stdio-l1-1-0.dll
 0002:00000238       __imp____stdio_common_vsprintf 00438238     ucrt:api-ms-win-crt-stdio-l1-1-0.dll
 0002:0000023c       __imp__fseek               0043823c     ucrt:api-ms-win-crt-stdio-l1-1-0.dll
 0002:00000240       __imp__fputs               00438240     ucrt:api-ms-win-crt-stdio-l1-1-0.dll
 0002:00000244       __imp__fopen               00438244     ucrt:api-ms-win-crt-stdio-l1-1-0.dll
 0002:00000248       __imp__fclose              00438248     ucrt:api-ms-win-crt-stdio-l1-1-0.dll
 0002:0000024c       \177api-ms-win-crt-stdio-l1-1-0_NULL_THUNK_DATA 0043824c     ucrt:api-ms-win-crt-stdio-l1-1-0.dll
 0002:00000250       __imp___stricmp            00438250     ucrt:api-ms-win-crt-string-l1-1-0.dll
 0002:00000254       __imp__strncpy             00438254     ucrt:api-ms-win-crt-string-l1-1-0.dll
 0002:00000258       __imp___strnicmp           00438258     ucrt:api-ms-win-crt-string-l1-1-0.dll
 0002:0000025c       __imp__isxdigit            0043825c     ucrt:api-ms-win-crt-string-l1-1-0.dll
 0002:00000260       __imp__strtok              00438260     ucrt:api-ms-win-crt-string-l1-1-0.dll
 0002:00000264       __imp__isdigit             00438264     ucrt:api-ms-win-crt-string-l1-1-0.dll
 0002:00000268       \177api-ms-win-crt-string-l1-1-0_NULL_THUNK_DATA 00438268     ucrt:api-ms-win-crt-string-l1-1-0.dll
 0002:0000026c       __imp__rand                0043826c     ucrt:api-ms-win-crt-utility-l1-1-0.dll
 0002:00000270       \177api-ms-win-crt-utility-l1-1-0_NULL_THUNK_DATA 00438270     ucrt:api-ms-win-crt-utility-l1-1-0.dll
 0002:00000274       __imp__CoCreateGuid@4      00438274     ole32:ole32.dll
 0002:00000278       \177ole32_NULL_THUNK_DATA  00438278     ole32:ole32.dll
 0002:0000027c       ___guard_check_icall_fptr  0043827c     MSVCRT:guard_support.obj
 0002:00000280       ___xc_a                    00438280     MSVCRT:initializers.obj
 0002:00000288       ___xc_z                    00438288     MSVCRT:initializers.obj
 0002:0000028c       ___xi_a                    0043828c     MSVCRT:initializers.obj
 0002:00000298       ___xi_z                    00438298     MSVCRT:initializers.obj
 0002:0000029c       ___xp_a                    0043829c     MSVCRT:initializers.obj
 0002:000002a0       ___xp_z                    004382a0     MSVCRT:initializers.obj
 0002:000002a4       ___xt_a                    004382a4     MSVCRT:initializers.obj
 0002:000002a8       ___xt_z                    004382a8     MSVCRT:initializers.obj
 0002:000002b8       ??_C@_03KDMMNJLE@L16?$AA@  004382b8     pjmedia-codec-i386-win32-vc8-release:l16.obj
 0002:000002bc       ??_C@_03DPOHGIK@l16?$AA@   004382bc     pjmedia-codec-i386-win32-vc8-release:l16.obj
 0002:000002c0       ??_C@_03PDFFOBMG@GSM?$AA@  004382c0     pjmedia-codec-i386-win32-vc8-release:gsm.obj
 0002:000002c4       ??_C@_03POKOCMLK@gsm?$AA@  004382c4     pjmedia-codec-i386-win32-vc8-release:gsm.obj
 0002:00000328       ??_C@_05JPFLDMPI@speex?$AA@ 00438328     pjmedia-codec-i386-win32-vc8-release:speex_codec.obj
 0002:00000330       ??_C@_0BP@EFILPKKM@Adjusting?5quality?5to?55?5for?5uwb?$AA@ 00438330     pjmedia-codec-i386-win32-vc8-release:speex_codec.obj
[...]
 0002:0000cf98       _split_cb_nb               00444f98     libspeex-i386-win32-vc8-release:modes.obj
 0002:0000cfac       _split_cb_nb_med           00444fac     libspeex-i386-win32-vc8-release:modes.obj
 0002:0000cfc0       _split_cb_sb               00444fc0     libspeex-i386-win32-vc8-release:modes.obj
 0002:0000cfd4       _nb_submode1               00444fd4     libspeex-i386-win32-vc8-release:modes.obj
 0002:0000d00c       _nb_submode8               0044500c     libspeex-i386-win32-vc8-release:modes.obj
 0002:0000d044       _nb_submode2               00445044     libspeex-i386-win32-vc8-release:modes.obj
 0002:0000d07c       _nb_submode3               0044507c     libspeex-i386-win32-vc8-release:modes.obj
 0002:0000d0b4       _nb_submode4               004450b4     libspeex-i386-win32-vc8-release:modes.obj
 0002:0000d0ec       _nb_submode5               004450ec     libspeex-i386-win32-vc8-release:modes.obj
 0002:0000d124       _nb_submode6               00445124     libspeex-i386-win32-vc8-release:modes.obj
 0002:0000d15c       _nb_submode7               0044515c     libspeex-i386-win32-vc8-release:modes.obj
 0002:0000d198       _nb_mode                   00445198     libspeex-i386-win32-vc8-release:modes.obj
 0002:0000d3b0       _split_cb_high             004453b0     libspeex-i386-win32-vc8-release:modes_wb.obj
 0002:0000d3c4       _split_cb_high_lbr         004453c4     libspeex-i386-win32-vc8-release:modes_wb.obj
 0002:0000d3d8       _wb_submode1               004453d8     libspeex-i386-win32-vc8-release:modes_wb.obj
 0002:0000d410       _wb_submode2               00445410     libspeex-i386-win32-vc8-release:modes_wb.obj
 0002:0000d448       _wb_submode3               00445448     libspeex-i386-win32-vc8-release:modes_wb.obj
 0002:0000d480       _wb_submode4               00445480     libspeex-i386-win32-vc8-release:modes_wb.obj
 0002:0000d4b8       _sb_wb_mode                004454b8     libspeex-i386-win32-vc8-release:modes_wb.obj
 0002:0000d5d0       _sb_uwb_mode               004455d0     libspeex-i386-win32-vc8-release:modes_wb.obj
 0002:0000d720       _wb_skip_table             00445720     libspeex-i386-win32-vc8-release:nb_celp.obj
 0002:0000f108       _gc_quant_bound            00447108     libspeex-i386-win32-vc8-release:sb_celp.obj
 0002:0000f148       _fold_quant_bound          00447148     libspeex-i386-win32-vc8-release:sb_celp.obj
 0002:0000f1c8       _h0                        004471c8     libspeex-i386-win32-vc8-release:sb_celp.obj
 0002:00010d80       _GS_ExceptionPointers      00448d80     MSVCRT:gs_report.obj
 0002:00010d90       _Int32ToUInt32             00448d90     MSVCRT:_ftol3_.obj
 0002:00010d98       _DP2to32                   00448d98     MSVCRT:_ftol3_.obj
 0002:00010da0       _MantissaMask              00448da0     MSVCRT:_ftol3_.obj
 0002:00010da8       _IntegerBit                00448da8     MSVCRT:_ftol3_.obj
 0002:00010db0       _SignBit64                 00448db0     MSVCRT:_ftol3_.obj
 0002:00010db8       _MinFP64                   00448db8     MSVCRT:_ftol3_.obj
 0002:00010dc0       _MinInt64                  00448dc0     MSVCRT:_ftol3_.obj
 0002:00010dc8       _MaxInt64                  00448dc8     MSVCRT:_ftol3_.obj
 0002:00010dd0       _MaxUInt64                 00448dd0     MSVCRT:_ftol3_.obj
 0002:00010dd8       _MaxFP32                   00448dd8     MSVCRT:_ftol3_.obj
 0002:00010de0       _MinFP32                   00448de0     MSVCRT:_ftol3_.obj
 0002:00010de8       _MinSubInexact             00448de8     MSVCRT:_ftol3_.obj
 0002:00010df0       _FpExcptTable              00448df0     MSVCRT:_ftol3_.obj
 0002:00010e00       _i1075                     00448e00     MSVCRT:_ftol3_.obj
 0002:00010e04       _i1087                     00448e04     MSVCRT:_ftol3_.obj
 0002:00010e08       _x0800                     00448e08     MSVCRT:_ftol3_.obj
 0002:00010e0c       _x17FF                     00448e0c     MSVCRT:_ftol3_.obj
 0002:00010e10       _CWMask                    00448e10     MSVCRT:_ftol3_.obj
 0002:00011040       _err_str                   00449040     pjmedia-audiodev-i386-win32-vc8-release:errno.obj
 0002:00011898       __sehtable$?__scrt_common_main_seh@@YAHXZ 00449898     MSVCRT:exe_main.obj
 0002:000118b8       __sehtable$___scrt_is_nonwritable_in_current_image 004498b8     MSVCRT:utility.obj
 0002:00011c78       .idata$6                   00449c78     ole32:ole32.dll
 0002:00011c82       .idata$6                   00449c82     ws2_32:WS2_32.dll
 0002:00011fdc       .idata$6                   00449fdc     kernel32:KERNEL32.dll
 0002:00012036       .idata$6                   0044a036     vcruntime:VCRUNTIME140.dll
 0002:000123d2       .idata$6                   0044a3d2     ucrt:api-ms-win-crt-stdio-l1-1-0.dll
 0002:000123f2       .idata$6                   0044a3f2     ucrt:api-ms-win-crt-string-l1-1-0.dll
 0002:00012414       .idata$6                   0044a414     ucrt:api-ms-win-crt-math-l1-1-0.dll
 0002:00012434       .idata$6                   0044a434     ucrt:api-ms-win-crt-convert-l1-1-0.dll
 0002:00012456       .idata$6                   0044a456     ucrt:api-ms-win-crt-utility-l1-1-0.dll
 0002:00012478       .idata$6                   0044a478     ucrt:api-ms-win-crt-heap-l1-1-0.dll
 0002:00012498       .idata$6                   0044a498     ucrt:api-ms-win-crt-runtime-l1-1-0.dll
 0002:000124ba       .idata$6                   0044a4ba     ucrt:api-ms-win-crt-locale-l1-1-0.dll
 0002:000126b6       .idata$6                   0044a6b6     winmm:WINMM.dll
 0003:00000000       _desc                      0044b000     encdec.obj
 0003:00000004       $SG19856                   0044b004     encdec.obj
 0003:00000028       $SG19749                   0044b028     encdec.obj
 0003:000001d8       $SG19761                   0044b1d8     encdec.obj
 0003:000001e8       $SG19842                   0044b1e8     encdec.obj
 0003:000001f0       $SG19844                   0044b1f0     encdec.obj
 0003:00000244       $SG19846                   0044b244     encdec.obj
 0003:0000027c       $SG19852                   0044b27c     encdec.obj
 0003:000002b0       $SG19848                   0044b2b0     encdec.obj
 0003:00000318       $SG19850                   0044b318     encdec.obj
 0003:0000039c       $SG19854                   0044b39c     encdec.obj
 0003:000003c0       $SG19860                   0044b3c0     encdec.obj
 0003:00000404       $SG19864                   0044b404     encdec.obj
 0003:00000430       $SG19866                   0044b430     encdec.obj
 0003:00000478       $SG19868                   0044b478     encdec.obj
 0003:00000494       $SG19872                   0044b494     encdec.obj
 0003:000004d0       $SG19874                   0044b4d0     encdec.obj
 0003:00000514       $SG19876                   0044b514     encdec.obj
 0003:00000540       $SG19904                   0044b540     encdec.obj
 0003:0000054c       $SG19906                   0044b54c     encdec.obj
 0003:00000580       $SG19908                   0044b580     encdec.obj
 0003:000005b0       $SG19911                   0044b5b0     encdec.obj
 0003:000005b8       $SG19912                   0044b5b8     encdec.obj
 0003:000005cc       $SG19913                   0044b5cc     encdec.obj
 0003:000005e0       $SG17133                   0044b5e0     encdec.obj
 0003:000005f0       $SG2889                    0044b5f0     encdec.obj
 0003:00000604       $SG2890                    0044b604     encdec.obj
 0003:00000618       _l16_op                    0044b618     pjmedia-codec-i386-win32-vc8-release:l16.obj
 0003:00000638       _l16_factory_op            0044b638     pjmedia-codec-i386-win32-vc8-release:l16.obj
 0003:00000650       _gsm_op                    0044b650     pjmedia-codec-i386-win32-vc8-release:gsm.obj
 0003:00000670       _gsm_factory_op            0044b670     pjmedia-codec-i386-win32-vc8-release:gsm.obj
 0003:00000688       _spx_op                    0044b688     pjmedia-codec-i386-win32-vc8-release:speex_codec.obj
 0003:000006a8       _spx_factory_op            0044b6a8     pjmedia-codec-i386-win32-vc8-release:speex_codec.obj
 0003:000006c0       _ilbc_op                   0044b6c0     pjmedia-codec-i386-win32-vc8-release:ilbc.obj
 0003:000006e0       _ilbc_factory_op           0044b6e0     pjmedia-codec-i386-win32-vc8-release:ilbc.obj
 0003:000006f8       _STR_MODE                  0044b6f8     pjmedia-codec-i386-win32-vc8-release:ilbc.obj
 0003:00000700       _g722_op                   0044b700     pjmedia-codec-i386-win32-vc8-release:g722.obj
 0003:00000720       _g722_factory_op           0044b720     pjmedia-codec-i386-win32-vc8-release:g722.obj
 0003:00000740       _g711_op                   0044b740     pjmedia-i386-win32-vc8-release:g711.obj
 0003:00000760       _g711_factory_op           0044b760     pjmedia-i386-win32-vc8-release:g711.obj
 0003:00000778       _plc_wsola                 0044b778     pjmedia-i386-win32-vc8-release:plc_common.obj
 0003:00000788       _crypto_suites             0044b788     pjmedia-i386-win32-vc8-release:transport_srtp.obj
 0003:000007e8       _transport_srtp_op         0044b7e8     pjmedia-i386-win32-vc8-release:transport_srtp.obj
 0003:00000818       ?liberr@?1??get_libsrtp_errstr@@9@9 0044b818     pjmedia-i386-win32-vc8-release:transport_srtp.obj
 0003:0000087c       _thread_tls_id             0044b87c     pjlib-i386-win32-vc8-release:os_core_win32.obj
 0003:00000880       _thread_suspended_tls_id   0044b880     pjlib-i386-win32-vc8-release:log.obj
 0003:00000884       _thread_indent_tls_id      0044b884     pjlib-i386-win32-vc8-release:log.obj
 0003:00000888       _pj_log_max_level          0044b888     pjlib-i386-win32-vc8-release:log.obj
 0003:0000088c       _log_writer                0044b88c     pjlib-i386-win32-vc8-release:log.obj
 0003:00000890       _log_decor                 0044b890     pjlib-i386-win32-vc8-release:log.obj
 0003:00000894       _PJ_LOG_COLOR_0            0044b894     pjlib-i386-win32-vc8-release:log.obj
 0003:00000898       _PJ_LOG_COLOR_1            0044b898     pjlib-i386-win32-vc8-release:log.obj
 0003:0000089c       _PJ_LOG_COLOR_2            0044b89c     pjlib-i386-win32-vc8-release:log.obj
 0003:000008a0       _PJ_LOG_COLOR_3            0044b8a0     pjlib-i386-win32-vc8-release:log.obj
 0003:000008a4       _PJ_LOG_COLOR_4            0044b8a4     pjlib-i386-win32-vc8-release:log.obj
 0003:000008a8       _PJ_LOG_COLOR_5            0044b8a8     pjlib-i386-win32-vc8-release:log.obj
 0003:000008ac       _PJ_LOG_COLOR_6            0044b8ac     pjlib-i386-win32-vc8-release:log.obj
 0003:000008b0       _PJ_LOG_COLOR_77           0044b8b0     pjlib-i386-win32-vc8-release:log.obj
 0003:000008b4       ?ltexts@?2??pj_log@@9@9    0044b8b4     pjlib-i386-win32-vc8-release:log.obj
 0003:000008d0       ?wdays@?3??pj_log@@9@9     0044b8d0     pjlib-i386-win32-vc8-release:log.obj
 0003:000008f0       _pool_sizes                0044b8f0     pjlib-i386-win32-vc8-release:pool_caching.obj
 0003:00000930       _thread_local_id           0044b930     pjlib-i386-win32-vc8-release:except.obj
 0003:00000934       _null_lock_template        0044b934     pjlib-i386-win32-vc8-release:lock.obj
 0003:00000948       _sem_lock_template         0044b948     pjlib-i386-win32-vc8-release:lock.obj
 0003:0000095c       _mutex_lock_template       0044b95c     pjlib-i386-win32-vc8-release:lock.obj
 0003:00000970       ?hex@?1??hex2digit@@9@9    0044b970     pjlib-i386-win32-vc8-release:guid_win32.obj
 0003:00000984       _id                        0044b984     pjlib-i386-win32-vc8-release:config.obj
 0003:00000988       _tls                       0044b988     pjlib-i386-win32-vc8-release:pool_buf.obj
 0003:00002698       ?eps@?1??LSF_check@@9@9    0044d698     libilbccodec-i386-win32-vc8-release:helpfun.obj
 0003:0000269c       ?eps2@?1??LSF_check@@9@9   0044d69c     libilbccodec-i386-win32-vc8-release:helpfun.obj
 0003:000026a0       ?maxlsf@?1??LSF_check@@9@9 0044d6a0     libilbccodec-i386-win32-vc8-release:helpfun.obj
 0003:000026a4       ?minlsf@?1??LSF_check@@9@9 0044d6a4     libilbccodec-i386-win32-vc8-release:helpfun.obj
 0003:000026b8       _srtp_event_handler        0044d6b8     libsrtp-i386-win32-vc8-release:srtp.obj
 0003:000026c8       _dev_random_fdes           0044d6c8     libsrtp-i386-win32-vc8-release:rand_source.obj
 0003:00002ee0       _T0                        0044dee0     libsrtp-i386-win32-vc8-release:aes.obj
 0003:000032e0       _T1                        0044e2e0     libsrtp-i386-win32-vc8-release:aes.obj
 0003:000036e0       _T2                        0044e6e0     libsrtp-i386-win32-vc8-release:aes.obj
 0003:00003ae0       _T3                        0044eae0     libsrtp-i386-win32-vc8-release:aes.obj
 0003:00003ee0       _U0                        0044eee0     libsrtp-i386-win32-vc8-release:aes.obj
 0003:000042e0       _U1                        0044f2e0     libsrtp-i386-win32-vc8-release:aes.obj
 0003:000046e0       _U2                        0044f6e0     libsrtp-i386-win32-vc8-release:aes.obj
 0003:00004ae0       _U3                        0044fae0     libsrtp-i386-win32-vc8-release:aes.obj
 0003:00004ee0       _aes_sbox                  0044fee0     libsrtp-i386-win32-vc8-release:aes.obj
 0003:00004fe0       _aes_inv_sbox              0044ffe0     libsrtp-i386-win32-vc8-release:aes.obj
 0003:00005120       _cap_infos                 00450120     pjmedia-audiodev-i386-win32-vc8-release:audiodev.obj
 0003:00005190       _factory_op                00450190     pjmedia-audiodev-i386-win32-vc8-release:wmme_dev.obj
 0003:000051ac       _stream_op                 004501ac     pjmedia-audiodev-i386-win32-vc8-release:wmme_dev.obj
 0003:000051e0       $SG19762                   004501e0     encdec.obj
 0003:000051e1       $SG19910                   004501e1     encdec.obj
 0003:000051e4       _mept                      004501e4     encdec.obj
 0003:000051e8       _file_msec_duration        004501e8     encdec.obj
 0003:000051ec       _l16_factory               004501ec     pjmedia-codec-i386-win32-vc8-release:l16.obj
 0003:00005208       _gsm_codec_factory         00450208     pjmedia-codec-i386-win32-vc8-release:gsm.obj
 0003:00005238       _spx_factory               00450238     pjmedia-codec-i386-win32-vc8-release:speex_codec.obj
 0003:000052e0       _ilbc_factory              004502e0     pjmedia-codec-i386-win32-vc8-release:ilbc.obj
 0003:000052fc       _g722_codec_factory        004502fc     pjmedia-codec-i386-win32-vc8-release:g722.obj
 0003:00005330       _g711_factory              00450330     pjmedia-i386-win32-vc8-release:g711.obj
 0003:00005360       _is_initialized            00450360     pjmedia-i386-win32-vc8-release:sdp.obj
 0003:00005368       _cis_buf                   00450368     pjmedia-i386-win32-vc8-release:sdp.obj
 0003:0000576c       _cs_digit                  0045076c     pjmedia-i386-win32-vc8-release:sdp.obj
 0003:00005774       _cs_token                  00450774     pjmedia-i386-win32-vc8-release:sdp.obj
 0003:0000577c       ?msg@?3??get_libsrtp_errstr@@9@9 0045077c     pjmedia-i386-win32-vc8-release:transport_srtp.obj
 0003:0000579c       _libsrtp_initialized       0045079c     pjmedia-i386-win32-vc8-release:transport_srtp.obj
 0003:000057a0       _initialized               004507a0     pjlib-i386-win32-vc8-release:os_core_win32.obj
 0003:000057a4       _atexit_count              004507a4     pjlib-i386-win32-vc8-release:os_core_win32.obj
 0003:000057a8       _main_thread               004507a8     pjlib-i386-win32-vc8-release:os_core_win32.obj
 0003:000058a8       _critical_section_mutex    004508a8     pjlib-i386-win32-vc8-release:os_core_win32.obj
 0003:000058e0       _atexit_func               004508e0     pjlib-i386-win32-vc8-release:os_core_win32.obj
 0003:00005960       _err_msg_hnd_cnt           00450960     pjlib-i386-win32-vc8-release:errno.obj
 0003:00005968       _err_msg_hnd               00450968     pjlib-i386-win32-vc8-release:errno.obj
 0003:000059e0       _g_last_thread             004509e0     pjlib-i386-win32-vc8-release:log.obj
 0003:000059e8       _base_time                 004509e8     pjlib-i386-win32-vc8-release:os_time_win32.obj
 0003:000059f0       ?buf@?1??pj_gethostname@@9@9 004509f0     pjlib-i386-win32-vc8-release:sock_bsd.obj
 0003:00005a70       ?hostname@?1??pj_gethostname@@9@9 00450a70     pjlib-i386-win32-vc8-release:sock_bsd.obj
 0003:00005a78       _exception_id_names        00450a78     pjlib-i386-win32-vc8-release:except.obj
 0003:00005ab8       ?unknown_name@?1??pj_exception_id_name@@9@9 00450ab8     pjlib-i386-win32-vc8-release:except.obj
 0003:00005ad8       _stack_based_factory       00450ad8     pjlib-i386-win32-vc8-release:pool_buf.obj
 0003:00005afc       _is_initialized            00450afc     pjlib-i386-win32-vc8-release:pool_buf.obj
 0003:00005b00       _s_hDLL                    00450b00     pjlib-i386-win32-vc8-release:ip_helper_win32.obj
 0003:00005b04       _s_pfnGetIpAddrTable       00450b04     pjlib-i386-win32-vc8-release:ip_helper_win32.obj
 0003:00005b08       _s_pfnGetAdapterAddresses  00450b08     pjlib-i386-win32-vc8-release:ip_helper_win32.obj
 0003:00005b0c       _s_pfnGetIpForwardTable    00450b0c     pjlib-i386-win32-vc8-release:ip_helper_win32.obj
 0003:00005b10       _s_pfnGetIfEntry           00450b10     pjlib-i386-win32-vc8-release:ip_helper_win32.obj
 0003:00005c18       _GS_ExceptionRecord        00450c18     MSVCRT:gs_report.obj
 0003:00005c68       _GS_ContextRecord          00450c68     MSVCRT:gs_report.obj
 0003:00005f44       ?module_local_atexit_table@@3U_onexit_table_t@@A 00450f44     MSVCRT:utility.obj
 0003:00005f50       ?module_local_at_quick_exit_table@@3U_onexit_table_t@@A 00450f50     MSVCRT:utility.obj
 0003:00005f5c       ?is_initialized_as_dll@@3_NA 00450f5c     MSVCRT:utility.obj
 0003:00005f78       _aud_subsys                00450f78     pjmedia-audiodev-i386-win32-vc8-release:audiodev.obj
 0003:00006448       ?name@?1??get_fmt_name@@9@9 00451448     pjmedia-audiodev-i386-win32-vc8-release:wmme_dev.obj
 0003:00006450       ?rec_cnt@?1??wmme_dev_thread@@9@9 00451450     pjmedia-audiodev-i386-win32-vc8-release:wmme_dev.obj
 0003:00006454       ?play_cnt@?1??wmme_dev_thread@@9@9 00451454     pjmedia-audiodev-i386-win32-vc8-release:wmme_dev.obj
 0004:00000000       __guard_fids__             00452000     MSVCRT:exe_main.obj
 0004:00000004       __guard_fids__             00452004     MSVCRT:exe_main.obj
 0004:00000008       __guard_fids__             00452008     MSVCRT:exe_main.obj
 0004:0000000c       __guard_fids_?pre_c_initialization@@YAHXZ 0045200c     MSVCRT:exe_main.obj
 0004:00000014       __guard_fids____scrt_set_unhandled_exception_filter 00452014     MSVCRT:utility_desktop.obj
 0004:00000018       __guard_fids___except_handler4 00452018     MSVCRT:_chandler4gs_.obj
 0004:0000001c       __guard_fids__             0045201c     MSVCRT:guard_support.obj
 0005:00000000       _static_const_table        00453000     MSVCRT:_svml_dcos2_sse2_.obj
 0005:00000200       __e02PI                    00453200     MSVCRT:_svml_dtrig_.obj
 0005:000003a0       __e04PI                    004533a0     MSVCRT:_svml_dtrig_.obj
 0005:00000530       _2il0floatpacket_2         00453530     MSVCRT:_svml_dtrig_.obj
 0005:00000540       _2il0floatpacket_9         00453540     MSVCRT:_svml_dtrig_.obj
 0005:00000550       _2il0floatpacket_12        00453550     MSVCRT:_svml_dtrig_.obj
 0005:00000560       __dPI02                    00453560     MSVCRT:_svml_dtrig_.obj
 0005:00000570       __d02PI                    00453570     MSVCRT:_svml_dtrig_.obj
 0005:00000580       __DP4                      00453580     MSVCRT:_svml_dtrig_.obj
 0005:000005a0       __dPI04                    004535a0     MSVCRT:_svml_dtrig_.obj
 0005:000005b0       __d04PI                    004535b0     MSVCRT:_svml_dtrig_.obj
 0005:000005c0       __QP4                      004535c0     MSVCRT:_svml_dtrig_.obj
