 icedemo

 Timestamp is 597aac6d (Fri Jul 28 11:15:57 2017)

 Preferred load address is 00400000

 Start         Length     Name                   Class
 0001:00000000 00021c37H .text$mn                CODE
 0002:00000000 00000218H .idata$5                DATA
 0002:00000218 00000004H .00cfg                  DATA
 0002:0000021c 00000004H .CRT$XCA                DATA
 0002:00000220 00000004H .CRT$XCAA               DATA
 0002:00000224 00000004H .CRT$XCZ                DATA
 0002:00000228 00000004H .CRT$XIA                DATA
 0002:0000022c 00000004H .CRT$XIAA               DATA
 0002:00000230 00000004H .CRT$XIAC               DATA
 0002:00000234 00000004H .CRT$XIZ                DATA
 0002:00000238 00000004H .CRT$XPA                DATA
 0002:0000023c 00000004H .CRT$XPZ                DATA
 0002:00000240 00000004H .CRT$XTA                DATA
 0002:00000244 0000000cH .CRT$XTZ                DATA
 0002:00000250 00005780H .rdata                  DATA
 0002:000059d0 00000004H .rdata$sxdata           DATA
 0002:000059d4 00000240H .rdata$zzzdbg           DATA
 0002:00005c14 00000004H .rtc$IAA                DATA
 0002:00005c18 00000004H .rtc$IZZ                DATA
 0002:00005c1c 00000004H .rtc$TAA                DATA
 0002:00005c20 00000008H .rtc$TZZ                DATA
 0002:00005c28 0000003cH .xdata$x                DATA
 0002:00005c64 00000000H .edata                  DATA
 0002:00005c64 000000f0H .idata$2                DATA
 0002:00005d54 00000014H .idata$3                DATA
 0002:00005d68 00000218H .idata$4                DATA
 0002:00005f80 000007ceH .idata$6                DATA
 0003:00000000 00002338H .data                   DATA
 0003:00002338 00001304H .bss                    DATA
 0004:00000000 00000020H .gfids$y                DATA

  Address         Publics by Value              Rva+Base       Lib:Object

 0000:00000000       ___guard_longjmp_count     00000000     <absolute>
 0000:00000000       ___guard_fids_table        00000000     <absolute>
 0000:00000000       ___guard_fids_count        00000000     <absolute>
 0000:00000000       ___guard_iat_table         00000000     <absolute>
 0000:00000000       ___dynamic_value_reloc_table 00000000     <absolute>
 0000:00000000       ___guard_iat_count         00000000     <absolute>
 0000:00000000       ___guard_longjmp_table     00000000     <absolute>
 0000:00000001       ___safe_se_handler_count   00000001     <absolute>
 0000:00000100       ___guard_flags             00000100     <absolute>
 0000:00000000       ___ImageBase               00400000     <linker-defined>
 0001:00002270       _main                      00403270 f   icedemo.obj
 0001:000026b0       ___local_stdio_printf_options 004036b0 f i icedemo.obj
 0001:000026c0       ___local_stdio_scanf_options 004036c0 f i icedemo.obj
 0001:000026d0       __snprintf                 004036d0 f i icedemo.obj
 0001:00002710       _printf                    00403710 f i icedemo.obj
 0001:00002740       _sscanf                    00403740 f i icedemo.obj
 0001:00002770       _pjnath_init               00403770 f   pjnath-i386-win32-vc8-release:errno.obj
 0001:000027a0       _pjnath_perror             004037a0 f   pjnath-i386-win32-vc8-release:errno.obj
 0001:00004590       _pj_ice_calc_foundation    00405590 f   pjnath-i386-win32-vc8-release:ice_session.obj
 0001:00004660       _pj_ice_get_cand_type_name 00405660 f   pjnath-i386-win32-vc8-release:ice_session.obj
 0001:00004680       _pj_ice_sess_add_cand      00405680 f   pjnath-i386-win32-vc8-release:ice_session.obj
 0001:000048a0       _pj_ice_sess_change_role   004058a0 f   pjnath-i386-win32-vc8-release:ice_session.obj
 0001:000048f0       _pj_ice_sess_create        004058f0 f   pjnath-i386-win32-vc8-release:ice_session.obj
 0001:00004b90       _pj_ice_sess_create_check_list 00405b90 f   pjnath-i386-win32-vc8-release:ice_session.obj
 0001:00004ff0       _pj_ice_sess_destroy       00405ff0 f   pjnath-i386-win32-vc8-release:ice_session.obj
 0001:00005010       _pj_ice_sess_on_rx_pkt     00406010 f   pjnath-i386-win32-vc8-release:ice_session.obj
 0001:00005150       _pj_ice_sess_options_default 00406150 f   pjnath-i386-win32-vc8-release:ice_session.obj
 0001:00005170       _pj_ice_sess_send_data     00406170 f   pjnath-i386-win32-vc8-release:ice_session.obj
 0001:000052b0       _pj_ice_sess_set_options   004062b0 f   pjnath-i386-win32-vc8-release:ice_session.obj
 0001:00005310       _pj_ice_sess_set_prefs     00406310 f   pjnath-i386-win32-vc8-release:ice_session.obj
 0001:00005370       _pj_ice_sess_start_check   00406370 f   pjnath-i386-win32-vc8-release:ice_session.obj
 0001:00006840       _pj_ice_strans_cfg_copy    00407840 f   pjnath-i386-win32-vc8-release:ice_strans.obj
 0001:000068c0       _pj_ice_strans_cfg_default 004078c0 f   pjnath-i386-win32-vc8-release:ice_strans.obj
 0001:00006980       _pj_ice_strans_create      00407980 f   pjnath-i386-win32-vc8-release:ice_strans.obj
 0001:00006b60       _pj_ice_strans_destroy     00407b60 f   pjnath-i386-win32-vc8-release:ice_strans.obj
 0001:00006b80       _pj_ice_strans_enum_cands  00407b80 f   pjnath-i386-win32-vc8-release:ice_strans.obj
 0001:00006c30       _pj_ice_strans_get_def_cand 00407c30 f   pjnath-i386-win32-vc8-release:ice_strans.obj
 0001:00006cb0       _pj_ice_strans_get_role    00407cb0 f   pjnath-i386-win32-vc8-release:ice_strans.obj
 0001:00006cd0       _pj_ice_strans_get_running_comp_cnt 00407cd0 f   pjnath-i386-win32-vc8-release:ice_strans.obj
 0001:00006d10       _pj_ice_strans_get_ufrag_pwd 00407d10 f   pjnath-i386-win32-vc8-release:ice_strans.obj
 0001:00006dd0       _pj_ice_strans_has_sess    00407dd0 f   pjnath-i386-win32-vc8-release:ice_strans.obj
 0001:00006df0       _pj_ice_strans_init_ice    00407df0 f   pjnath-i386-win32-vc8-release:ice_strans.obj
 0001:00006ff0       _pj_ice_strans_sendto      00407ff0 f   pjnath-i386-win32-vc8-release:ice_strans.obj
 0001:00007150       _pj_ice_strans_sess_is_complete 00408150 f   pjnath-i386-win32-vc8-release:ice_strans.obj
 0001:00007180       _pj_ice_strans_sess_is_running 00408180 f   pjnath-i386-win32-vc8-release:ice_strans.obj
 0001:000071b0       _pj_ice_strans_start_ice   004081b0 f   pjnath-i386-win32-vc8-release:ice_strans.obj
 0001:000073c0       _pj_ice_strans_stop_ice    004083c0 f   pjnath-i386-win32-vc8-release:ice_strans.obj
 0001:00008ab0       _pj_stun_attr_clone        00409ab0 f   pjnath-i386-win32-vc8-release:stun_msg.obj
 0001:00008b10       _pj_stun_binary_attr_init  00409b10 f   pjnath-i386-win32-vc8-release:stun_msg.obj
 0001:00008b80       _pj_stun_errcode_attr_create 00409b80 f   pjnath-i386-win32-vc8-release:stun_msg.obj
 0001:00008c60       _pj_stun_get_attr_name     00409c60 f   pjnath-i386-win32-vc8-release:stun_msg.obj
 0001:00008cb0       _pj_stun_get_class_name    00409cb0 f   pjnath-i386-win32-vc8-release:stun_msg.obj
 0001:00008d00       _pj_stun_get_err_reason    00409d00 f   pjnath-i386-win32-vc8-release:stun_msg.obj
 0001:00008d70       _pj_stun_get_method_name   00409d70 f   pjnath-i386-win32-vc8-release:stun_msg.obj
 0001:00008d90       _pj_stun_msg_add_attr      00409d90 f   pjnath-i386-win32-vc8-release:stun_msg.obj
 0001:00008dd0       _pj_stun_msg_add_binary_attr 00409dd0 f   pjnath-i386-win32-vc8-release:stun_msg.obj
 0001:00008e40       _pj_stun_msg_add_empty_attr 00409e40 f   pjnath-i386-win32-vc8-release:stun_msg.obj
 0001:00008e90       _pj_stun_msg_add_errcode_attr 00409e90 f   pjnath-i386-win32-vc8-release:stun_msg.obj
 0001:00008ef0       _pj_stun_msg_add_msgint_attr 00409ef0 f   pjnath-i386-win32-vc8-release:stun_msg.obj
 0001:00008f40       _pj_stun_msg_add_sockaddr_attr 00409f40 f   pjnath-i386-win32-vc8-release:stun_msg.obj
 0001:00008fa0       _pj_stun_msg_add_string_attr 00409fa0 f   pjnath-i386-win32-vc8-release:stun_msg.obj
 0001:00009010       _pj_stun_msg_add_uint64_attr 0040a010 f   pjnath-i386-win32-vc8-release:stun_msg.obj
 0001:00009080       _pj_stun_msg_add_uint_attr 0040a080 f   pjnath-i386-win32-vc8-release:stun_msg.obj
 0001:000090e0       _pj_stun_msg_add_unknown_attr 0040a0e0 f   pjnath-i386-win32-vc8-release:stun_msg.obj
 0001:00009140       _pj_stun_msg_check         0040a140 f   pjnath-i386-win32-vc8-release:stun_msg.obj
 0001:00009240       _pj_stun_msg_create        0040a240 f   pjnath-i386-win32-vc8-release:stun_msg.obj
 0001:00009290       _pj_stun_msg_create_response 0040a290 f   pjnath-i386-win32-vc8-release:stun_msg.obj
 0001:00009330       _pj_stun_msg_decode        0040a330 f   pjnath-i386-win32-vc8-release:stun_msg.obj
 0001:00009960       _pj_stun_msg_encode        0040a960 f   pjnath-i386-win32-vc8-release:stun_msg.obj
 0001:00009d90       _pj_stun_msg_find_attr     0040ad90 f   pjnath-i386-win32-vc8-release:stun_msg.obj
 0001:00009de0       _pj_stun_msg_init          0040ade0 f   pjnath-i386-win32-vc8-release:stun_msg.obj
 0001:00009e80       _pj_stun_sockaddr_attr_init 0040ae80 f   pjnath-i386-win32-vc8-release:stun_msg.obj
 0001:00009ee0       _pj_stun_string_attr_init  0040aee0 f   pjnath-i386-win32-vc8-release:stun_msg.obj
 0001:00009f30       _pj_stun_unknown_attr_create 0040af30 f   pjnath-i386-win32-vc8-release:stun_msg.obj
 0001:0000ac50       _pj_stun_msg_destroy_tdata 0040bc50 f   pjnath-i386-win32-vc8-release:stun_session.obj
 0001:0000ace0       _pj_stun_session_cancel_req 0040bce0 f   pjnath-i386-win32-vc8-release:stun_session.obj
 0001:0000ad70       _pj_stun_session_create    0040bd70 f   pjnath-i386-win32-vc8-release:stun_session.obj
 0001:0000aeb0       _pj_stun_session_create_ind 0040beb0 f   pjnath-i386-win32-vc8-release:stun_session.obj
 0001:0000af90       _pj_stun_session_create_req 0040bf90 f   pjnath-i386-win32-vc8-release:stun_session.obj
 0001:0000b0e0       _pj_stun_session_create_res 0040c0e0 f   pjnath-i386-win32-vc8-release:stun_session.obj
 0001:0000b1d0       _pj_stun_session_destroy   0040c1d0 f   pjnath-i386-win32-vc8-release:stun_session.obj
 0001:0000b2b0       _pj_stun_session_get_user_data 0040c2b0 f   pjnath-i386-win32-vc8-release:stun_session.obj
 0001:0000b2d0       _pj_stun_session_on_rx_pkt 0040c2d0 f   pjnath-i386-win32-vc8-release:stun_session.obj
 0001:0000b480       _pj_stun_session_respond   0040c480 f   pjnath-i386-win32-vc8-release:stun_session.obj
 0001:0000b530       _pj_stun_session_retransmit_req 0040c530 f   pjnath-i386-win32-vc8-release:stun_session.obj
 0001:0000b5a0       _pj_stun_session_send_msg  0040c5a0 f   pjnath-i386-win32-vc8-release:stun_session.obj
 0001:0000b830       _pj_stun_session_set_credential 0040c830 f   pjnath-i386-win32-vc8-release:stun_session.obj
 0001:0000b8c0       _pj_stun_session_set_log   0040c8c0 f   pjnath-i386-win32-vc8-release:stun_session.obj
 0001:0000b8e0       _pj_stun_session_set_software_name 0040c8e0 f   pjnath-i386-win32-vc8-release:stun_session.obj
 0001:0000b950       _pj_stun_session_set_user_data 0040c950 f   pjnath-i386-win32-vc8-release:stun_session.obj
 0001:0000b990       _pj_stun_session_use_fingerprint 0040c990 f   pjnath-i386-win32-vc8-release:stun_session.obj
 0001:0000bdb0       _pj_stun_auth_cred_dup     0040cdb0 f   pjnath-i386-win32-vc8-release:stun_auth.obj
 0001:0000be30       _pj_stun_auth_valid_for_msg 0040ce30 f   pjnath-i386-win32-vc8-release:stun_auth.obj
 0001:0000bee0       _pj_stun_authenticate_request 0040cee0 f   pjnath-i386-win32-vc8-release:stun_auth.obj
 0001:0000c400       _pj_stun_authenticate_response 0040d400 f   pjnath-i386-win32-vc8-release:stun_auth.obj
 0001:0000c5b0       _pj_stun_create_key        0040d5b0 f   pjnath-i386-win32-vc8-release:stun_auth.obj
 0001:0000c620       _pj_stun_req_cred_info_dup 0040d620 f   pjnath-i386-win32-vc8-release:stun_auth.obj
 0001:0000c9e0       _pj_stun_sock_cfg_default  0040d9e0 f   pjnath-i386-win32-vc8-release:stun_sock.obj
 0001:0000ca40       _pj_stun_sock_create       0040da40 f   pjnath-i386-win32-vc8-release:stun_sock.obj
 0001:0000cf70       _pj_stun_sock_destroy      0040df70 f   pjnath-i386-win32-vc8-release:stun_sock.obj
 0001:0000d050       _pj_stun_sock_get_info     0040e050 f   pjnath-i386-win32-vc8-release:stun_sock.obj
 0001:0000d260       _pj_stun_sock_get_user_data 0040e260 f   pjnath-i386-win32-vc8-release:stun_sock.obj
 0001:0000d280       _pj_stun_sock_op_name      0040e280 f   pjnath-i386-win32-vc8-release:stun_sock.obj
 0001:0000d2e0       _pj_stun_sock_sendto       0040e2e0 f   pjnath-i386-win32-vc8-release:stun_sock.obj
 0001:0000d380       _pj_stun_sock_start        0040e380 f   pjnath-i386-win32-vc8-release:stun_sock.obj
 0001:0000e190       _pj_turn_alloc_param_copy  0040f190 f   pjnath-i386-win32-vc8-release:turn_session.obj
 0001:0000e1b0       _pj_turn_alloc_param_default 0040f1b0 f   pjnath-i386-win32-vc8-release:turn_session.obj
 0001:0000e1d0       _pj_turn_session_alloc     0040f1d0 f   pjnath-i386-win32-vc8-release:turn_session.obj
 0001:0000e350       _pj_turn_session_bind_channel 0040f350 f   pjnath-i386-win32-vc8-release:turn_session.obj
 0001:0000e510       _pj_turn_session_create    0040f510 f   pjnath-i386-win32-vc8-release:turn_session.obj
 0001:0000e6c0       _pj_turn_session_destroy   0040f6c0 f   pjnath-i386-win32-vc8-release:turn_session.obj
 0001:0000e740       _pj_turn_session_get_info  0040f740 f   pjnath-i386-win32-vc8-release:turn_session.obj
 0001:0000e7f0       _pj_turn_session_get_user_data 0040f7f0 f   pjnath-i386-win32-vc8-release:turn_session.obj
 0001:0000e800       _pj_turn_session_on_rx_pkt 0040f800 f   pjnath-i386-win32-vc8-release:turn_session.obj
 0001:0000e970       _pj_turn_session_sendto    0040f970 f   pjnath-i386-win32-vc8-release:turn_session.obj
 0001:0000eca0       _pj_turn_session_set_credential 0040fca0 f   pjnath-i386-win32-vc8-release:turn_session.obj
 0001:0000ecf0       _pj_turn_session_set_log   0040fcf0 f   pjnath-i386-win32-vc8-release:turn_session.obj
 0001:0000ed10       _pj_turn_session_set_perm  0040fd10 f   pjnath-i386-win32-vc8-release:turn_session.obj
 0001:0000eef0       _pj_turn_session_set_server 0040fef0 f   pjnath-i386-win32-vc8-release:turn_session.obj
 0001:0000f1e0       _pj_turn_session_set_user_data 004101e0 f   pjnath-i386-win32-vc8-release:turn_session.obj
 0001:0000f1f0       _pj_turn_session_shutdown  004101f0 f   pjnath-i386-win32-vc8-release:turn_session.obj
 0001:0000f230       _pj_turn_state_name        00410230 f   pjnath-i386-win32-vc8-release:turn_session.obj
 0001:0000ff80       _pj_turn_sock_alloc        00410f80 f   pjnath-i386-win32-vc8-release:turn_sock.obj
 0001:00010050       _pj_turn_sock_bind_channel 00411050 f   pjnath-i386-win32-vc8-release:turn_sock.obj
 0001:00010090       _pj_turn_sock_cfg_default  00411090 f   pjnath-i386-win32-vc8-release:turn_sock.obj
 0001:000100c0       _pj_turn_sock_create       004110c0 f   pjnath-i386-win32-vc8-release:turn_sock.obj
 0001:000102c0       _pj_turn_sock_destroy      004112c0 f   pjnath-i386-win32-vc8-release:turn_sock.obj
 0001:00010310       _pj_turn_sock_get_info     00411310 f   pjnath-i386-win32-vc8-release:turn_sock.obj
 0001:00010360       _pj_turn_sock_get_user_data 00411360 f   pjnath-i386-win32-vc8-release:turn_sock.obj
 0001:00010380       _pj_turn_sock_lock         00411380 f   pjnath-i386-win32-vc8-release:turn_sock.obj
 0001:000103a0       _pj_turn_sock_sendto       004113a0 f   pjnath-i386-win32-vc8-release:turn_sock.obj
 0001:000103e0       _pj_turn_sock_set_log      004113e0 f   pjnath-i386-win32-vc8-release:turn_sock.obj
 0001:00010400       _pj_turn_sock_set_perm     00411400 f   pjnath-i386-win32-vc8-release:turn_sock.obj
 0001:00010420       _pj_turn_sock_set_user_data 00411420 f   pjnath-i386-win32-vc8-release:turn_sock.obj
 0001:00010440       _pj_turn_sock_unlock       00411440 f   pjnath-i386-win32-vc8-release:turn_sock.obj
 0001:000109f0       _pj_stun_msg_dump          004119f0 f   pjnath-i386-win32-vc8-release:stun_msg_dump.obj
 0001:00010ee0       _sprintf                   00411ee0 f i pjnath-i386-win32-vc8-release:stun_msg_dump.obj
 0001:00010f40       _pj_stun_client_tsx_create 00411f40 f   pjnath-i386-win32-vc8-release:stun_transaction.obj
 0001:00010ff0       _pj_stun_client_tsx_get_data 00411ff0 f   pjnath-i386-win32-vc8-release:stun_transaction.obj
 0001:00011010       _pj_stun_client_tsx_on_rx_msg 00412010 f   pjnath-i386-win32-vc8-release:stun_transaction.obj
 0001:000110e0       _pj_stun_client_tsx_retransmit 004120e0 f   pjnath-i386-win32-vc8-release:stun_transaction.obj
 0001:00011120       _pj_stun_client_tsx_schedule_destroy 00412120 f   pjnath-i386-win32-vc8-release:stun_transaction.obj
 0001:000111c0       _pj_stun_client_tsx_send_msg 004121c0 f   pjnath-i386-win32-vc8-release:stun_transaction.obj
 0001:000112c0       _pj_stun_client_tsx_set_data 004122c0 f   pjnath-i386-win32-vc8-release:stun_transaction.obj
 0001:000112e0       _pj_stun_client_tsx_stop   004122e0 f   pjnath-i386-win32-vc8-release:stun_transaction.obj
 0001:00011520       _pjlib_util_init           00412520 f   pjlib-util-i386-win32-vc8-release:errno.obj
 0001:00011540       _pjlib_util_strerror       00412540 f   pjlib-util-i386-win32-vc8-release:errno.obj
 0001:00011ee0       _pj_getopt_long            00412ee0 f   pjlib-util-i386-win32-vc8-release:getopt.obj
 0001:000127d0       _pj_dns_parse_a_response   004137d0 f   pjlib-util-i386-win32-vc8-release:resolver.obj
 0001:00012a30       _pj_dns_resolver_cancel_query 00413a30 f   pjlib-util-i386-win32-vc8-release:resolver.obj
 0001:00012a90       _pj_dns_resolver_create    00413a90 f   pjlib-util-i386-win32-vc8-release:resolver.obj
 0001:00012bf0       _pj_dns_resolver_destroy   00413bf0 f   pjlib-util-i386-win32-vc8-release:resolver.obj
 0001:00012d90       _pj_dns_resolver_set_ns    00413d90 f   pjlib-util-i386-win32-vc8-release:resolver.obj
 0001:00012e90       _pj_dns_resolver_start_query 00413e90 f   pjlib-util-i386-win32-vc8-release:resolver.obj
 0001:00013210       _pj_dns_settings_default   00414210 f   pjlib-util-i386-win32-vc8-release:resolver.obj
 0001:00013ba0       _pj_crc32_calc             00414ba0 f   pjlib-util-i386-win32-vc8-release:crc32.obj
 0001:00013bd0       _pj_crc32_update           00414bd0 f   pjlib-util-i386-win32-vc8-release:crc32.obj
 0001:00013c80       _pj_hmac_sha1_final        00414c80 f   pjlib-util-i386-win32-vc8-release:hmac_sha1.obj
 0001:00013cc0       _pj_hmac_sha1_init         00414cc0 f   pjlib-util-i386-win32-vc8-release:hmac_sha1.obj
 0001:00013da0       _pj_hmac_sha1_update       00414da0 f   pjlib-util-i386-win32-vc8-release:hmac_sha1.obj
 0001:00014430       _pj_md5_final              00415430 f   pjlib-util-i386-win32-vc8-release:md5.obj
 0001:000144c0       _pj_md5_init               004154c0 f   pjlib-util-i386-win32-vc8-release:md5.obj
 0001:00014500       _pj_md5_update             00415500 f   pjlib-util-i386-win32-vc8-release:md5.obj
 0001:00014f90       _pj_dns_srv_cancel_query   00415f90 f   pjlib-util-i386-win32-vc8-release:srv_resolver.obj
 0001:00015040       _pj_dns_srv_resolve        00416040 f   pjlib-util-i386-win32-vc8-release:srv_resolver.obj
 0001:00015890       _pj_dns_get_type_name      00416890 f   pjlib-util-i386-win32-vc8-release:dns.obj
 0001:00015940       _pj_dns_make_query         00416940 f   pjlib-util-i386-win32-vc8-release:dns.obj
 0001:00015a30       _pj_dns_packet_dup         00416a30 f   pjlib-util-i386-win32-vc8-release:dns.obj
 0001:00015d00       _pj_dns_parse_packet       00416d00 f   pjlib-util-i386-win32-vc8-release:dns.obj
 0001:00017210       _pj_sha1_final             00418210 f   pjlib-util-i386-win32-vc8-release:sha1.obj
 0001:000173b0       _pj_sha1_init              004183b0 f   pjlib-util-i386-win32-vc8-release:sha1.obj
 0001:000173f0       _pj_sha1_update            004183f0 f   pjlib-util-i386-win32-vc8-release:sha1.obj
 0001:000174d0       _pj_get_version            004184d0 f   pjlib-i386-win32-vc8-release:config.obj
 0001:00017580       _pj_atexit                 00418580 f   pjlib-i386-win32-vc8-release:os_core_win32.obj
 0001:000175b0       _pj_atomic_create          004185b0 f   pjlib-i386-win32-vc8-release:os_core_win32.obj
 0001:000175e0       _pj_atomic_dec_and_get     004185e0 f   pjlib-i386-win32-vc8-release:os_core_win32.obj
 0001:00017630       _pj_atomic_destroy         00418630 f   pjlib-i386-win32-vc8-release:os_core_win32.obj
 0001:00017650       _pj_atomic_get             00418650 f   pjlib-i386-win32-vc8-release:os_core_win32.obj
 0001:000176a0       _pj_atomic_inc             004186a0 f   pjlib-i386-win32-vc8-release:os_core_win32.obj
 0001:000176f0       _pj_enter_critical_section 004186f0 f   pjlib-i386-win32-vc8-release:os_core_win32.obj
 0001:00017700       _pj_getpid                 00418700 f   pjlib-i386-win32-vc8-release:os_core_win32.obj
 0001:00017750       _pj_init                   00418750 f   pjlib-i386-win32-vc8-release:os_core_win32.obj
 0001:00017890       _pj_leave_critical_section 00418890 f   pjlib-i386-win32-vc8-release:os_core_win32.obj
 0001:000178e0       _pj_mutex_create           004188e0 f   pjlib-i386-win32-vc8-release:os_core_win32.obj
 0001:00017930       _pj_mutex_create_recursive 00418930 f   pjlib-i386-win32-vc8-release:os_core_win32.obj
 0001:00017930       _pj_mutex_create_simple    00418930 f   pjlib-i386-win32-vc8-release:os_core_win32.obj
 0001:00017980       _pj_mutex_destroy          00418980 f   pjlib-i386-win32-vc8-release:os_core_win32.obj
 0001:000179e0       _pj_mutex_lock             004189e0 f   pjlib-i386-win32-vc8-release:os_core_win32.obj
 0001:00017a50       _pj_mutex_trylock          00418a50 f   pjlib-i386-win32-vc8-release:os_core_win32.obj
 0001:00017ad0       _pj_mutex_unlock           00418ad0 f   pjlib-i386-win32-vc8-release:os_core_win32.obj
 0001:00017b30       _pj_sem_destroy            00418b30 f   pjlib-i386-win32-vc8-release:os_core_win32.obj
 0001:00017bc0       _pj_sem_post               00418bc0 f   pjlib-i386-win32-vc8-release:os_core_win32.obj
 0001:00017c50       _pj_sem_trywait            00418c50 f   pjlib-i386-win32-vc8-release:os_core_win32.obj
 0001:00017cb0       _pj_sem_wait               00418cb0 f   pjlib-i386-win32-vc8-release:os_core_win32.obj
 0001:00017dc0       _pj_shutdown               00418dc0 f   pjlib-i386-win32-vc8-release:os_core_win32.obj
 0001:00017f00       _pj_term_set_color         00418f00 f   pjlib-i386-win32-vc8-release:os_core_win32.obj
 0001:00017fd0       _pj_thread_check_stack     00418fd0 f   pjlib-i386-win32-vc8-release:os_core_win32.obj
 0001:00018010       _pj_thread_create          00419010 f   pjlib-i386-win32-vc8-release:os_core_win32.obj
 0001:00018150       _pj_thread_destroy         00419150 f   pjlib-i386-win32-vc8-release:os_core_win32.obj
 0001:000181e0       _pj_thread_get_name        004191e0 f   pjlib-i386-win32-vc8-release:os_core_win32.obj
 0001:00018230       _pj_thread_init            00419230 f   pjlib-i386-win32-vc8-release:os_core_win32.obj
 0001:00018290       _pj_thread_join            00419290 f   pjlib-i386-win32-vc8-release:os_core_win32.obj
 0001:00018350       _pj_thread_local_alloc     00419350 f   pjlib-i386-win32-vc8-release:os_core_win32.obj
 0001:000183a0       _pj_thread_local_free      004193a0 f   pjlib-i386-win32-vc8-release:os_core_win32.obj
 0001:000183f0       _pj_thread_local_get       004193f0 f   pjlib-i386-win32-vc8-release:os_core_win32.obj
 0001:00018400       _pj_thread_local_set       00419400 f   pjlib-i386-win32-vc8-release:os_core_win32.obj
 0001:00018440       _pj_thread_register        00419440 f   pjlib-i386-win32-vc8-release:os_core_win32.obj
 0001:00018500       _pj_thread_sleep           00419500 f   pjlib-i386-win32-vc8-release:os_core_win32.obj
 0001:00018550       _pj_thread_this            00419550 f   pjlib-i386-win32-vc8-release:os_core_win32.obj
 0001:000186a0       ?ioqueue_dispatch_exception_event@@YAXPAUpj_ioqueue_t@@PAUpj_ioqueue_key_t@@@Z 004196a0 f   pjlib-i386-win32-vc8-release:ioqueue_select.obj
 0001:000187d0       ?ioqueue_dispatch_read_event@@YAXPAUpj_ioqueue_t@@PAUpj_ioqueue_key_t@@@Z 004197d0 f   pjlib-i386-win32-vc8-release:ioqueue_select.obj
 0001:000189f0       ?ioqueue_dispatch_write_event@@YAXPAUpj_ioqueue_t@@PAUpj_ioqueue_key_t@@@Z 004199f0 f   pjlib-i386-win32-vc8-release:ioqueue_select.obj
 0001:00018df0       _pj_ioqueue_accept         00419df0 f   pjlib-i386-win32-vc8-release:ioqueue_select.obj
 0001:00018f40       _pj_ioqueue_connect        00419f40 f   pjlib-i386-win32-vc8-release:ioqueue_select.obj
 0001:00019020       _pj_ioqueue_create         0041a020 f   pjlib-i386-win32-vc8-release:ioqueue_select.obj
 0001:000191c0       _pj_ioqueue_destroy        0041a1c0 f   pjlib-i386-win32-vc8-release:ioqueue_select.obj
 0001:00019280       _pj_ioqueue_get_user_data  0041a280 f   pjlib-i386-win32-vc8-release:ioqueue_select.obj
 0001:000192a0       _pj_ioqueue_is_pending     0041a2a0 f   pjlib-i386-win32-vc8-release:ioqueue_select.obj
 0001:000192b0       _pj_ioqueue_lock_key       0041a2b0 f   pjlib-i386-win32-vc8-release:ioqueue_select.obj
 0001:000192e0       _pj_ioqueue_op_key_init    0041a2e0 f   pjlib-i386-win32-vc8-release:ioqueue_select.obj
 0001:00019300       _pj_ioqueue_poll           0041a300 f   pjlib-i386-win32-vc8-release:ioqueue_select.obj
 0001:00019630       _pj_ioqueue_recv           0041a630 f   pjlib-i386-win32-vc8-release:ioqueue_select.obj
 0001:00019750       _pj_ioqueue_recvfrom       0041a750 f   pjlib-i386-win32-vc8-release:ioqueue_select.obj
 0001:00019880       _pj_ioqueue_register_sock  0041a880 f   pjlib-i386-win32-vc8-release:ioqueue_select.obj
 0001:000198b0       _pj_ioqueue_register_sock2 0041a8b0 f   pjlib-i386-win32-vc8-release:ioqueue_select.obj
 0001:000199d0       _pj_ioqueue_send           0041a9d0 f   pjlib-i386-win32-vc8-release:ioqueue_select.obj
 0001:00019b70       _pj_ioqueue_sendto         0041ab70 f   pjlib-i386-win32-vc8-release:ioqueue_select.obj
 0001:00019d10       _pj_ioqueue_set_concurrency 0041ad10 f   pjlib-i386-win32-vc8-release:ioqueue_select.obj
 0001:00019d30       _pj_ioqueue_set_lock       0041ad30 f   pjlib-i386-win32-vc8-release:ioqueue_select.obj
 0001:00019d70       _pj_ioqueue_unlock_key     0041ad70 f   pjlib-i386-win32-vc8-release:ioqueue_select.obj
 0001:00019da0       _pj_ioqueue_unregister     0041ada0 f   pjlib-i386-win32-vc8-release:ioqueue_select.obj
 0001:00019e80       _pj_gethostip              0041ae80 f   pjlib-i386-win32-vc8-release:sock_common.obj
 0001:0001a810       _pj_getipinterface         0041b810 f   pjlib-i386-win32-vc8-release:sock_common.obj
 0001:0001a9f0       _pj_sock_bind_random       0041b9f0 f   pjlib-i386-win32-vc8-release:sock_common.obj
 0001:0001ab90       _pj_sock_setsockopt_sobuf  0041bb90 f   pjlib-i386-win32-vc8-release:sock_common.obj
 0001:0001acd0       _pj_sockaddr_cmp           0041bcd0 f   pjlib-i386-win32-vc8-release:sock_common.obj
 0001:0001adf0       _pj_sockaddr_cp            0041bdf0 f   pjlib-i386-win32-vc8-release:sock_common.obj
 0001:0001ae50       _pj_sockaddr_get_addr      0041be50 f   pjlib-i386-win32-vc8-release:sock_common.obj
 0001:0001ae90       _pj_sockaddr_get_addr_len  0041be90 f   pjlib-i386-win32-vc8-release:sock_common.obj
 0001:0001aed0       _pj_sockaddr_get_len       0041bed0 f   pjlib-i386-win32-vc8-release:sock_common.obj
 0001:0001af10       _pj_sockaddr_get_port      0041bf10 f   pjlib-i386-win32-vc8-release:sock_common.obj
 0001:0001af40       _pj_sockaddr_has_addr      0041bf40 f   pjlib-i386-win32-vc8-release:sock_common.obj
 0001:0001aff0       _pj_sockaddr_in_init       0041bff0 f   pjlib-i386-win32-vc8-release:sock_common.obj
 0001:0001b040       _pj_sockaddr_in_set_str_addr 0041c040 f   pjlib-i386-win32-vc8-release:sock_common.obj
 0001:0001b0f0       _pj_sockaddr_init          0041c0f0 f   pjlib-i386-win32-vc8-release:sock_common.obj
 0001:0001b1a0       _pj_sockaddr_print         0041c1a0 f   pjlib-i386-win32-vc8-release:sock_common.obj
 0001:0001b2b0       _pj_sockaddr_set_port      0041c2b0 f   pjlib-i386-win32-vc8-release:sock_common.obj
 0001:0001b300       _pj_sockaddr_set_str_addr  0041c300 f   pjlib-i386-win32-vc8-release:sock_common.obj
 0001:0001b400       _pj_get_netos_error        0041c400 f   pjlib-i386-win32-vc8-release:os_error_win32.obj
 0001:0001b420       _platform_strerror         0041c420 f   pjlib-i386-win32-vc8-release:os_error_win32.obj
 0001:0001b520       _pj_errno_clear_handlers   0041c520 f   pjlib-i386-win32-vc8-release:errno.obj
 0001:0001b540       _pj_perror                 0041c540 f   pjlib-i386-win32-vc8-release:errno.obj
 0001:0001b560       _pj_perror_2               0041c560 f   pjlib-i386-win32-vc8-release:errno.obj
 0001:0001b580       _pj_perror_3               0041c580 f   pjlib-i386-win32-vc8-release:errno.obj
 0001:0001b5a0       _pj_perror_4               0041c5a0 f   pjlib-i386-win32-vc8-release:errno.obj
 0001:0001b660       _pj_register_strerror      0041c660 f   pjlib-i386-win32-vc8-release:errno.obj
 0001:0001b740       _pj_strerror               0041c740 f   pjlib-i386-win32-vc8-release:errno.obj
 0001:0001b890       _pj_log_write              0041c890 f   pjlib-i386-win32-vc8-release:log_writer_stdout.obj
 0001:0001b930       _pj_log                    0041c930 f   pjlib-i386-win32-vc8-release:log.obj
 0001:0001be30       _pj_log_1                  0041ce30 f   pjlib-i386-win32-vc8-release:log.obj
 0001:0001be50       _pj_log_3                  0041ce50 f   pjlib-i386-win32-vc8-release:log.obj
 0001:0001be70       _pj_log_4                  0041ce70 f   pjlib-i386-win32-vc8-release:log.obj
 0001:0001be90       _pj_log_5                  0041ce90 f   pjlib-i386-win32-vc8-release:log.obj
 0001:0001beb0       _pj_log_get_color          0041ceb0 f   pjlib-i386-win32-vc8-release:log.obj
 0001:0001bf20       _pj_log_get_decor          0041cf20 f   pjlib-i386-win32-vc8-release:log.obj
 0001:0001bf30       _pj_log_get_level          0041cf30 f   pjlib-i386-win32-vc8-release:log.obj
 0001:0001bf40       _pj_log_init               0041cf40 f   pjlib-i386-win32-vc8-release:log.obj
 0001:0001bfb0       _pj_log_pop_indent         0041cfb0 f   pjlib-i386-win32-vc8-release:log.obj
 0001:0001bfe0       _pj_log_push_indent        0041cfe0 f   pjlib-i386-win32-vc8-release:log.obj
 0001:0001c010       _pj_log_set_log_func       0041d010 f   pjlib-i386-win32-vc8-release:log.obj
 0001:0001c020       _pj_create_random_string   0041d020 f   pjlib-i386-win32-vc8-release:string.obj
 0001:0001c130       _pj_str                    0041d130 f   pjlib-i386-win32-vc8-release:string.obj
 0001:0001c150       _pj_strcat                 0041d150 f   pjlib-i386-win32-vc8-release:string.obj
 0001:0001c180       _pj_strcat2                0041d180 f   pjlib-i386-win32-vc8-release:string.obj
 0001:0001c1c0       _pj_strcmp                 0041d1c0 f   pjlib-i386-win32-vc8-release:string.obj
 0001:0001c220       _pj_strcpy                 0041d220 f   pjlib-i386-win32-vc8-release:string.obj
 0001:0001c250       _pj_strdup                 0041d250 f   pjlib-i386-win32-vc8-release:string.obj
 0001:0001c290       _pj_strdup2                0041d290 f   pjlib-i386-win32-vc8-release:string.obj
 0001:0001c2f0       _pj_strdup2_with_null      0041d2f0 f   pjlib-i386-win32-vc8-release:string.obj
 0001:0001c350       _pj_stricmp                0041d350 f   pjlib-i386-win32-vc8-release:string.obj
 0001:0001c3c0       _pj_strncpy                0041d3c0 f   pjlib-i386-win32-vc8-release:string.obj
 0001:0001c3f0       _pj_strncpy_with_null      0041d3f0 f   pjlib-i386-win32-vc8-release:string.obj
 0001:0001c430       _pj_utoa                   0041d430 f   pjlib-i386-win32-vc8-release:string.obj
 0001:0001c450       _pj_utoa_pad               0041d450 f   pjlib-i386-win32-vc8-release:string.obj
 0001:0001c4f0       _pj_pool_alloc             0041d4f0 f   pjlib-i386-win32-vc8-release:pool.obj
 0001:0001c540       _pj_pool_allocate_find     0041d540 f   pjlib-i386-win32-vc8-release:pool.obj
 0001:0001c620       _pj_pool_calloc            0041d620 f   pjlib-i386-win32-vc8-release:pool.obj
 0001:0001c680       _pj_pool_create            0041d680 f   pjlib-i386-win32-vc8-release:pool.obj
 0001:0001c710       _pj_pool_create_int        0041d710 f   pjlib-i386-win32-vc8-release:pool.obj
 0001:0001c7c0       _pj_pool_destroy_int       0041d7c0 f   pjlib-i386-win32-vc8-release:pool.obj
 0001:0001c800       _pj_pool_get_capacity      0041d800 f   pjlib-i386-win32-vc8-release:pool.obj
 0001:0001c810       _pj_pool_get_used_size     0041d810 f   pjlib-i386-win32-vc8-release:pool.obj
 0001:0001c840       _pj_pool_getobjname        0041d840 f   pjlib-i386-win32-vc8-release:pool.obj
 0001:0001c850       _pj_pool_init_int          0041d850 f   pjlib-i386-win32-vc8-release:pool.obj
 0001:0001c8c0       _pj_pool_release           0041d8c0 f   pjlib-i386-win32-vc8-release:pool.obj
 0001:0001c8e0       _pj_pool_reset             0041d8e0 f   pjlib-i386-win32-vc8-release:pool.obj
 0001:0001ccf0       _pj_caching_pool_destroy   0041dcf0 f   pjlib-i386-win32-vc8-release:pool_caching.obj
 0001:0001cdd0       _pj_caching_pool_init      0041ddd0 f   pjlib-i386-win32-vc8-release:pool_caching.obj
 0001:0001cf80       _pj_timer_entry_init       0041df80 f   pjlib-i386-win32-vc8-release:timer.obj
 0001:0001cfb0       _pj_timer_heap_cancel      0041dfb0 f   pjlib-i386-win32-vc8-release:timer.obj
 0001:0001d020       _pj_timer_heap_cancel_if_active 0041e020 f   pjlib-i386-win32-vc8-release:timer.obj
 0001:0001d090       _pj_timer_heap_create      0041e090 f   pjlib-i386-win32-vc8-release:timer.obj
 0001:0001d1d0       _pj_timer_heap_destroy     0041e1d0 f   pjlib-i386-win32-vc8-release:timer.obj
 0001:0001d200       _pj_timer_heap_poll        0041e200 f   pjlib-i386-win32-vc8-release:timer.obj
 0001:0001d370       _pj_timer_heap_schedule    0041e370 f   pjlib-i386-win32-vc8-release:timer.obj
 0001:0001d390       _pj_timer_heap_schedule_w_grp_lock 0041e390 f   pjlib-i386-win32-vc8-release:timer.obj
 0001:0001d7c0       _pj_gethostname            0041e7c0 f   pjlib-i386-win32-vc8-release:sock_bsd.obj
 0001:0001d840       _pj_htonl                  0041e840 f   pjlib-i386-win32-vc8-release:sock_bsd.obj
 0001:0001d850       _pj_htons                  0041e850 f   pjlib-i386-win32-vc8-release:sock_bsd.obj
 0001:0001d860       _pj_inet_aton              0041e860 f   pjlib-i386-win32-vc8-release:sock_bsd.obj
 0001:0001d8f0       _pj_inet_ntoa              0041e8f0 f   pjlib-i386-win32-vc8-release:sock_bsd.obj
 0001:0001d900       _pj_inet_ntop              0041e900 f   pjlib-i386-win32-vc8-release:sock_bsd.obj
 0001:0001da10       _pj_inet_pton              0041ea10 f   pjlib-i386-win32-vc8-release:sock_bsd.obj
 0001:0001db70       _pj_ntohl                  0041eb70 f   pjlib-i386-win32-vc8-release:sock_bsd.obj
 0001:0001db80       _pj_ntohs                  0041eb80 f   pjlib-i386-win32-vc8-release:sock_bsd.obj
 0001:0001db90       _pj_sock_accept            0041eb90 f   pjlib-i386-win32-vc8-release:sock_bsd.obj
 0001:0001dc00       _pj_sock_bind              0041ec00 f   pjlib-i386-win32-vc8-release:sock_bsd.obj
 0001:0001dc70       _pj_sock_bind_in           0041ec70 f   pjlib-i386-win32-vc8-release:sock_bsd.obj
 0001:0001dd40       _pj_sock_close             0041ed40 f   pjlib-i386-win32-vc8-release:sock_bsd.obj
 0001:0001dd90       _pj_sock_connect           0041ed90 f   pjlib-i386-win32-vc8-release:sock_bsd.obj
 0001:0001ddf0       _pj_sock_getsockname       0041edf0 f   pjlib-i386-win32-vc8-release:sock_bsd.obj
 0001:0001de50       _pj_sock_getsockopt        0041ee50 f   pjlib-i386-win32-vc8-release:sock_bsd.obj
 0001:0001dec0       _pj_sock_recv              0041eec0 f   pjlib-i386-win32-vc8-release:sock_bsd.obj
 0001:0001df30       _pj_sock_recvfrom          0041ef30 f   pjlib-i386-win32-vc8-release:sock_bsd.obj
 0001:0001dfa0       _pj_sock_send              0041efa0 f   pjlib-i386-win32-vc8-release:sock_bsd.obj
 0001:0001e010       _pj_sock_sendto            0041f010 f   pjlib-i386-win32-vc8-release:sock_bsd.obj
 0001:0001e080       _pj_sock_setsockopt        0041f080 f   pjlib-i386-win32-vc8-release:sock_bsd.obj
 0001:0001e100       _pj_sock_socket            0041f100 f   pjlib-i386-win32-vc8-release:sock_bsd.obj
 0001:0001e1b0       _pj_time_val_normalize     0041f1b0 f   pjlib-i386-win32-vc8-release:types.obj
 0001:0001e4f0       _pj_grp_lock_acquire       0041f4f0 f   pjlib-i386-win32-vc8-release:lock.obj
 0001:0001e500       _pj_grp_lock_add_handler   0041f500 f   pjlib-i386-win32-vc8-release:lock.obj
 0001:0001e550       _pj_grp_lock_add_ref       0041f550 f   pjlib-i386-win32-vc8-release:lock.obj
 0001:0001e570       _pj_grp_lock_create        0041f570 f   pjlib-i386-win32-vc8-release:lock.obj
 0001:0001e660       _pj_grp_lock_dec_ref       0041f660 f   pjlib-i386-win32-vc8-release:lock.obj
 0001:0001e690       _pj_grp_lock_get_ref       0041f690 f   pjlib-i386-win32-vc8-release:lock.obj
 0001:0001e6b0       _pj_grp_lock_release       0041f6b0 f   pjlib-i386-win32-vc8-release:lock.obj
 0001:0001e6c0       _pj_lock_acquire           0041f6c0 f   pjlib-i386-win32-vc8-release:lock.obj
 0001:0001e6e0       _pj_lock_create_null_mutex 0041f6e0 f   pjlib-i386-win32-vc8-release:lock.obj
 0001:0001e700       _pj_lock_create_recursive_mutex 0041f700 f   pjlib-i386-win32-vc8-release:lock.obj
 0001:0001e720       _pj_lock_create_simple_mutex 0041f720 f   pjlib-i386-win32-vc8-release:lock.obj
 0001:0001e740       _pj_lock_destroy           0041f740 f   pjlib-i386-win32-vc8-release:lock.obj
 0001:0001e760       _pj_lock_release           0041f760 f   pjlib-i386-win32-vc8-release:lock.obj
 0001:0001e780       _pj_list_erase             0041f780 f   pjlib-i386-win32-vc8-release:list.obj
 0001:0001e7a0       _pj_list_insert_after      0041f7a0 f   pjlib-i386-win32-vc8-release:list.obj
 0001:0001e7c0       _pj_list_insert_before     0041f7c0 f   pjlib-i386-win32-vc8-release:list.obj
 0001:0001e7e0       _pj_array_erase            0041f7e0 f   pjlib-i386-win32-vc8-release:array.obj
 0001:0001ea40       _pj_hash_calc              0041fa40 f   pjlib-i386-win32-vc8-release:hash.obj
 0001:0001ead0       _pj_hash_create            0041fad0 f   pjlib-i386-win32-vc8-release:hash.obj
 0001:0001eb20       _pj_hash_first             0041fb20 f   pjlib-i386-win32-vc8-release:hash.obj
 0001:0001eb60       _pj_hash_get               0041fb60 f   pjlib-i386-win32-vc8-release:hash.obj
 0001:0001eb90       _pj_hash_next              0041fb90 f   pjlib-i386-win32-vc8-release:hash.obj
 0001:0001ebe0       _pj_hash_set               0041fbe0 f   pjlib-i386-win32-vc8-release:hash.obj
 0001:0001ec40       _pj_hash_set_np            0041fc40 f   pjlib-i386-win32-vc8-release:hash.obj
 0001:0001eca0       _pj_hash_this              0041fca0 f   pjlib-i386-win32-vc8-release:hash.obj
 0001:0001ecc0       _pj_rand                   0041fcc0 f   pjlib-i386-win32-vc8-release:rand.obj
 0001:0001ecf0       _pj_gettimeofday           0041fcf0 f   pjlib-i386-win32-vc8-release:os_time_win32.obj
 0001:0001eda0       _pj_time_decode            0041fda0 f   pjlib-i386-win32-vc8-release:os_time_win32.obj
 0001:0001ee50       _pj_qos_get_params         0041fe50 f   pjlib-i386-win32-vc8-release:sock_qos_common.obj
 0001:0001ee80       _pj_sock_apply_qos         0041fe80 f   pjlib-i386-win32-vc8-release:sock_qos_common.obj
 0001:0001ef40       _pj_sock_apply_qos2        0041ff40 f   pjlib-i386-win32-vc8-release:sock_qos_common.obj
 0001:0001f380       _pj_activesock_cfg_default 00420380 f   pjlib-i386-win32-vc8-release:activesock.obj
 0001:0001f3b0       _pj_activesock_close       004203b0 f   pjlib-i386-win32-vc8-release:activesock.obj
 0001:0001f3f0       _pj_activesock_create      004203f0 f   pjlib-i386-win32-vc8-release:activesock.obj
 0001:0001f570       _pj_activesock_get_user_data 00420570 f   pjlib-i386-win32-vc8-release:activesock.obj
 0001:0001f590       _pj_activesock_send        00420590 f   pjlib-i386-win32-vc8-release:activesock.obj
 0001:0001f660       _pj_activesock_sendto      00420660 f   pjlib-i386-win32-vc8-release:activesock.obj
 0001:0001f6c0       _pj_activesock_start_connect 004206c0 f   pjlib-i386-win32-vc8-release:activesock.obj
 0001:0001f6f0       _pj_activesock_start_read  004206f0 f   pjlib-i386-win32-vc8-release:activesock.obj
 0001:0001f800       _pj_activesock_start_recvfrom 00420800 f   pjlib-i386-win32-vc8-release:activesock.obj
 0001:0001f990       _pj_getaddrinfo            00420990 f   pjlib-i386-win32-vc8-release:addr_resolv_sock.obj
 0001:0001fb60       _pj_gethostbyname          00420b60 f   pjlib-i386-win32-vc8-release:addr_resolv_sock.obj
 0001:00020120       _pj_enum_ip_interface      00421120 f   pjlib-i386-win32-vc8-release:ip_helper_win32.obj
 0001:00020220       _pj_exception_id_alloc     00421220 f   pjlib-i386-win32-vc8-release:except.obj
 0001:00020270       _pj_exception_id_free      00421270 f   pjlib-i386-win32-vc8-release:except.obj
 0001:000202b0       _pj_pop_exception_handler_ 004212b0 f   pjlib-i386-win32-vc8-release:except.obj
 0001:000202e0       _pj_push_exception_handler_ 004212e0 f   pjlib-i386-win32-vc8-release:except.obj
 0001:00020330       _pj_throw_exception_       00421330 f   pjlib-i386-win32-vc8-release:except.obj
 0001:000203d0       _pj_pool_create_on_buf     004213d0 f   pjlib-i386-win32-vc8-release:pool_buf.obj
 0001:000204e0       _pj_get_timestamp          004214e0 f   pjlib-i386-win32-vc8-release:os_timestamp_win32.obj
 0001:00020540       _pj_get_timestamp_freq     00421540 f   pjlib-i386-win32-vc8-release:os_timestamp_win32.obj
 0001:00020620       _pj_generate_unique_string 00421620 f   pjlib-i386-win32-vc8-release:guid_win32.obj
 0001:00020670       _pj_elapsed_time           00421670 f   pjlib-i386-win32-vc8-release:os_timestamp_common.obj
 0001:00020720       _pj_gettickcount           00421720 f   pjlib-i386-win32-vc8-release:os_timestamp_common.obj
 0001:00020760       _PJ_FD_CLR                 00421760 f   pjlib-i386-win32-vc8-release:sock_select.obj
 0001:000207e0       _PJ_FD_COUNT               004217e0 f   pjlib-i386-win32-vc8-release:sock_select.obj
 0001:000207f0       _PJ_FD_ISSET               004217f0 f   pjlib-i386-win32-vc8-release:sock_select.obj
 0001:00020820       _PJ_FD_SET                 00421820 f   pjlib-i386-win32-vc8-release:sock_select.obj
 0001:00020890       _PJ_FD_ZERO                00421890 f   pjlib-i386-win32-vc8-release:sock_select.obj
 0001:000208c0       _pj_sock_select            004218c0 f   pjlib-i386-win32-vc8-release:sock_select.obj
 0001:000209f0       _pj_sock_set_qos_params    004219f0 f   pjlib-i386-win32-vc8-release:sock_qos_bsd.obj
 0001:00020a90       _pj_sock_set_qos_type      00421a90 f   pjlib-i386-win32-vc8-release:sock_qos_bsd.obj
 0001:00020abc       ___WSAFDIsSet@8            00421abc f   ws2_32:WS2_32.dll
 0001:00020ac2       ___raise_securityfailure   00421ac2 f   MSVCRT:gs_report.obj
 0001:00020aea       ___report_gsfailure        00421aea f   MSVCRT:gs_report.obj
 0001:00020be5       ___report_rangecheckfailure 00421be5 f   MSVCRT:gs_report.obj
 0001:00020bf1       ___report_securityfailure  00421bf1 f   MSVCRT:gs_report.obj
 0001:00020cc1       @__security_check_cookie@4 00421cc1 f   MSVCRT:_secchk_.obj
 0001:00020eff       _mainCRTStartup            00421eff f   MSVCRT:exe_main.obj
 0001:00020f09       ___isa_available_init      00421f09 f   MSVCRT:_cpu_disp_.obj
 0001:000210b0       __alldiv                   004220b0 f   MSVCRT:lldiv.obj
 0001:00021160       __allmul                   00422160 f   MSVCRT:llmul.obj
 0001:000211a0       __ftoui3                   004221a0 f   MSVCRT:_ftol3_.obj
 0001:000211af       __ftoul3                   004221af f   MSVCRT:_ftol3_.obj
 0001:000211be       __ftol3                    004221be f   MSVCRT:_ftol3_.obj
 0001:000211cb       __ftol3_NaN                004221cb f   MSVCRT:_ftol3_.obj
 0001:000211e3       __ftol3_work               004221e3 f   MSVCRT:_ftol3_.obj
 0001:00021269       __ftol3_common             00422269 f   MSVCRT:_ftol3_.obj
 0001:0002132b       __ftol3_arg_error          0042232b f   MSVCRT:_ftol3_.obj
 0001:0002133d       __ftol3_except             0042233d f   MSVCRT:_ftol3_.obj
 0001:00021381       __dtoui3                   00422381 f   MSVCRT:_ftol3_.obj
 0001:00021390       __dtoul3                   00422390 f   MSVCRT:_ftol3_.obj
 0001:0002139f       __dtol3                    0042239f f   MSVCRT:_ftol3_.obj
 0001:000213ac       __dtol3_NaN                004223ac f   MSVCRT:_ftol3_.obj
 0001:000213c9       __dtol3_work               004223c9 f   MSVCRT:_ftol3_.obj
 0001:000214b0       __ultod3                   004224b0 f   MSVCRT:_ftol3_.obj
 0001:000214f0       __ltod3                    004224f0 f   MSVCRT:_ftol3_.obj
 0001:0002155b       ___scrt_acquire_startup_lock 0042255b f   MSVCRT:utility.obj
 0001:00021590       ___scrt_initialize_crt     00422590 f   MSVCRT:utility.obj
 0001:000215c9       ___scrt_initialize_onexit_tables 004225c9 f   MSVCRT:utility.obj
 0001:00021660       ___scrt_is_nonwritable_in_current_image 00422660 f   MSVCRT:utility.obj
 0001:000216ea       ___scrt_release_startup_lock 004226ea f   MSVCRT:utility.obj
 0001:00021707       ___scrt_uninitialize_crt   00422707 f   MSVCRT:utility.obj
 0001:0002172f       __onexit                   0042272f f   MSVCRT:utility.obj
 0001:0002176a       _atexit                    0042276a f   MSVCRT:utility.obj
 0001:0002177f       ___security_init_cookie    0042277f f   MSVCRT:gs_support.obj
 0001:0002181b       __get_startup_argv_mode    0042281b f   MSVCRT:argv_mode.obj
 0001:00021820       __get_startup_thread_locale_mode 00422820 f   MSVCRT:thread_locale.obj
 0001:00021820       __get_startup_new_mode     00422820 f   MSVCRT:new_mode.obj
 0001:00021820       __get_startup_commit_mode  00422820 f   MSVCRT:commit_mode.obj
 0001:00021820       ___scrt_initialize_winrt   00422820 f   MSVCRT:utility_desktop.obj
 0001:00021820       _pj_stun_client_tsx_destroy 00422820 f   pjnath-i386-win32-vc8-release:stun_transaction.obj
 0001:00021820       __matherr                  00422820 f   MSVCRT:matherr.obj
 0001:00021823       __get_startup_file_mode    00422823 f   MSVCRT:file_mode.obj
 0001:00021829       ?__scrt_initialize_type_info@@YAXXZ 00422829 f   MSVCRT:tncleanup.obj
 0001:00021835       __initialize_default_precision 00422835 f   MSVCRT:default_precision.obj
 0001:00021856       ___scrt_initialize_default_local_stdio_options 00422856 f   MSVCRT:default_local_stdio_options.obj
 0001:00021873       ___scrt_is_user_matherr_present 00422873 f   MSVCRT:matherr_detection.obj
 0001:0002187f       ___scrt_get_dyn_tls_init_callback 0042287f f   MSVCRT:dyn_tls_init.obj
 0001:00021885       ___scrt_get_dyn_tls_dtor_callback 00422885 f   MSVCRT:dyn_tls_dtor.obj
 0001:0002188b       ___scrt_fastfail           0042288b f   MSVCRT:utility_desktop.obj
 0001:000219a6       ___scrt_is_managed_app     004229a6 f   MSVCRT:utility_desktop.obj
 0001:000219ea       ___scrt_set_unhandled_exception_filter 004229ea f   MSVCRT:utility_desktop.obj
 0001:000219f6       ___scrt_unhandled_exception_filter@4 004229f6 f   MSVCRT:utility_desktop.obj
 0001:00021a37       __RTC_Initialize           00422a37 f   MSVCRT:_initsect_.obj
 0001:00021a62       __RTC_Terminate            00422a62 f   MSVCRT:_initsect_.obj
 0001:00021a8d       @_guard_check_icall@4      00422a8d f i MSVCRT:checkcfg.obj
 0001:00021aa0       __SEH_prolog4              00422aa0 f   MSVCRT:_sehprolg4_.obj
 0001:00021ae6       __SEH_epilog4              00422ae6 f   MSVCRT:_sehprolg4_.obj
 0001:00021afb       __except_handler4          00422afb f   MSVCRT:_chandler4gs_.obj
 0001:00021b1e       ___scrt_is_ucrt_dll_in_use 00422b1e f   MSVCRT:ucrt_detection.obj
 0001:00021b30       __initialize_denormal_control 00422b30 f i MSVCRT:denormal_control.obj
 0001:00021b30       @_guard_check_icall_nop@4  00422b30 f i MSVCRT:guard_support.obj
 0001:00021b30       __initialize_invalid_parameter_handler 00422b30 f i MSVCRT:invalid_parameter_handler.obj
 0001:00021b32       _IsProcessorFeaturePresent@4 00422b32 f   kernel32:KERNEL32.dll
 0001:00021b38       _memchr                    00422b38 f   vcruntime:VCRUNTIME140.dll
 0001:00021b3e       _strchr                    00422b3e f   vcruntime:VCRUNTIME140.dll
 0001:00021b44       _memset                    00422b44 f   vcruntime:VCRUNTIME140.dll
 0001:00021b4a       _memcpy                    00422b4a f   vcruntime:VCRUNTIME140.dll
 0001:00021b50       _memmove                   00422b50 f   vcruntime:VCRUNTIME140.dll
 0001:00021b56       __setjmp3                  00422b56 f   vcruntime:VCRUNTIME140.dll
 0001:00021b5c       _longjmp                   00422b5c f   vcruntime:VCRUNTIME140.dll
 0001:00021b62       __except_handler4_common   00422b62 f   vcruntime:VCRUNTIME140.dll
 0001:00021b68       ___stdio_common_vsprintf   00422b68 f   ucrt:api-ms-win-crt-stdio-l1-1-0.dll
 0001:00021b6e       _exit                      00422b6e f   ucrt:api-ms-win-crt-runtime-l1-1-0.dll
 0001:00021b74       _tolower                   00422b74 f   ucrt:api-ms-win-crt-string-l1-1-0.dll
 0001:00021b7a       _strncmp                   00422b7a f   ucrt:api-ms-win-crt-string-l1-1-0.dll
 0001:00021b80       _strncpy                   00422b80 f   ucrt:api-ms-win-crt-string-l1-1-0.dll
 0001:00021b86       __strnicmp                 00422b86 f   ucrt:api-ms-win-crt-string-l1-1-0.dll
 0001:00021b8c       _rand                      00422b8c f   ucrt:api-ms-win-crt-utility-l1-1-0.dll
 0001:00021b92       _free                      00422b92 f   ucrt:api-ms-win-crt-heap-l1-1-0.dll
 0001:00021b98       _malloc                    00422b98 f   ucrt:api-ms-win-crt-heap-l1-1-0.dll
 0001:00021b9e       __CIfmod                   00422b9e f   ucrt:api-ms-win-crt-math-l1-1-0.dll
 0001:00021ba4       __seh_filter_exe           00422ba4 f   ucrt:api-ms-win-crt-runtime-l1-1-0.dll
 0001:00021baa       __set_app_type             00422baa f   ucrt:api-ms-win-crt-runtime-l1-1-0.dll
 0001:00021bb0       ___setusermatherr          00422bb0 f   ucrt:api-ms-win-crt-math-l1-1-0.dll
 0001:00021bb6       __configure_narrow_argv    00422bb6 f   ucrt:api-ms-win-crt-runtime-l1-1-0.dll
 0001:00021bbc       __initialize_narrow_environment 00422bbc f   ucrt:api-ms-win-crt-runtime-l1-1-0.dll
 0001:00021bc2       __get_initial_narrow_environment 00422bc2 f   ucrt:api-ms-win-crt-runtime-l1-1-0.dll
 0001:00021bc8       __initterm                 00422bc8 f   ucrt:api-ms-win-crt-runtime-l1-1-0.dll
 0001:00021bce       __initterm_e               00422bce f   ucrt:api-ms-win-crt-runtime-l1-1-0.dll
 0001:00021bd4       __exit                     00422bd4 f   ucrt:api-ms-win-crt-runtime-l1-1-0.dll
 0001:00021bda       __set_fmode                00422bda f   ucrt:api-ms-win-crt-stdio-l1-1-0.dll
 0001:00021be0       ___p___argc                00422be0 f   ucrt:api-ms-win-crt-runtime-l1-1-0.dll
 0001:00021be6       ___p___argv                00422be6 f   ucrt:api-ms-win-crt-runtime-l1-1-0.dll
 0001:00021bec       __cexit                    00422bec f   ucrt:api-ms-win-crt-runtime-l1-1-0.dll
 0001:00021bf2       __c_exit                   00422bf2 f   ucrt:api-ms-win-crt-runtime-l1-1-0.dll
 0001:00021bf8       __register_thread_local_exe_atexit_callback 00422bf8 f   ucrt:api-ms-win-crt-runtime-l1-1-0.dll
 0001:00021bfe       __configthreadlocale       00422bfe f   ucrt:api-ms-win-crt-locale-l1-1-0.dll
 0001:00021c04       __set_new_mode             00422c04 f   ucrt:api-ms-win-crt-heap-l1-1-0.dll
 0001:00021c0a       ___p__commode              00422c0a f   ucrt:api-ms-win-crt-stdio-l1-1-0.dll
 0001:00021c10       __except1                  00422c10 f   ucrt:api-ms-win-crt-math-l1-1-0.dll
 0001:00021c16       __initialize_onexit_table  00422c16 f   ucrt:api-ms-win-crt-runtime-l1-1-0.dll
 0001:00021c1c       __register_onexit_function 00422c1c f   ucrt:api-ms-win-crt-runtime-l1-1-0.dll
 0001:00021c22       __crt_atexit               00422c22 f   ucrt:api-ms-win-crt-runtime-l1-1-0.dll
 0001:00021c28       __controlfp_s              00422c28 f   ucrt:api-ms-win-crt-runtime-l1-1-0.dll
 0001:00021c2e       _terminate                 00422c2e f   ucrt:api-ms-win-crt-runtime-l1-1-0.dll
 0001:00021c34       ___acrt_uninitialize       00422c34 f   MSVCRT:ucrt_stubs.obj
 0001:00021c34       ___vcrt_initialize         00422c34 f   MSVCRT:ucrt_stubs.obj
 0001:00021c34       ___scrt_stub_for_acrt_uninitialize 00422c34 f   MSVCRT:ucrt_stubs.obj
 0001:00021c34       __should_initialize_environment 00422c34 f   MSVCRT:env_mode.obj
 0001:00021c34       ___vcrt_uninitialize       00422c34 f   MSVCRT:ucrt_stubs.obj
 0001:00021c34       ___scrt_stub_for_acrt_initialize 00422c34 f   MSVCRT:ucrt_stubs.obj
 0001:00021c34       ___acrt_initialize         00422c34 f   MSVCRT:ucrt_stubs.obj
 0002:00000000       __imp__TerminateProcess@8  00423000     kernel32:KERNEL32.dll
 0002:00000004       __imp__GetModuleHandleW@4  00423004     kernel32:KERNEL32.dll
 0002:00000008       __imp__IsDebuggerPresent@0 00423008     kernel32:KERNEL32.dll
 0002:0000000c       __imp__InitializeSListHead@4 0042300c     kernel32:KERNEL32.dll
 0002:00000010       __imp__GetSystemTimeAsFileTime@4 00423010     kernel32:KERNEL32.dll
 0002:00000014       __imp__IsProcessorFeaturePresent@4 00423014     kernel32:KERNEL32.dll
 0002:00000018       __imp__GetCurrentProcess@0 00423018     kernel32:KERNEL32.dll
 0002:0000001c       __imp__SetUnhandledExceptionFilter@4 0042301c     kernel32:KERNEL32.dll
 0002:00000020       __imp__UnhandledExceptionFilter@4 00423020     kernel32:KERNEL32.dll
 0002:00000024       __imp__QueryPerformanceFrequency@4 00423024     kernel32:KERNEL32.dll
 0002:00000028       __imp__QueryPerformanceCounter@4 00423028     kernel32:KERNEL32.dll
 0002:0000002c       __imp__LoadLibraryA@4      0042302c     kernel32:KERNEL32.dll
 0002:00000030       __imp__GetProcAddress@8    00423030     kernel32:KERNEL32.dll
 0002:00000034       __imp__FreeLibrary@4       00423034     kernel32:KERNEL32.dll
 0002:00000038       __imp__SystemTimeToFileTime@8 00423038     kernel32:KERNEL32.dll
 0002:0000003c       __imp__FileTimeToSystemTime@8 0042303c     kernel32:KERNEL32.dll
 0002:00000040       __imp__GetLocalTime@4      00423040     kernel32:KERNEL32.dll
 0002:00000044       __imp__FormatMessageA@28   00423044     kernel32:KERNEL32.dll
 0002:00000048       __imp__SetConsoleTextAttribute@8 00423048     kernel32:KERNEL32.dll
 0002:0000004c       __imp__TlsFree@4           0042304c     kernel32:KERNEL32.dll
 0002:00000050       __imp__TlsSetValue@8       00423050     kernel32:KERNEL32.dll
 0002:00000054       __imp__TlsGetValue@4       00423054     kernel32:KERNEL32.dll
 0002:00000058       __imp__TlsAlloc@0          00423058     kernel32:KERNEL32.dll
 0002:0000005c       __imp__GetCurrentThreadId@0 0042305c     kernel32:KERNEL32.dll
 0002:00000060       __imp__GetCurrentThread@0  00423060     kernel32:KERNEL32.dll
 0002:00000064       __imp__CreateThread@24     00423064     kernel32:KERNEL32.dll
 0002:00000068       __imp__GetCurrentProcessId@0 00423068     kernel32:KERNEL32.dll
 0002:0000006c       __imp__GetStdHandle@4      0042306c     kernel32:KERNEL32.dll
 0002:00000070       __imp__CloseHandle@4       00423070     kernel32:KERNEL32.dll
 0002:00000074       __imp__GetLastError@0      00423074     kernel32:KERNEL32.dll
 0002:00000078       __imp__InitializeCriticalSection@4 00423078     kernel32:KERNEL32.dll
 0002:0000007c       __imp__EnterCriticalSection@4 0042307c     kernel32:KERNEL32.dll
 0002:00000080       __imp__LeaveCriticalSection@4 00423080     kernel32:KERNEL32.dll
 0002:00000084       __imp__TryEnterCriticalSection@4 00423084     kernel32:KERNEL32.dll
 0002:00000088       __imp__DeleteCriticalSection@4 00423088     kernel32:KERNEL32.dll
 0002:0000008c       __imp__ReleaseSemaphore@12 0042308c     kernel32:KERNEL32.dll
 0002:00000090       __imp__WaitForSingleObject@8 00423090     kernel32:KERNEL32.dll
 0002:00000094       __imp__Sleep@4             00423094     kernel32:KERNEL32.dll
 0002:00000098       \177KERNEL32_NULL_THUNK_DATA 00423098     kernel32:KERNEL32.dll
 0002:0000009c       __imp___setjmp3            0042309c     vcruntime:VCRUNTIME140.dll
 0002:000000a0       __imp__memmove             004230a0     vcruntime:VCRUNTIME140.dll
 0002:000000a4       __imp__memcpy              004230a4     vcruntime:VCRUNTIME140.dll
 0002:000000a8       __imp__memset              004230a8     vcruntime:VCRUNTIME140.dll
 0002:000000ac       __imp__strchr              004230ac     vcruntime:VCRUNTIME140.dll
 0002:000000b0       __imp__memchr              004230b0     vcruntime:VCRUNTIME140.dll
 0002:000000b4       __imp___except_handler4_common 004230b4     vcruntime:VCRUNTIME140.dll
 0002:000000b8       __imp__longjmp             004230b8     vcruntime:VCRUNTIME140.dll
 0002:000000bc       \177VCRUNTIME140_NULL_THUNK_DATA 004230bc     vcruntime:VCRUNTIME140.dll
 0002:000000c0       __imp__setsockopt@20       004230c0     ws2_32:WS2_32.dll
 0002:000000c4       __imp__sendto@24           004230c4     ws2_32:WS2_32.dll
 0002:000000c8       __imp__send@16             004230c8     ws2_32:WS2_32.dll
 0002:000000cc       __imp__recvfrom@24         004230cc     ws2_32:WS2_32.dll
 0002:000000d0       __imp__recv@16             004230d0     ws2_32:WS2_32.dll
 0002:000000d4       __imp__ntohs@4             004230d4     ws2_32:WS2_32.dll
 0002:000000d8       __imp__ntohl@4             004230d8     ws2_32:WS2_32.dll
 0002:000000dc       __imp__inet_ntoa@4         004230dc     ws2_32:WS2_32.dll
 0002:000000e0       __imp__inet_addr@4         004230e0     ws2_32:WS2_32.dll
 0002:000000e4       __imp__htons@4             004230e4     ws2_32:WS2_32.dll
 0002:000000e8       __imp__getsockopt@20       004230e8     ws2_32:WS2_32.dll
 0002:000000ec       __imp__getsockname@12      004230ec     ws2_32:WS2_32.dll
 0002:000000f0       __imp__connect@12          004230f0     ws2_32:WS2_32.dll
 0002:000000f4       __imp__closesocket@4       004230f4     ws2_32:WS2_32.dll
 0002:000000f8       __imp__bind@12             004230f8     ws2_32:WS2_32.dll
 0002:000000fc       __imp__gethostname@8       004230fc     ws2_32:WS2_32.dll
 0002:00000100       __imp__accept@12           00423100     ws2_32:WS2_32.dll
 0002:00000104       __imp__ioctlsocket@12      00423104     ws2_32:WS2_32.dll
 0002:00000108       __imp__WSAGetLastError@0   00423108     ws2_32:WS2_32.dll
 0002:0000010c       __imp__WSACleanup@0        0042310c     ws2_32:WS2_32.dll
 0002:00000110       __imp__WSAStartup@8        00423110     ws2_32:WS2_32.dll
 0002:00000114       __imp__WSAIoctl@36         00423114     ws2_32:WS2_32.dll
 0002:00000118       __imp__WSASocketA@24       00423118     ws2_32:WS2_32.dll
 0002:0000011c       __imp__WSAAddressToStringA@20 0042311c     ws2_32:WS2_32.dll
 0002:00000120       __imp__WSAStringToAddressA@20 00423120     ws2_32:WS2_32.dll
 0002:00000124       __imp__gethostbyname@4     00423124     ws2_32:WS2_32.dll
 0002:00000128       __imp____WSAFDIsSet@8      00423128     ws2_32:WS2_32.dll
 0002:0000012c       __imp__select@20           0042312c     ws2_32:WS2_32.dll
 0002:00000130       __imp__htonl@4             00423130     ws2_32:WS2_32.dll
 0002:00000134       \177WS2_32_NULL_THUNK_DATA 00423134     ws2_32:WS2_32.dll
 0002:00000138       __imp__atoi                00423138     ucrt:api-ms-win-crt-convert-l1-1-0.dll
 0002:0000013c       \177api-ms-win-crt-convert-l1-1-0_NULL_THUNK_DATA 0042313c     ucrt:api-ms-win-crt-convert-l1-1-0.dll
 0002:00000140       __imp___set_new_mode       00423140     ucrt:api-ms-win-crt-heap-l1-1-0.dll
 0002:00000144       __imp__free                00423144     ucrt:api-ms-win-crt-heap-l1-1-0.dll
 0002:00000148       __imp__malloc              00423148     ucrt:api-ms-win-crt-heap-l1-1-0.dll
 0002:0000014c       \177api-ms-win-crt-heap-l1-1-0_NULL_THUNK_DATA 0042314c     ucrt:api-ms-win-crt-heap-l1-1-0.dll
 0002:00000150       __imp___configthreadlocale 00423150     ucrt:api-ms-win-crt-locale-l1-1-0.dll
 0002:00000154       \177api-ms-win-crt-locale-l1-1-0_NULL_THUNK_DATA 00423154     ucrt:api-ms-win-crt-locale-l1-1-0.dll
 0002:00000158       __imp____setusermatherr    00423158     ucrt:api-ms-win-crt-math-l1-1-0.dll
 0002:0000015c       __imp___CIfmod             0042315c     ucrt:api-ms-win-crt-math-l1-1-0.dll
 0002:00000160       __imp___except1            00423160     ucrt:api-ms-win-crt-math-l1-1-0.dll
 0002:00000164       \177api-ms-win-crt-math-l1-1-0_NULL_THUNK_DATA 00423164     ucrt:api-ms-win-crt-math-l1-1-0.dll
 0002:00000168       __imp__exit                00423168     ucrt:api-ms-win-crt-runtime-l1-1-0.dll
 0002:0000016c       __imp___c_exit             0042316c     ucrt:api-ms-win-crt-runtime-l1-1-0.dll
 0002:00000170       __imp___register_thread_local_exe_atexit_callback 00423170     ucrt:api-ms-win-crt-runtime-l1-1-0.dll
 0002:00000174       __imp___cexit              00423174     ucrt:api-ms-win-crt-runtime-l1-1-0.dll
 0002:00000178       __imp__terminate           00423178     ucrt:api-ms-win-crt-runtime-l1-1-0.dll
 0002:0000017c       __imp___controlfp_s        0042317c     ucrt:api-ms-win-crt-runtime-l1-1-0.dll
 0002:00000180       __imp___crt_atexit         00423180     ucrt:api-ms-win-crt-runtime-l1-1-0.dll
 0002:00000184       __imp___register_onexit_function 00423184     ucrt:api-ms-win-crt-runtime-l1-1-0.dll
 0002:00000188       __imp____p___argc          00423188     ucrt:api-ms-win-crt-runtime-l1-1-0.dll
 0002:0000018c       __imp___initterm_e         0042318c     ucrt:api-ms-win-crt-runtime-l1-1-0.dll
 0002:00000190       __imp____p___argv          00423190     ucrt:api-ms-win-crt-runtime-l1-1-0.dll
 0002:00000194       __imp___seh_filter_exe     00423194     ucrt:api-ms-win-crt-runtime-l1-1-0.dll
 0002:00000198       __imp___set_app_type       00423198     ucrt:api-ms-win-crt-runtime-l1-1-0.dll
 0002:0000019c       __imp___exit               0042319c     ucrt:api-ms-win-crt-runtime-l1-1-0.dll
 0002:000001a0       __imp___configure_narrow_argv 004231a0     ucrt:api-ms-win-crt-runtime-l1-1-0.dll
 0002:000001a4       __imp___initialize_narrow_environment 004231a4     ucrt:api-ms-win-crt-runtime-l1-1-0.dll
 0002:000001a8       __imp___get_initial_narrow_environment 004231a8     ucrt:api-ms-win-crt-runtime-l1-1-0.dll
 0002:000001ac       __imp___initterm           004231ac     ucrt:api-ms-win-crt-runtime-l1-1-0.dll
 0002:000001b0       __imp___initialize_onexit_table 004231b0     ucrt:api-ms-win-crt-runtime-l1-1-0.dll
 0002:000001b4       \177api-ms-win-crt-runtime-l1-1-0_NULL_THUNK_DATA 004231b4     ucrt:api-ms-win-crt-runtime-l1-1-0.dll
 0002:000001b8       __imp__puts                004231b8     ucrt:api-ms-win-crt-stdio-l1-1-0.dll
 0002:000001bc       __imp___set_fmode          004231bc     ucrt:api-ms-win-crt-stdio-l1-1-0.dll
 0002:000001c0       __imp__fopen               004231c0     ucrt:api-ms-win-crt-stdio-l1-1-0.dll
 0002:000001c4       __imp____acrt_iob_func     004231c4     ucrt:api-ms-win-crt-stdio-l1-1-0.dll
 0002:000001c8       __imp__fwrite              004231c8     ucrt:api-ms-win-crt-stdio-l1-1-0.dll
 0002:000001cc       __imp____stdio_common_vsscanf 004231cc     ucrt:api-ms-win-crt-stdio-l1-1-0.dll
 0002:000001d0       __imp__fflush              004231d0     ucrt:api-ms-win-crt-stdio-l1-1-0.dll
 0002:000001d4       __imp__fclose              004231d4     ucrt:api-ms-win-crt-stdio-l1-1-0.dll
 0002:000001d8       __imp____p__commode        004231d8     ucrt:api-ms-win-crt-stdio-l1-1-0.dll
 0002:000001dc       __imp____stdio_common_vsprintf 004231dc     ucrt:api-ms-win-crt-stdio-l1-1-0.dll
 0002:000001e0       __imp____stdio_common_vfprintf 004231e0     ucrt:api-ms-win-crt-stdio-l1-1-0.dll
 0002:000001e4       __imp__fgets               004231e4     ucrt:api-ms-win-crt-stdio-l1-1-0.dll
 0002:000001e8       \177api-ms-win-crt-stdio-l1-1-0_NULL_THUNK_DATA 004231e8     ucrt:api-ms-win-crt-stdio-l1-1-0.dll
 0002:000001ec       __imp__strtok              004231ec     ucrt:api-ms-win-crt-string-l1-1-0.dll
 0002:000001f0       __imp___strnicmp           004231f0     ucrt:api-ms-win-crt-string-l1-1-0.dll
 0002:000001f4       __imp__strncpy             004231f4     ucrt:api-ms-win-crt-string-l1-1-0.dll
 0002:000001f8       __imp__strncmp             004231f8     ucrt:api-ms-win-crt-string-l1-1-0.dll
 0002:000001fc       __imp__tolower             004231fc     ucrt:api-ms-win-crt-string-l1-1-0.dll
 0002:00000200       __imp__isspace             00423200     ucrt:api-ms-win-crt-string-l1-1-0.dll
 0002:00000204       \177api-ms-win-crt-string-l1-1-0_NULL_THUNK_DATA 00423204     ucrt:api-ms-win-crt-string-l1-1-0.dll
 0002:00000208       __imp__rand                00423208     ucrt:api-ms-win-crt-utility-l1-1-0.dll
 0002:0000020c       \177api-ms-win-crt-utility-l1-1-0_NULL_THUNK_DATA 0042320c     ucrt:api-ms-win-crt-utility-l1-1-0.dll
 0002:00000210       __imp__CoCreateGuid@4      00423210     ole32:ole32.dll
 0002:00000214       \177ole32_NULL_THUNK_DATA  00423214     ole32:ole32.dll
 0002:00000218       ___guard_check_icall_fptr  00423218     MSVCRT:guard_support.obj
 0002:0000021c       ___xc_a                    0042321c     MSVCRT:initializers.obj
 0002:00000224       ___xc_z                    00423224     MSVCRT:initializers.obj
 0002:00000228       ___xi_a                    00423228     MSVCRT:initializers.obj
 0002:00000234       ___xi_z                    00423234     MSVCRT:initializers.obj
 0002:00000238       ___xp_a                    00423238     MSVCRT:initializers.obj
 0002:0000023c       ___xp_z                    0042323c     MSVCRT:initializers.obj
 0002:00000240       ___xt_a                    00423240     MSVCRT:initializers.obj
 0002:00000244       ___xt_z                    00423244     MSVCRT:initializers.obj
 0002:00000328       ??_C@_0CJ@GKFBHIPI@Invalid?5STUN?5message?5?$CIPJNATH_EIN@ 00423328     pjnath-i386-win32-vc8-release:errno.obj
 0002:00000354       ??_C@_0DD@EDOPFABO@Invalid?5STUN?5message?5length?5?$CIPJN@ 00423354     pjnath-i386-win32-vc8-release:errno.obj
 0002:00000388       ??_C@_0EA@DFHBMLHL@Invalid?5or?5unexpected?5STUN?5messa@ 00423388     pjnath-i386-win32-vc8-release:errno.obj
 0002:000003c8       ??_C@_0DG@KPHKFJAB@STUN?5transaction?5has?5timed?5out?5?$CI@ 004233c8     pjnath-i386-win32-vc8-release:errno.obj
 0002:00000400       ??_C@_0DD@OHEENKIB@Too?5many?5STUN?5attributes?5?$CIPJNATH@ 00423400     pjnath-i386-win32-vc8-release:errno.obj
 0002:00000434       ??_C@_0DG@BPOIAHEF@Invalid?5STUN?5attribute?5length?5?$CIP@ 00423434     pjnath-i386-win32-vc8-release:errno.obj
 0002:0000046c       ??_C@_0DF@BKFKBCGF@Found?5duplicate?5STUN?5attribute?5?$CI@ 0042346c     pjnath-i386-win32-vc8-release:errno.obj
 0002:000004a4       ??_C@_0DP@ENOHKACM@STUN?5FINGERPRINT?5verification?5fa@ 004234a4     pjnath-i386-win32-vc8-release:errno.obj
 0002:000004e8       ??_C@_0EH@EPGNFFEB@Invalid?5STUN?5attribute?5after?5MES@ 004234e8     pjnath-i386-win32-vc8-release:errno.obj
 0002:00000530       ??_C@_0EB@DAIGGIDN@Invalid?5STUN?5attribute?5after?5FIN@ 00423530     pjnath-i386-win32-vc8-release:errno.obj
 0002:00000578       ??_C@_0EJ@JLJGOHGB@STUN?5?$CIXOR?9?$CJMAPPED?9ADDRESS?5attrib@ 00423578     pjnath-i386-win32-vc8-release:errno.obj
 0002:000005c4       ??_C@_0DM@IEAEKGHC@STUN?5IPv6?5attribute?5not?5supporte@ 004235c4     pjnath-i386-win32-vc8-release:errno.obj
 0002:00000600       ??_C@_0DC@EGLMCOFO@Invalid?5STUN?5address?5family?5valu@ 00423600     pjnath-i386-win32-vc8-release:errno.obj
 0002:00000638       ??_C@_0EE@HCGFHPNA@Invalid?5STUN?5server?5or?5server?5no@ 00423638     pjnath-i386-win32-vc8-release:errno.obj
 0002:0000067c       ??_C@_0DG@FKMKCCEE@STUN?5object?5has?5been?5destoyed?5?$CIP@ 0042367c     pjnath-i386-win32-vc8-release:errno.obj
 0002:000006b4       ??_C@_0CK@OFPAPMME@ICE?5session?5not?5available?5?$CIPJNAT@ 004236b4     pjnath-i386-win32-vc8-release:errno.obj
 0002:000006e0       ??_C@_0DB@PAOLMMAD@ICE?5check?5is?5in?5progress?5?$CIPJNATH@ 004236e0     pjnath-i386-win32-vc8-release:errno.obj
 0002:00000714       ??_C@_0CO@LKKAIKIM@All?5ICE?5checklists?5failed?5?$CIPJNAT@ 00423714     pjnath-i386-win32-vc8-release:errno.obj
 0002:00000748       ??_C@_0EG@MFEBLALG@Default?5target?5doesn?8t?5match?5any@ 00423748     pjnath-i386-win32-vc8-release:errno.obj
 0002:00000790       ??_C@_0CP@DPHDFCDB@Invalid?5ICE?5component?5ID?5?$CIPJNATH@ 00423790     pjnath-i386-win32-vc8-release:errno.obj
 0002:000007c0       ??_C@_0CP@HLPIHNCD@Invalid?5ICE?5candidate?5ID?5?$CIPJNATH@ 004237c0     pjnath-i386-win32-vc8-release:errno.obj
 0002:000007f0       ??_C@_0CP@EDCECICF@Source?5address?5mismatch?5?$CIPJNATH_@ 004237f0     pjnath-i386-win32-vc8-release:errno.obj
 0002:00000820       ??_C@_0DC@PHBGNIPK@Missing?5ICE?5SDP?5attribute?5?$CIPJNAT@ 00423820     pjnath-i386-win32-vc8-release:errno.obj
 0002:00000854       ??_C@_0DJ@KABJLAFL@Invalid?5SDP?5?$CCcandidate?$CC?5attribut@ 00423854     pjnath-i386-win32-vc8-release:errno.obj
 0002:00000890       ??_C@_0EA@EDMJLPFH@No?5host?5candidate?5associated?5wit@ 00423890     pjnath-i386-win32-vc8-release:errno.obj
 0002:000008d0       ??_C@_0EK@PIKHJBD@Controlled?5agent?5timed?5out?5waiti@ 004238d0     pjnath-i386-win32-vc8-release:errno.obj
 0002:0000091c       ??_C@_0DB@PGNALPFC@Invalid?1unsupported?5transport?5?$CIP@ 0042391c     pjnath-i386-win32-vc8-release:errno.obj
 0002:00000950       ??_C@_0BI@EOEFPHGO@Unknown?5pjnath?5error?5?$CFd?$AA@ 00423950     pjnath-i386-win32-vc8-release:errno.obj
 0002:00000968       ??_C@_0BJ@CCAJIKCJ@Unknown?5STUN?5err?9code?5?$CFd?$AA@ 00423968     pjnath-i386-win32-vc8-release:errno.obj
 0002:00000984       ??_C@_06DJHOIPC@?$CFs?3?5?$CFs?$AA@ 00423984     pjnath-i386-win32-vc8-release:errno.obj
 0002:0000098c       ??_C@_04OODOLJMA@host?$AA@ 0042398c     pjnath-i386-win32-vc8-release:ice_session.obj
 0002:00000994       ??_C@_05PIPPPLPJ@srflx?$AA@ 00423994     pjnath-i386-win32-vc8-release:ice_session.obj
 0002:0000099c       ??_C@_05HOGLIJFH@prflx?$AA@ 0042399c     pjnath-i386-win32-vc8-release:ice_session.obj
 0002:000009a4       ??_C@_05JPBNCBLI@relay?$AA@ 004239a4     pjnath-i386-win32-vc8-release:ice_session.obj
 0002:000009ac       ??_C@_06KJCACDIO@Frozen?$AA@ 004239ac     pjnath-i386-win32-vc8-release:ice_session.obj
 0002:000009b4       ??_C@_07OFINCGEG@Waiting?$AA@ 004239b4     pjnath-i386-win32-vc8-release:ice_session.obj
 0002:000009bc       ??_C@_0M@ENHIJGMI@In?5Progress?$AA@ 004239bc     pjnath-i386-win32-vc8-release:ice_session.obj
 0002:000009c8       ??_C@_09OCHKHMJA@Succeeded?$AA@ 004239c8     pjnath-i386-win32-vc8-release:ice_session.obj
 0002:000009d4       ??_C@_06CMLPEGNC@Failed?$AA@ 004239d4     pjnath-i386-win32-vc8-release:ice_session.obj
 0002:000009dc       ??_C@_04IBDNPPCI@Idle?$AA@ 004239dc     pjnath-i386-win32-vc8-release:ice_session.obj
 0002:000009e4       ??_C@_07JKJCPGE@Running?$AA@ 004239e4     pjnath-i386-win32-vc8-release:ice_session.obj
 0002:000009ec       ??_C@_09MIJAKHKB@Completed?$AA@ 004239ec     pjnath-i386-win32-vc8-release:ice_session.obj
 0002:000009f8       ??_C@_07NBCGADJA@Unknown?$AA@ 004239f8     pjnath-i386-win32-vc8-release:ice_session.obj
 0002:00000a00       ??_C@_0L@KHGPKCEO@Controlled?$AA@ 00423a00     pjnath-i386-win32-vc8-release:ice_session.obj
 0002:00000a0c       ??_C@_0M@PMDOMEDL@Controlling?$AA@ 00423a0c     pjnath-i386-win32-vc8-release:ice_session.obj
 0002:00000a18       ??_C@_03BBKEAIF@?$DP?$DP?$DP?$AA@ 00423a18     pjnath-i386-win32-vc8-release:ice_session.obj
 0002:00000a1c       ??_C@_04MAAPIHIO@?$CFc?$CFx?$AA@ 00423a1c     pjnath-i386-win32-vc8-release:ice_session.obj
 0002:00000a24       ??_C@_07GBFPDLAH@icess?$CFp?$AA@ 00423a24     pjnath-i386-win32-vc8-release:ice_session.obj
 0002:00000a2c       ??_C@_0DD@KKPCGINH@ICE?5session?5created?0?5comp_cnt?$DN?$CFd@ 00423a2c     pjnath-i386-win32-vc8-release:ice_session.obj
 0002:00000a60       ??_C@_0L@EPMNHNJ@aggressive?$AA@ 00423a60     pjnath-i386-win32-vc8-release:ice_session.obj
 0002:00000a6c       ??_C@_07KMAJHHLM@regular?$AA@ 00423a6c     pjnath-i386-win32-vc8-release:ice_session.obj
 0002:00000a74       ??_C@_0BO@JMOAKFOG@ICE?5nomination?5type?5set?5to?5?$CFs?$AA@ 00423a74     pjnath-i386-win32-vc8-release:ice_session.obj
 0002:00000a94       ??_C@_0BJ@NIGKKAOP@ICE?5session?5?$CFp?5destroyed?$AA@ 00423a94     pjnath-i386-win32-vc8-release:ice_session.obj
 0002:00000ab0       ??_C@_0O@IDPHLJDO@ice_session?4c?$AA@ 00423ab0     pjnath-i386-win32-vc8-release:ice_session.obj
 0002:00000ac0       ??_C@_0BK@DCHLELMI@Destroying?5ICE?5session?5?$CFp?$AA@ 00423ac0     pjnath-i386-win32-vc8-release:ice_session.obj
 0002:00000adc       ??_C@_0BD@IJCAAGMH@Role?5changed?5to?5?$CFs?$AA@ 00423adc     pjnath-i386-win32-vc8-release:ice_session.obj
 0002:00000af0       ??_C@_0GB@IJEEDFAM@Candidate?5?$CFd?5added?3?5comp_id?$DN?$CFd?0?5@ 00423af0     pjnath-i386-win32-vc8-release:ice_session.obj
 0002:00000b54       ??_C@_0BM@OBJDMFGB@?4?4?2src?2pjnath?2ice_session?4c?$AA@ 00423b54     pjnath-i386-win32-vc8-release:ice_session.obj
 0002:00000b70       ??_C@_0BH@DGBKCPGB@?$CFd?3?5?$FL?$CFd?$FN?5?$CFs?3?$CFd?9?9?$DO?$CFs?3?$CFd?$AA@ 00423b70     pjnath-i386-win32-vc8-release:ice_session.obj
 0002:00000b88       ??_C@_02DKCKIIND@?$CFs?$AA@ 00423b88     pjnath-i386-win32-vc8-release:ice_session.obj
 0002:00000b8c       ??_C@_09DIDNPBBH@nominated?$AA@ 00423b8c     pjnath-i386-win32-vc8-release:ice_session.obj
 0002:00000b98       ??_C@_0O@MFBJAADI@not?5nominated?$AA@ 00423b98     pjnath-i386-win32-vc8-release:ice_session.obj
 0002:00000ba8       ??_C@_0BD@DIAOJGPO@?5?$CFs?5?$CI?$CFs?0?5state?$DN?$CFs?$CJ?$AA@ 00423ba8     pjnath-i386-win32-vc8-release:ice_session.obj
 0002:00000bbc       ??_C@_0CG@OPDLDKOC@Check?5?$CFs?3?5state?5changed?5from?5?$CFs?5@ 00423bbc     pjnath-i386-win32-vc8-release:ice_session.obj
 0002:00000be4       ??_C@_0CH@OMPOKJDI@Checklist?3?5state?5changed?5from?5?$CFs@ 00423be4     pjnath-i386-win32-vc8-release:ice_session.obj
 0002:00000c0c       ??_C@_0DG@GJLGANE@Base?5candidate?5?$CFs?3?$CFd?5not?5found?5f@ 00423c0c     pjnath-i386-win32-vc8-release:ice_session.obj
 0002:00000c44       ??_C@_0BA@NHCOBJOF@duplicate?5found?$AA@ 00423c44     pjnath-i386-win32-vc8-release:ice_session.obj
 0002:00000c54       ??_C@_0L@GPOKGCHH@equal?5base?$AA@ 00423c54     pjnath-i386-win32-vc8-release:ice_session.obj
 0002:00000c60       ??_C@_0BF@GMFHLHC@Check?5?$CFs?5pruned?5?$CI?$CFs?$CJ?$AA@ 00423c60     pjnath-i386-win32-vc8-release:ice_session.obj
 0002:00000c78       ??_C@_0HF@MCFKOKNI@Controlled?5agent?5timed?9out?5in?5wa@ 00423c78     pjnath-i386-win32-vc8-release:ice_session.obj
 0002:00000cf0       ??_C@_0CA@JLAONEAB@ICE?5process?5complete?0?5status?$DN?$CFs?$AA@ 00423cf0     pjnath-i386-win32-vc8-release:ice_session.obj
 0002:00000d10       ??_C@_0L@DAPINKOE@Valid?5list?$AA@ 00423d10     pjnath-i386-win32-vc8-release:ice_session.obj
 0002:00000d1c       ??_C@_0BA@OAPJPHMG@?5?5and?5nominated?$AA@ 00423d1c     pjnath-i386-win32-vc8-release:ice_session.obj
 0002:00000d2c       ??_C@_00CNPNBAHC@?$AA@     00423d2c     pjnath-i386-win32-vc8-release:ice_session.obj
 0002:00000d30       ??_C@_0BJ@LDLHNMFG@Check?5?$CFd?5is?5successful?$CFs?$AA@ 00423d30     pjnath-i386-win32-vc8-release:ice_session.obj
 0002:00000d4c       ??_C@_0CK@IDKEAGPB@Check?5?$CFs?5to?5be?5failed?5because?5st@ 00423d4c     pjnath-i386-win32-vc8-release:ice_session.obj
 0002:00000d78       ??_C@_0CC@KCAFFELN@Cancelling?5check?5?$CFs?5?$CIIn?5Progress@ 00423d78     pjnath-i386-win32-vc8-release:ice_session.obj
 0002:00000da0       ??_C@_0GO@IEBBDPMP@All?5checks?5have?5completed?4?5Contr@ 00423da0     pjnath-i386-win32-vc8-release:ice_session.obj
 0002:00000e10       ??_C@_0DJ@IFENMLDG@All?5checks?5have?5completed?0?5start@ 00423e10     pjnath-i386-win32-vc8-release:ice_session.obj
 0002:00000e4c       ??_C@_0CE@MENGPKBF@Scheduling?5nominated?5check?5in?5?$CFd@ 00423e4c     pjnath-i386-win32-vc8-release:ice_session.obj
 0002:00000e70       ??_C@_01JLIPDDHJ@?3?$AA@   00423e70     pjnath-i386-win32-vc8-release:ice_session.obj
 0002:00000e74       ??_C@_0CD@DGJOKAPD@Error?3?5no?5checklist?5can?5be?5creat@ 00423e74     pjnath-i386-win32-vc8-release:ice_session.obj
 0002:00000e98       ??_C@_0BD@LGGHIMDK@Checklist?5created?3?$AA@ 00423e98     pjnath-i386-win32-vc8-release:ice_session.obj
 0002:00000eac       ??_C@_0CI@CBEMIFEA@Sending?5connectivity?5check?5for?5c@ 00423eac     pjnath-i386-win32-vc8-release:ice_session.obj
 0002:00000ed4       ??_C@_0BM@GMPCDDCD@Error?5creating?5STUN?5request?$AA@ 00423ed4     pjnath-i386-win32-vc8-release:ice_session.obj
 0002:00000ef0       ??_C@_0BL@CLDMLOKE@Error?5sending?5STUN?5request?$AA@ 00423ef0     pjnath-i386-win32-vc8-release:ice_session.obj
 0002:00000f0c       ??_C@_0CC@ODBMOPAG@Starting?5checklist?5periodic?5chec@ 00423f0c     pjnath-i386-win32-vc8-release:ice_session.obj
 0002:00000f30       ??_C@_0BL@DBPGJFIN@Starting?5nominated?5check?4?4?$AA@ 00423f30     pjnath-i386-win32-vc8-release:ice_session.obj
 0002:00000f4c       ??_C@_0BN@HMALAHNG@Periodic?5timer?5rescheduled?4?4?$AA@ 00423f4c     pjnath-i386-win32-vc8-release:ice_session.obj
 0002:00000f6c       ??_C@_0BF@CANPHDIJ@Starting?5ICE?5check?4?4?$AA@ 00423f6c     pjnath-i386-win32-vc8-release:ice_session.obj
 0002:00000f84       ??_C@_0DF@JOCPCLFF@Performing?5delayed?5triggerred?5ch@ 00423f84     pjnath-i386-win32-vc8-release:ice_session.obj
 0002:00000fbc       ??_C@_0DA@NHEGFEJN@Changing?5role?5because?5of?5role?5co@ 00423fbc     pjnath-i386-win32-vc8-release:ice_session.obj
 0002:00000fec       ??_C@_0CJ@FEOOAKNC@Resending?5check?5because?5of?5role?5@ 00423fec     pjnath-i386-win32-vc8-release:ice_session.obj
 0002:00001018       ??_C@_0N@OBNDGEA@?5?$CInominated?$CJ?$AA@ 00424018     pjnath-i386-win32-vc8-release:ice_session.obj
 0002:00001028       ??_C@_0BB@DIDCBKOH@?5?$CInot?5nominated?$CJ?$AA@ 00424028     pjnath-i386-win32-vc8-release:ice_session.obj
 0002:0000103c       ??_C@_0CK@BOFLBEFI@Check?5?$CFs?$CFs?3?5connectivity?5check?5F@ 0042403c     pjnath-i386-win32-vc8-release:ice_session.obj
 0002:00001068       ??_C@_0DP@OFIEDDAK@Check?5?$CFs?$CFs?3?5connectivity?5check?5F@ 00424068     pjnath-i386-win32-vc8-release:ice_session.obj
 0002:000010a8       ??_C@_0CH@JOLLOJFL@Check?5?$CFs?$CFs?3?5connectivity?5check?5S@ 004240a8     pjnath-i386-win32-vc8-release:ice_session.obj
 0002:000010d0       ??_C@_0CK@NAJKGKCD@Received?5Binding?5request?5with?5no@ 004240d0     pjnath-i386-win32-vc8-release:ice_session.obj
 0002:000010fc       ??_C@_0DD@JKHICBKM@Changing?5role?5because?5of?5ICE?9CON@ 004240fc     pjnath-i386-win32-vc8-release:ice_session.obj
 0002:00001130       ??_C@_0DC@IGMDOGKF@Changing?5role?5because?5of?5ICE?9CON@ 00424130     pjnath-i386-win32-vc8-release:ice_session.obj
 0002:00001164       ??_C@_0CE@LGFHCNGF@Received?5an?5early?5check?5for?5comp@ 00424164     pjnath-i386-win32-vc8-release:ice_session.obj
 0002:00001188       ??_C@_0EN@NFGIOGKB@Unable?5to?5add?5new?5peer?5reflexive@ 00424188     pjnath-i386-win32-vc8-release:ice_session.obj
 0002:000011d8       ??_C@_03NBEPHFMB@f?$CFp?$AA@ 004241d8     pjnath-i386-win32-vc8-release:ice_session.obj
 0002:000011dc       ??_C@_0DD@IOBOGPOP@Added?5new?5remote?5candidate?5from?5@ 004241dc     pjnath-i386-win32-vc8-release:ice_session.obj
 0002:00001210       ??_C@_0DK@KKNMECMB@Received?5Binding?5request?5but?5no?5@ 00424210     pjnath-i386-win32-vc8-release:ice_session.obj
 0002:0000124c       ??_C@_0CI@DFOHDENB@Performing?5triggered?5check?5for?5c@ 0042424c     pjnath-i386-win32-vc8-release:ice_session.obj
 0002:00001278       ??_C@_0FE@BCMFBGFD@Triggered?5check?5for?5check?5?$CFd?5not@ 00424278     pjnath-i386-win32-vc8-release:ice_session.obj
 0002:000012cc       ??_C@_0BM@HDNBBGIH@Valid?5check?5?$CFs?5is?5nominated?$AA@ 004242cc     pjnath-i386-win32-vc8-release:ice_session.obj
[...]
 0003:000008f0       $SG15905                   0042a8f0     icedemo.obj
 0003:000008f4       $SG15913                   0042a8f4     icedemo.obj
 0003:00000908       $SG15914                   0042a908     icedemo.obj
 0003:00000914       $SG15917                   0042a914     icedemo.obj
 0003:00000930       $SG15918                   0042a930     icedemo.obj
 0003:0000093c       $SG15920                   0042a93c     icedemo.obj
 0003:00000948       $SG15923                   0042a948     icedemo.obj
 0003:00000968       $SG15924                   0042a968     icedemo.obj
 0003:00000974       $SG15926                   0042a974     icedemo.obj
 0003:0000097c       $SG15929                   0042a97c     icedemo.obj
 0003:00000988       $SG15932                   0042a988     icedemo.obj
 0003:00000990       $SG15935                   0042a990     icedemo.obj
 0003:00000998       $SG15936                   0042a998     icedemo.obj
 0003:000009a4       $SG15939                   0042a9a4     icedemo.obj
 0003:000009c4       $SG15940                   0042a9c4     icedemo.obj
 0003:000009d0       $SG15945                   0042a9d0     icedemo.obj
 0003:000009e4       $SG15946                   0042a9e4     icedemo.obj
 0003:000009f0       $SG15948                   0042a9f0     icedemo.obj
 0003:000009fc       $SG15949                   0042a9fc     icedemo.obj
 0003:00000a18       $SG15952                   0042aa18     icedemo.obj
 0003:00000a3c       $SG15953                   0042aa3c     icedemo.obj
 0003:00000a48       $SG15956                   0042aa48     icedemo.obj
 0003:00000a50       $SG15959                   0042aa50     icedemo.obj
 0003:00000a58       $SG15962                   0042aa58     icedemo.obj
 0003:00000a60       $SG15964                   0042aa60     icedemo.obj
 0003:00000a84       $SG15965                   0042aa84     icedemo.obj
 0003:00000a90       $SG15970                   0042aa90     icedemo.obj
 0003:00000ab0       $SG15971                   0042aab0     icedemo.obj
 0003:00000abc       $SG15976                   0042aabc     icedemo.obj
 0003:00000ad4       $SG15977                   0042aad4     icedemo.obj
 0003:00000ae0       $SG15982                   0042aae0     icedemo.obj
 0003:00000b14       $SG15983                   0042ab14     icedemo.obj
 0003:00000b20       $SG15988                   0042ab20     icedemo.obj
 0003:00000b40       $SG15989                   0042ab40     icedemo.obj
 0003:00000b4c       $SG15991                   0042ab4c     icedemo.obj
 0003:00000b70       $SG15992                   0042ab70     icedemo.obj
 0003:00000b7c       $SG16017                   0042ab7c     icedemo.obj
 0003:00000ba4       $SG16018                   0042aba4     icedemo.obj
 0003:00000bb0       $SG16021                   0042abb0     icedemo.obj
 0003:00000bd8       $SG16022                   0042abd8     icedemo.obj
 0003:00000be4       $SG16025                   0042abe4     icedemo.obj
 0003:00000c14       $SG16026                   0042ac14     icedemo.obj
 0003:00000c20       $SG16028                   0042ac20     icedemo.obj
 0003:00000c3c       $SG16029                   0042ac3c     icedemo.obj
 0003:00000c48       $SG16032                   0042ac48     icedemo.obj
 0003:00000c5c       $SG16034                   0042ac5c     icedemo.obj
 0003:00000c74       $SG16035                   0042ac74     icedemo.obj
 0003:00000c80       $SG16058                   0042ac80     icedemo.obj
 0003:00000ca8       $SG16059                   0042aca8     icedemo.obj
 0003:00000cb4       $SG16062                   0042acb4     icedemo.obj
 0003:00000cdc       $SG16063                   0042acdc     icedemo.obj
 0003:00000ce8       $SG16067                   0042ace8     icedemo.obj
 0003:00000d04       $SG16068                   0042ad04     icedemo.obj
 0003:00000d10       $SG16071                   0042ad10     icedemo.obj
 0003:00000d24       $SG16073                   0042ad24     icedemo.obj
 0003:00000d30       $SG16074                   0042ad30     icedemo.obj
 0003:00000d3c       $SG16079                   0042ad3c     icedemo.obj
 0003:00000d70       $SG16081                   0042ad70     icedemo.obj
 0003:00000e40       $SG16082                   0042ae40     icedemo.obj
 0003:000010ec       $SG16084                   0042b0ec     icedemo.obj
 0003:0000110c       $SG16137                   0042b10c     icedemo.obj
 0003:00001110       $SG16090                   0042b110     icedemo.obj
 0003:0000115c       $SG16128                   0042b15c     icedemo.obj
 0003:00001164       $SG16142                   0042b164     icedemo.obj
 0003:00001168       $SG16091                   0042b168     icedemo.obj
 0003:000011b4       $SG16136                   0042b1b4     icedemo.obj
 0003:000011bc       $SG16141                   0042b1bc     icedemo.obj
 0003:000011c4       $SG16147                   0042b1c4     icedemo.obj
 0003:000011c8       $SG16092                   0042b1c8     icedemo.obj
 0003:00001214       $SG16155                   0042b214     icedemo.obj
 0003:00001218       $SG16093                   0042b218     icedemo.obj
 0003:00001264       $SG16160                   0042b264     icedemo.obj
 0003:00001268       $SG16094                   0042b268     icedemo.obj
 0003:000012b4       $SG16164                   0042b2b4     icedemo.obj
 0003:000012bc       $SG16165                   0042b2bc     icedemo.obj
 0003:000012c0       $SG16095                   0042b2c0     icedemo.obj
 0003:0000130c       $SG16169                   0042b30c     icedemo.obj
 0003:00001314       $SG16170                   0042b314     icedemo.obj
 0003:00001318       $SG16096                   0042b318     icedemo.obj
 0003:00001364       $SG16175                   0042b364     icedemo.obj
 0003:00001368       $SG16097                   0042b368     icedemo.obj
 0003:000013b4       $SG16180                   0042b3b4     icedemo.obj
 0003:000013c0       $SG16098                   0042b3c0     icedemo.obj
 0003:0000140c       $SG16187                   0042b40c     icedemo.obj
 0003:00001410       $SG16099                   0042b410     icedemo.obj
 0003:0000145c       $SG16192                   0042b45c     icedemo.obj
 0003:00001460       $SG16100                   0042b460     icedemo.obj
 0003:000014ac       $SG16193                   0042b4ac     icedemo.obj
 0003:000014c4       $SG16196                   0042b4c4     icedemo.obj
 0003:000014dc       $SG16197                   0042b4dc     icedemo.obj
 0003:000014f8       $SG16101                   0042b4f8     icedemo.obj
 0003:00001544       $SG16199                   0042b544     icedemo.obj
 0003:00001558       $SG16102                   0042b558     icedemo.obj
 0003:000015a4       $SG16200                   0042b5a4     icedemo.obj
 0003:000015dc       $SG16205                   0042b5dc     icedemo.obj
 0003:00001610       $SG16103                   0042b610     icedemo.obj
 0003:0000165c       $SG16202                   0042b65c     icedemo.obj
 0003:00001684       $SG16206                   0042b684     icedemo.obj
 0003:000016b4       $SG16236                   0042b6b4     icedemo.obj
 0003:000016c0       $SG16104                   0042b6c0     icedemo.obj
 0003:0000170c       $SG14056                   0042b70c     icedemo.obj
 0003:0000171c       $SG16127                   0042b71c     icedemo.obj
 0003:00001724       $SG16146                   0042b724     icedemo.obj
 0003:0000172c       $SG16150                   0042b72c     icedemo.obj
 0003:00001744       $SG16154                   0042b744     icedemo.obj
 0003:0000174c       $SG16159                   0042b74c     icedemo.obj
 0003:00001754       $SG16174                   0042b754     icedemo.obj
 0003:0000175c       $SG16179                   0042b75c     icedemo.obj
 0003:0000177c       $SG16186                   0042b77c     icedemo.obj
 0003:00001784       $SG16191                   0042b784     icedemo.obj
 0003:0000178c       $SG16208                   0042b78c     icedemo.obj
 0003:000017a4       $SG16211                   0042b7a4     icedemo.obj
 0003:000017e4       $SG16237                   0042b7e4     icedemo.obj
 0003:000017f0       $SG16201                   0042b7f0     icedemo.obj
 0003:00001834       $SG16238                   0042b834     icedemo.obj
 0003:00001840       $SG16203                   0042b840     icedemo.obj
 0003:00001884       $SG16216                   0042b884     icedemo.obj
 0003:000018c4       $SG16239                   0042b8c4     icedemo.obj
 0003:000018d0       $SG16204                   0042b8d0     icedemo.obj
 0003:00001918       $SG16209                   0042b918     icedemo.obj
 0003:00001968       $SG16210                   0042b968     icedemo.obj
 0003:000019b4       $SG16213                   0042b9b4     icedemo.obj
 0003:000019cc       $SG16240                   0042b9cc     icedemo.obj
 0003:000019d8       $SG16214                   0042b9d8     icedemo.obj
 0003:00001a28       $SG16215                   0042ba28     icedemo.obj
 0003:00001a74       $SG16217                   0042ba74     icedemo.obj
 0003:00001ab4       $SG16241                   0042bab4     icedemo.obj
 0003:00001ac0       $SG16218                   0042bac0     icedemo.obj
 0003:00001b08       $SG16219                   0042bb08     icedemo.obj
 0003:00001b4c       $SG16244                   0042bb4c     icedemo.obj
 0003:00001b58       $SG16220                   0042bb58     icedemo.obj
 0003:00001ba0       $SG16242                   0042bba0     icedemo.obj
 0003:00001ba8       $SG16243                   0042bba8     icedemo.obj
 0003:00001bb0       $SG16245                   0042bbb0     icedemo.obj
 0003:00001bbc       $SG16246                   0042bbbc     icedemo.obj
 0003:00001bc8       $SG16247                   0042bbc8     icedemo.obj
 0003:00001bd4       $SG16248                   0042bbd4     icedemo.obj
 0003:00001be0       $SG16249                   0042bbe0     icedemo.obj
 0003:00001bec       $SG16250                   0042bbec     icedemo.obj
 0003:00001bfc       $SG16251                   0042bbfc     icedemo.obj
 0003:00001c0c       $SG16252                   0042bc0c     icedemo.obj
 0003:00001c1c       $SG16253                   0042bc1c     icedemo.obj
 0003:00001c2c       $SG16254                   0042bc2c     icedemo.obj
 0003:00001c40       $SG16255                   0042bc40     icedemo.obj
 0003:00001c54       $SG16256                   0042bc54     icedemo.obj
 0003:00001c5c       $SG16257                   0042bc5c     icedemo.obj
 0003:00001c64       $SG16258                   0042bc64     icedemo.obj
 0003:00001c70       $SG16259                   0042bc70     icedemo.obj
 0003:00001c7c       $SG16260                   0042bc7c     icedemo.obj
 0003:00001c94       $SG16264                   0042bc94     icedemo.obj
 0003:00001cb4       $SG16277                   0042bcb4     icedemo.obj
 0003:00001ce4       $SG16279                   0042bce4     icedemo.obj
 0003:00001cf0       _cand_type_prefs           0042bcf0     pjnath-i386-win32-vc8-release:ice_session.obj
 0003:00001cf4       _cand_type_names           0042bcf4     pjnath-i386-win32-vc8-release:ice_session.obj
 0003:00001d04       _check_state_name          0042bd04     pjnath-i386-win32-vc8-release:ice_session.obj
 0003:00001d18       _clist_state_name          0042bd18     pjnath-i386-win32-vc8-release:ice_session.obj
 0003:00001d24       _role_names                0042bd24     pjnath-i386-win32-vc8-release:ice_session.obj
 0003:00001d30       _srflx_pref_table          0042bd30     pjnath-i386-win32-vc8-release:ice_strans.obj
 0003:00001d38       _mandatory_attr_desc       0042bd38     pjnath-i386-win32-vc8-release:stun_msg.obj
 0003:00002058       _extended_attr_desc        0042c058     pjnath-i386-win32-vc8-release:stun_msg.obj
 0003:000020f8       _stun_err_msg_map          0042c0f8     pjnath-i386-win32-vc8-release:stun_msg.obj
 0003:00002188       _stun_method_names         0042c188     pjnath-i386-win32-vc8-release:stun_msg.obj
 0003:000021b0       _tsx_cb                    0042c1b0     pjnath-i386-win32-vc8-release:stun_session.obj
 0003:000021bc       _state_names               0042c1bc     pjnath-i386-win32-vc8-release:turn_session.obj
 0003:000021e4       _state_names               0042c1e4     pjlib-util-i386-win32-vc8-release:resolver.obj
 0003:000021f4       _id                        0042c1f4     pjlib-i386-win32-vc8-release:config.obj
 0003:000021f8       _thread_tls_id             0042c1f8     pjlib-i386-win32-vc8-release:os_core_win32.obj
 0003:000021fc       _thread_suspended_tls_id   0042c1fc     pjlib-i386-win32-vc8-release:log.obj
 0003:00002200       _thread_indent_tls_id      0042c200     pjlib-i386-win32-vc8-release:log.obj
 0003:00002204       _pj_log_max_level          0042c204     pjlib-i386-win32-vc8-release:log.obj
 0003:00002208       _log_writer                0042c208     pjlib-i386-win32-vc8-release:log.obj
 0003:0000220c       _log_decor                 0042c20c     pjlib-i386-win32-vc8-release:log.obj
 0003:00002210       _PJ_LOG_COLOR_0            0042c210     pjlib-i386-win32-vc8-release:log.obj
 0003:00002214       _PJ_LOG_COLOR_1            0042c214     pjlib-i386-win32-vc8-release:log.obj
 0003:00002218       _PJ_LOG_COLOR_2            0042c218     pjlib-i386-win32-vc8-release:log.obj
 0003:0000221c       _PJ_LOG_COLOR_3            0042c21c     pjlib-i386-win32-vc8-release:log.obj
 0003:00002220       _PJ_LOG_COLOR_4            0042c220     pjlib-i386-win32-vc8-release:log.obj
 0003:00002224       _PJ_LOG_COLOR_5            0042c224     pjlib-i386-win32-vc8-release:log.obj
 0003:00002228       _PJ_LOG_COLOR_6            0042c228     pjlib-i386-win32-vc8-release:log.obj
 0003:0000222c       _PJ_LOG_COLOR_77           0042c22c     pjlib-i386-win32-vc8-release:log.obj
 0003:00002230       ?ltexts@?2??pj_log@@9@9    0042c230     pjlib-i386-win32-vc8-release:log.obj
 0003:0000224c       ?wdays@?3??pj_log@@9@9     0042c24c     pjlib-i386-win32-vc8-release:log.obj
 0003:00002268       _pool_sizes                0042c268     pjlib-i386-win32-vc8-release:pool_caching.obj
 0003:000022a8       _null_lock_template        0042c2a8     pjlib-i386-win32-vc8-release:lock.obj
 0003:000022bc       _sem_lock_template         0042c2bc     pjlib-i386-win32-vc8-release:lock.obj
 0003:000022d0       _mutex_lock_template       0042c2d0     pjlib-i386-win32-vc8-release:lock.obj
 0003:000022e4       _thread_local_id           0042c2e4     pjlib-i386-win32-vc8-release:except.obj
 0003:000022e8       _tls                       0042c2e8     pjlib-i386-win32-vc8-release:pool_buf.obj
 0003:000022ec       ?hex@?1??hex2digit@@9@9    0042c2ec     pjlib-i386-win32-vc8-release:guid_win32.obj
 0003:00002338       $SG15797                   0042c338     icedemo.obj
 0003:00002339       $SG15799                   0042c339     icedemo.obj
 0003:0000233a       $SG16078                   0042c33a     icedemo.obj
 0003:0000233b       $SG16080                   0042c33b     icedemo.obj
 0003:0000233c       $SG16083                   0042c33c     icedemo.obj
 0003:0000233d       $SG16085                   0042c33d     icedemo.obj
 0003:0000233e       $SG16089                   0042c33e     icedemo.obj
 0003:0000233f       $SG16182                   0042c33f     icedemo.obj
 0003:00002340       $SG16198                   0042c340     icedemo.obj
 0003:00002341       $SG16207                   0042c341     icedemo.obj
 0003:00002342       $SG16212                   0042c342     icedemo.obj
 0003:00002343       $SG16221                   0042c343     icedemo.obj
 0003:00002348       _icedemo                   0042c348     icedemo.obj
 0003:00002b40       ?buffer@?1??icedemo_show_ice@@9@9 0042cb40     icedemo.obj
 0003:00002f28       _padding_char              0042cf28     pjnath-i386-win32-vc8-release:stun_msg.obj
 0003:00002f2c       ?pj_stun_tsx_id_counter@?5??pj_stun_msg_init@@9@9 0042cf2c     pjnath-i386-win32-vc8-release:stun_msg.obj
 0003:00002f34       ___getopt_initialized      0042cf34     pjlib-util-i386-win32-vc8-release:getopt.obj
 0003:00002f38       _nextchar                  0042cf38     pjlib-util-i386-win32-vc8-release:getopt.obj
 0003:00002f3c       _ordering                  0042cf3c     pjlib-util-i386-win32-vc8-release:getopt.obj
 0003:00002f40       _posixly_correct           0042cf40     pjlib-util-i386-win32-vc8-release:getopt.obj
 0003:00002f44       _first_nonopt              0042cf44     pjlib-util-i386-win32-vc8-release:getopt.obj
 0003:00002f48       _last_nonopt               0042cf48     pjlib-util-i386-win32-vc8-release:getopt.obj
 0003:00002f50       _initialized               0042cf50     pjlib-i386-win32-vc8-release:os_core_win32.obj
 0003:00002f54       _atexit_count              0042cf54     pjlib-i386-win32-vc8-release:os_core_win32.obj
 0003:00002f58       _main_thread               0042cf58     pjlib-i386-win32-vc8-release:os_core_win32.obj
 0003:00003058       _critical_section_mutex    0042d058     pjlib-i386-win32-vc8-release:os_core_win32.obj
 0003:00003090       _atexit_func               0042d090     pjlib-i386-win32-vc8-release:os_core_win32.obj
 0003:00003110       _err_msg_hnd_cnt           0042d110     pjlib-i386-win32-vc8-release:errno.obj
 0003:00003118       _err_msg_hnd               0042d118     pjlib-i386-win32-vc8-release:errno.obj
 0003:00003190       _g_last_thread             0042d190     pjlib-i386-win32-vc8-release:log.obj
 0003:00003198       ?buf@?1??pj_gethostname@@9@9 0042d198     pjlib-i386-win32-vc8-release:sock_bsd.obj
 0003:00003218       ?hostname@?1??pj_gethostname@@9@9 0042d218     pjlib-i386-win32-vc8-release:sock_bsd.obj
 0003:00003220       _base_time                 0042d220     pjlib-i386-win32-vc8-release:os_time_win32.obj
 0003:00003228       _s_hDLL                    0042d228     pjlib-i386-win32-vc8-release:ip_helper_win32.obj
 0003:0000322c       _s_pfnGetIpAddrTable       0042d22c     pjlib-i386-win32-vc8-release:ip_helper_win32.obj
 0003:00003230       _s_pfnGetAdapterAddresses  0042d230     pjlib-i386-win32-vc8-release:ip_helper_win32.obj
 0003:00003234       _s_pfnGetIpForwardTable    0042d234     pjlib-i386-win32-vc8-release:ip_helper_win32.obj
 0003:00003238       _s_pfnGetIfEntry           0042d238     pjlib-i386-win32-vc8-release:ip_helper_win32.obj
 0003:00003240       _exception_id_names        0042d240     pjlib-i386-win32-vc8-release:except.obj
 0003:00003280       ?unknown_name@?1??pj_exception_id_name@@9@9 0042d280     pjlib-i386-win32-vc8-release:except.obj
 0003:000032a0       _stack_based_factory       0042d2a0     pjlib-i386-win32-vc8-release:pool_buf.obj
 0003:000032c4       _is_initialized            0042d2c4     pjlib-i386-win32-vc8-release:pool_buf.obj
 0003:000032c8       _GS_ExceptionRecord        0042d2c8     MSVCRT:gs_report.obj
 0003:00003318       _GS_ContextRecord          0042d318     MSVCRT:gs_report.obj
 0003:000035f4       ?module_local_atexit_table@@3U_onexit_table_t@@A 0042d5f4     MSVCRT:utility.obj
 0003:00003600       ?module_local_at_quick_exit_table@@3U_onexit_table_t@@A 0042d600     MSVCRT:utility.obj
 0003:0000360c       ?is_initialized_as_dll@@3_NA 0042d60c     MSVCRT:utility.obj
 0004:00000000       __guard_fids__             0042e000     MSVCRT:exe_main.obj
 0004:00000004       __guard_fids__             0042e004     MSVCRT:exe_main.obj
 0004:00000008       __guard_fids__             0042e008     MSVCRT:exe_main.obj
 0004:0000000c       __guard_fids_?pre_c_initialization@@YAHXZ 0042e00c     MSVCRT:exe_main.obj
 0004:00000014       __guard_fids____scrt_set_unhandled_exception_filter 0042e014     MSVCRT:utility_desktop.obj
 0004:00000018       __guard_fids___except_handler4 0042e018     MSVCRT:_chandler4gs_.obj
 0004:0000001c       __guard_fids__             0042e01c     MSVCRT:guard_support.obj
