 aectest

 Timestamp is 5ab36840 (Thu Mar 22 16:24:32 2018)

 Preferred load address is 00400000

 Start         Length     Name                   Class
 0001:00000000 00076748H .textbss                DATA
 0002:00000000 000faaa0H .text$mn                CODE
 0002:000faaa0 0000112aH .text$x                 CODE
 0003:00000000 00000104H .CRT$XCA                DATA
 0003:00000104 00000104H .CRT$XCAA               DATA
 0003:00000208 00000104H .CRT$XCZ                DATA
 0003:0000030c 00000104H .CRT$XIA                DATA
 0003:00000410 00000104H .CRT$XIAA               DATA
 0003:00000514 00000104H .CRT$XIAC               DATA
 0003:00000618 00000114H .CRT$XIC                DATA
 0003:0000072c 00000104H .CRT$XIZ                DATA
 0003:00000830 00000104H .CRT$XPA                DATA
 0003:00000934 0000010cH .CRT$XPX                DATA
 0003:00000a40 00000104H .CRT$XPXA               DATA
 0003:00000b44 00000104H .CRT$XPZ                DATA
 0003:00000c48 00000104H .CRT$XTA                DATA
 0003:00000d4c 00000104H .CRT$XTZ                DATA
 0003:00000e50 00042428H .rdata                  DATA
 0003:00043278 00000444H .rdata$r                DATA
 0003:000436bc 000001b4H .rdata$zzzdbg           DATA
 0003:00043870 00000104H .rtc$IAA                DATA
 0003:00043974 00000104H .rtc$IZZ                DATA
 0003:00043a78 00000104H .rtc$TAA                DATA
 0003:00043b7c 00000104H .rtc$TZZ                DATA
 0003:00043c80 00001138H .xdata$x                DATA
 0003:00044db8 00000000H .edata                  DATA
 0004:00000000 00006668H .data                   DATA
 0004:00006668 00000258H .data$r                 DATA
 0004:000068c0 00002ddcH .bss                    DATA
 0005:00000000 000003f4H .idata$5                DATA
 0005:000003f4 00000050H .idata$2                DATA
 0005:00000444 00000014H .idata$3                DATA
 0005:00000458 000003f4H .idata$4                DATA
 0005:0000084c 00000d15H .idata$6                DATA
 0006:00000000 00000104H .00cfg                  DATA

  Address         Publics by Value              Rva+Base       Lib:Object

 0000:00000000       ___guard_longjmp_count     00000000     <absolute>
 0000:00000000       ___hybrid_auxiliary_iat    00000000     <absolute>
 0000:00000000       ___guard_fids_table        00000000     <absolute>
 0000:00000000       ___hybrid_code_map_count   00000000     <absolute>
 0000:00000000       ___guard_iat_table         00000000     <absolute>
 0000:00000000       __except_list              00000000     <absolute>
 0000:00000000       ___safe_se_handler_count   00000000     <absolute>
 0000:00000000       ___enclave_config          00000000     <absolute>
 0000:00000000       ___hybrid_code_map         00000000     <absolute>
 0000:00000000       ___guard_iat_count         00000000     <absolute>
 0000:00000000       ___guard_fids_count        00000000     <absolute>
 0000:00000000       ___safe_se_handler_table   00000000     <absolute>
 0000:00000000       ___guard_longjmp_table     00000000     <absolute>
 0000:00000000       ___dynamic_value_reloc_table 00000000     <absolute>
 0000:00000100       ___guard_flags             00000100     <absolute>
 0000:00000000       ___ImageBase               00400000     <linker-defined>
 0001:00000000       __enc$textbss$begin        00401000     <linker-defined>
 0001:00076748       __enc$textbss$end          00477748     <linker-defined>
 0002:000087d0       _main                      004807d0 f   aectest.obj
 0002:00009460       _pjmedia_port_destroy      00481460 f   pjmedia-i386-win32-vc8-debug:port.obj
 0002:000094f0       _pjmedia_port_get_clock_src 004814f0 f   pjmedia-i386-win32-vc8-debug:port.obj
 0002:00009540       _pjmedia_port_get_frame    00481540 f   pjmedia-i386-win32-vc8-debug:port.obj
 0002:000095e0       _pjmedia_port_info_init    004815e0 f   pjmedia-i386-win32-vc8-debug:port.obj
 0002:000096b0       _pjmedia_port_info_init2   004816b0 f   pjmedia-i386-win32-vc8-debug:port.obj
 0002:00009720       _pjmedia_port_put_frame    00481720 f   pjmedia-i386-win32-vc8-debug:port.obj
 0002:00009910       _pjmedia_echo_cancel       00481910 f   pjmedia-i386-win32-vc8-debug:echo_common.obj
 0002:00009960       _pjmedia_echo_capture      00481960 f   pjmedia-i386-win32-vc8-debug:echo_common.obj
 0002:00009ac0       _pjmedia_echo_create       00481ac0 f   pjmedia-i386-win32-vc8-debug:echo_common.obj
 0002:00009b10       _pjmedia_echo_create2      00481b10 f   pjmedia-i386-win32-vc8-debug:echo_common.obj
 0002:00009ed0       _pjmedia_echo_destroy      00481ed0 f   pjmedia-i386-win32-vc8-debug:echo_common.obj
 0002:00009f40       _pjmedia_echo_playback     00481f40 f   pjmedia-i386-win32-vc8-debug:echo_common.obj
 0002:0000a0a0       _pjmedia_echo_reset        004820a0 f   pjmedia-i386-win32-vc8-debug:echo_common.obj
 0002:0000a180       ___local_stdio_printf_options 00482180 f i pjmedia-i386-win32-vc8-debug:endpoint.obj
 0002:0000a1a0       __snprintf                 004821a0 f i pjmedia-i386-win32-vc8-debug:endpoint.obj
 0002:0000a1f0       __vsnprintf                004821f0 f i pjmedia-i386-win32-vc8-debug:endpoint.obj
 0002:0000a230       __vsnprintf_l              00482230 f i pjmedia-i386-win32-vc8-debug:endpoint.obj
 0002:0000a2a0       __vsprintf_l               004822a0 f i pjmedia-i386-win32-vc8-debug:endpoint.obj
 0002:0000a730       _pjmedia_endpt_atexit      00482730 f   pjmedia-i386-win32-vc8-debug:endpoint.obj
 0002:0000a800       _pjmedia_endpt_create      00482800 f   pjmedia-i386-win32-vc8-debug:endpoint.obj
 0002:0000abb0       _pjmedia_endpt_create_audio_sdp 00482bb0 f   pjmedia-i386-win32-vc8-debug:endpoint.obj
 0002:0000b420       _pjmedia_endpt_create_base_sdp 00483420 f   pjmedia-i386-win32-vc8-debug:endpoint.obj
 0002:0000b6b0       _pjmedia_endpt_create_pool 004836b0 f   pjmedia-i386-win32-vc8-debug:endpoint.obj
 0002:0000b720       _pjmedia_endpt_create_sdp  00483720 f   pjmedia-i386-win32-vc8-debug:endpoint.obj
 0002:0000b8b0       _pjmedia_endpt_destroy     004838b0 f   pjmedia-i386-win32-vc8-debug:endpoint.obj
 0002:0000b9a0       _pjmedia_endpt_dump        004839a0 f   pjmedia-i386-win32-vc8-debug:endpoint.obj
 0002:0000bd30       _pjmedia_endpt_get_codec_mgr 00483d30 f   pjmedia-i386-win32-vc8-debug:endpoint.obj
 0002:0000bd50       _pjmedia_endpt_get_flag    00483d50 f   pjmedia-i386-win32-vc8-debug:endpoint.obj
 0002:0000bde0       _pjmedia_endpt_get_ioqueue 00483de0 f   pjmedia-i386-win32-vc8-debug:endpoint.obj
 0002:0000be40       _pjmedia_endpt_get_thread  00483e40 f   pjmedia-i386-win32-vc8-debug:endpoint.obj
 0002:0000bef0       _pjmedia_endpt_get_thread_count 00483ef0 f   pjmedia-i386-win32-vc8-debug:endpoint.obj
 0002:0000bf50       _pjmedia_endpt_set_flag    00483f50 f   pjmedia-i386-win32-vc8-debug:endpoint.obj
 0002:0000bfe0       _pjmedia_endpt_stop_threads 00483fe0 f   pjmedia-i386-win32-vc8-debug:endpoint.obj
 0002:0000c0e0       _sprintf                   004840e0 f i pjmedia-i386-win32-vc8-debug:endpoint.obj
 0002:0000cba0       _pjmedia_wav_player_get_info 00484ba0 f   pjmedia-i386-win32-vc8-debug:wav_player.obj
 0002:0000cd50       _pjmedia_wav_player_get_len 00484d50 f   pjmedia-i386-win32-vc8-debug:wav_player.obj
 0002:0000ce20       _pjmedia_wav_player_port_create 00484e20 f   pjmedia-i386-win32-vc8-debug:wav_player.obj
 0002:0000d620       _pjmedia_wav_player_port_get_pos 00485620 f   pjmedia-i386-win32-vc8-debug:wav_player.obj
 0002:0000d740       _pjmedia_wav_player_port_set_pos 00485740 f   pjmedia-i386-win32-vc8-debug:wav_player.obj
 0002:0000d8f0       _pjmedia_wav_player_set_eof_cb 004858f0 f   pjmedia-i386-win32-vc8-debug:wav_player.obj
 0002:0000e140       _pjmedia_wav_writer_port_create 00486140 f   pjmedia-i386-win32-vc8-debug:wav_writer.obj
 0002:0000e700       _pjmedia_wav_writer_port_get_pos 00486700 f   pjmedia-i386-win32-vc8-debug:wav_writer.obj
 0002:0000e7b0       _pjmedia_wav_writer_port_set_cb 004867b0 f   pjmedia-i386-win32-vc8-debug:wav_writer.obj
 0002:0000e8c0       _pjmedia_format_copy       004868c0 f   pjmedia-i386-win32-vc8-debug:format.obj
 0002:0000e8f0       _pjmedia_format_get_audio_format_detail 004868f0 f   pjmedia-i386-win32-vc8-debug:format.obj
 0002:0000ea10       _echo_supp_cancel_echo     00486a10 f   pjmedia-i386-win32-vc8-debug:echo_suppress.obj
 0002:0000f030       _echo_supp_create          00487030 f   pjmedia-i386-win32-vc8-debug:echo_suppress.obj
 0002:0000f290       _echo_supp_destroy         00487290 f   pjmedia-i386-win32-vc8-debug:echo_suppress.obj
 0002:0000f2b0       _echo_supp_reset           004872b0 f   pjmedia-i386-win32-vc8-debug:echo_suppress.obj
 0002:0000f460       _echo_supp_soft_reset      00487460 f   pjmedia-i386-win32-vc8-debug:echo_suppress.obj
 0002:00010320       _speex_aec_cancel_echo     00488320 f   pjmedia-i386-win32-vc8-debug:echo_speex.obj
 0002:00010420       _speex_aec_capture         00488420 f   pjmedia-i386-win32-vc8-debug:echo_speex.obj
 0002:000104f0       _speex_aec_create          004884f0 f   pjmedia-i386-win32-vc8-debug:echo_speex.obj
 0002:00010730       _speex_aec_destroy         00488730 f   pjmedia-i386-win32-vc8-debug:echo_speex.obj
 0002:00010800       _speex_aec_playback        00488800 f   pjmedia-i386-win32-vc8-debug:echo_speex.obj
 0002:00010890       _speex_aec_reset           00488890 f   pjmedia-i386-win32-vc8-debug:echo_speex.obj
 0002:00010ec0       _pjmedia_delay_buf_create  00488ec0 f   pjmedia-i386-win32-vc8-debug:delaybuf.obj
 0002:00011140       _pjmedia_delay_buf_destroy 00489140 f   pjmedia-i386-win32-vc8-debug:delaybuf.obj
 0002:00011220       _pjmedia_delay_buf_get     00489220 f   pjmedia-i386-win32-vc8-debug:delaybuf.obj
 0002:000114b0       _pjmedia_delay_buf_put     004894b0 f   pjmedia-i386-win32-vc8-debug:delaybuf.obj
 0002:00011700       _pjmedia_delay_buf_reset   00489700 f   pjmedia-i386-win32-vc8-debug:delaybuf.obj
 0002:00011c50       _pjmedia_codec_info_to_id  00489c50 f   pjmedia-i386-win32-vc8-debug:codec.obj
 0002:00011d30       _pjmedia_codec_mgr_alloc_codec 00489d30 f   pjmedia-i386-win32-vc8-debug:codec.obj
 0002:00011e70       _pjmedia_codec_mgr_dealloc_codec 00489e70 f   pjmedia-i386-win32-vc8-debug:codec.obj
 0002:00011f00       _pjmedia_codec_mgr_destroy 00489f00 f   pjmedia-i386-win32-vc8-debug:codec.obj
 0002:00012070       _pjmedia_codec_mgr_enum_codecs 0048a070 f   pjmedia-i386-win32-vc8-debug:codec.obj
 0002:000121c0       _pjmedia_codec_mgr_find_codecs_by_id 0048a1c0 f   pjmedia-i386-win32-vc8-debug:codec.obj
 0002:00012360       _pjmedia_codec_mgr_get_codec_info 0048a360 f   pjmedia-i386-win32-vc8-debug:codec.obj
 0002:00012480       _pjmedia_codec_mgr_get_default_param 0048a480 f   pjmedia-i386-win32-vc8-debug:codec.obj
 0002:00012700       _pjmedia_codec_mgr_init    0048a700 f   pjmedia-i386-win32-vc8-debug:codec.obj
 0002:00012810       _pjmedia_codec_mgr_register_factory 0048a810 f   pjmedia-i386-win32-vc8-debug:codec.obj
 0002:00012ad0       _pjmedia_codec_mgr_set_codec_priority 0048aad0 f   pjmedia-i386-win32-vc8-debug:codec.obj
 0002:00012c20       _pjmedia_codec_mgr_set_default_param 0048ac20 f   pjmedia-i386-win32-vc8-debug:codec.obj
 0002:00012ed0       _pjmedia_codec_mgr_unregister_factory 0048aed0 f   pjmedia-i386-win32-vc8-debug:codec.obj
 0002:00013090       _pjmedia_codec_param_clone 0048b090 f   pjmedia-i386-win32-vc8-debug:codec.obj
 0002:000140e0       _pjmedia_sdp_attr_add      0048c0e0 f   pjmedia-i386-win32-vc8-debug:sdp.obj
 0002:000141c0       _pjmedia_sdp_attr_clone    0048c1c0 f   pjmedia-i386-win32-vc8-debug:sdp.obj
 0002:00014270       _pjmedia_sdp_attr_create   0048c270 f   pjmedia-i386-win32-vc8-debug:sdp.obj
 0002:00014340       _pjmedia_sdp_attr_create_rtcp 0048c340 f   pjmedia-i386-win32-vc8-debug:sdp.obj
 0002:000144c0       _pjmedia_sdp_attr_find     0048c4c0 f   pjmedia-i386-win32-vc8-debug:sdp.obj
 0002:00014590       _pjmedia_sdp_attr_find2    0048c590 f   pjmedia-i386-win32-vc8-debug:sdp.obj
 0002:000145e0       _pjmedia_sdp_attr_get_fmtp 0048c5e0 f   pjmedia-i386-win32-vc8-debug:sdp.obj
 0002:00014720       _pjmedia_sdp_attr_get_rtcp 0048c720 f   pjmedia-i386-win32-vc8-debug:sdp.obj
 0002:00014930       _pjmedia_sdp_attr_get_rtpmap 0048c930 f   pjmedia-i386-win32-vc8-debug:sdp.obj
 0002:00014ca0       _pjmedia_sdp_attr_remove   0048cca0 f   pjmedia-i386-win32-vc8-debug:sdp.obj
 0002:00014db0       _pjmedia_sdp_attr_remove_all 0048cdb0 f   pjmedia-i386-win32-vc8-debug:sdp.obj
 0002:00014ed0       _pjmedia_sdp_attr_to_rtpmap 0048ced0 f   pjmedia-i386-win32-vc8-debug:sdp.obj
 0002:00014fc0       _pjmedia_sdp_bandw_clone   0048cfc0 f   pjmedia-i386-win32-vc8-debug:sdp.obj
 0002:00015030       _pjmedia_sdp_conn_clone    0048d030 f   pjmedia-i386-win32-vc8-debug:sdp.obj
 0002:000150f0       _pjmedia_sdp_media_add_attr 0048d0f0 f   pjmedia-i386-win32-vc8-debug:sdp.obj
 0002:00015130       _pjmedia_sdp_media_clone   0048d130 f   pjmedia-i386-win32-vc8-debug:sdp.obj
 0002:00015490       _pjmedia_sdp_media_clone_deactivate 0048d490 f   pjmedia-i386-win32-vc8-debug:sdp.obj
 0002:00015720       _pjmedia_sdp_media_deactivate 0048d720 f   pjmedia-i386-win32-vc8-debug:sdp.obj
 0002:00015790       _pjmedia_sdp_media_find_attr 0048d790 f   pjmedia-i386-win32-vc8-debug:sdp.obj
 0002:00015820       _pjmedia_sdp_media_find_attr2 0048d820 f   pjmedia-i386-win32-vc8-debug:sdp.obj
 0002:000158b0       _pjmedia_sdp_media_remove_all_attr 0048d8b0 f   pjmedia-i386-win32-vc8-debug:sdp.obj
 0002:000158f0       _pjmedia_sdp_media_remove_attr 0048d8f0 f   pjmedia-i386-win32-vc8-debug:sdp.obj
 0002:00015930       _pjmedia_sdp_parse         0048d930 f   pjmedia-i386-win32-vc8-debug:sdp.obj
 0002:00015fb0       _pjmedia_sdp_print         0048dfb0 f   pjmedia-i386-win32-vc8-debug:sdp.obj
 0002:00015fe0       _pjmedia_sdp_rtpmap_to_attr 0048dfe0 f   pjmedia-i386-win32-vc8-debug:sdp.obj
 0002:00016260       _pjmedia_sdp_session_add_attr 0048e260 f   pjmedia-i386-win32-vc8-debug:sdp.obj
 0002:000162a0       _pjmedia_sdp_session_clone 0048e2a0 f   pjmedia-i386-win32-vc8-debug:sdp.obj
 0002:000165e0       _pjmedia_sdp_transport_cmp 0048e5e0 f   pjmedia-i386-win32-vc8-debug:sdp.obj
 0002:00016690       _pjmedia_sdp_validate      0048e690 f   pjmedia-i386-win32-vc8-debug:sdp.obj
 0002:000166c0       _pjmedia_sdp_validate2     0048e6c0 f   pjmedia-i386-win32-vc8-debug:sdp.obj
 0002:000175b0       _pjmedia_strerror          0048f5b0 f   pjmedia-i386-win32-vc8-debug:errno.obj
 0002:000177b0       _pjmedia_wave_hdr_file_to_host 0048f7b0 f   pjmedia-i386-win32-vc8-debug:wave.obj
 0002:000177e0       _pjmedia_wave_hdr_host_to_file 0048f7e0 f   pjmedia-i386-win32-vc8-debug:wave.obj
 0002:00017860       _pjmedia_calc_avg_signal   0048f860 f   pjmedia-i386-win32-vc8-debug:silencedet.obj
 0002:00017900       _pjmedia_silence_det_apply 0048f900 f   pjmedia-i386-win32-vc8-debug:silencedet.obj
 0002:00017cd0       _pjmedia_silence_det_create 0048fcd0 f   pjmedia-i386-win32-vc8-debug:silencedet.obj
 0002:00017dd0       _pjmedia_silence_det_detect 0048fdd0 f   pjmedia-i386-win32-vc8-debug:silencedet.obj
 0002:00017e30       _pjmedia_silence_det_disable 0048fe30 f   pjmedia-i386-win32-vc8-debug:silencedet.obj
 0002:00017ea0       _pjmedia_silence_det_set_adaptive 0048fea0 f   pjmedia-i386-win32-vc8-debug:silencedet.obj
 0002:00017f20       _pjmedia_silence_det_set_fixed 0048ff20 f   pjmedia-i386-win32-vc8-debug:silencedet.obj
 0002:00017fa0       _pjmedia_silence_det_set_name 0048ffa0 f   pjmedia-i386-win32-vc8-debug:silencedet.obj
 0002:00018040       _pjmedia_silence_det_set_params 00490040 f   pjmedia-i386-win32-vc8-debug:silencedet.obj
 0002:00019350       _pjmedia_wsola_create      00491350 f   pjmedia-i386-win32-vc8-debug:wsola.obj
 0002:00019790       _pjmedia_wsola_destroy     00491790 f   pjmedia-i386-win32-vc8-debug:wsola.obj
 0002:000197b0       _pjmedia_wsola_discard     004917b0 f   pjmedia-i386-win32-vc8-debug:wsola.obj
 0002:00019cd0       _pjmedia_wsola_generate    00491cd0 f   pjmedia-i386-win32-vc8-debug:wsola.obj
 0002:00019e00       _pjmedia_wsola_reset       00491e00 f   pjmedia-i386-win32-vc8-debug:wsola.obj
 0002:00019ed0       _pjmedia_wsola_save        00491ed0 f   pjmedia-i386-win32-vc8-debug:wsola.obj
 0002:0001a430       _pjmedia_wsola_set_max_expand 00492430 f   pjmedia-i386-win32-vc8-debug:wsola.obj
 0002:0001c640       _get_libsrtp_errstr        00494640 f   pjmedia-i386-win32-vc8-debug:transport_srtp.obj
 0002:0001cbb0       _pjmedia_srtp_init_lib     00494bb0 f   pjmedia-i386-win32-vc8-debug:transport_srtp.obj
 0002:0001cc80       _pjmedia_srtp_setting_default 00494c80 f   pjmedia-i386-win32-vc8-debug:transport_srtp.obj
 0002:0001d030       _pjmedia_transport_srtp_create 00495030 f   pjmedia-i386-win32-vc8-debug:transport_srtp.obj
 0002:0001d410       _pjmedia_transport_srtp_decrypt_pkt 00495410 f   pjmedia-i386-win32-vc8-debug:transport_srtp.obj
 0002:0001d660       _pjmedia_transport_srtp_get_member 00495660 f   pjmedia-i386-win32-vc8-debug:transport_srtp.obj
 0002:0001d6d0       _pjmedia_transport_srtp_start 004956d0 f   pjmedia-i386-win32-vc8-debug:transport_srtp.obj
 0002:0001e170       _pjmedia_transport_srtp_stop 00496170 f   pjmedia-i386-win32-vc8-debug:transport_srtp.obj
 0002:0001f8e0       _pj_getopt                 004978e0 f   pjlib-util-i386-win32-vc8-debug:getopt.obj
 0002:0001f920       _pj_getopt_long            00497920 f   pjlib-util-i386-win32-vc8-debug:getopt.obj
 0002:0001f990       _pj_cis_add_alpha          00497990 f   pjlib-util-i386-win32-vc8-debug:scanner.obj
 0002:0001f9d0       _pj_cis_add_cis            004979d0 f   pjlib-util-i386-win32-vc8-debug:scanner.obj
 0002:0001fa60       _pj_cis_add_num            00497a60 f   pjlib-util-i386-win32-vc8-debug:scanner.obj
 0002:0001fa90       _pj_cis_add_range          00497a90 f   pjlib-util-i386-win32-vc8-debug:scanner.obj
 0002:0001fb10       _pj_cis_add_str            00497b10 f   pjlib-util-i386-win32-vc8-debug:scanner.obj
 0002:0001fb80       _pj_cis_buf_init           00497b80 f   pjlib-util-i386-win32-vc8-debug:scanner.obj
 0002:0001fbc0       _pj_cis_del_range          00497bc0 f   pjlib-util-i386-win32-vc8-debug:scanner.obj
 0002:0001fc20       _pj_cis_del_str            00497c20 f   pjlib-util-i386-win32-vc8-debug:scanner.obj
 0002:0001fc90       _pj_cis_dup                00497c90 f   pjlib-util-i386-win32-vc8-debug:scanner.obj
 0002:0001fd80       _pj_cis_init               00497d80 f   pjlib-util-i386-win32-vc8-debug:scanner.obj
 0002:0001fe20       _pj_cis_invert             00497e20 f   pjlib-util-i386-win32-vc8-debug:scanner.obj
 0002:0001ffe0       _pj_scan_advance_n         00497fe0 f   pjlib-util-i386-win32-vc8-debug:scanner.obj
 0002:00020060       _pj_scan_fini              00498060 f   pjlib-util-i386-win32-vc8-debug:scanner.obj
 0002:00020090       _pj_scan_get               00498090 f   pjlib-util-i386-win32-vc8-debug:scanner.obj
 0002:00020190       _pj_scan_get_char          00498190 f   pjlib-util-i386-win32-vc8-debug:scanner.obj
 0002:00020210       _pj_scan_get_n             00498210 f   pjlib-util-i386-win32-vc8-debug:scanner.obj
 0002:000202b0       _pj_scan_get_newline       004982b0 f   pjlib-util-i386-win32-vc8-debug:scanner.obj
 0002:00020370       _pj_scan_get_quote         00498370 f   pjlib-util-i386-win32-vc8-debug:scanner.obj
 0002:000203c0       _pj_scan_get_quotes        004983c0 f   pjlib-util-i386-win32-vc8-debug:scanner.obj
 0002:000205e0       _pj_scan_get_unescape      004985e0 f   pjlib-util-i386-win32-vc8-debug:scanner.obj
 0002:00020890       _pj_scan_get_until         00498890 f   pjlib-util-i386-win32-vc8-debug:scanner.obj
 0002:00020960       _pj_scan_get_until_ch      00498960 f   pjlib-util-i386-win32-vc8-debug:scanner.obj
 0002:00020a20       _pj_scan_get_until_chr     00498a20 f   pjlib-util-i386-win32-vc8-debug:scanner.obj
 0002:00020b10       _pj_scan_init              00498b10 f   pjlib-util-i386-win32-vc8-debug:scanner.obj
 0002:00020bb0       _pj_scan_peek              00498bb0 f   pjlib-util-i386-win32-vc8-debug:scanner.obj
 0002:00020c50       _pj_scan_peek_n            00498c50 f   pjlib-util-i386-win32-vc8-debug:scanner.obj
 0002:00020cc0       _pj_scan_peek_until        00498cc0 f   pjlib-util-i386-win32-vc8-debug:scanner.obj
 0002:00020d60       _pj_scan_restore_state     00498d60 f   pjlib-util-i386-win32-vc8-debug:scanner.obj
 0002:00020da0       _pj_scan_save_state        00498da0 f   pjlib-util-i386-win32-vc8-debug:scanner.obj
 0002:00020de0       _pj_scan_skip_line         00498de0 f   pjlib-util-i386-win32-vc8-debug:scanner.obj
 0002:00020e60       _pj_scan_skip_whitespace   00498e60 f   pjlib-util-i386-win32-vc8-debug:scanner.obj
 0002:000210c0       _pj_scan_strcmp            004990c0 f   pjlib-util-i386-win32-vc8-debug:scanner.obj
 0002:00021120       _pj_scan_stricmp           00499120 f   pjlib-util-i386-win32-vc8-debug:scanner.obj
 0002:00021180       _pj_scan_stricmp_alnum     00499180 f   pjlib-util-i386-win32-vc8-debug:scanner.obj
 0002:00021470       _pj_base64_decode          00499470 f   pjlib-util-i386-win32-vc8-debug:base64.obj
 0002:000217e0       _pj_base64_encode          004997e0 f   pjlib-util-i386-win32-vc8-debug:base64.obj
 0002:00021b70       _pj_atexit                 00499b70 f   pjlib-i386-win32-vc8-debug:os_core_win32.obj
 0002:00021bc0       _pj_atomic_add             00499bc0 f   pjlib-i386-win32-vc8-debug:os_core_win32.obj
 0002:00021be0       _pj_atomic_add_and_get     00499be0 f   pjlib-i386-win32-vc8-debug:os_core_win32.obj
 0002:00021c10       _pj_atomic_create          00499c10 f   pjlib-i386-win32-vc8-debug:os_core_win32.obj
 0002:00021c60       _pj_atomic_dec             00499c60 f   pjlib-i386-win32-vc8-debug:os_core_win32.obj
 0002:00021c90       _pj_atomic_dec_and_get     00499c90 f   pjlib-i386-win32-vc8-debug:os_core_win32.obj
 0002:00021cd0       _pj_atomic_destroy         00499cd0 f   pjlib-i386-win32-vc8-debug:os_core_win32.obj
 0002:00021d30       _pj_atomic_get             00499d30 f   pjlib-i386-win32-vc8-debug:os_core_win32.obj
 0002:00021da0       _pj_atomic_inc             00499da0 f   pjlib-i386-win32-vc8-debug:os_core_win32.obj
 0002:00021dd0       _pj_atomic_inc_and_get     00499dd0 f   pjlib-i386-win32-vc8-debug:os_core_win32.obj
 0002:00021e20       _pj_atomic_set             00499e20 f   pjlib-i386-win32-vc8-debug:os_core_win32.obj
 0002:00021f10       _pj_enter_critical_section 00499f10 f   pjlib-i386-win32-vc8-debug:os_core_win32.obj
 0002:00021f40       _pj_event_create           00499f40 f   pjlib-i386-win32-vc8-debug:os_core_win32.obj
 0002:00022130       _pj_event_destroy          0049a130 f   pjlib-i386-win32-vc8-debug:os_core_win32.obj
 0002:00022220       _pj_event_pulse            0049a220 f   pjlib-i386-win32-vc8-debug:os_core_win32.obj
 0002:00022310       _pj_event_reset            0049a310 f   pjlib-i386-win32-vc8-debug:os_core_win32.obj
 0002:00022400       _pj_event_set              0049a400 f   pjlib-i386-win32-vc8-debug:os_core_win32.obj
 0002:000224f0       _pj_event_trywait          0049a4f0 f   pjlib-i386-win32-vc8-debug:os_core_win32.obj
 0002:00022560       _pj_event_wait             0049a560 f   pjlib-i386-win32-vc8-debug:os_core_win32.obj
 0002:00022700       _pj_getpid                 0049a700 f   pjlib-i386-win32-vc8-debug:os_core_win32.obj
 0002:00022740       _pj_init                   0049a740 f   pjlib-i386-win32-vc8-debug:os_core_win32.obj
 0002:000229a0       _pj_leave_critical_section 0049a9a0 f   pjlib-i386-win32-vc8-debug:os_core_win32.obj
 0002:000229d0       _pj_mutex_create           0049a9d0 f   pjlib-i386-win32-vc8-debug:os_core_win32.obj
 0002:00022a90       _pj_mutex_create_recursive 0049aa90 f   pjlib-i386-win32-vc8-debug:os_core_win32.obj
 0002:00022ac0       _pj_mutex_create_simple    0049aac0 f   pjlib-i386-win32-vc8-debug:os_core_win32.obj
 0002:00022af0       _pj_mutex_destroy          0049aaf0 f   pjlib-i386-win32-vc8-debug:os_core_win32.obj
 0002:00022b80       _pj_mutex_is_locked        0049ab80 f   pjlib-i386-win32-vc8-debug:os_core_win32.obj
 0002:00022bc0       _pj_mutex_lock             0049abc0 f   pjlib-i386-win32-vc8-debug:os_core_win32.obj
 0002:00022c90       _pj_mutex_trylock          0049ac90 f   pjlib-i386-win32-vc8-debug:os_core_win32.obj
 0002:00022d80       _pj_mutex_unlock           0049ad80 f   pjlib-i386-win32-vc8-debug:os_core_win32.obj
 0002:00022e80       _pj_run_app                0049ae80 f   pjlib-i386-win32-vc8-debug:os_core_win32.obj
 0002:00022eb0       _pj_rwmutex_create         0049aeb0 f   pjlib-i386-win32-vc8-debug:os_core_win32.obj
 0002:00022fc0       _pj_rwmutex_destroy        0049afc0 f   pjlib-i386-win32-vc8-debug:os_core_win32.obj
 0002:00023040       _pj_rwmutex_lock_read      0049b040 f   pjlib-i386-win32-vc8-debug:os_core_win32.obj
 0002:00023170       _pj_rwmutex_lock_write     0049b170 f   pjlib-i386-win32-vc8-debug:os_core_win32.obj
 0002:000231e0       _pj_rwmutex_unlock_read    0049b1e0 f   pjlib-i386-win32-vc8-debug:os_core_win32.obj
 0002:00023300       _pj_rwmutex_unlock_write   0049b300 f   pjlib-i386-win32-vc8-debug:os_core_win32.obj
 0002:000233a0       _pj_sem_create             0049b3a0 f   pjlib-i386-win32-vc8-debug:os_core_win32.obj
 0002:00023540       _pj_sem_destroy            0049b540 f   pjlib-i386-win32-vc8-debug:os_core_win32.obj
 0002:00023630       _pj_sem_post               0049b630 f   pjlib-i386-win32-vc8-debug:os_core_win32.obj
 0002:00023720       _pj_sem_trywait            0049b720 f   pjlib-i386-win32-vc8-debug:os_core_win32.obj
 0002:000237a0       _pj_sem_wait               0049b7a0 f   pjlib-i386-win32-vc8-debug:os_core_win32.obj
 0002:00023950       _pj_shutdown               0049b950 f   pjlib-i386-win32-vc8-debug:os_core_win32.obj
 0002:00023ae0       _pj_term_get_color         0049bae0 f   pjlib-i386-win32-vc8-debug:os_core_win32.obj
 0002:00023b50       _pj_term_set_color         0049bb50 f   pjlib-i386-win32-vc8-debug:os_core_win32.obj
 0002:00023c20       _pj_thread_check_stack     0049bc20 f   pjlib-i386-win32-vc8-debug:os_core_win32.obj
 0002:00023d20       _pj_thread_create          0049bd20 f   pjlib-i386-win32-vc8-debug:os_core_win32.obj
 0002:00023f60       _pj_thread_destroy         0049bf60 f   pjlib-i386-win32-vc8-debug:os_core_win32.obj
 0002:00024040       _pj_thread_get_name        0049c040 f   pjlib-i386-win32-vc8-debug:os_core_win32.obj
 0002:000240c0       _pj_thread_get_os_handle   0049c0c0 f   pjlib-i386-win32-vc8-debug:os_core_win32.obj
 0002:00024120       _pj_thread_get_prio        0049c120 f   pjlib-i386-win32-vc8-debug:os_core_win32.obj
 0002:00024150       _pj_thread_get_prio_max    0049c150 f   pjlib-i386-win32-vc8-debug:os_core_win32.obj
 0002:00024170       _pj_thread_get_prio_min    0049c170 f   pjlib-i386-win32-vc8-debug:os_core_win32.obj
 0002:00024190       _pj_thread_get_stack_info  0049c190 f   pjlib-i386-win32-vc8-debug:os_core_win32.obj
 0002:000241f0       _pj_thread_get_stack_max_usage 0049c1f0 f   pjlib-i386-win32-vc8-debug:os_core_win32.obj
 0002:00024210       _pj_thread_init            0049c210 f   pjlib-i386-win32-vc8-debug:os_core_win32.obj
 0002:00024270       _pj_thread_is_registered   0049c270 f   pjlib-i386-win32-vc8-debug:os_core_win32.obj
 0002:000242c0       _pj_thread_join            0049c2c0 f   pjlib-i386-win32-vc8-debug:os_core_win32.obj
 0002:000243f0       _pj_thread_local_alloc     0049c3f0 f   pjlib-i386-win32-vc8-debug:os_core_win32.obj
 0002:000244b0       _pj_thread_local_free      0049c4b0 f   pjlib-i386-win32-vc8-debug:os_core_win32.obj
 0002:000244f0       _pj_thread_local_get       0049c4f0 f   pjlib-i386-win32-vc8-debug:os_core_win32.obj
 0002:00024510       _pj_thread_local_set       0049c510 f   pjlib-i386-win32-vc8-debug:os_core_win32.obj
 0002:000245a0       _pj_thread_register        0049c5a0 f   pjlib-i386-win32-vc8-debug:os_core_win32.obj
 0002:00024710       _pj_thread_resume          0049c710 f   pjlib-i386-win32-vc8-debug:os_core_win32.obj
 0002:000247f0       _pj_thread_set_prio        0049c7f0 f   pjlib-i386-win32-vc8-debug:os_core_win32.obj
 0002:00024900       _pj_thread_sleep           0049c900 f   pjlib-i386-win32-vc8-debug:os_core_win32.obj
 0002:00024940       _pj_thread_this            0049c940 f   pjlib-i386-win32-vc8-debug:os_core_win32.obj
 0002:00024aa0       _pj_get_timestamp          0049caa0 f   pjlib-i386-win32-vc8-debug:os_timestamp_win32.obj
 0002:00024b30       _pj_get_timestamp_freq     0049cb30 f   pjlib-i386-win32-vc8-debug:os_timestamp_win32.obj
 0002:00024d60       _pj_elapsed_cycle          0049cd60 f   pjlib-i386-win32-vc8-debug:os_timestamp_common.obj
 0002:00024d80       _pj_elapsed_msec           0049cd80 f   pjlib-i386-win32-vc8-debug:os_timestamp_common.obj
 0002:00024dc0       _pj_elapsed_msec64         0049cdc0 f   pjlib-i386-win32-vc8-debug:os_timestamp_common.obj
 0002:00024e00       _pj_elapsed_nanosec        0049ce00 f   pjlib-i386-win32-vc8-debug:os_timestamp_common.obj
 0002:00024ec0       _pj_elapsed_time           0049cec0 f   pjlib-i386-win32-vc8-debug:os_timestamp_common.obj
 0002:00024fa0       _pj_elapsed_usec           0049cfa0 f   pjlib-i386-win32-vc8-debug:os_timestamp_common.obj
 0002:00024fe0       _pj_gettickcount           0049cfe0 f   pjlib-i386-win32-vc8-debug:os_timestamp_common.obj
 0002:00025100       _pj_errno_clear_handlers   0049d100 f   pjlib-i386-win32-vc8-debug:errno.obj
 0002:00025170       _pj_perror                 0049d170 f   pjlib-i386-win32-vc8-debug:errno.obj
 0002:000251c0       _pj_perror_1               0049d1c0 f   pjlib-i386-win32-vc8-debug:errno.obj
 0002:00025210       _pj_perror_2               0049d210 f   pjlib-i386-win32-vc8-debug:errno.obj
 0002:00025260       _pj_perror_3               0049d260 f   pjlib-i386-win32-vc8-debug:errno.obj
 0002:000252b0       _pj_perror_4               0049d2b0 f   pjlib-i386-win32-vc8-debug:errno.obj
 0002:00025300       _pj_perror_5               0049d300 f   pjlib-i386-win32-vc8-debug:errno.obj
 0002:00025420       _pj_register_strerror      0049d420 f   pjlib-i386-win32-vc8-debug:errno.obj
 0002:00025650       _pj_strerror               0049d650 f   pjlib-i386-win32-vc8-debug:errno.obj
 0002:00025940       _pj_NO_MEMORY_EXCEPTION    0049d940 f   pjlib-i386-win32-vc8-debug:pool.obj
 0002:000259c0       _pj_pool_alloc             0049d9c0 f   pjlib-i386-win32-vc8-debug:pool.obj
 0002:00025a20       _pj_pool_alloc_from_block  0049da20 f   pjlib-i386-win32-vc8-debug:pool.obj
 0002:00025a90       _pj_pool_allocate_find     0049da90 f   pjlib-i386-win32-vc8-debug:pool.obj
 0002:00025c10       _pj_pool_calloc            0049dc10 f   pjlib-i386-win32-vc8-debug:pool.obj
 0002:00025c70       _pj_pool_create            0049dc70 f   pjlib-i386-win32-vc8-debug:pool.obj
 0002:00025dd0       _pj_pool_create_int        0049ddd0 f   pjlib-i386-win32-vc8-debug:pool.obj
 0002:00025f50       _pj_pool_destroy_int       0049df50 f   pjlib-i386-win32-vc8-debug:pool.obj
 0002:00025fd0       _pj_pool_get_capacity      0049dfd0 f   pjlib-i386-win32-vc8-debug:pool.obj
 0002:00025ff0       _pj_pool_get_used_size     0049dff0 f   pjlib-i386-win32-vc8-debug:pool.obj
 0002:00026060       _pj_pool_getobjname        0049e060 f   pjlib-i386-win32-vc8-debug:pool.obj
 0002:00026080       _pj_pool_init_int          0049e080 f   pjlib-i386-win32-vc8-debug:pool.obj
 0002:00026150       _pj_pool_release           0049e150 f   pjlib-i386-win32-vc8-debug:pool.obj
 0002:000261a0       _pj_pool_reset             0049e1a0 f   pjlib-i386-win32-vc8-debug:pool.obj
 0002:000269f0       _pj_caching_pool_destroy   0049e9f0 f   pjlib-i386-win32-vc8-debug:pool_caching.obj
 0002:00026b60       _pj_caching_pool_init      0049eb60 f   pjlib-i386-win32-vc8-debug:pool_caching.obj
 0002:00026ef0       _pj_log                    0049eef0 f   pjlib-i386-win32-vc8-debug:log.obj
 0002:000277a0       _pj_log_1                  0049f7a0 f   pjlib-i386-win32-vc8-debug:log.obj
 0002:000277e0       _pj_log_2                  0049f7e0 f   pjlib-i386-win32-vc8-debug:log.obj
 0002:00027820       _pj_log_3                  0049f820 f   pjlib-i386-win32-vc8-debug:log.obj
 0002:00027860       _pj_log_4                  0049f860 f   pjlib-i386-win32-vc8-debug:log.obj
 0002:000278a0       _pj_log_5                  0049f8a0 f   pjlib-i386-win32-vc8-debug:log.obj
 0002:000278e0       _pj_log_add_indent         0049f8e0 f   pjlib-i386-win32-vc8-debug:log.obj
 0002:00027910       _pj_log_get_color          0049f910 f   pjlib-i386-win32-vc8-debug:log.obj
 0002:000279b0       _pj_log_get_decor          0049f9b0 f   pjlib-i386-win32-vc8-debug:log.obj
 0002:000279d0       _pj_log_get_level          0049f9d0 f   pjlib-i386-win32-vc8-debug:log.obj
 0002:000279f0       _pj_log_get_log_func       0049f9f0 f   pjlib-i386-win32-vc8-debug:log.obj
 0002:00027a10       _pj_log_init               0049fa10 f   pjlib-i386-win32-vc8-debug:log.obj
 0002:00027ab0       _pj_log_pop_indent         0049fab0 f   pjlib-i386-win32-vc8-debug:log.obj
 0002:00027ad0       _pj_log_push_indent        0049fad0 f   pjlib-i386-win32-vc8-debug:log.obj
 0002:00027af0       _pj_log_set_color          0049faf0 f   pjlib-i386-win32-vc8-debug:log.obj
 0002:00027c20       _pj_log_set_decor          0049fc20 f   pjlib-i386-win32-vc8-debug:log.obj
 0002:00027c40       _pj_log_set_level          0049fc40 f   pjlib-i386-win32-vc8-debug:log.obj
 0002:00027c60       _pj_log_set_log_func       0049fc60 f   pjlib-i386-win32-vc8-debug:log.obj
 0002:00027ec0       _pj_pool_factory_get_default_policy 0049fec0 f   pjlib-i386-win32-vc8-debug:pool_policy_malloc.obj
 0002:00027f50       _pj_list_erase             0049ff50 f   pjlib-i386-win32-vc8-debug:list.obj
 0002:00027f90       _pj_list_find_node         0049ff90 f   pjlib-i386-win32-vc8-debug:list.obj
 0002:00028030       _pj_list_insert_after      004a0030 f   pjlib-i386-win32-vc8-debug:list.obj
 0002:00028080       _pj_list_insert_before     004a0080 f   pjlib-i386-win32-vc8-debug:list.obj
 0002:000280b0       _pj_list_insert_nodes_after 004a00b0 f   pjlib-i386-win32-vc8-debug:list.obj
 0002:00028110       _pj_list_insert_nodes_before 004a0110 f   pjlib-i386-win32-vc8-debug:list.obj
 0002:00028140       _pj_list_merge_first       004a0140 f   pjlib-i386-win32-vc8-debug:list.obj
 0002:000281b0       _pj_list_merge_last        004a01b0 f   pjlib-i386-win32-vc8-debug:list.obj
 0002:00028220       _pj_list_search            004a0220 f   pjlib-i386-win32-vc8-debug:list.obj
 0002:00028290       _pj_list_size              004a0290 f   pjlib-i386-win32-vc8-debug:list.obj
 0002:00028310       _pj_gethostname            004a0310 f   pjlib-i386-win32-vc8-debug:sock_bsd.obj
 0002:000283c0       _pj_htonl                  004a03c0 f   pjlib-i386-win32-vc8-debug:sock_bsd.obj
 0002:000283e0       _pj_htons                  004a03e0 f   pjlib-i386-win32-vc8-debug:sock_bsd.obj
 0002:00028410       _pj_inet_aton              004a0410 f   pjlib-i386-win32-vc8-debug:sock_bsd.obj
 0002:00028540       _pj_inet_ntoa              004a0540 f   pjlib-i386-win32-vc8-debug:sock_bsd.obj
 0002:00028560       _pj_inet_ntop              004a0560 f   pjlib-i386-win32-vc8-debug:sock_bsd.obj
 0002:000287a0       _pj_inet_pton              004a07a0 f   pjlib-i386-win32-vc8-debug:sock_bsd.obj
 0002:00028a50       _pj_ntohl                  004a0a50 f   pjlib-i386-win32-vc8-debug:sock_bsd.obj
 0002:00028a70       _pj_ntohs                  004a0a70 f   pjlib-i386-win32-vc8-debug:sock_bsd.obj
 0002:00028aa0       _pj_sock_accept            004a0aa0 f   pjlib-i386-win32-vc8-debug:sock_bsd.obj
 0002:00028b90       _pj_sock_bind              004a0b90 f   pjlib-i386-win32-vc8-debug:sock_bsd.obj
 0002:00028c80       _pj_sock_bind_in           004a0c80 f   pjlib-i386-win32-vc8-debug:sock_bsd.obj
 0002:00028d30       _pj_sock_close             004a0d30 f   pjlib-i386-win32-vc8-debug:sock_bsd.obj
 0002:00028dd0       _pj_sock_connect           004a0dd0 f   pjlib-i386-win32-vc8-debug:sock_bsd.obj
 0002:00028e70       _pj_sock_getpeername       004a0e70 f   pjlib-i386-win32-vc8-debug:sock_bsd.obj
 0002:00028f10       _pj_sock_getsockname       004a0f10 f   pjlib-i386-win32-vc8-debug:sock_bsd.obj
 0002:00028fb0       _pj_sock_getsockopt        004a0fb0 f   pjlib-i386-win32-vc8-debug:sock_bsd.obj
 0002:000290b0       _pj_sock_listen            004a10b0 f   pjlib-i386-win32-vc8-debug:sock_bsd.obj
 0002:00029150       _pj_sock_recv              004a1150 f   pjlib-i386-win32-vc8-debug:sock_bsd.obj
 0002:00029250       _pj_sock_recvfrom          004a1250 f   pjlib-i386-win32-vc8-debug:sock_bsd.obj
 0002:00029360       _pj_sock_send              004a1360 f   pjlib-i386-win32-vc8-debug:sock_bsd.obj
 0002:00029450       _pj_sock_sendto            004a1450 f   pjlib-i386-win32-vc8-debug:sock_bsd.obj
 0002:00029550       _pj_sock_setsockopt        004a1550 f   pjlib-i386-win32-vc8-debug:sock_bsd.obj
 0002:00029630       _pj_sock_setsockopt_params 004a1630 f   pjlib-i386-win32-vc8-debug:sock_bsd.obj
 0002:00029790       _pj_sock_shutdown          004a1790 f   pjlib-i386-win32-vc8-debug:sock_bsd.obj
 0002:00029830       _pj_sock_socket            004a1830 f   pjlib-i386-win32-vc8-debug:sock_bsd.obj
 0002:000299d0       _pj_getdefaultipinterface  004a19d0 f   pjlib-i386-win32-vc8-debug:sock_common.obj
 0002:00029a50       _pj_gethostaddr            004a1a50 f   pjlib-i386-win32-vc8-debug:sock_common.obj
 0002:00029aa0       _pj_gethostip              004a1aa0 f   pjlib-i386-win32-vc8-debug:sock_common.obj
 0002:0002a770       _pj_getipinterface         004a2770 f   pjlib-i386-win32-vc8-debug:sock_common.obj
 0002:0002a9c0       _pj_inet_addr              004a29c0 f   pjlib-i386-win32-vc8-debug:sock_common.obj
 0002:0002a9f0       _pj_inet_addr2             004a29f0 f   pjlib-i386-win32-vc8-debug:sock_common.obj
 0002:0002aa30       _pj_inet_ntop2             004a2a30 f   pjlib-i386-win32-vc8-debug:sock_common.obj
 0002:0002ab20       _pj_sock_bind_random       004a2b20 f   pjlib-i386-win32-vc8-debug:sock_common.obj
 0002:0002aca0       _pj_sock_setsockopt_sobuf  004a2ca0 f   pjlib-i386-win32-vc8-debug:sock_common.obj
 0002:0002aed0       _pj_sockaddr_cmp           004a2ed0 f   pjlib-i386-win32-vc8-debug:sock_common.obj
 0002:0002afe0       _pj_sockaddr_copy_addr     004a2fe0 f   pjlib-i386-win32-vc8-debug:sock_common.obj
 0002:0002b040       _pj_sockaddr_cp            004a3040 f   pjlib-i386-win32-vc8-debug:sock_common.obj
 0002:0002b080       _pj_sockaddr_get_addr      004a3080 f   pjlib-i386-win32-vc8-debug:sock_common.obj
 0002:0002b150       _pj_sockaddr_get_addr_len  004a3150 f   pjlib-i386-win32-vc8-debug:sock_common.obj
 0002:0002b220       _pj_sockaddr_get_len       004a3220 f   pjlib-i386-win32-vc8-debug:sock_common.obj
 0002:0002b2f0       _pj_sockaddr_get_port      004a32f0 f   pjlib-i386-win32-vc8-debug:sock_common.obj
 0002:0002b3e0       _pj_sockaddr_has_addr      004a33e0 f   pjlib-i386-win32-vc8-debug:sock_common.obj
 0002:0002b4d0       _pj_sockaddr_in_get_addr   004a34d0 f   pjlib-i386-win32-vc8-debug:sock_common.obj
 0002:0002b500       _pj_sockaddr_in_get_port   004a3500 f   pjlib-i386-win32-vc8-debug:sock_common.obj
 0002:0002b530       _pj_sockaddr_in_init       004a3530 f   pjlib-i386-win32-vc8-debug:sock_common.obj
 0002:0002b5e0       _pj_sockaddr_in_set_addr   004a35e0 f   pjlib-i386-win32-vc8-debug:sock_common.obj
 0002:0002b610       _pj_sockaddr_in_set_port   004a3610 f   pjlib-i386-win32-vc8-debug:sock_common.obj
 0002:0002b640       _pj_sockaddr_in_set_str_addr 004a3640 f   pjlib-i386-win32-vc8-debug:sock_common.obj
 0002:0002b7a0       _pj_sockaddr_init          004a37a0 f   pjlib-i386-win32-vc8-debug:sock_common.obj
 0002:0002b8a0       _pj_sockaddr_parse         004a38a0 f   pjlib-i386-win32-vc8-debug:sock_common.obj
 0002:0002ba40       _pj_sockaddr_parse2        004a3a40 f   pjlib-i386-win32-vc8-debug:sock_common.obj
 0002:0002bee0       _pj_sockaddr_print         004a3ee0 f   pjlib-i386-win32-vc8-debug:sock_common.obj
 0002:0002c040       _pj_sockaddr_set_port      004a4040 f   pjlib-i386-win32-vc8-debug:sock_common.obj
 0002:0002c120       _pj_sockaddr_set_str_addr  004a4120 f   pjlib-i386-win32-vc8-debug:sock_common.obj
 0002:0002c2d0       _pj_create_random_string   004a42d0 f   pjlib-i386-win32-vc8-debug:string.obj
 0002:0002c5a0       _pj_str                    004a45a0 f   pjlib-i386-win32-vc8-debug:string.obj
 0002:0002c5f0       _pj_strassign              004a45f0 f   pjlib-i386-win32-vc8-debug:string.obj
 0002:0002c630       _pj_strcat                 004a4630 f   pjlib-i386-win32-vc8-debug:string.obj
 0002:0002c690       _pj_strcat2                004a4690 f   pjlib-i386-win32-vc8-debug:string.obj
 0002:0002c710       _pj_strcmp                 004a4710 f   pjlib-i386-win32-vc8-debug:string.obj
 0002:0002c830       _pj_strcmp2                004a4830 f   pjlib-i386-win32-vc8-debug:string.obj
 0002:0002c890       _pj_strcpy                 004a4890 f   pjlib-i386-win32-vc8-debug:string.obj
 0002:0002c8f0       _pj_strcpy2                004a48f0 f   pjlib-i386-win32-vc8-debug:string.obj
 0002:0002c970       _pj_strdup                 004a4970 f   pjlib-i386-win32-vc8-debug:string.obj
 0002:0002ca00       _pj_strdup2                004a4a00 f   pjlib-i386-win32-vc8-debug:string.obj
 0002:0002caa0       _pj_strdup2_with_null      004a4aa0 f   pjlib-i386-win32-vc8-debug:string.obj
 0002:0002cb50       _pj_strdup3                004a4b50 f   pjlib-i386-win32-vc8-debug:string.obj
 0002:0002cb90       _pj_strdup_with_null       004a4b90 f   pjlib-i386-win32-vc8-debug:string.obj
 0002:0002cc20       _pj_stricmp                004a4c20 f   pjlib-i386-win32-vc8-debug:string.obj
 0002:0002cd40       _pj_stricmp2               004a4d40 f   pjlib-i386-win32-vc8-debug:string.obj
 0002:0002cda0       _pj_stristr                004a4da0 f   pjlib-i386-win32-vc8-debug:string.obj
 0002:0002ce40       _pj_strltrim               004a4e40 f   pjlib-i386-win32-vc8-debug:string.obj
 0002:0002ced0       _pj_strncmp                004a4ed0 f   pjlib-i386-win32-vc8-debug:string.obj
 0002:0002cf50       _pj_strncmp2               004a4f50 f   pjlib-i386-win32-vc8-debug:string.obj
 0002:0002cfb0       _pj_strncpy                004a4fb0 f   pjlib-i386-win32-vc8-debug:string.obj
 0002:0002d010       _pj_strncpy_with_null      004a5010 f   pjlib-i386-win32-vc8-debug:string.obj
 0002:0002d090       _pj_strnicmp               004a5090 f   pjlib-i386-win32-vc8-debug:string.obj
 0002:0002d110       _pj_strnicmp2              004a5110 f   pjlib-i386-win32-vc8-debug:string.obj
 0002:0002d170       _pj_strrtrim               004a5170 f   pjlib-i386-win32-vc8-debug:string.obj
 0002:0002d200       _pj_strstr                 004a5200 f   pjlib-i386-win32-vc8-debug:string.obj
 0002:0002d2a0       _pj_strtof                 004a52a0 f   pjlib-i386-win32-vc8-debug:string.obj
 0002:0002d470       _pj_strtol                 004a5470 f   pjlib-i386-win32-vc8-debug:string.obj
 0002:0002d570       _pj_strtoul                004a5570 f   pjlib-i386-win32-vc8-debug:string.obj
 0002:0002d620       _pj_strtoul2               004a5620 f   pjlib-i386-win32-vc8-debug:string.obj
 0002:0002d7b0       _pj_strtrim                004a57b0 f   pjlib-i386-win32-vc8-debug:string.obj
 0002:0002d7f0       _pj_utoa                   004a57f0 f   pjlib-i386-win32-vc8-debug:string.obj
 0002:0002d820       _pj_utoa_pad               004a5820 f   pjlib-i386-win32-vc8-debug:string.obj
 0002:0002da80       _pj_gettimeofday           004a5a80 f   pjlib-i386-win32-vc8-debug:os_time_win32.obj
 0002:0002db60       _pj_time_decode            004a5b60 f   pjlib-i386-win32-vc8-debug:os_time_win32.obj
 0002:0002dc70       _pj_time_encode            004a5c70 f   pjlib-i386-win32-vc8-debug:os_time_win32.obj
 0002:0002e0a0       ?ioqueue_dispatch_exception_event@@YAXPAUpj_ioqueue_t@@PAUpj_ioqueue_key_t@@@Z 004a60a0 f   pjlib-i386-win32-vc8-debug:ioqueue_select.obj
 0002:0002e250       ?ioqueue_dispatch_read_event@@YAXPAUpj_ioqueue_t@@PAUpj_ioqueue_key_t@@@Z 004a6250 f   pjlib-i386-win32-vc8-debug:ioqueue_select.obj
 0002:0002e630       ?ioqueue_dispatch_write_event@@YAXPAUpj_ioqueue_t@@PAUpj_ioqueue_key_t@@@Z 004a6630 f   pjlib-i386-win32-vc8-debug:ioqueue_select.obj
 0002:0002ed90       ?key_has_pending_accept@@YAHPAUpj_ioqueue_key_t@@@Z 004a6d90 f i pjlib-i386-win32-vc8-debug:ioqueue_select.obj
 0002:0002ede0       ?key_has_pending_connect@@YAHPAUpj_ioqueue_key_t@@@Z 004a6de0 f i pjlib-i386-win32-vc8-debug:ioqueue_select.obj
 0002:0002ee00       ?key_has_pending_read@@YAHPAUpj_ioqueue_key_t@@@Z 004a6e00 f i pjlib-i386-win32-vc8-debug:ioqueue_select.obj
 0002:0002ee50       ?key_has_pending_write@@YAHPAUpj_ioqueue_key_t@@@Z 004a6e50 f i pjlib-i386-win32-vc8-debug:ioqueue_select.obj
 0002:0002efe0       _pj_bzero                  004a6fe0 f i pjlib-i386-win32-vc8-debug:ioqueue_select.obj
 0002:0002f010       _pj_ioqueue_accept         004a7010 f   pjlib-i386-win32-vc8-debug:ioqueue_select.obj
 0002:0002f240       _pj_ioqueue_connect        004a7240 f   pjlib-i386-win32-vc8-debug:ioqueue_select.obj
 0002:0002f3c0       _pj_ioqueue_create         004a73c0 f   pjlib-i386-win32-vc8-debug:ioqueue_select.obj
 0002:0002f6e0       _pj_ioqueue_destroy        004a76e0 f   pjlib-i386-win32-vc8-debug:ioqueue_select.obj
 0002:0002f830       _pj_ioqueue_get_user_data  004a7830 f   pjlib-i386-win32-vc8-debug:ioqueue_select.obj
 0002:0002f890       _pj_ioqueue_is_pending     004a7890 f   pjlib-i386-win32-vc8-debug:ioqueue_select.obj
 0002:0002f8d0       _pj_ioqueue_lock_key       004a78d0 f   pjlib-i386-win32-vc8-debug:ioqueue_select.obj
 0002:0002f920       _pj_ioqueue_name           004a7920 f   pjlib-i386-win32-vc8-debug:ioqueue_select.obj
 0002:0002f940       _pj_ioqueue_op_key_init    004a7940 f   pjlib-i386-win32-vc8-debug:ioqueue_select.obj
 0002:0002f970       _pj_ioqueue_poll           004a7970 f   pjlib-i386-win32-vc8-debug:ioqueue_select.obj
 0002:00030070       _pj_ioqueue_post_completion 004a8070 f   pjlib-i386-win32-vc8-debug:ioqueue_select.obj
 0002:00030230       _pj_ioqueue_recv           004a8230 f   pjlib-i386-win32-vc8-debug:ioqueue_select.obj
 0002:00030430       _pj_ioqueue_recvfrom       004a8430 f   pjlib-i386-win32-vc8-debug:ioqueue_select.obj
 0002:00030650       _pj_ioqueue_register_sock  004a8650 f   pjlib-i386-win32-vc8-debug:ioqueue_select.obj
 0002:00030690       _pj_ioqueue_register_sock2 004a8690 f   pjlib-i386-win32-vc8-debug:ioqueue_select.obj
 0002:00030910       _pj_ioqueue_send           004a8910 f   pjlib-i386-win32-vc8-debug:ioqueue_select.obj
 0002:00030b70       _pj_ioqueue_sendto         004a8b70 f   pjlib-i386-win32-vc8-debug:ioqueue_select.obj
 0002:00030e40       _pj_ioqueue_set_concurrency 004a8e40 f   pjlib-i386-win32-vc8-debug:ioqueue_select.obj
 0002:00030f00       _pj_ioqueue_set_default_concurrency 004a8f00 f   pjlib-i386-win32-vc8-debug:ioqueue_select.obj
 0002:00030f60       _pj_ioqueue_set_lock       004a8f60 f   pjlib-i386-win32-vc8-debug:ioqueue_select.obj
 0002:00031000       _pj_ioqueue_set_user_data  004a9000 f   pjlib-i386-win32-vc8-debug:ioqueue_select.obj
 0002:00031080       _pj_ioqueue_unlock_key     004a9080 f   pjlib-i386-win32-vc8-debug:ioqueue_select.obj
 0002:000310d0       _pj_ioqueue_unregister     004a90d0 f   pjlib-i386-win32-vc8-debug:ioqueue_select.obj
 0002:000312b0       _pj_list_empty             004a92b0 f i pjlib-i386-win32-vc8-debug:ioqueue_select.obj
 0002:000312f0       _pj_list_init              004a92f0 f i pjlib-i386-win32-vc8-debug:ioqueue_select.obj
 0002:00031320       _pj_list_push_back         004a9320 f i pjlib-i386-win32-vc8-debug:ioqueue_select.obj
 0002:00031350       _pj_memcpy                 004a9350 f i pjlib-i386-win32-vc8-debug:ioqueue_select.obj
 0002:00031540       _pj_file_delete            004a9540 f   pjlib-i386-win32-vc8-debug:file_access_win32.obj
 0002:00031600       _pj_file_exists            004a9600 f   pjlib-i386-win32-vc8-debug:file_access_win32.obj
 0002:000316a0       _pj_file_getstat           004a96a0 f   pjlib-i386-win32-vc8-debug:file_access_win32.obj
 0002:00031970       _pj_file_move              004a9970 f   pjlib-i386-win32-vc8-debug:file_access_win32.obj
 0002:00031a50       _pj_file_size              004a9a50 f   pjlib-i386-win32-vc8-debug:file_access_win32.obj
 0002:00031b70       _pj_file_close             004a9b70 f   pjlib-i386-win32-vc8-debug:file_io_win32.obj
 0002:00031bf0       _pj_file_flush             004a9bf0 f   pjlib-i386-win32-vc8-debug:file_io_win32.obj
 0002:00031c80       _pj_file_getpos            004a9c80 f   pjlib-i386-win32-vc8-debug:file_io_win32.obj
 0002:00031d50       _pj_file_open              004a9d50 f   pjlib-i386-win32-vc8-debug:file_io_win32.obj
 0002:00031fa0       _pj_file_read              004a9fa0 f   pjlib-i386-win32-vc8-debug:file_io_win32.obj
 0002:00032050       _pj_file_setpos            004aa050 f   pjlib-i386-win32-vc8-debug:file_io_win32.obj
 0002:00032170       _pj_file_write             004aa170 f   pjlib-i386-win32-vc8-debug:file_io_win32.obj
 0002:00032220       _pj_array_erase            004aa220 f   pjlib-i386-win32-vc8-debug:array.obj
 0002:000322b0       _pj_array_find             004aa2b0 f   pjlib-i386-win32-vc8-debug:array.obj
 0002:00032330       _pj_array_insert           004aa330 f   pjlib-i386-win32-vc8-debug:array.obj
 0002:00032b30       _pj_grp_lock_acquire       004aab30 f   pjlib-i386-win32-vc8-debug:lock.obj
 0002:00032b60       _pj_grp_lock_add_handler   004aab60 f   pjlib-i386-win32-vc8-debug:lock.obj
 0002:00032ba0       _pj_grp_lock_add_ref       004aaba0 f   pjlib-i386-win32-vc8-debug:lock.obj
 0002:00032bd0       _pj_grp_lock_chain_lock    004aabd0 f   pjlib-i386-win32-vc8-debug:lock.obj
 0002:00032cc0       _pj_grp_lock_config_default 004aacc0 f   pjlib-i386-win32-vc8-debug:lock.obj
 0002:00032cf0       _pj_grp_lock_create        004aacf0 f   pjlib-i386-win32-vc8-debug:lock.obj
 0002:00032ed0       _pj_grp_lock_create_w_handler 004aaed0 f   pjlib-i386-win32-vc8-debug:lock.obj
 0002:00032f30       _pj_grp_lock_dec_ref       004aaf30 f   pjlib-i386-win32-vc8-debug:lock.obj
 0002:00032f60       _pj_grp_lock_del_handler   004aaf60 f   pjlib-i386-win32-vc8-debug:lock.obj
 0002:00033000       _pj_grp_lock_destroy       004ab000 f   pjlib-i386-win32-vc8-debug:lock.obj
 0002:00033030       _pj_grp_lock_dump          004ab030 f   pjlib-i386-win32-vc8-debug:lock.obj
 0002:00033050       _pj_grp_lock_get_ref       004ab050 f   pjlib-i386-win32-vc8-debug:lock.obj
 0002:00033080       _pj_grp_lock_release       004ab080 f   pjlib-i386-win32-vc8-debug:lock.obj
 0002:000330b0       _pj_grp_lock_replace       004ab0b0 f   pjlib-i386-win32-vc8-debug:lock.obj
 0002:00033160       _pj_grp_lock_tryacquire    004ab160 f   pjlib-i386-win32-vc8-debug:lock.obj
 0002:00033190       _pj_grp_lock_unchain_lock  004ab190 f   pjlib-i386-win32-vc8-debug:lock.obj
 0002:000332c0       _pj_lock_acquire           004ab2c0 f   pjlib-i386-win32-vc8-debug:lock.obj
 0002:00033330       _pj_lock_create_null_mutex 004ab330 f   pjlib-i386-win32-vc8-debug:lock.obj
 0002:00033390       _pj_lock_create_recursive_mutex 004ab390 f   pjlib-i386-win32-vc8-debug:lock.obj
 0002:000333c0       _pj_lock_create_semaphore  004ab3c0 f   pjlib-i386-win32-vc8-debug:lock.obj
 0002:000334b0       _pj_lock_create_simple_mutex 004ab4b0 f   pjlib-i386-win32-vc8-debug:lock.obj
 0002:000334e0       _pj_lock_destroy           004ab4e0 f   pjlib-i386-win32-vc8-debug:lock.obj
 0002:00033550       _pj_lock_release           004ab550 f   pjlib-i386-win32-vc8-debug:lock.obj
 0002:000335c0       _pj_lock_tryacquire        004ab5c0 f   pjlib-i386-win32-vc8-debug:lock.obj
 0002:00033700       _pj_exception_id_alloc     004ab700 f   pjlib-i386-win32-vc8-debug:except.obj
 0002:00033780       _pj_exception_id_free      004ab780 f   pjlib-i386-win32-vc8-debug:except.obj
 0002:00033810       _pj_exception_id_name      004ab810 f   pjlib-i386-win32-vc8-debug:except.obj
 0002:000338c0       _pj_pop_exception_handler_ 004ab8c0 f   pjlib-i386-win32-vc8-debug:except.obj
 0002:00033920       _pj_push_exception_handler_ 004ab920 f   pjlib-i386-win32-vc8-debug:except.obj
 0002:000339d0       _pj_throw_exception_       004ab9d0 f   pjlib-i386-win32-vc8-debug:except.obj
 0002:00033bd0       _pj_GUID_STRING_LENGTH     004abbd0 f   pjlib-i386-win32-vc8-debug:guid_win32.obj
 0002:00033bf0       _pj_generate_unique_string 004abbf0 f   pjlib-i386-win32-vc8-debug:guid_win32.obj
 0002:00033c60       _pj_dump_config            004abc60 f   pjlib-i386-win32-vc8-debug:config.obj
 0002:00034240       _pj_get_version            004ac240 f   pjlib-i386-win32-vc8-debug:config.obj
 0002:00034260       _pj_get_netos_error        004ac260 f   pjlib-i386-win32-vc8-debug:os_error_win32.obj
 0002:000342b0       _pj_get_os_error           004ac2b0 f   pjlib-i386-win32-vc8-debug:os_error_win32.obj
 0002:00034330       _pj_set_netos_error        004ac330 f   pjlib-i386-win32-vc8-debug:os_error_win32.obj
 0002:00034380       _pj_set_os_error           004ac380 f   pjlib-i386-win32-vc8-debug:os_error_win32.obj
 0002:000343d0       _platform_strerror         004ac3d0 f   pjlib-i386-win32-vc8-debug:os_error_win32.obj
 0002:000345d0       _pj_pool_create_on_buf     004ac5d0 f   pjlib-i386-win32-vc8-debug:pool_buf.obj
 0002:00034840       __vfprintf_l               004ac840 f i pjlib-i386-win32-vc8-debug:log_writer_stdout.obj
 0002:00034890       _pj_log_write              004ac890 f   pjlib-i386-win32-vc8-debug:log_writer_stdout.obj
 0002:00034910       _printf                    004ac910 f i pjlib-i386-win32-vc8-debug:log_writer_stdout.obj
 0002:00035390       _pj_enum_ip_interface      004ad390 f   pjlib-i386-win32-vc8-debug:ip_helper_win32.obj
 0002:000354f0       _pj_enum_ip_route          004ad4f0 f   pjlib-i386-win32-vc8-debug:ip_helper_win32.obj
 0002:00035960       _pj_getaddrinfo            004ad960 f   pjlib-i386-win32-vc8-debug:addr_resolv_sock.obj
 0002:00035cc0       _pj_gethostbyname          004adcc0 f   pjlib-i386-win32-vc8-debug:addr_resolv_sock.obj
 0002:00035e50       _pj_rand                   004ade50 f   pjlib-i386-win32-vc8-debug:rand.obj
 0002:00035e90       _pj_srand                  004ade90 f   pjlib-i386-win32-vc8-debug:rand.obj
 0002:00035f10       _pj_time_val_normalize     004adf10 f   pjlib-i386-win32-vc8-debug:types.obj
 0002:00036050       _PJ_FD_CLR                 004ae050 f   pjlib-i386-win32-vc8-debug:sock_select.obj
 0002:000361a0       _PJ_FD_COUNT               004ae1a0 f   pjlib-i386-win32-vc8-debug:sock_select.obj
 0002:000361d0       _PJ_FD_ISSET               004ae1d0 f   pjlib-i386-win32-vc8-debug:sock_select.obj
 0002:00036230       _PJ_FD_SET                 004ae230 f   pjlib-i386-win32-vc8-debug:sock_select.obj
 0002:00036370       _PJ_FD_ZERO                004ae370 f   pjlib-i386-win32-vc8-debug:sock_select.obj
 0002:000363d0       _pj_sock_select            004ae3d0 f   pjlib-i386-win32-vc8-debug:sock_select.obj
 0002:00036c40       _speex_echo_cancel         004aec40 f   libspeex-i386-win32-vc8-debug:mdf.obj
 0002:00036c80       _speex_echo_cancellation   004aec80 f   libspeex-i386-win32-vc8-debug:mdf.obj
 0002:00038970       _speex_echo_capture        004b0970 f   libspeex-i386-win32-vc8-debug:mdf.obj
 0002:00038b10       _speex_echo_ctl            004b0b10 f   libspeex-i386-win32-vc8-debug:mdf.obj
 0002:00038ca0       _speex_echo_get_residual   004b0ca0 f   libspeex-i386-win32-vc8-debug:mdf.obj
 0002:00038e00       _speex_echo_playback       004b0e00 f   libspeex-i386-win32-vc8-debug:mdf.obj
 0002:00038fd0       _speex_echo_state_destroy  004b0fd0 f   libspeex-i386-win32-vc8-debug:mdf.obj
 0002:000391c0       _speex_echo_state_init     004b11c0 f   libspeex-i386-win32-vc8-debug:mdf.obj
 0002:000399c0       _speex_echo_state_reset    004b19c0 f   libspeex-i386-win32-vc8-debug:mdf.obj
 0002:0003ac20       _speex_preprocess          004b2c20 f   libspeex-i386-win32-vc8-debug:preprocess.obj
 0002:0003ac50       _speex_preprocess_ctl      004b2c50 f   libspeex-i386-win32-vc8-debug:preprocess.obj
 0002:0003b650       _speex_preprocess_estimate_update 004b3650 f   libspeex-i386-win32-vc8-debug:preprocess.obj
 0002:0003b890       _speex_preprocess_run      004b3890 f   libspeex-i386-win32-vc8-debug:preprocess.obj
 0002:0003d060       _speex_preprocess_state_destroy 004b5060 f   libspeex-i386-win32-vc8-debug:preprocess.obj
 0002:0003d270       _speex_preprocess_state_init 004b5270 f   libspeex-i386-win32-vc8-debug:preprocess.obj
 0002:0003e0c0       _spx_fft                   004b60c0 f   libspeex-i386-win32-vc8-debug:fftwrap.obj
 0002:0003e200       _spx_fft_destroy           004b6200 f   libspeex-i386-win32-vc8-debug:fftwrap.obj
 0002:0003e240       _spx_fft_float             004b6240 f   libspeex-i386-win32-vc8-debug:fftwrap.obj
 0002:0003e270       _spx_fft_init              004b6270 f   libspeex-i386-win32-vc8-debug:fftwrap.obj
 0002:0003e2b0       _spx_ifft                  004b62b0 f   libspeex-i386-win32-vc8-debug:fftwrap.obj
 0002:0003e350       _spx_ifft_float            004b6350 f   libspeex-i386-win32-vc8-debug:fftwrap.obj
 0002:0003e380       _filterbank_compute_bank   004b6380 f   libspeex-i386-win32-vc8-debug:filterbank.obj
 0002:0003e4f0       _filterbank_compute_bank32 004b64f0 f   libspeex-i386-win32-vc8-debug:filterbank.obj
 0002:0003e610       _filterbank_compute_psd    004b6610 f   libspeex-i386-win32-vc8-debug:filterbank.obj
 0002:0003e6e0       _filterbank_compute_psd16  004b66e0 f   libspeex-i386-win32-vc8-debug:filterbank.obj
 0002:0003e7b0       _filterbank_destroy        004b67b0 f   libspeex-i386-win32-vc8-debug:filterbank.obj
 0002:0003e830       _filterbank_new            004b6830 f   libspeex-i386-win32-vc8-debug:filterbank.obj
 0002:0003ed70       _filterbank_psy_smooth     004b6d70 f   libspeex-i386-win32-vc8-debug:filterbank.obj
 0002:00043cf0       _spx_drft_backward         004bbcf0 f   libspeex-i386-win32-vc8-debug:smallft.obj
 0002:00043d50       _spx_drft_clear            004bbd50 f   libspeex-i386-win32-vc8-debug:smallft.obj
 0002:00043db0       _spx_drft_forward          004bbdb0 f   libspeex-i386-win32-vc8-debug:smallft.obj
 0002:00043e10       _spx_drft_init             004bbe10 f   libspeex-i386-win32-vc8-debug:smallft.obj
 0002:00043e90       _crypto_get_random         004bbe90 f   libsrtp-i386-win32-vc8-debug:crypto_kernel.obj
 0002:00043ed0       _crypto_kernel_alloc_auth  004bbed0 f   libsrtp-i386-win32-vc8-debug:crypto_kernel.obj
 0002:00043f40       _crypto_kernel_alloc_cipher 004bbf40 f   libsrtp-i386-win32-vc8-debug:crypto_kernel.obj
 0002:00043fb0       _crypto_kernel_get_auth_type 004bbfb0 f   libsrtp-i386-win32-vc8-debug:crypto_kernel.obj
 0002:00044000       _crypto_kernel_get_cipher_type 004bc000 f   libsrtp-i386-win32-vc8-debug:crypto_kernel.obj
 0002:00044050       _crypto_kernel_init        004bc050 f   libsrtp-i386-win32-vc8-debug:crypto_kernel.obj
 0002:000442e0       _crypto_kernel_list_debug_modules 004bc2e0 f   libsrtp-i386-win32-vc8-debug:crypto_kernel.obj
 0002:00044380       _crypto_kernel_load_auth_type 004bc380 f   libsrtp-i386-win32-vc8-debug:crypto_kernel.obj
 0002:00044480       _crypto_kernel_load_cipher_type 004bc480 f   libsrtp-i386-win32-vc8-debug:crypto_kernel.obj
 0002:00044590       _crypto_kernel_load_debug_module 004bc590 f   libsrtp-i386-win32-vc8-debug:crypto_kernel.obj
 0002:00044650       _crypto_kernel_set_debug_module 004bc650 f   libsrtp-i386-win32-vc8-debug:crypto_kernel.obj
 0002:000446c0       _crypto_kernel_shutdown    004bc6c0 f   libsrtp-i386-win32-vc8-debug:crypto_kernel.obj
 0002:00044830       _crypto_kernel_status      004bc830 f   libsrtp-i386-win32-vc8-debug:crypto_kernel.obj
 0002:00044ab0       _srtp_event_reporter       004bcab0 f   libsrtp-i386-win32-vc8-debug:srtp.obj
 0002:00044b80       _append_salt_to_key        004bcb80 f   libsrtp-i386-win32-vc8-debug:srtp.obj
 0002:00044c10       _crypto_policy_set_aes_cm_128_hmac_sha1_32 004bcc10 f   libsrtp-i386-win32-vc8-debug:srtp.obj
 0002:00044c70       _crypto_policy_set_aes_cm_128_null_auth 004bcc70 f   libsrtp-i386-win32-vc8-debug:srtp.obj
 0002:00044cd0       _crypto_policy_set_from_profile_for_rtcp 004bccd0 f   libsrtp-i386-win32-vc8-debug:srtp.obj
 0002:00044d50       _crypto_policy_set_from_profile_for_rtp 004bcd50 f   libsrtp-i386-win32-vc8-debug:srtp.obj
 0002:00044dd0       _crypto_policy_set_null_cipher_hmac_sha1_80 004bcdd0 f   libsrtp-i386-win32-vc8-debug:srtp.obj
 0002:00044e30       _crypto_policy_set_rtcp_default 004bce30 f   libsrtp-i386-win32-vc8-debug:srtp.obj
 0002:00044e90       _crypto_policy_set_rtp_default 004bce90 f   libsrtp-i386-win32-vc8-debug:srtp.obj
 0002:00044ef0       _srtp_add_stream           004bcef0 f   libsrtp-i386-win32-vc8-debug:srtp.obj
 0002:00045050       _srtp_create               004bd050 f   libsrtp-i386-win32-vc8-debug:srtp.obj
 0002:00045110       _srtp_dealloc              004bd110 f   libsrtp-i386-win32-vc8-debug:srtp.obj
 0002:000452a0       _srtp_deinit               004bd2a0 f   libsrtp-i386-win32-vc8-debug:srtp.obj
 0002:000452d0       _srtp_get_stream           004bd2d0 f   libsrtp-i386-win32-vc8-debug:srtp.obj
 0002:00045320       _srtp_init                 004bd320 f   libsrtp-i386-win32-vc8-debug:srtp.obj
 0002:00045370       _srtp_install_event_handler 004bd370 f   libsrtp-i386-win32-vc8-debug:srtp.obj
 0002:00045390       _srtp_kdf_clear            004bd390 f   libsrtp-i386-win32-vc8-debug:srtp.obj
 0002:000453c0       _srtp_kdf_generate         004bd3c0 f   libsrtp-i386-win32-vc8-debug:srtp.obj
 0002:00045480       _srtp_kdf_init             004bd480 f   libsrtp-i386-win32-vc8-debug:srtp.obj
 0002:000454b0       _srtp_profile_get_master_key_length 004bd4b0 f   libsrtp-i386-win32-vc8-debug:srtp.obj
 0002:00045510       _srtp_profile_get_master_salt_length 004bd510 f   libsrtp-i386-win32-vc8-debug:srtp.obj
 0002:00045570       _srtp_protect              004bd570 f   libsrtp-i386-win32-vc8-debug:srtp.obj
 0002:00045cf0       _srtp_protect_rtcp         004bdcf0 f   libsrtp-i386-win32-vc8-debug:srtp.obj
 0002:00046240       _srtp_remove_stream        004be240 f   libsrtp-i386-win32-vc8-debug:srtp.obj
 0002:000462f0       _srtp_stream_alloc         004be2f0 f   libsrtp-i386-win32-vc8-debug:srtp.obj
 0002:000465b0       _srtp_stream_clone         004be5b0 f   libsrtp-i386-win32-vc8-debug:srtp.obj
 0002:00046700       _srtp_stream_dealloc       004be700 f   libsrtp-i386-win32-vc8-debug:srtp.obj
 0002:000468b0       _srtp_stream_init          004be8b0 f   libsrtp-i386-win32-vc8-debug:srtp.obj
 0002:000469b0       _srtp_stream_init_keys     004be9b0 f   libsrtp-i386-win32-vc8-debug:srtp.obj
 0002:00046ee0       _srtp_unprotect            004beee0 f   libsrtp-i386-win32-vc8-debug:srtp.obj
 0002:00047980       _srtp_unprotect_rtcp       004bf980 f   libsrtp-i386-win32-vc8-debug:srtp.obj
 0002:00047f80       _crypto_alloc              004bff80 f   libsrtp-i386-win32-vc8-debug:alloc.obj
 0002:00048010       _crypto_free               004c0010 f   libsrtp-i386-win32-vc8-debug:alloc.obj
 0002:00048060       _err_report                004c0060 f   libsrtp-i386-win32-vc8-debug:srtp_err.obj
 0002:000480c0       _err_reporting_init        004c00c0 f   libsrtp-i386-win32-vc8-debug:srtp_err.obj
 0002:000480e0       _err_reporting_set_level   004c00e0 f   libsrtp-i386-win32-vc8-debug:srtp_err.obj
 0002:00048100       _rand_source_deinit        004c0100 f   libsrtp-i386-win32-vc8-debug:rand_source.obj
 0002:00048130       _rand_source_get_octet_string 004c0130 f   libsrtp-i386-win32-vc8-debug:rand_source.obj
 0002:00048190       _rand_source_init          004c0190 f   libsrtp-i386-win32-vc8-debug:rand_source.obj
 0002:000481d0       _cipher_bits_per_second    004c01d0 f   libsrtp-i386-win32-vc8-debug:cipher.obj
 0002:00048390       _cipher_get_key_length     004c0390 f   libsrtp-i386-win32-vc8-debug:cipher.obj
 0002:000483b0       _cipher_output             004c03b0 f   libsrtp-i386-win32-vc8-debug:cipher.obj
 0002:00048400       _cipher_type_self_test     004c0400 f   libsrtp-i386-win32-vc8-debug:cipher.obj
 0002:00049320       _ctr_prng_deinit           004c1320 f   libsrtp-i386-win32-vc8-debug:ctr_prng.obj
 0002:00049340       _ctr_prng_get_octet_string 004c1340 f   libsrtp-i386-win32-vc8-debug:ctr_prng.obj
 0002:000493d0       _ctr_prng_init             004c13d0 f   libsrtp-i386-win32-vc8-debug:ctr_prng.obj
 0002:00049460       _auth_get_key_length       004c1460 f   libsrtp-i386-win32-vc8-debug:auth.obj
 0002:00049480       _auth_get_prefix_length    004c1480 f   libsrtp-i386-win32-vc8-debug:auth.obj
 0002:000494a0       _auth_get_tag_length       004c14a0 f   libsrtp-i386-win32-vc8-debug:auth.obj
 0002:000494c0       _auth_type_get_ref_count   004c14c0 f   libsrtp-i386-win32-vc8-debug:auth.obj
 0002:000494e0       _auth_type_self_test       004c14e0 f   libsrtp-i386-win32-vc8-debug:auth.obj
 0002:000498c0       _stat_test_monobit         004c18c0 f   libsrtp-i386-win32-vc8-debug:stat.obj
 0002:00049980       _stat_test_poker           004c1980 f   libsrtp-i386-win32-vc8-debug:stat.obj
 0002:00049b90       _stat_test_rand_source     004c1b90 f   libsrtp-i386-win32-vc8-debug:stat.obj
 0002:0004a3c0       _stat_test_rand_source_with_repetition 004c23c0 f   libsrtp-i386-win32-vc8-debug:stat.obj
 0002:0004a450       _stat_test_runs            004c2450 f   libsrtp-i386-win32-vc8-debug:stat.obj
 0002:0004a920       _null_cipher_init          004c2920 f   libsrtp-i386-win32-vc8-debug:null_cipher.obj
 0002:0004a960       _null_cipher_encrypt       004c2960 f   libsrtp-i386-win32-vc8-debug:null_cipher.obj
 0002:0004a980       _null_cipher_alloc         004c2980 f   libsrtp-i386-win32-vc8-debug:null_cipher.obj
 0002:0004aa30       _null_cipher_dealloc       004c2a30 f   libsrtp-i386-win32-vc8-debug:null_cipher.obj
 0002:0004aa80       _null_cipher_set_iv        004c2a80 f   libsrtp-i386-win32-vc8-debug:null_cipher.obj
 0002:0004aaa0       _aes_icm_context_init      004c2aa0 f   libsrtp-i386-win32-vc8-debug:aes_icm.obj
 0002:0004ac00       _aes_icm_set_iv            004c2c00 f   libsrtp-i386-win32-vc8-debug:aes_icm.obj
 0002:0004ad70       _aes_icm_encrypt           004c2d70 f   libsrtp-i386-win32-vc8-debug:aes_icm.obj
 0002:0004ada0       _aes_icm_dealloc           004c2da0 f   libsrtp-i386-win32-vc8-debug:aes_icm.obj
 0002:0004adf0       _aes_icm_alloc             004c2df0 f   libsrtp-i386-win32-vc8-debug:aes_icm.obj
 0002:0004b010       _aes_icm_alloc_ismacryp    004c3010 f   libsrtp-i386-win32-vc8-debug:aes_icm.obj
 0002:0004b0e0       _aes_icm_encrypt_ismacryp  004c30e0 f   libsrtp-i386-win32-vc8-debug:aes_icm.obj
 0002:0004b740       _aes_icm_output            004c3740 f   libsrtp-i386-win32-vc8-debug:aes_icm.obj
 0002:0004b790       _aes_icm_set_octet         004c3790 f   libsrtp-i386-win32-vc8-debug:aes_icm.obj
 0002:0004b9e0       _aes_cbc_context_init      004c39e0 f   libsrtp-i386-win32-vc8-debug:aes_cbc.obj
 0002:0004bab0       _aes_cbc_set_iv            004c3ab0 f   libsrtp-i386-win32-vc8-debug:aes_cbc.obj
 0002:0004bb50       _aes_cbc_nist_encrypt      004c3b50 f   libsrtp-i386-win32-vc8-debug:aes_cbc.obj
 0002:0004bc20       _aes_cbc_nist_decrypt      004c3c20 f   libsrtp-i386-win32-vc8-debug:aes_cbc.obj
 0002:0004bcc0       _aes_cbc_alloc             004c3cc0 f   libsrtp-i386-win32-vc8-debug:aes_cbc.obj
 0002:0004bd90       _aes_cbc_dealloc           004c3d90 f   libsrtp-i386-win32-vc8-debug:aes_cbc.obj
 0002:0004bde0       _aes_cbc_decrypt           004c3de0 f   libsrtp-i386-win32-vc8-debug:aes_cbc.obj
 0002:0004bff0       _aes_cbc_encrypt           004c3ff0 f   libsrtp-i386-win32-vc8-debug:aes_cbc.obj
 0002:0004c1a0       _lpc_alloc                 004c41a0 f   libsrtp-i386-win32-vc8-debug:lpc_algo.obj
 0002:0004c1d0       _lpc_dealloc               004c41d0 f   libsrtp-i386-win32-vc8-debug:lpc_algo.obj
 0002:0004c220       _lpc_context_init          004c4220 f   libsrtp-i386-win32-vc8-debug:lpc_algo.obj
 0002:0004c310       _lpc_set_iv                004c4310 f   libsrtp-i386-win32-vc8-debug:lpc_algo.obj
 0002:0004c420       _lpc_encrypt               004c4420 f   libsrtp-i386-win32-vc8-debug:lpc_algo.obj
 0002:0004c5c0       _lpc_alloc_ismacryp        004c45c0 f   libsrtp-i386-win32-vc8-debug:lpc_algo.obj
 0002:0004c670       _lpc_encrypt_ismacryp      004c4670 f   libsrtp-i386-win32-vc8-debug:lpc_algo.obj
 0002:0004cc90       _lpc_output                004c4c90 f   libsrtp-i386-win32-vc8-debug:lpc_algo.obj
 0002:0004cce0       _lpc_set_octet             004c4ce0 f   libsrtp-i386-win32-vc8-debug:lpc_algo.obj
 0002:0004ce80       _null_auth_alloc           004c4e80 f   libsrtp-i386-win32-vc8-debug:null_auth.obj
 0002:0004cf80       _null_auth_dealloc         004c4f80 f   libsrtp-i386-win32-vc8-debug:null_auth.obj
 0002:0004cfd0       _null_auth_init            004c4fd0 f   libsrtp-i386-win32-vc8-debug:null_auth.obj
 0002:0004cff0       _null_auth_compute         004c4ff0 f   libsrtp-i386-win32-vc8-debug:null_auth.obj
 0002:0004d010       _null_auth_update          004c5010 f   libsrtp-i386-win32-vc8-debug:null_auth.obj
 0002:0004d030       _null_auth_start           004c5030 f   libsrtp-i386-win32-vc8-debug:null_auth.obj
 0002:0004d050       _hmac_alloc                004c5050 f   libsrtp-i386-win32-vc8-debug:hmac.obj
 0002:0004d170       _hmac_dealloc              004c5170 f   libsrtp-i386-win32-vc8-debug:hmac.obj
 0002:0004d1c0       _hmac_init                 004c51c0 f   libsrtp-i386-win32-vc8-debug:hmac.obj
 0002:0004d320       _hmac_start                004c5320 f   libsrtp-i386-win32-vc8-debug:hmac.obj
 0002:0004d360       _hmac_update               004c5360 f   libsrtp-i386-win32-vc8-debug:hmac.obj
 0002:0004d3d0       _hmac_compute              004c53d0 f   libsrtp-i386-win32-vc8-debug:hmac.obj
 0002:0004d550       _base64_char_to_sextet     004c5550 f   libsrtp-i386-win32-vc8-debug:datatypes.obj
 0002:0004da10       _base64_string_to_octet_string 004c5a10 f   libsrtp-i386-win32-vc8-debug:datatypes.obj
 0002:0004dce0       _hex_string_to_octet_string 004c5ce0 f   libsrtp-i386-win32-vc8-debug:datatypes.obj
 0002:0004ddd0       _is_hex_string             004c5dd0 f   libsrtp-i386-win32-vc8-debug:datatypes.obj
 0002:0004de30       _nibble_to_hex_char        004c5e30 f   libsrtp-i386-win32-vc8-debug:datatypes.obj
 0002:0004dec0       _octet_get_weight          004c5ec0 f   libsrtp-i386-win32-vc8-debug:datatypes.obj
 0002:0004def0       _octet_string_hex_string   004c5ef0 f   libsrtp-i386-win32-vc8-debug:datatypes.obj
 0002:0004dfe0       _octet_string_is_eq        004c5fe0 f   libsrtp-i386-win32-vc8-debug:datatypes.obj
 0002:0004e050       _octet_string_set_to_zero  004c6050 f   libsrtp-i386-win32-vc8-debug:datatypes.obj
 0002:0004e090       _v128_bit_string           004c6090 f   libsrtp-i386-win32-vc8-debug:datatypes.obj
 0002:0004e160       _v128_copy_octet_string    004c6160 f   libsrtp-i386-win32-vc8-debug:datatypes.obj
 0002:0004e3b0       _v128_hex_string           004c63b0 f   libsrtp-i386-win32-vc8-debug:datatypes.obj
 0002:0004e480       _v128_left_shift           004c6480 f   libsrtp-i386-win32-vc8-debug:datatypes.obj
 0002:0004e630       _v128_right_shift          004c6630 f   libsrtp-i386-win32-vc8-debug:datatypes.obj
 0002:0004e7f0       _index_advance             004c67f0 f   libsrtp-i386-win32-vc8-debug:rdbx.obj
 0002:0004e820       _index_guess               004c6820 f   libsrtp-i386-win32-vc8-debug:rdbx.obj
 0002:0004e970       _index_init                004c6970 f   libsrtp-i386-win32-vc8-debug:rdbx.obj
 0002:0004e9a0       _rdbx_add_index            004c69a0 f   libsrtp-i386-win32-vc8-debug:rdbx.obj
 0002:0004ea60       _rdbx_check                004c6a60 f   libsrtp-i386-win32-vc8-debug:rdbx.obj
 0002:0004ead0       _rdbx_estimate_index       004c6ad0 f   libsrtp-i386-win32-vc8-debug:rdbx.obj
 0002:0004eb40       _rdbx_init                 004c6b40 f   libsrtp-i386-win32-vc8-debug:rdbx.obj
 0002:0004ebd0       _key_limit_check           004c6bd0 f   libsrtp-i386-win32-vc8-debug:key.obj
 0002:0004ec00       _key_limit_clone           004c6c00 f   libsrtp-i386-win32-vc8-debug:key.obj
 0002:0004ec30       _key_limit_set             004c6c30 f   libsrtp-i386-win32-vc8-debug:key.obj
 0002:0004ec90       _key_limit_update          004c6c90 f   libsrtp-i386-win32-vc8-debug:key.obj
 0002:0004ed40       _rdb_add_index             004c6d40 f   libsrtp-i386-win32-vc8-debug:rdb.obj
 0002:0004ee10       _rdb_check                 004c6e10 f   libsrtp-i386-win32-vc8-debug:rdb.obj
 0002:0004ee90       _rdb_get_value             004c6e90 f   libsrtp-i386-win32-vc8-debug:rdb.obj
 0002:0004eeb0       _rdb_increment             004c6eb0 f   libsrtp-i386-win32-vc8-debug:rdb.obj
 0002:0004ef00       _rdb_init                  004c6f00 f   libsrtp-i386-win32-vc8-debug:rdb.obj
 0002:0004ef80       _aes_decrypt               004c6f80 f   libsrtp-i386-win32-vc8-debug:aes.obj
 0002:0004f110       _aes_encrypt               004c7110 f   libsrtp-i386-win32-vc8-debug:aes.obj
 0002:0004f2a0       _aes_expand_decryption_key 004c72a0 f   libsrtp-i386-win32-vc8-debug:aes.obj
 0002:0004f8b0       _aes_expand_encryption_key 004c78b0 f   libsrtp-i386-win32-vc8-debug:aes.obj
 0002:00050810       _sha1                      004c8810 f   libsrtp-i386-win32-vc8-debug:sha1.obj
 0002:00050880       _sha1_core                 004c8880 f   libsrtp-i386-win32-vc8-debug:sha1.obj
 0002:000518e0       _sha1_final                004c98e0 f   libsrtp-i386-win32-vc8-debug:sha1.obj
 0002:000525a0       _sha1_init                 004ca5a0 f   libsrtp-i386-win32-vc8-debug:sha1.obj
 0002:00052640       _sha1_update               004ca640 f   libsrtp-i386-win32-vc8-debug:sha1.obj
 0002:000527d0       _CoCreateGuid@4            004ca7d0 f   ole32:ole32.dll
 0002:000527d6       _WSAStartup@8              004ca7d6 f   ws2_32:WS2_32.dll
 0002:000527dc       _WSACleanup@0              004ca7dc f   ws2_32:WS2_32.dll
 0002:000527e2       _WSAGetLastError@0         004ca7e2 f   ws2_32:WS2_32.dll
 0002:000527e8       _accept@12                 004ca7e8 f   ws2_32:WS2_32.dll
 0002:000527ee       _bind@12                   004ca7ee f   ws2_32:WS2_32.dll
 0002:000527f4       _closesocket@4             004ca7f4 f   ws2_32:WS2_32.dll
 0002:000527fa       _connect@12                004ca7fa f   ws2_32:WS2_32.dll
 0002:00052800       _getpeername@12            004ca800 f   ws2_32:WS2_32.dll
 0002:00052806       _getsockname@12            004ca806 f   ws2_32:WS2_32.dll
 0002:0005280c       _getsockopt@20             004ca80c f   ws2_32:WS2_32.dll
 0002:00052812       _htonl@4                   004ca812 f   ws2_32:WS2_32.dll
 0002:00052818       _htons@4                   004ca818 f   ws2_32:WS2_32.dll
 0002:0005281e       _inet_addr@4               004ca81e f   ws2_32:WS2_32.dll
 0002:00052824       _inet_ntoa@4               004ca824 f   ws2_32:WS2_32.dll
 0002:0005282a       _listen@8                  004ca82a f   ws2_32:WS2_32.dll
 0002:00052830       _ntohl@4                   004ca830 f   ws2_32:WS2_32.dll
 0002:00052836       _ntohs@4                   004ca836 f   ws2_32:WS2_32.dll
 0002:0005283c       _recv@16                   004ca83c f   ws2_32:WS2_32.dll
 0002:00052842       _recvfrom@24               004ca842 f   ws2_32:WS2_32.dll
 0002:00052848       _send@16                   004ca848 f   ws2_32:WS2_32.dll
 0002:0005284e       _sendto@24                 004ca84e f   ws2_32:WS2_32.dll
 0002:00052854       _setsockopt@20             004ca854 f   ws2_32:WS2_32.dll
 0002:0005285a       _shutdown@8                004ca85a f   ws2_32:WS2_32.dll
 0002:00052860       _gethostname@8             004ca860 f   ws2_32:WS2_32.dll
 0002:00052866       _WSAIoctl@36               004ca866 f   ws2_32:WS2_32.dll
 0002:0005286c       _WSASocketA@24             004ca86c f   ws2_32:WS2_32.dll
 0002:00052872       _WSAAddressToStringA@20    004ca872 f   ws2_32:WS2_32.dll
 0002:00052878       _WSAStringToAddressA@20    004ca878 f   ws2_32:WS2_32.dll
 0002:0005287e       _ioctlsocket@12            004ca87e f   ws2_32:WS2_32.dll
 0002:00052884       _WSASetLastError@4         004ca884 f   ws2_32:WS2_32.dll
 0002:0005288a       _gethostbyname@4           004ca88a f   ws2_32:WS2_32.dll
 0002:00052890       ___WSAFDIsSet@8            004ca890 f   ws2_32:WS2_32.dll
 0002:00052896       _select@20                 004ca896 f   ws2_32:WS2_32.dll
 0002:000528a0       @__security_check_cookie@4 004ca8a0 f   LIBCMTD:_secchk_.obj
 0002:000528c0       __allmul                   004ca8c0 f   LIBCMTD:llmul.obj
 0002:00052910       __aulldiv                  004ca910 f   LIBCMTD:ulldiv.obj
 0002:00052d50       ?configure_argv@__scrt_narrow_argv_policy@@SAHXZ 004cad50 f i LIBCMTD:exe_main.obj
 0002:00052d70       ?initialize_environment@__scrt_narrow_environment_policy@@SAHXZ 004cad70 f i LIBCMTD:exe_main.obj
 0002:00052db0       ?set_app_type@__scrt_main_policy@@SAXXZ 004cadb0 f i LIBCMTD:exe_main.obj
 0002:00052dd0       ?set_commode@__scrt_file_policy@@SAXXZ 004cadd0 f i LIBCMTD:exe_main.obj
 0002:00052df0       ?set_fmode@__scrt_file_policy@@SAXXZ 004cadf0 f i LIBCMTD:exe_main.obj
 0002:00052e10       _mainCRTStartup            004cae10 f   LIBCMTD:exe_main.obj
 0002:00052e20       __alldiv                   004cae20 f   LIBCMTD:lldiv.obj
 0002:00052f00       ___raise_securityfailure   004caf00 f   LIBCMTD:gs_report.obj
 0002:00052f40       ___report_gsfailure        004caf40 f   LIBCMTD:gs_report.obj
 0002:00053090       ___report_rangecheckfailure 004cb090 f   LIBCMTD:gs_report.obj
 0002:000530a0       ___report_securityfailure  004cb0a0 f   LIBCMTD:gs_report.obj
 0002:000531b0       ___report_securityfailureEx 004cb1b0 f   LIBCMTD:gs_report.obj
 0002:00053320       __ftoui3                   004cb320 f   LIBCMTD:_ftol3_.obj
 0002:0005332f       __ftoul3                   004cb32f f   LIBCMTD:_ftol3_.obj
 0002:0005333e       __ftol3                    004cb33e f   LIBCMTD:_ftol3_.obj
 0002:0005334b       __ftol3_NaN                004cb34b f   LIBCMTD:_ftol3_.obj
 0002:00053363       __ftol3_work               004cb363 f   LIBCMTD:_ftol3_.obj
 0002:000533e9       __ftol3_common             004cb3e9 f   LIBCMTD:_ftol3_.obj
 0002:000534ab       __ftol3_arg_error          004cb4ab f   LIBCMTD:_ftol3_.obj
 0002:000534bd       __ftol3_except             004cb4bd f   LIBCMTD:_ftol3_.obj
 0002:00053501       __dtoui3                   004cb501 f   LIBCMTD:_ftol3_.obj
 0002:00053510       __dtoul3                   004cb510 f   LIBCMTD:_ftol3_.obj
 0002:0005351f       __dtol3                    004cb51f f   LIBCMTD:_ftol3_.obj
 0002:0005352c       __dtol3_NaN                004cb52c f   LIBCMTD:_ftol3_.obj
 0002:00053549       __dtol3_work               004cb549 f   LIBCMTD:_ftol3_.obj
 0002:00053630       __ultod3                   004cb630 f   LIBCMTD:_ftol3_.obj
 0002:00053670       __ltod3                    004cb670 f   LIBCMTD:_ftol3_.obj
 0002:00053780       __alloca_probe             004cb780 f   LIBCMTD:chkstk.obj
 0002:00053780       __chkstk                   004cb780 f   LIBCMTD:chkstk.obj
 0002:000537c0       __allshl                   004cb7c0 f   LIBCMTD:llshl.obj
 0002:000537f0       __allshr                   004cb7f0 f   LIBCMTD:llshr.obj
 0002:00053820       __ftol2_sse                004cb820 f   LIBCMTD:_ftol2_.obj
 0002:00053829       __ftol2_pentium4           004cb829 f   LIBCMTD:_ftol2_.obj
 0002:0005383c       __ftol2_sse_excpt          004cb83c f   LIBCMTD:_ftol2_.obj
 0002:00053860       __ftol2                    004cb860 f   LIBCMTD:_ftol2_.obj
 0002:00053910       __aullshr                  004cb910 f   LIBCMTD:ullshr.obj
 0002:00053940       __aullrem                  004cb940 f   LIBCMTD:ullrem.obj
[...]
 0004:00007830       ?outputString@UnDecorator@@0PADA 005c0830     libvcruntimed:undname.obj
 0004:00007834       ?maxStringLength@UnDecorator@@0HA 005c0834     libvcruntimed:undname.obj
 0004:00007838       ?disableFlags@UnDecorator@@0KA 005c0838     libvcruntimed:undname.obj
 0004:0000783c       ?fExplicitTemplateParams@UnDecorator@@0_NA 005c083c     libvcruntimed:undname.obj
 0004:0000783d       ?fGetTemplateArgumentList@UnDecorator@@0_NA 005c083d     libvcruntimed:undname.obj
 0004:00007840       ?m_pGetParameter@UnDecorator@@0P6APADJ@ZA 005c0840     libvcruntimed:undname.obj
 0004:000078c8       __nstream                  005c08c8     libucrtd:_file.obj
 0004:000078cc       ___piob                    005c08cc     libucrtd:_file.obj
 0004:000078d4       __cflush                   005c08d4     libucrtd:_file.obj
 0004:000078e0       ?c_exit_complete@?1???R<lambda_6e4b09c48022b2350581041d5f6b0c4c>@@QBE@XZ@4_NA 005c08e0     libucrtd:exit.obj
 0004:0000841c       __environ_table            005c141c     libucrtd:environment_initialization.obj
 0004:00008420       __wenviron_table           005c1420     libucrtd:environment_initialization.obj
 0004:00008428       ___dcrt_initial_wide_environment 005c1428     libucrtd:environment_initialization.obj
 0004:0000842c       ___dcrt_initial_narrow_environment 005c142c     libucrtd:environment_initialization.obj
 0004:00008430       __pgmptr                   005c1430     libucrtd:argv_data.obj
 0004:00008434       __wpgmptr                  005c1434     libucrtd:argv_data.obj
 0004:00008438       ___argc                    005c1438     libucrtd:argv_data.obj
 0004:0000843c       ___argv                    005c143c     libucrtd:argv_data.obj
 0004:00008440       ___wargv                   005c1440     libucrtd:argv_data.obj
 0004:00008444       __acmdln                   005c1444     libucrtd:argv_data.obj
 0004:00008448       __wcmdln                   005c1448     libucrtd:argv_data.obj
 0004:0000844c       ___acrt_locale_changed_data 005c144c     libucrtd:wsetlocale.obj
 0004:00008454       __commode                  005c1454     libucrtd:ncommode.obj
 0004:00008458       ___acrt_atexit_table       005c1458     libucrtd:onexit.obj
 0004:00008468       ___acrt_at_quick_exit_table 005c1468     libucrtd:onexit.obj
 0004:00008494       __pfnDumpClient            005c1494     libucrtd:debug_heap.obj
 0004:000085a8       ___pioinfo                 005c15a8     libucrtd:ioinit.obj
 0004:00008810       __nhandle                  005c1810     libucrtd:ioinit.obj
 0004:00008814       ___acrt_stdout_buffer      005c1814     libucrtd:_sftbuf.obj
 0004:00008818       ___acrt_stderr_buffer      005c1818     libucrtd:_sftbuf.obj
 0004:0000881c       ___acrt_current_locale_data 005c181c     libucrtd:nlsdata.obj
 0004:000089ec       ___acrt_current_multibyte_data 005c19ec     libucrtd:mbctype.obj
 0004:000089f0       __mbctype                  005c19f0     libucrtd:mbctype.obj
 0004:000089f4       __mbcasemap                005c19f4     libucrtd:mbctype.obj
 0004:00008a00       __fmode                    005c1a00     libucrtd:txtmode.obj
 0004:00008a04       ___acrt_lconv_static_null  005c1a04     libucrtd:localeconv.obj
 0004:00008a08       ___acrt_lconv_static_W_null 005c1a08     libucrtd:localeconv.obj
 0004:00008a0c       ___acrt_heap               005c1a0c     libucrtd:heap_handle.obj
 0004:00008a14       __pfnReportHook            005c1a14     libucrtd:dbgrptt.obj
 0004:00008a18       __pReportHookList          005c1a18     libucrtd:dbgrptt.obj
 0004:00008a1c       __pReportHookListW         005c1a1c     libucrtd:dbgrptt.obj
 0004:00008a24       ___fastflag                005c1a24     libucrtd:fp_flags.obj
 0004:00008a28       __umaskval                 005c1a28     libucrtd:umask.obj
 0004:0000900c       ?__WinRTOutOfMemoryExceptionCallback@@3P6GPAXXZA 005c200c     libvcruntimed:ehhelpers.obj
 0004:00009010       ?_OptionsStorage@?1??__local_stdio_printf_options@@9@9 005c2010     <common>
 0004:00009024       _PJ_NO_MEMORY_EXCEPTION    005c2024     <common>
 0004:00009040       _bit_string                005c2040     <common>
 0004:00009520       _ctr_prng                  005c2520     <common>
 0004:00009654       ___scrt_ucrt_dll_is_in_use 005c2654     <common>
 0004:00009660       ___dyn_tls_dtor_callback   005c2660     <common>
 0004:0000966c       ___dyn_tls_init_callback   005c266c     <common>
 0004:00009678       __setjmpexused             005c2678     <common>
 0004:00009684       __pmatherr                 005c2684     <common>
 0004:00009690       ___use_sse2_mathfcns       005c2690     <common>
 0005:00000000       __imp__GetSystemTimeAsFileTime@4 005c3000     kernel32:KERNEL32.dll
 0005:00000004       __imp__FreeEnvironmentStringsW@4 005c3004     kernel32:KERNEL32.dll
 0005:00000008       __imp__GetEnvironmentStringsW@0 005c3008     kernel32:KERNEL32.dll
 0005:0000000c       __imp__GetCPInfo@8         005c300c     kernel32:KERNEL32.dll
 0005:00000010       __imp__GetOEMCP@0          005c3010     kernel32:KERNEL32.dll
 0005:00000014       __imp__IsValidCodePage@4   005c3014     kernel32:KERNEL32.dll
 0005:00000018       __imp__FindNextFileW@8     005c3018     kernel32:KERNEL32.dll
 0005:0000001c       __imp__FindNextFileA@8     005c301c     kernel32:KERNEL32.dll
 0005:00000020       __imp__FindFirstFileExW@24 005c3020     kernel32:KERNEL32.dll
 0005:00000024       __imp__FindFirstFileExA@24 005c3024     kernel32:KERNEL32.dll
 0005:00000028       __imp__FindClose@4         005c3028     kernel32:KERNEL32.dll
 0005:0000002c       __imp__SetFilePointerEx@20 005c302c     kernel32:KERNEL32.dll
 0005:00000030       __imp__GetConsoleMode@8    005c3030     kernel32:KERNEL32.dll
 0005:00000034       __imp__GetConsoleCP@0      005c3034     kernel32:KERNEL32.dll
 0005:00000038       __imp__SetStdHandle@8      005c3038     kernel32:KERNEL32.dll
 0005:0000003c       __imp__DecodePointer@4     005c303c     kernel32:KERNEL32.dll
 0005:00000040       __imp__EncodePointer@4     005c3040     kernel32:KERNEL32.dll
 0005:00000044       __imp__SetConsoleCtrlHandler@8 005c3044     kernel32:KERNEL32.dll
 0005:00000048       __imp__EnumSystemLocalesW@8 005c3048     kernel32:KERNEL32.dll
 0005:0000004c       __imp__GetUserDefaultLCID@0 005c304c     kernel32:KERNEL32.dll
 0005:00000050       __imp__IsValidLocale@8     005c3050     kernel32:KERNEL32.dll
 0005:00000054       __imp__GetLocaleInfoW@16   005c3054     kernel32:KERNEL32.dll
 0005:00000058       __imp__LCMapStringW@24     005c3058     kernel32:KERNEL32.dll
 0005:0000005c       __imp__CompareStringW@24   005c305c     kernel32:KERNEL32.dll
 0005:00000060       __imp__GetTimeFormatW@24   005c3060     kernel32:KERNEL32.dll
 0005:00000064       __imp__WaitForMultipleObjects@16 005c3064     kernel32:KERNEL32.dll
 0005:00000068       __imp__SetEndOfFile@4      005c3068     kernel32:KERNEL32.dll
 0005:0000006c       __imp__ReadConsoleW@20     005c306c     kernel32:KERNEL32.dll
 0005:00000070       __imp__CreateFileW@28      005c3070     kernel32:KERNEL32.dll
 0005:00000074       __imp__HeapQueryInformation@20 005c3074     kernel32:KERNEL32.dll
 0005:00000078       __imp__HeapReAlloc@16      005c3078     kernel32:KERNEL32.dll
 0005:0000007c       __imp__HeapSize@12         005c307c     kernel32:KERNEL32.dll
 0005:00000080       __imp__HeapFree@12         005c3080     kernel32:KERNEL32.dll
 0005:00000084       __imp__GetProcessHeap@0    005c3084     kernel32:KERNEL32.dll
 0005:00000088       __imp__GetStringTypeW@16   005c3088     kernel32:KERNEL32.dll
 0005:0000008c       __imp__SetEnvironmentVariableW@8 005c308c     kernel32:KERNEL32.dll
 0005:00000090       __imp__GetStdHandle@4      005c3090     kernel32:KERNEL32.dll
 0005:00000094       __imp__CloseHandle@4       005c3094     kernel32:KERNEL32.dll
 0005:00000098       __imp__GetLastError@0      005c3098     kernel32:KERNEL32.dll
 0005:0000009c       __imp__InitializeCriticalSection@4 005c309c     kernel32:KERNEL32.dll
 0005:000000a0       __imp__EnterCriticalSection@4 005c30a0     kernel32:KERNEL32.dll
 0005:000000a4       __imp__LeaveCriticalSection@4 005c30a4     kernel32:KERNEL32.dll
 0005:000000a8       __imp__TryEnterCriticalSection@4 005c30a8     kernel32:KERNEL32.dll
 0005:000000ac       __imp__DeleteCriticalSection@4 005c30ac     kernel32:KERNEL32.dll
 0005:000000b0       __imp__SetEvent@4          005c30b0     kernel32:KERNEL32.dll
 0005:000000b4       __imp__ResetEvent@4        005c30b4     kernel32:KERNEL32.dll
 0005:000000b8       __imp__ReleaseSemaphore@12 005c30b8     kernel32:KERNEL32.dll
 0005:000000bc       __imp__WaitForSingleObject@8 005c30bc     kernel32:KERNEL32.dll
 0005:000000c0       __imp__CreateEventA@16     005c30c0     kernel32:KERNEL32.dll
 0005:000000c4       __imp__Sleep@4             005c30c4     kernel32:KERNEL32.dll
 0005:000000c8       __imp__GetCurrentProcessId@0 005c30c8     kernel32:KERNEL32.dll
 0005:000000cc       __imp__CreateThread@24     005c30cc     kernel32:KERNEL32.dll
 0005:000000d0       __imp__GetCurrentThread@0  005c30d0     kernel32:KERNEL32.dll
 0005:000000d4       __imp__GetCurrentThreadId@0 005c30d4     kernel32:KERNEL32.dll
 0005:000000d8       __imp__SetThreadPriority@8 005c30d8     kernel32:KERNEL32.dll
 0005:000000dc       __imp__GetThreadPriority@4 005c30dc     kernel32:KERNEL32.dll
 0005:000000e0       __imp__ResumeThread@4      005c30e0     kernel32:KERNEL32.dll
 0005:000000e4       __imp__TlsAlloc@0          005c30e4     kernel32:KERNEL32.dll
 0005:000000e8       __imp__TlsGetValue@4       005c30e8     kernel32:KERNEL32.dll
 0005:000000ec       __imp__TlsSetValue@8       005c30ec     kernel32:KERNEL32.dll
 0005:000000f0       __imp__TlsFree@4           005c30f0     kernel32:KERNEL32.dll
 0005:000000f4       __imp__PulseEvent@4        005c30f4     kernel32:KERNEL32.dll
 0005:000000f8       __imp__CreateSemaphoreA@16 005c30f8     kernel32:KERNEL32.dll
 0005:000000fc       __imp__GetConsoleScreenBufferInfo@8 005c30fc     kernel32:KERNEL32.dll
 0005:00000100       __imp__SetConsoleTextAttribute@8 005c3100     kernel32:KERNEL32.dll
 0005:00000104       __imp__QueryPerformanceCounter@4 005c3104     kernel32:KERNEL32.dll
 0005:00000108       __imp__QueryPerformanceFrequency@4 005c3108     kernel32:KERNEL32.dll
 0005:0000010c       __imp__GetLocalTime@4      005c310c     kernel32:KERNEL32.dll
 0005:00000110       __imp__FileTimeToSystemTime@8 005c3110     kernel32:KERNEL32.dll
 0005:00000114       __imp__SystemTimeToFileTime@8 005c3114     kernel32:KERNEL32.dll
 0005:00000118       __imp__CreateFileA@28      005c3118     kernel32:KERNEL32.dll
 0005:0000011c       __imp__DeleteFileA@4       005c311c     kernel32:KERNEL32.dll
 0005:00000120       __imp__FileTimeToLocalFileTime@8 005c3120     kernel32:KERNEL32.dll
 0005:00000124       __imp__GetFileSize@8       005c3124     kernel32:KERNEL32.dll
 0005:00000128       __imp__GetFileTime@16      005c3128     kernel32:KERNEL32.dll
 0005:0000012c       __imp__MoveFileExA@12      005c312c     kernel32:KERNEL32.dll
 0005:00000130       __imp__FlushFileBuffers@4  005c3130     kernel32:KERNEL32.dll
 0005:00000134       __imp__ReadFile@20         005c3134     kernel32:KERNEL32.dll
 0005:00000138       __imp__SetFilePointer@16   005c3138     kernel32:KERNEL32.dll
 0005:0000013c       __imp__WriteFile@20        005c313c     kernel32:KERNEL32.dll
 0005:00000140       __imp__SetLastError@4      005c3140     kernel32:KERNEL32.dll
 0005:00000144       __imp__FormatMessageA@28   005c3144     kernel32:KERNEL32.dll
 0005:00000148       __imp__FreeLibrary@4       005c3148     kernel32:KERNEL32.dll
 0005:0000014c       __imp__GetProcAddress@8    005c314c     kernel32:KERNEL32.dll
 0005:00000150       __imp__LoadLibraryA@4      005c3150     kernel32:KERNEL32.dll
 0005:00000154       __imp__UnhandledExceptionFilter@4 005c3154     kernel32:KERNEL32.dll
 0005:00000158       __imp__SetUnhandledExceptionFilter@4 005c3158     kernel32:KERNEL32.dll
 0005:0000015c       __imp__GetCurrentProcess@0 005c315c     kernel32:KERNEL32.dll
 0005:00000160       __imp__TerminateProcess@8  005c3160     kernel32:KERNEL32.dll
 0005:00000164       __imp__IsProcessorFeaturePresent@4 005c3164     kernel32:KERNEL32.dll
 0005:00000168       __imp__GetDateFormatW@24   005c3168     kernel32:KERNEL32.dll
 0005:0000016c       __imp__InitializeSListHead@4 005c316c     kernel32:KERNEL32.dll
 0005:00000170       __imp__IsDebuggerPresent@0 005c3170     kernel32:KERNEL32.dll
 0005:00000174       __imp__GetStartupInfoW@4   005c3174     kernel32:KERNEL32.dll
 0005:00000178       __imp__GetModuleHandleW@4  005c3178     kernel32:KERNEL32.dll
 0005:0000017c       __imp__OutputDebugStringW@4 005c317c     kernel32:KERNEL32.dll
 0005:00000180       __imp__InterlockedPushEntrySList@8 005c3180     kernel32:KERNEL32.dll
 0005:00000184       __imp__InterlockedFlushSList@4 005c3184     kernel32:KERNEL32.dll
 0005:00000188       __imp__RtlUnwind@16        005c3188     kernel32:KERNEL32.dll
 0005:0000018c       __imp__InitializeCriticalSectionAndSpinCount@8 005c318c     kernel32:KERNEL32.dll
 0005:00000190       __imp__LoadLibraryExW@12   005c3190     kernel32:KERNEL32.dll
 0005:00000194       __imp__GetFileType@4       005c3194     kernel32:KERNEL32.dll
 0005:00000198       __imp__GetModuleFileNameA@12 005c3198     kernel32:KERNEL32.dll
 0005:0000019c       __imp__GetModuleFileNameW@12 005c319c     kernel32:KERNEL32.dll
 0005:000001a0       __imp__GetModuleHandleExW@12 005c31a0     kernel32:KERNEL32.dll
 0005:000001a4       __imp__WriteConsoleW@20    005c31a4     kernel32:KERNEL32.dll
 0005:000001a8       __imp__ExitProcess@4       005c31a8     kernel32:KERNEL32.dll
 0005:000001ac       __imp__MultiByteToWideChar@24 005c31ac     kernel32:KERNEL32.dll
 0005:000001b0       __imp__WideCharToMultiByte@32 005c31b0     kernel32:KERNEL32.dll
 0005:000001b4       __imp__GetCommandLineA@0   005c31b4     kernel32:KERNEL32.dll
 0005:000001b8       __imp__GetCommandLineW@0   005c31b8     kernel32:KERNEL32.dll
 0005:000001bc       __imp__GetACP@0            005c31bc     kernel32:KERNEL32.dll
 0005:000001c0       __imp__RaiseException@16   005c31c0     kernel32:KERNEL32.dll
 0005:000001c4       __imp__HeapAlloc@12        005c31c4     kernel32:KERNEL32.dll
 0005:000001c8       __imp__HeapValidate@12     005c31c8     kernel32:KERNEL32.dll
 0005:000001cc       __imp__GetSystemInfo@4     005c31cc     kernel32:KERNEL32.dll
 0005:000001d0       __imp__OutputDebugStringA@4 005c31d0     kernel32:KERNEL32.dll
 0005:000001d4       __imp__SetEnvironmentVariableA@8 005c31d4     kernel32:KERNEL32.dll
 0005:000001d8       \177KERNEL32_NULL_THUNK_DATA 005c31d8     kernel32:KERNEL32.dll
 0005:00000260       __imp__waveOutGetErrorTextA@12 005c3260     winmm:WINMM.dll
 0005:00000264       __imp__waveInGetErrorTextA@12 005c3264     winmm:WINMM.dll
 0005:00000268       __imp__waveOutGetNumDevs@0 005c3268     winmm:WINMM.dll
 0005:0000026c       __imp__waveOutGetDevCapsA@12 005c326c     winmm:WINMM.dll
 0005:00000270       __imp__waveOutGetVolume@8  005c3270     winmm:WINMM.dll
 0005:00000274       __imp__waveOutSetVolume@8  005c3274     winmm:WINMM.dll
 0005:00000278       __imp__waveOutOpen@24      005c3278     winmm:WINMM.dll
 0005:0000027c       __imp__waveOutClose@4      005c327c     winmm:WINMM.dll
 0005:00000280       __imp__waveOutPrepareHeader@12 005c3280     winmm:WINMM.dll
 0005:00000284       __imp__waveOutUnprepareHeader@12 005c3284     winmm:WINMM.dll
 0005:00000288       __imp__waveOutWrite@12     005c3288     winmm:WINMM.dll
 0005:0000028c       __imp__waveInReset@4       005c328c     winmm:WINMM.dll
 0005:00000290       __imp__waveOutRestart@4    005c3290     winmm:WINMM.dll
 0005:00000294       __imp__waveOutReset@4      005c3294     winmm:WINMM.dll
 0005:00000298       __imp__waveInGetNumDevs@0  005c3298     winmm:WINMM.dll
 0005:0000029c       __imp__waveInGetDevCapsA@12 005c329c     winmm:WINMM.dll
 0005:000002a0       __imp__waveInOpen@24       005c32a0     winmm:WINMM.dll
 0005:000002a4       __imp__waveInClose@4       005c32a4     winmm:WINMM.dll
 0005:000002a8       __imp__waveInPrepareHeader@12 005c32a8     winmm:WINMM.dll
 0005:000002ac       __imp__waveInUnprepareHeader@12 005c32ac     winmm:WINMM.dll
 0005:000002b0       __imp__waveInAddBuffer@12  005c32b0     winmm:WINMM.dll
 0005:000002b4       __imp__waveInStart@4       005c32b4     winmm:WINMM.dll
 0005:000002b8       __imp__waveInStop@4        005c32b8     winmm:WINMM.dll
 0005:000002bc       __imp__waveOutPause@4      005c32bc     winmm:WINMM.dll
 0005:000002c0       \177WINMM_NULL_THUNK_DATA  005c32c0     winmm:WINMM.dll
 0005:000002fc       __imp__ntohl@4             005c32fc     ws2_32:WS2_32.dll
 0005:00000300       __imp__select@20           005c3300     ws2_32:WS2_32.dll
 0005:00000304       __imp____WSAFDIsSet@8      005c3304     ws2_32:WS2_32.dll
 0005:00000308       __imp__gethostbyname@4     005c3308     ws2_32:WS2_32.dll
 0005:0000030c       __imp__WSASetLastError@4   005c330c     ws2_32:WS2_32.dll
 0005:00000310       __imp__ioctlsocket@12      005c3310     ws2_32:WS2_32.dll
 0005:00000314       __imp__WSAStringToAddressA@20 005c3314     ws2_32:WS2_32.dll
 0005:00000318       __imp__WSAAddressToStringA@20 005c3318     ws2_32:WS2_32.dll
 0005:0000031c       __imp__WSASocketA@24       005c331c     ws2_32:WS2_32.dll
 0005:00000320       __imp__WSAIoctl@36         005c3320     ws2_32:WS2_32.dll
 0005:00000324       __imp__gethostname@8       005c3324     ws2_32:WS2_32.dll
 0005:00000328       __imp__shutdown@8          005c3328     ws2_32:WS2_32.dll
 0005:0000032c       __imp__setsockopt@20       005c332c     ws2_32:WS2_32.dll
 0005:00000330       __imp__sendto@24           005c3330     ws2_32:WS2_32.dll
 0005:00000334       __imp__send@16             005c3334     ws2_32:WS2_32.dll
 0005:00000338       __imp__recvfrom@24         005c3338     ws2_32:WS2_32.dll
 0005:0000033c       __imp__recv@16             005c333c     ws2_32:WS2_32.dll
 0005:00000340       __imp__ntohs@4             005c3340     ws2_32:WS2_32.dll
 0005:00000344       __imp__WSACleanup@0        005c3344     ws2_32:WS2_32.dll
 0005:00000348       __imp__listen@8            005c3348     ws2_32:WS2_32.dll
 0005:0000034c       __imp__inet_ntoa@4         005c334c     ws2_32:WS2_32.dll
 0005:00000350       __imp__inet_addr@4         005c3350     ws2_32:WS2_32.dll
 0005:00000354       __imp__htons@4             005c3354     ws2_32:WS2_32.dll
 0005:00000358       __imp__htonl@4             005c3358     ws2_32:WS2_32.dll
 0005:0000035c       __imp__getsockopt@20       005c335c     ws2_32:WS2_32.dll
 0005:00000360       __imp__getsockname@12      005c3360     ws2_32:WS2_32.dll
 0005:00000364       __imp__getpeername@12      005c3364     ws2_32:WS2_32.dll
 0005:00000368       __imp__connect@12          005c3368     ws2_32:WS2_32.dll
 0005:0000036c       __imp__closesocket@4       005c336c     ws2_32:WS2_32.dll
 0005:00000370       __imp__bind@12             005c3370     ws2_32:WS2_32.dll
 0005:00000374       __imp__accept@12           005c3374     ws2_32:WS2_32.dll
 0005:00000378       __imp__WSAGetLastError@0   005c3378     ws2_32:WS2_32.dll
 0005:0000037c       __imp__WSAStartup@8        005c337c     ws2_32:WS2_32.dll
 0005:00000380       \177WS2_32_NULL_THUNK_DATA 005c3380     ws2_32:WS2_32.dll
 0005:000003c4       __imp__CoCreateGuid@4      005c33c4     ole32:ole32.dll
 0005:000003c8       \177ole32_NULL_THUNK_DATA  005c33c8     ole32:ole32.dll
 0005:000003f4       __IMPORT_DESCRIPTOR_ole32  005c33f4     ole32:ole32.dll
 0005:00000408       __IMPORT_DESCRIPTOR_WS2_32 005c3408     ws2_32:WS2_32.dll
 0005:0000041c       __IMPORT_DESCRIPTOR_KERNEL32 005c341c     kernel32:KERNEL32.dll
 0005:00000430       __IMPORT_DESCRIPTOR_WINMM  005c3430     winmm:WINMM.dll
 0005:00000444       __NULL_IMPORT_DESCRIPTOR   005c3444     ole32:ole32.dll
 0006:00000000       ___guard_check_icall_fptr  005c5000     LIBCMTD:guard_support.obj
